{
  "checks": {
    "execution_complete": false,
    "all_planned_triplets_complete": false,
    "exact_off_5_per_mode": false,
    "all_run_safety_source_timing_checks": true,
    "all_paired_time_guards": false,
    "all_reference_time_guards": false,
    "runtime_hashes_unchanged": true
  },
  "unprofiled_aggregates": {
    "full": {
      "n": 1,
      "successes": 1,
      "zero_contact_runs": 1,
      "mission_time_s": {
        "mean": 38.37,
        "min": 38.37,
        "max": 38.37
      },
      "mean_cpu_cores": {
        "mean": 0.5244752212442354,
        "min": 0.5244752212442354,
        "max": 0.5244752212442354
      },
      "cumulative_cpu_core_s": {
        "mean": 20.695987,
        "min": 20.695987,
        "max": 20.695987
      },
      "recovery_cycles": {
        "mean": 0,
        "min": 0,
        "max": 0
      }
    },
    "sector": {
      "n": 1,
      "successes": 1,
      "zero_contact_runs": 1,
      "mission_time_s": {
        "mean": 39.86,
        "min": 39.86,
        "max": 39.86
      },
      "mean_cpu_cores": {
        "mean": 0.3553063609807732,
        "min": 0.3553063609807732,
        "max": 0.3553063609807732
      },
      "cumulative_cpu_core_s": {
        "mean": 14.805734,
        "min": 14.805734,
        "max": 14.805734
      },
      "recovery_cycles": {
        "mean": 0,
        "min": 0,
        "max": 0
      }
    },
    "adaptive": {
      "n": 1,
      "successes": 1,
      "zero_contact_runs": 1,
      "mission_time_s": {
        "mean": 38.65,
        "min": 38.65,
        "max": 38.65
      },
      "mean_cpu_cores": {
        "mean": 0.35934223606702176,
        "min": 0.35934223606702176,
        "max": 0.35934223606702176
      },
      "cumulative_cpu_core_s": {
        "mean": 14.580786,
        "min": 14.580786,
        "max": 14.580786
      },
      "recovery_cycles": {
        "mean": 2,
        "min": 2,
        "max": 2
      }
    }
  },
  "unprofiled_reductions_pct": {
    "sector": {
      "mission_time_s": -3.8832421162366515,
      "mean_cpu_cores": 32.25488133874763,
      "cumulative_cpu_core_s": 28.46084605677419
    },
    "adaptive": {
      "mission_time_s": -0.7297367735209725,
      "mean_cpu_cores": 31.48537404407047,
      "cumulative_cpu_core_s": 29.547762085470964
    }
  }
}
