[WARN] [1789522847.369973906] [waypoint_mission]:  -- [MissionPlanner] Load config by file name: /root/super_ws/src/SUPER/mission_planner/config/waypoint.yaml
[WARN] [1789522847.370075860] [waypoint_mission]:  -- [MissionPlanner] Load data by file name: /root/super_ws/src/SUPER/mission_planner/data/loop24.txt
Load config file: /root/super_ws/src/SUPER/mission_planner/config/waypoint.yaml
[0;32m Load param start_trigger_type success: [0;0m2
[0;32m Load param start_program_delay success: [0;0m3
[0;32m Load param cmd_type success: [0;0m1
[0;32m Load param switch_dis success: [0;0m3
[0;32m Load param odom_timeout success: [0;0m0.1
[0;32m Load param publish_dt success: [0;0m1
[0;32m Load param goal_pub_topic success: [0;0m/planning/click_goal
[0;32m Load param odom_topic success: [0;0m/lidar_slam/odom
[32m -- [MISSION] Load 5 waypoints.[0m
[34m -- [MISSION] Waypoint 0 at (24, 24, 1.5) Switch dis = 1.5[0m
[34m -- [MISSION] Waypoint 1 at (-24, 24, 1.5) Switch dis = 1.5[0m
[34m -- [MISSION] Waypoint 2 at (-24, -24, 1.5) Switch dis = 1.5[0m
[34m -- [MISSION] Waypoint 3 at (24, -24, 1.5) Switch dis = 1.5[0m
[34m -- [MISSION] Waypoint 4 at (0, 0, 1.5) Switch dis = 1.5[0m
[INFO] [1789522847.374395005] [waypoint_mission]: [MISSION_GOAL_IDENTITY_SETTINGS] enabled=1 executor=single callbacks_serialized=1 timers_qos_unchanged=1
Cur t = 1.78952e+09 start t = 1.78952e+09
Cur t = 1.78952e+09 start t = 1.78952e+09
Cur t = 1.78952e+09 start t = 1.78952e+09
Cur t = 1.78952e+09 start t = 1.78952e+09
Cur t = 1.78952e+09 start t = 1.78952e+09
Cur t = 1.78952e+09 start t = 1.78952e+09
Cur t = 1.78952e+09 start t = 1.78952e+09
Cur t = 1.78952e+09 start t = 1.78952e+09
Cur t = 1.78952e+09 start t = 1.78952e+09
Cur t = 1.78952e+09 start t = 1.78952e+09
Cur t = 1.78952e+09 start t = 1.78952e+09
Cur t = 1.78952e+09 start t = 1.78952e+09
Cur t = 1.78952e+09 start t = 1.78952e+09
Cur t = 1.78952e+09 start t = 1.78952e+09
Cur t = 1.78952e+09 start t = 1.78952e+09
Cur t = 1.78952e+09 start t = 1.78952e+09
Cur t = 1.78952e+09 start t = 1.78952e+09
Cur t = 1.78952e+09 start t = 1.78952e+09
Cur t = 1.78952e+09 start t = 1.78952e+09
Cur t = 1.78952e+09 start t = 1.78952e+09
Cur t = 1.78952e+09 start t = 1.78952e+09
Cur t = 1.78952e+09 start t = 1.78952e+09
Cur t = 1.78952e+09 start t = 1.78952e+09
Cur t = 1.78952e+09 start t = 1.78952e+09
Cur t = 1.78952e+09 start t = 1.78952e+09
Cur t = 1.78952e+09 start t = 1.78952e+09
Cur t = 1.78952e+09 start t = 1.78952e+09
Cur t = 1.78952e+09 start t = 1.78952e+09
Cur t = 1.78952e+09 start t = 1.78952e+09
Cur t = 1.78952e+09 start t = 1.78952e+09
Cur t = 1.78952e+09 start t = 1.78952e+09
Cur t = 1.78952e+09 start t = 1.78952e+09
Cur t = 1.78952e+09 start t = 1.78952e+09
Cur t = 1.78952e+09 start t = 1.78952e+09
Cur t = 1.78952e+09 start t = 1.78952e+09
Cur t = 1.78952e+09 start t = 1.78952e+09
Cur t = 1.78952e+09 start t = 1.78952e+09
Cur t = 1.78952e+09 start t = 1.78952e+09
Cur t = 1.78952e+09 start t = 1.78952e+09
Cur t = 1.78952e+09 start t = 1.78952e+09
Cur t = 1.78952e+09 start t = 1.78952e+09
Cur t = 1.78952e+09 start t = 1.78952e+09
Cur t = 1.78952e+09 start t = 1.78952e+09
Cur t = 1.78952e+09 start t = 1.78952e+09
Cur t = 1.78952e+09 start t = 1.78952e+09
Cur t = 1.78952e+09 start t = 1.78952e+09
Cur t = 1.78952e+09 start t = 1.78952e+09
Cur t = 1.78952e+09 start t = 1.78952e+09
Cur t = 1.78952e+09 start t = 1.78952e+09
Cur t = 1.78952e+09 start t = 1.78952e+09
Cur t = 1.78952e+09 start t = 1.78952e+09
Cur t = 1.78952e+09 start t = 1.78952e+09
Cur t = 1.78952e+09 start t = 1.78952e+09
Cur t = 1.78952e+09 start t = 1.78952e+09
Cur t = 1.78952e+09 start t = 1.78952e+09
Cur t = 1.78952e+09 start t = 1.78952e+09
Cur t = 1.78952e+09 start t = 1.78952e+09
Cur t = 1.78952e+09 start t = 1.78952e+09
Cur t = 1.78952e+09 start t = 1.78952e+09
Cur t = 1.78952e+09 start t = 1.78952e+09
Cur t = 1.78952e+09 start t = 1.78952e+09
Cur t = 1.78952e+09 start t = 1.78952e+09
Cur t = 1.78952e+09 start t = 1.78952e+09
Cur t = 1.78952e+09 start t = 1.78952e+09
Cur t = 1.78952e+09 start t = 1.78952e+09
Cur t = 1.78952e+09 start t = 1.78952e+09
Cur t = 1.78952e+09 start t = 1.78952e+09
Cur t = 1.78952e+09 start t = 1.78952e+09
Cur t = 1.78952e+09 start t = 1.78952e+09
Cur t = 1.78952e+09 start t = 1.78952e+09
Cur t = 1.78952e+09 start t = 1.78952e+09
Cur t = 1.78952e+09 start t = 1.78952e+09
Cur t = 1.78952e+09 start t = 1.78952e+09
Cur t = 1.78952e+09 start t = 1.78952e+09
Cur t = 1.78952e+09 start t = 1.78952e+09
Cur t = 1.78952e+09 start t = 1.78952e+09
Cur t = 1.78952e+09 start t = 1.78952e+09
Cur t = 1.78952e+09 start t = 1.78952e+09
Cur t = 1.78952e+09 start t = 1.78952e+09
Cur t = 1.78952e+09 start t = 1.78952e+09
Cur t = 1.78952e+09 start t = 1.78952e+09
Cur t = 1.78952e+09 start t = 1.78952e+09
Cur t = 1.78952e+09 start t = 1.78952e+09
Cur t = 1.78952e+09 start t = 1.78952e+09
Cur t = 1.78952e+09 start t = 1.78952e+09
Cur t = 1.78952e+09 start t = 1.78952e+09
Cur t = 1.78952e+09 start t = 1.78952e+09
Cur t = 1.78952e+09 start t = 1.78952e+09
Cur t = 1.78952e+09 start t = 1.78952e+09
Cur t = 1.78952e+09 start t = 1.78952e+09
Cur t = 1.78952e+09 start t = 1.78952e+09
Cur t = 1.78952e+09 start t = 1.78952e+09
Cur t = 1.78952e+09 start t = 1.78952e+09
Cur t = 1.78952e+09 start t = 1.78952e+09
Cur t = 1.78952e+09 start t = 1.78952e+09
Cur t = 1.78952e+09 start t = 1.78952e+09
Cur t = 1.78952e+09 start t = 1.78952e+09
Cur t = 1.78952e+09 start t = 1.78952e+09
Cur t = 1.78952e+09 start t = 1.78952e+09
Cur t = 1.78952e+09 start t = 1.78952e+09
Cur t = 1.78952e+09 start t = 1.78952e+09
Cur t = 1.78952e+09 start t = 1.78952e+09
Cur t = 1.78952e+09 start t = 1.78952e+09
Cur t = 1.78952e+09 start t = 1.78952e+09
Cur t = 1.78952e+09 start t = 1.78952e+09
Cur t = 1.78952e+09 start t = 1.78952e+09
Cur t = 1.78952e+09 start t = 1.78952e+09
Cur t = 1.78952e+09 start t = 1.78952e+09
Cur t = 1.78952e+09 start t = 1.78952e+09
Cur t = 1.78952e+09 start t = 1.78952e+09
Cur t = 1.78952e+09 start t = 1.78952e+09
Cur t = 1.78952e+09 start t = 1.78952e+09
Cur t = 1.78952e+09 start t = 1.78952e+09
Cur t = 1.78952e+09 start t = 1.78952e+09
Cur t = 1.78952e+09 start t = 1.78952e+09
Cur t = 1.78952e+09 start t = 1.78952e+09
Cur t = 1.78952e+09 start t = 1.78952e+09
Cur t = 1.78952e+09 start t = 1.78952e+09
Cur t = 1.78952e+09 start t = 1.78952e+09
Cur t = 1.78952e+09 start t = 1.78952e+09
Cur t = 1.78952e+09 start t = 1.78952e+09
Cur t = 1.78952e+09 start t = 1.78952e+09
Cur t = 1.78952e+09 start t = 1.78952e+09
Cur t = 1.78952e+09 start t = 1.78952e+09
Cur t = 1.78952e+09 start t = 1.78952e+09
Cur t = 1.78952e+09 start t = 1.78952e+09
Cur t = 1.78952e+09 start t = 1.78952e+09
Cur t = 1.78952e+09 start t = 1.78952e+09
Cur t = 1.78952e+09 start t = 1.78952e+09
Cur t = 1.78952e+09 start t = 1.78952e+09
Cur t = 1.78952e+09 start t = 1.78952e+09
Cur t = 1.78952e+09 start t = 1.78952e+09
Cur t = 1.78952e+09 start t = 1.78952e+09
Cur t = 1.78952e+09 start t = 1.78952e+09
Cur t = 1.78952e+09 start t = 1.78952e+09
Cur t = 1.78952e+09 start t = 1.78952e+09
Cur t = 1.78952e+09 start t = 1.78952e+09
Cur t = 1.78952e+09 start t = 1.78952e+09
Cur t = 1.78952e+09 start t = 1.78952e+09
Cur t = 1.78952e+09 start t = 1.78952e+09
Cur t = 1.78952e+09 start t = 1.78952e+09
Cur t = 1.78952e+09 start t = 1.78952e+09
Cur t = 1.78952e+09 start t = 1.78952e+09
Cur t = 1.78952e+09 start t = 1.78952e+09
Cur t = 1.78952e+09 start t = 1.78952e+09
Cur t = 1.78952e+09 start t = 1.78952e+09
Cur t = 1.78952e+09 start t = 1.78952e+09
Cur t = 1.78952e+09 start t = 1.78952e+09
Cur t = 1.78952e+09 start t = 1.78952e+09
Cur t = 1.78952e+09 start t = 1.78952e+09
Cur t = 1.78952e+09 start t = 1.78952e+09
Cur t = 1.78952e+09 start t = 1.78952e+09
Cur t = 1.78952e+09 start t = 1.78952e+09
Cur t = 1.78952e+09 start t = 1.78952e+09
Cur t = 1.78952e+09 start t = 1.78952e+09
Cur t = 1.78952e+09 start t = 1.78952e+09
Cur t = 1.78952e+09 start t = 1.78952e+09
Cur t = 1.78952e+09 start t = 1.78952e+09
Cur t = 1.78952e+09 start t = 1.78952e+09
Cur t = 1.78952e+09 start t = 1.78952e+09
Cur t = 1.78952e+09 start t = 1.78952e+09
Cur t = 1.78952e+09 start t = 1.78952e+09
Cur t = 1.78952e+09 start t = 1.78952e+09
Cur t = 1.78952e+09 start t = 1.78952e+09
Cur t = 1.78952e+09 start t = 1.78952e+09
Cur t = 1.78952e+09 start t = 1.78952e+09
Cur t = 1.78952e+09 start t = 1.78952e+09
Cur t = 1.78952e+09 start t = 1.78952e+09
Cur t = 1.78952e+09 start t = 1.78952e+09
Cur t = 1.78952e+09 start t = 1.78952e+09
Cur t = 1.78952e+09 start t = 1.78952e+09
Cur t = 1.78952e+09 start t = 1.78952e+09
Cur t = 1.78952e+09 start t = 1.78952e+09
Cur t = 1.78952e+09 start t = 1.78952e+09
Cur t = 1.78952e+09 start t = 1.78952e+09
Cur t = 1.78952e+09 start t = 1.78952e+09
Cur t = 1.78952e+09 start t = 1.78952e+09
Cur t = 1.78952e+09 start t = 1.78952e+09
Cur t = 1.78952e+09 start t = 1.78952e+09
Cur t = 1.78952e+09 start t = 1.78952e+09
Cur t = 1.78952e+09 start t = 1.78952e+09
Cur t = 1.78952e+09 start t = 1.78952e+09
Cur t = 1.78952e+09 start t = 1.78952e+09
Cur t = 1.78952e+09 start t = 1.78952e+09
Cur t = 1.78952e+09 start t = 1.78952e+09
Cur t = 1.78952e+09 start t = 1.78952e+09
Cur t = 1.78952e+09 start t = 1.78952e+09
Cur t = 1.78952e+09 start t = 1.78952e+09
Cur t = 1.78952e+09 start t = 1.78952e+09
Cur t = 1.78952e+09 start t = 1.78952e+09
Cur t = 1.78952e+09 start t = 1.78952e+09
Cur t = 1.78952e+09 start t = 1.78952e+09
Cur t = 1.78952e+09 start t = 1.78952e+09
Cur t = 1.78952e+09 start t = 1.78952e+09
Cur t = 1.78952e+09 start t = 1.78952e+09
Cur t = 1.78952e+09 start t = 1.78952e+09
Cur t = 1.78952e+09 start t = 1.78952e+09
Cur t = 1.78952e+09 start t = 1.78952e+09
Cur t = 1.78952e+09 start t = 1.78952e+09
Cur t = 1.78952e+09 start t = 1.78952e+09
Cur t = 1.78952e+09 start t = 1.78952e+09
Cur t = 1.78952e+09 start t = 1.78952e+09
Cur t = 1.78952e+09 start t = 1.78952e+09
Cur t = 1.78952e+09 start t = 1.78952e+09
Cur t = 1.78952e+09 start t = 1.78952e+09
Cur t = 1.78952e+09 start t = 1.78952e+09
Cur t = 1.78952e+09 start t = 1.78952e+09
Cur t = 1.78952e+09 start t = 1.78952e+09
Cur t = 1.78952e+09 start t = 1.78952e+09
Cur t = 1.78952e+09 start t = 1.78952e+09
Cur t = 1.78952e+09 start t = 1.78952e+09
Cur t = 1.78952e+09 start t = 1.78952e+09
Cur t = 1.78952e+09 start t = 1.78952e+09
Cur t = 1.78952e+09 start t = 1.78952e+09
Cur t = 1.78952e+09 start t = 1.78952e+09
Cur t = 1.78952e+09 start t = 1.78952e+09
Cur t = 1.78952e+09 start t = 1.78952e+09
Cur t = 1.78952e+09 start t = 1.78952e+09
Cur t = 1.78952e+09 start t = 1.78952e+09
Cur t = 1.78952e+09 start t = 1.78952e+09
Cur t = 1.78952e+09 start t = 1.78952e+09
Cur t = 1.78952e+09 start t = 1.78952e+09
Cur t = 1.78952e+09 start t = 1.78952e+09
Cur t = 1.78952e+09 start t = 1.78952e+09
Cur t = 1.78952e+09 start t = 1.78952e+09
Cur t = 1.78952e+09 start t = 1.78952e+09
Cur t = 1.78952e+09 start t = 1.78952e+09
Cur t = 1.78952e+09 start t = 1.78952e+09
Cur t = 1.78952e+09 start t = 1.78952e+09
Cur t = 1.78952e+09 start t = 1.78952e+09
Cur t = 1.78952e+09 start t = 1.78952e+09
Cur t = 1.78952e+09 start t = 1.78952e+09
Cur t = 1.78952e+09 start t = 1.78952e+09
Cur t = 1.78952e+09 start t = 1.78952e+09
Cur t = 1.78952e+09 start t = 1.78952e+09
Cur t = 1.78952e+09 start t = 1.78952e+09
Cur t = 1.78952e+09 start t = 1.78952e+09
Cur t = 1.78952e+09 start t = 1.78952e+09
Cur t = 1.78952e+09 start t = 1.78952e+09
Cur t = 1.78952e+09 start t = 1.78952e+09
Cur t = 1.78952e+09 start t = 1.78952e+09
Cur t = 1.78952e+09 start t = 1.78952e+09
Cur t = 1.78952e+09 start t = 1.78952e+09
Cur t = 1.78952e+09 start t = 1.78952e+09
Cur t = 1.78952e+09 start t = 1.78952e+09
Cur t = 1.78952e+09 start t = 1.78952e+09
Cur t = 1.78952e+09 start t = 1.78952e+09
Cur t = 1.78952e+09 start t = 1.78952e+09
Cur t = 1.78952e+09 start t = 1.78952e+09
Cur t = 1.78952e+09 start t = 1.78952e+09
Cur t = 1.78952e+09 start t = 1.78952e+09
Cur t = 1.78952e+09 start t = 1.78952e+09
Cur t = 1.78952e+09 start t = 1.78952e+09
Cur t = 1.78952e+09 start t = 1.78952e+09
Cur t = 1.78952e+09 start t = 1.78952e+09
Cur t = 1.78952e+09 start t = 1.78952e+09
Cur t = 1.78952e+09 start t = 1.78952e+09
Cur t = 1.78952e+09 start t = 1.78952e+09
Cur t = 1.78952e+09 start t = 1.78952e+09
Cur t = 1.78952e+09 start t = 1.78952e+09
Cur t = 1.78952e+09 start t = 1.78952e+09
Cur t = 1.78952e+09 start t = 1.78952e+09
Cur t = 1.78952e+09 start t = 1.78952e+09
Cur t = 1.78952e+09 start t = 1.78952e+09
Cur t = 1.78952e+09 start t = 1.78952e+09
Cur t = 1.78952e+09 start t = 1.78952e+09
Cur t = 1.78952e+09 start t = 1.78952e+09
Cur t = 1.78952e+09 start t = 1.78952e+09
Cur t = 1.78952e+09 start t = 1.78952e+09
Cur t = 1.78952e+09 start t = 1.78952e+09
Cur t = 1.78952e+09 start t = 1.78952e+09
Cur t = 1.78952e+09 start t = 1.78952e+09
Cur t = 1.78952e+09 start t = 1.78952e+09
Cur t = 1.78952e+09 start t = 1.78952e+09
Cur t = 1.78952e+09 start t = 1.78952e+09
Cur t = 1.78952e+09 start t = 1.78952e+09
Cur t = 1.78952e+09 start t = 1.78952e+09
Cur t = 1.78952e+09 start t = 1.78952e+09
Cur t = 1.78952e+09 start t = 1.78952e+09
Cur t = 1.78952e+09 start t = 1.78952e+09
Cur t = 1.78952e+09 start t = 1.78952e+09
Cur t = 1.78952e+09 start t = 1.78952e+09
Cur t = 1.78952e+09 start t = 1.78952e+09
Cur t = 1.78952e+09 start t = 1.78952e+09
Cur t = 1.78952e+09 start t = 1.78952e+09
Cur t = 1.78952e+09 start t = 1.78952e+09
Cur t = 1.78952e+09 start t = 1.78952e+09
Cur t = 1.78952e+09 start t = 1.78952e+09
Cur t = 1.78952e+09 start t = 1.78952e+09
Cur t = 1.78952e+09 start t = 1.78952e+09
Cur t = 1.78952e+09 start t = 1.78952e+09
Cur t = 1.78952e+09 start t = 1.78952e+09
Cur t = 1.78952e+09 start t = 1.78952e+09
Cur t = 1.78952e+09 start t = 1.78952e+09
Cur t = 1.78952e+09 start t = 1.78952e+09
Cur t = 1.78952e+09 start t = 1.78952e+09
Cur t = 1.78952e+09 start t = 1.78952e+09
Cur t = 1.78952e+09 start t = 1.78952e+09
Cur t = 1.78952e+09 start t = 1.78952e+09
Cur t = 1.78952e+09 start t = 1.78952e+09
[33m -- [MISSION] System start delay passed.[0m
[INFO] [1789522850.381602222] [waypoint_mission]: [MISSION_GOAL_IDENTITY] stamp_ns=1789522850381600552 new_intent=1 new_identity=1 supported=1 waypoint=0
[33m -- [MISSION] Pub goal to  24  24 1.5[0m
[33m	 cur odom dis = 33.9411
[INFO] [1789522851.391490994] [waypoint_mission]: [MISSION_GOAL_IDENTITY] stamp_ns=1789522850381600552 new_intent=0 new_identity=0 supported=1 waypoint=0
[33m -- [MISSION] Pub goal to  24  24 1.5[0m
[33m	 cur odom dis = 33.9411
[INFO] [1789522852.401402981] [waypoint_mission]: [MISSION_GOAL_IDENTITY] stamp_ns=1789522850381600552 new_intent=0 new_identity=0 supported=1 waypoint=0
[33m -- [MISSION] Pub goal to  24  24 1.5[0m
[33m	 cur odom dis = 33.9411
[33m -- [MISSION] Rviz triggered.[0m
[INFO] [1789522852.411358446] [waypoint_mission]: [MISSION_GOAL_IDENTITY] stamp_ns=1789522852411356758 new_intent=1 new_identity=1 supported=1 waypoint=0
[33m -- [MISSION] Pub goal to  24  24 1.5[0m
[33m	 cur odom dis = 33.9411
[INFO] [1789522853.411481260] [waypoint_mission]: [MISSION_GOAL_IDENTITY] stamp_ns=1789522852411356758 new_intent=0 new_identity=0 supported=1 waypoint=0
[33m -- [MISSION] Pub goal to  24  24 1.5[0m
[33m	 cur odom dis = 33.9411
[INFO] [1789522854.421146119] [waypoint_mission]: [MISSION_GOAL_IDENTITY] stamp_ns=1789522852411356758 new_intent=0 new_identity=0 supported=1 waypoint=0
[33m -- [MISSION] Pub goal to  24  24 1.5[0m
[33m	 cur odom dis = 33.9411
[31m -- [MISSION] Close to goal {}, switch to next.[0m
[INFO] [1789522854.431287982] [waypoint_mission]: [MISSION_GOAL_IDENTITY] stamp_ns=1789522854431286550 new_intent=1 new_identity=1 supported=1 waypoint=1
[33m -- [MISSION] Pub goal to -24  24 1.5[0m
[33m	 cur odom dis = 48
[INFO] [1789522855.441160945] [waypoint_mission]: [MISSION_GOAL_IDENTITY] stamp_ns=1789522854431286550 new_intent=0 new_identity=0 supported=1 waypoint=1
[33m -- [MISSION] Pub goal to -24  24 1.5[0m
[33m	 cur odom dis = 48
[INFO] [1789522856.450992117] [waypoint_mission]: [MISSION_GOAL_IDENTITY] stamp_ns=1789522854431286550 new_intent=0 new_identity=0 supported=1 waypoint=1
[33m -- [MISSION] Pub goal to -24  24 1.5[0m
[33m	 cur odom dis = 48
[INFO] [1789522856.451668932] [rclcpp]: signal_handler(signum=2)
