{
  "name": "cyl2_j02",
  "parameters": {
    "parent": "cyl2_j01",
    "trim_baffle_legs": [
      4
    ],
    "tip_count": 1
  },
  "cylinder_count": 404,
  "refinement": {
    "removed": [
      {
        "parent_index": 85,
        "leg": 4,
        "axial_m": 10.0,
        "cylinder": [
          -14.0,
          -25.2,
          0.4,
          "loop_baffle"
        ]
      },
      {
        "parent_index": 90,
        "leg": 4,
        "axial_m": 15.0,
        "cylinder": [
          -9.0,
          -22.8,
          0.4,
          "loop_baffle"
        ]
      },
      {
        "parent_index": 95,
        "leg": 4,
        "axial_m": 20.0,
        "cylinder": [
          -4.0,
          -25.2,
          0.4,
          "loop_baffle"
        ]
      },
      {
        "parent_index": 100,
        "leg": 4,
        "axial_m": 25.0,
        "cylinder": [
          1.0,
          -22.8,
          0.4,
          "loop_baffle"
        ]
      },
      {
        "parent_index": 105,
        "leg": 4,
        "axial_m": 30.0,
        "cylinder": [
          6.0,
          -25.2,
          0.4,
          "loop_baffle"
        ]
      },
      {
        "parent_index": 110,
        "leg": 4,
        "axial_m": 35.0,
        "cylinder": [
          11.0,
          -22.8,
          0.4,
          "loop_baffle"
        ]
      }
    ],
    "retained_cylinders_unchanged": true,
    "background_refilled": false,
    "count_change": -6,
    "selection": "exploratory; uses previous flight failure evidence"
  },
  "geometry_gate": {
    "inbound_body_clearance_m": 0.39999962027111485,
    "bypass_body_clearance_m": 0.39999999999999997,
    "rest_body_clearance_m": 0.39999962027111485
  },
  "minimum_surface_gap_m": 0.19999960234241854
}
