[INFO] [1789553875.319412269] [perfect_drone_adaptive_config]: [COMMON_EXECUTOR_SETTINGS] side_threads=2 default_threads=10
[INFO] [1789553875.319558774] [perfect_drone_adaptive_config]: [STATIC_PC_EXECUTOR_SETTINGS] dedicated=1 single_thread=1 timer_geometry_qos_unchanged=1
Load config file: /root/super_ws/install/super_planner/share/super_planner/config/static_seedmaps_guard_viability_tight_v7_event_recovery_v1.yaml
[0;32m Load param fsm/timer_en success: [0;0m1
[0;32m Load param super_planner/detailed_log_en success: [0;0m0
[0;32m Load param super_planner/detailed_log_max_entries success: [0;0m64
[0;32m Load param fsm/click_goal_en success: [0;0m1
[0;32m Load param fsm/click_yaw_en success: [0;0m1
[0;32m Load param fsm/replan_rate success: [0;0m15
[0;32m Load param fsm/click_height success: [0;0m1.5
[0;32m Load param fsm/cmd_topic success: [0;0m/planning/pos_cmd
[0;32m Load param fsm/mpc_cmd_topic success: [0;0m/planning_cmd/poly_traj
[0;32m Load param fsm/click_goal_topic success: [0;0m/planning/click_goal
[0;32m Load param fsm/map_readiness/enable success: [0;0m1
[0;32m Load param fsm/map_readiness/min_accepted_scans success: [0;0m5
[0;32m Load param fsm/map_readiness/min_committed_scans success: [0;0m5
[0;32m Load param fsm/map_readiness/max_commit_lag_scans success: [0;0m5
[0;32m Load param fsm/map_readiness/min_scan_span_s success: [0;0m1
[0;32m Load param fsm/map_readiness/max_cloud_age_s success: [0;0m0.75
[0;32m Load param fsm/map_readiness/max_map_age_s success: [0;0m0.55
[0;32m Load param fsm/trajectory_guard/enable success: [0;0m1
[0;32m Load param fsm/event_recovery/enable success: [0;0m1
[0;33m Load param fsm/trajectory_guard/same_map_replan_coalesce_enable failed, use default value: [0;0m0
[0;33m Load param fsm/trajectory_guard/same_map_replan_min_interval_s failed, use default value: [0;0m0
[0;32m Load param fsm/trajectory_guard/shadow success: [0;0m0
[0;32m Load param fsm/trajectory_guard/max_map_age_s success: [0;0m0.75
[0;32m Load param fsm/trajectory_guard/brake_trigger_map_age_s success: [0;0m0.55
[0;32m Load param fsm/trajectory_guard/brake_trigger_high_speed_map_age_s success: [0;0m0.5
[0;32m Load param fsm/trajectory_guard/brake_trigger_low_speed_mps success: [0;0m2.5
[0;32m Load param fsm/trajectory_guard/brake_trigger_high_speed_mps success: [0;0m3.5
[0;32m Load param fsm/trajectory_guard/full_refresh_ack_sla_s success: [0;0m0.75
[0;32m Load param fsm/trajectory_guard/raw_cloud/enable success: [0;0m0
[0;33m Load param fsm/trajectory_guard/raw_cloud/source_topic failed, use default value: [0;0m
[0;32m Load param fsm/trajectory_guard/raw_cloud/max_age_s success: [0;0m0.75
[0;32m Load param fsm/trajectory_guard/raw_cloud/clearance_m success: [0;0m0.3
[0;32m Load param fsm/trajectory_guard/validation_sample_dt_s success: [0;0m0.005
[0;32m Load param fsm/trajectory_guard/shadow_min_interval_s success: [0;0m0
[0;32m Load param fsm/trajectory_guard/additional_clearance_m success: [0;0m0
[0;33m Load param fsm/trajectory_guard/brake_min_duration_s failed, use default value: [0;0m0.4
[0;32m Load param fsm/trajectory_guard/brake_max_duration_s success: [0;0m3
[0;32m Load param fsm/trajectory_guard/brake_max_acc_mps2 success: [0;0m20
[0;32m Load param fsm/trajectory_guard/brake_max_jerk_mps3 success: [0;0m120
[0;32m Load param fsm/trajectory_guard/brake_command_max_age_s success: [0;0m0.1
[0;32m Load param fsm/trajectory_guard/brake_command_max_position_error_m success: [0;0m0.5
[0;32m Load param fsm/trajectory_guard/brake_command_max_velocity_error_mps success: [0;0m2
[0;32m Load param fsm/trajectory_guard/brake_retry_interval_s success: [0;0m0.1
[0;32m Load param fsm/trajectory_guard/unknown_as_occupied success: [0;0m1
[0;33m Load param fsm/trajectory_guard/raw_cloud/ciri_shadow_en failed, use default value: [0;0m0
[0;33m Load param fsm/trajectory_guard/raw_cloud/accum_window_s failed, use default value: [0;0m1.5
[0;33m Load param fsm/trajectory_guard/raw_cloud/ciri_min_points failed, use default value: [0;0m200
[0;33m Load param fsm/trajectory_guard/raw_cloud/ciri_voxel_m failed, use default value: [0;0m0.1
[0;33m Load param fsm/trajectory_guard/raw_cloud/near_field_shadow_en failed, use default value: [0;0m0
[0;33m Load param fsm/trajectory_guard/raw_cloud/near_field_clearance_m failed, use default value: [0;0m0.2
[0;33m Load param fsm/trajectory_guard/raw_cloud/near_field_horizon_s failed, use default value: [0;0m1
[0;33m Load param fsm/trajectory_guard/raw_cloud/near_field_sample_dt_s failed, use default value: [0;0m0.01
[0;33m Load param fsm/trajectory_guard/raw_cloud/near_field_min_interval_s failed, use default value: [0;0m0.1
[0;33m Load param fsm/trajectory_guard/raw_cloud/near_field_min_points failed, use default value: [0;0m200
[0;33m Load param fsm/trajectory_guard/raw_cloud/near_field_voxel_m failed, use default value: [0;0m0
[0;33m Load param fsm/trajectory_guard/raw_cloud/near_field_test_replay_mode failed, use default value: [0;0m0
[0;33m Load param fsm/trajectory_guard/raw_cloud/near_field_enforce_en failed, use default value: [0;0m0
[0;33m Load param fsm/trajectory_guard/raw_cloud/near_field_result_max_age_s failed, use default value: [0;0m0.2
[0;33m Load param fsm/trajectory_guard/raw_cloud/near_field_max_sequence_lag failed, use default value: [0;0m1
[0;33m Load param fsm/trajectory_guard/raw_cloud/near_field_egress_tolerance_m failed, use default value: [0;0m0.005
[0;33m Load param fsm/trajectory_guard/raw_cloud/near_field_egress_min_progress_m failed, use default value: [0;0m0.02
[0;33m Load param fsm/trajectory_guard/frontend_risk/shadow_en failed, use default value: [0;0m0
[0;33m Load param fsm/trajectory_guard/frontend_risk/enforce_en failed, use default value: [0;0m0
[0;33m Load param fsm/trajectory_guard/frontend_risk/topic failed, use default value: [0;0m/planning/trajectory_risk_verdict
[0;33m Load param fsm/trajectory_guard/frontend_risk/result_max_age_s failed, use default value: [0;0m0.2
[0;33m Load param fsm/trajectory_guard/frontend_risk/source_max_age_s failed, use default value: [0;0m0.75
[0;33m Load param fsm/trajectory_guard/frontend_risk/current_body_enforce_en failed, use default value: [0;0m0
[0;33m Load param fsm/trajectory_guard/frontend_risk/current_body_result_max_age_s failed, use default value: [0;0m0.15
[0;33m Load param fsm/trajectory_guard/frontend_risk/current_body_source_max_age_s failed, use default value: [0;0m0.2
[0;32m Load param super_planner/yaw_dot_max success: [0;0m3
[0;32m Load param super_planner/visualization_en success: [0;0m0
[0;32m Load param rog_map/resolution success: [0;0m0.05
Load config file: /root/super_ws/install/super_planner/share/super_planner/config/static_seedmaps_guard_viability_tight_v7_event_recovery_v1.yaml
[0;32m Load param rog_map/esdf/resolution success: [0;0m0.1
[0;32m Load param rog_map/esdf/enable success: [0;0m0
[0;32m Load param rog_map/esdf/local_update_box success: [0;0m[5 5 3 ]
[0;32m Load param rog_map/load_pcd_en success: [0;0m0
[0;32m Load param rog_map/map_sliding/enable success: [0;0m0
[0;32m Load param rog_map/map_sliding/threshold success: [0;0m3
[0;32m Load param rog_map/fix_map_origin success: [0;0m[0 0 1.5 ]
[0;32m Load param rog_map/frontier_extraction_en success: [0;0m0
[0;32m Load param rog_map/ros_callback/enable success: [0;0m1
[0;32m Load param rog_map/ros_callback/cloud_topic success: [0;0m/cloud_sector
[0;32m Load param rog_map/ros_callback/cloud_reliable success: [0;0m1
[0;32m Load param rog_map/ros_callback/odom_topic success: [0;0m/lidar_slam/odom
[0;32m Load param rog_map/ros_callback/odom_timeout success: [0;0m2
[0;32m Load param rog_map/visualization/enable success: [0;0m0
[0;32m Load param rog_map/visualization/use_dynamic_reconfigure success: [0;0m0
[0;32m Load param rog_map/visualization/pub_unknown_map_en success: [0;0m0
[0;32m Load param rog_map/visualization/frame_id success: [0;0mworld
[0;32m Load param rog_map/visualization/time_rate success: [0;0m2
[0;32m Load param rog_map/visualization/frame_rate success: [0;0m0
[0;32m Load param rog_map/visualization/range success: [0;0m[15 15 4 ]
[0;32m Load param rog_map/resolution success: [0;0m0.05
[0;32m Load param rog_map/inflation_resolution success: [0;0m0.1
[0;32m Load param rog_map/unk_inflation_en success: [0;0m0
[0;32m Load param rog_map/unk_inflation_step success: [0;0m1
[0;32m Load param rog_map/inflation_step success: [0;0m3
[0;32m Load param rog_map/intensity_thresh success: [0;0m-10
[0;32m Load param rog_map/map_size success: [0;0m[70 70 6 ]
[0;32m Load param rog_map/point_filt_num success: [0;0m1
[0;32m Load param rog_map/raycasting/enable success: [0;0m0
[0;32m Load param rog_map/raycasting/batch_update_size success: [0;0m1
[0;32m Load param rog_map/raycasting/unk_thresh success: [0;0m1
[0;32m Load param rog_map/raycasting/p_hit success: [0;0m0.9
[0;32m Load param rog_map/raycasting/p_miss success: [0;0m0.49
[0;32m Load param rog_map/raycasting/p_min success: [0;0m0.12
[0;32m Load param rog_map/raycasting/p_max success: [0;0m0.98
[0;32m Load param rog_map/raycasting/p_occ success: [0;0m0.85
[0;32m Load param rog_map/raycasting/p_free success: [0;0m0.499
[0;32m Load param rog_map/raycasting/p_free success: [0;0m0.499
[0;32m Load param rog_map/raycasting/ray_range success: [0;0m[0.5 100 ]
[0;33m Load param rog_map/raycasting/observed_mark_range_max failed, use default value: [0;0m10
[0;32m Load param rog_map/raycasting/local_update_box success: [0;0m[100 100 5 ]
[0;32m Load param rog_map/virtual_ground_height success: [0;0m-0.1
[0;32m Load param rog_map/virtual_ceil_height success: [0;0m3.5
[32m -- [RM-Config] inflation_resolution: 0.1[0m
 -- [ROG-Map] Init, resetMapSize: ORIGIN_AT_CORNER.
 -- [ROG-Map] Init, resetMapSize: virtual_ceil_height: 3.1500000000000004, virtual_ground_height: 0.25.
[34m	[ROG] n_free: 1[0m
[34m	[ROG] n_occ: 1[0m
[34m	[ROG] l_hit: 2.19722[0m
[34m	[ROG] l_miss: -0.0400053[0m
[34m	[ROG] l_min: -1.99243[0m
[34m	[ROG] l_max: 3.89182[0m
[34m	[ROG] l_occ: 1.7346[0m
[34m	[ROG] l_free: -0.00399995[0m
[33m -- [Inf-Map] Clear all local map.[0m
[32m -- [CounterMap] Init successfully -- .[0m
[32m	resolution: 0.1[0m
[32m	map_sliding_en: 0[0m
[32m	local_map_size_i: 709 709  69[0m
[32m	local_map_size_d: 70.9 70.9  6.9[0m
[33m -- [Inf-Map] Clear all local map.[0m
[32m -- [InfMap] Init successfully -- .[0m
[32m	resolution: 0.1[0m
[32m	map_sliding_en: 0[0m
[32m	local_map_size_i: 709 709  69[0m
[32m	local_map_size_d: 70.9 70.9  6.9[0m
[ProbMap] virtual_ceil_height: 3.15
[ProbMap] virtual_ground_height: 0.25
[33m -- [ProbMap] Map sliding disabled, set origin to [  0   0 1.5] -- [0m
[33m -- [Prob-Map] Clear all local map.[0m
[32m -- [ProbMap] Init successfully -- .[0m
[32m	resolution: 0.05[0m
[32m	map_sliding_en: 0[0m
[32m	local_map_size_i: 1401 1401  121[0m
[32m	local_map_size_d: 70.05 70.05  6.05[0m
[38;2;000;128;000m -- [ROGMap] Immutable planner snapshot enabled (fixed occupancy-only map).
[0m -- [ROG_MAP_OCCUPIED_BOX_SCAN] fast=false compare=false immutable=true comparison_overhead=false
 -- [ROG_MAP_SNAPSHOT_LINE_QUERY] enabled=false immutable=true active=false changed_publication=reject
 -- [ROG_MAP_SNAPSHOT_NEIGHBOR_CACHE] enabled=false immutable=true line_query=false active=false entries=4096 max_neighbors=512 bytes_per_thread=88136 publication_check=required
Load config file: /root/super_ws/install/super_planner/share/super_planner/config/static_seedmaps_guard_viability_tight_v7_event_recovery_v1.yaml
Load config file: /root/super_ws/install/super_planner/share/super_planner/config/static_seedmaps_guard_viability_tight_v7_event_recovery_v1.yaml
[0;32m Load param traj_opt/switch/print_optimizer_log success: [0;0m0
[0;32m Load param traj_opt/flatness/mass success: [0;0m1.64
[0;32m Load param traj_opt/flatness/dh success: [0;0m0.35
[0;32m Load param traj_opt/flatness/dv success: [0;0m0.35
[0;32m Load param traj_opt/flatness/grav success: [0;0m9.81
[0;32m Load param traj_opt/flatness/cp success: [0;0m0.001
[0;32m Load param traj_opt/flatness/v_eps success: [0;0m0.0001
[0;32m Load param traj_opt/switch/save_log_en success: [0;0m0
[0;32m Load param traj_opt/exp_traj/pos_constraint_type success: [0;0m1
[0;33m Load param traj_opt/exp_traj/piece_num failed, use default value: [0;0m1
[0;33m Load param traj_opt/exp_traj/uniform_time_en failed, use default value: [0;0m0
[0;32m Load param traj_opt/exp_traj/block_energy_cost success: [0;0m0
[0;32m Load param traj_opt/exp_traj/opt_accuracy success: [0;0m5e-06
[0;33m Load param traj_opt/exp_traj/max_iterations failed, use default value: [0;0m2048
[0;32m Load param traj_opt/exp_traj/integral_reso success: [0;0m15
[0;32m Load param traj_opt/exp_traj/smooth_eps success: [0;0m0.01
[0;32m Load param traj_opt/boundary/max_vel success: [0;0m7
[0;32m Load param traj_opt/boundary/max_acc success: [0;0m20
[0;32m Load param traj_opt/boundary/max_jerk success: [0;0m120
[0;32m Load param traj_opt/boundary/max_omg success: [0;0m2.5
[0;32m Load param traj_opt/boundary/max_acc_thr success: [0;0m17
[0;32m Load param traj_opt/boundary/min_acc_thr success: [0;0m6
[0;32m Load param traj_opt/boundary/penna_margin success: [0;0m0.05
[0;33m Load param traj_opt/exp_traj/penna_scale failed, use default value: [0;0m-1
[0;32m Load param traj_opt/exp_traj/penna_t success: [0;0m1e+07
[0;33m Load param traj_opt/exp_traj/penna_ts failed, use default value: [0;0m-1
[0;32m Load param traj_opt/exp_traj/penna_pos success: [0;0m5e+09
[0;32m Load param traj_opt/exp_traj/penna_clr success: [0;0m1e+06
[0;32m Load param traj_opt/exp_traj/clearance_margin success: [0;0m0.1
[0;32m Load param traj_opt/exp_traj/clearance_speed_gate success: [0;0m1.5
[0;32m Load param traj_opt/exp_traj/clearance_speed_transition success: [0;0m0.5
[0;33m Load param traj_opt/exp_traj/penna_passage_center failed, use default value: [0;0m-1
[0;33m Load param traj_opt/exp_traj/passage_center_max_width failed, use default value: [0;0m0
[0;33m Load param traj_opt/exp_traj/passage_center_min_opposition_cos failed, use default value: [0;0m0.9
[0;33m Load param traj_opt/exp_traj/passage_center_min_horizontal_normal failed, use default value: [0;0m0.8
[0;33m Load param traj_opt/exp_traj/passage_center_deadband failed, use default value: [0;0m0.15
[0;33m Load param traj_opt/exp_traj/passage_center_log_en failed, use default value: [0;0m0
[0;32m Load param traj_opt/exp_traj/penna_vel success: [0;0m5e+08
[0;32m Load param traj_opt/exp_traj/penna_acc success: [0;0m5e+08
[0;32m Load param traj_opt/exp_traj/penna_jerk success: [0;0m-5e+08
[0;32m Load param traj_opt/exp_traj/penna_attract success: [0;0m5e+08
[0;32m Load param traj_opt/exp_traj/penna_omg success: [0;0m-1
[0;32m Load param traj_opt/exp_traj/penna_thr success: [0;0m-1
Load config file: /root/super_ws/install/super_planner/share/super_planner/config/static_seedmaps_guard_viability_tight_v7_event_recovery_v1.yaml
[0;32m Load param traj_opt/switch/print_optimizer_log success: [0;0m0
[0;32m Load param traj_opt/flatness/mass success: [0;0m1.64
[0;32m Load param traj_opt/flatness/dh success: [0;0m0.35
[0;32m Load param traj_opt/flatness/dv success: [0;0m0.35
[0;32m Load param traj_opt/flatness/grav success: [0;0m9.81
[0;32m Load param traj_opt/flatness/cp success: [0;0m0.001
[0;32m Load param traj_opt/flatness/v_eps success: [0;0m0.0001
[0;32m Load param traj_opt/switch/save_log_en success: [0;0m0
[0;32m Load param traj_opt/backup_traj/pos_constraint_type success: [0;0m2
[0;32m Load param traj_opt/backup_traj/piece_num success: [0;0m2
[0;32m Load param traj_opt/backup_traj/uniform_time_en success: [0;0m1
[0;32m Load param traj_opt/backup_traj/block_energy_cost success: [0;0m1
[0;32m Load param traj_opt/backup_traj/opt_accuracy success: [0;0m1e-05
[0;33m Load param traj_opt/backup_traj/max_iterations failed, use default value: [0;0m2048
[0;32m Load param traj_opt/backup_traj/integral_reso success: [0;0m12
[0;32m Load param traj_opt/backup_traj/smooth_eps success: [0;0m0.01
[0;32m Load param traj_opt/boundary/max_vel success: [0;0m7
[0;32m Load param traj_opt/boundary/max_acc success: [0;0m20
[0;32m Load param traj_opt/boundary/max_jerk success: [0;0m120
[0;32m Load param traj_opt/boundary/max_omg success: [0;0m2.5
[0;32m Load param traj_opt/boundary/max_acc_thr success: [0;0m17
[0;32m Load param traj_opt/boundary/min_acc_thr success: [0;0m6
[0;32m Load param traj_opt/boundary/penna_margin success: [0;0m0.05
[0;33m Load param traj_opt/backup_traj/penna_scale failed, use default value: [0;0m-1
[0;32m Load param traj_opt/backup_traj/penna_t success: [0;0m100
[0;32m Load param traj_opt/backup_traj/penna_ts success: [0;0m1e+07
[0;32m Load param traj_opt/backup_traj/penna_pos success: [0;0m1e+10
[0;32m Load param traj_opt/backup_traj/penna_clr success: [0;0m1e+06
[0;32m Load param traj_opt/backup_traj/clearance_margin success: [0;0m0.1
[0;32m Load param traj_opt/backup_traj/clearance_speed_gate success: [0;0m1.5
[0;32m Load param traj_opt/backup_traj/clearance_speed_transition success: [0;0m0.5
[0;33m Load param traj_opt/backup_traj/penna_passage_center failed, use default value: [0;0m-1
[0;33m Load param traj_opt/backup_traj/passage_center_max_width failed, use default value: [0;0m0
[0;33m Load param traj_opt/backup_traj/passage_center_min_opposition_cos failed, use default value: [0;0m0.9
[0;33m Load param traj_opt/backup_traj/passage_center_min_horizontal_normal failed, use default value: [0;0m0.8
[0;33m Load param traj_opt/backup_traj/passage_center_deadband failed, use default value: [0;0m0.15
[0;33m Load param traj_opt/backup_traj/passage_center_log_en failed, use default value: [0;0m0
[0;32m Load param traj_opt/backup_traj/penna_vel success: [0;0m1e+08
[0;32m Load param traj_opt/backup_traj/penna_acc success: [0;0m1e+08
[0;32m Load param traj_opt/backup_traj/penna_jerk success: [0;0m-1e+06
[0;33m Load param traj_opt/backup_traj/penna_attract failed, use default value: [0;0m-1
[0;32m Load param traj_opt/backup_traj/penna_omg success: [0;0m-1
[0;32m Load param traj_opt/backup_traj/penna_thr success: [0;0m-1
[0;32m Load param super_planner/print_log success: [0;0m0
[0;32m Load param super_planner/detailed_log_en success: [0;0m0
[0;32m Load param super_planner/visualization_en success: [0;0m0
[0;32m Load param super_planner/backup_traj_en success: [0;0m1
[0;32m Load param super_planner/goal_vel_en success: [0;0m0
[0;32m Load param super_planner/goal_yaw_en success: [0;0m0
[0;32m Load param super_planner/visual_process success: [0;0m0
[0;32m Load param super_planner/use_fov_cut success: [0;0m0
[0;33m Load param super_planner/fov_horizontal_angle failed, use default value: [0;0m-1
[0;33m Load param super_planner/fov_center_heading failed, use default value: [0;0m0
[0;32m Load param super_planner/frontend_in_known_free success: [0;0m0
[0;32m Load param fsm/trajectory_guard/enable success: [0;0m1
[0;32m Load param fsm/trajectory_guard/shadow success: [0;0m0
[0;32m Load param fsm/trajectory_guard/validation_sample_dt_s success: [0;0m0.005
[0;32m Load param fsm/trajectory_guard/shadow_min_interval_s success: [0;0m0
[0;32m Load param fsm/trajectory_guard/additional_clearance_m success: [0;0m0
[0;32m Load param fsm/trajectory_guard/escape_max_duration_s success: [0;0m1
[0;32m Load param fsm/trajectory_guard/unknown_as_occupied success: [0;0m1
[0;32m Load param fsm/trajectory_guard/escape_entry_grace_s success: [0;0m0
[0;32m Load param fsm/trajectory_guard/initial_footprint_egress_enable success: [0;0m1
[0;32m Load param super_planner/safe_corridor_line_max_length success: [0;0m6
[0;32m Load param super_planner/sensing_horizon success: [0;0m-1
[0;32m Load param super_planner/obs_skip_num success: [0;0m2
[0;32m Load param super_planner/replan_forward_dt success: [0;0m0.1
[0;32m Load param super_planner/corridor_bound_dis success: [0;0m0.8
[0;32m Load param super_planner/corridor_line_max_length success: [0;0m1
[0;32m Load param super_planner/planning_horizon success: [0;0m7
[0;32m Load param super_planner/receding_dis success: [0;0m1
[0;32m Load param super_planner/robot_r success: [0;0m0.2
[0;32m Load param super_planner/corridor_use_inflated_obstacles success: [0;0m0
[0;32m Load param super_planner/corridor_use_inflated_seed_lines success: [0;0m0
[0;32m Load param super_planner/corridor_guard_retry_inflated success: [0;0m1
[0;32m Load param super_planner/guard_corridor_retry_alternate_every success: [0;0m4
[0;32m Load param super_planner/guard_topology_reroute/enable success: [0;0m1
[0;32m Load param super_planner/guard_topology_reroute/radius_m success: [0;0m0.8
[0;32m Load param super_planner/guard_topology_reroute/growth_m success: [0;0m0
[0;32m Load param super_planner/guard_topology_reroute/max_radius_m success: [0;0m0.8
[0;32m Load param super_planner/guard_topology_reroute/max_zones success: [0;0m6
[0;32m Load param super_planner/guard_topology_reroute/max_stop_speed_mps success: [0;0m0.2
[0;32m Load param super_planner/guard_topology_reroute/escalate_every_rejects success: [0;0m3
[0;32m Load param super_planner/guard_topology_reroute/collision_merge_m success: [0;0m0.5
[0;32m Load param super_planner/guard_topology_reroute/start_clearance_m success: [0;0m0.3
[0;32m Load param super_planner/guard_topology_reroute/block_spacing_m success: [0;0m1
[0;32m Load param super_planner/guard_topology_reroute/direction_merge_angle_deg success: [0;0m30
[0;32m Load param super_planner/guard_topology_reroute/no_path_reset_attempts success: [0;0m3
[0;32m Load param super_planner/guard_topology_reroute/vertical_recovery_enable success: [0;0m1
[0;32m Load param super_planner/guard_topology_reroute/vertical_recovery_lift_m success: [0;0m0.6
[0;32m Load param super_planner/guard_topology_reroute/vertical_recovery_trigger_distance_m success: [0;0m0.75
[0;32m Load param super_planner/guard_topology_reroute/local_escape_enable success: [0;0m1
[0;32m Load param super_planner/guard_topology_reroute/local_escape_distance_m success: [0;0m0.6
[0;32m Load param super_planner/guard_topology_reroute/local_escape_attempts success: [0;0m4
[0;32m Load param super_planner/guard_topology_reroute/episode_progress_reset_m success: [0;0m2
[0;32m Load param super_planner/guard_topology_reroute/saturation_vertical_attempts success: [0;0m1
[0;32m Load param super_planner/guard_topology_reroute/base_no_path_vertical_attempts success: [0;0m1
[0;32m Load param super_planner/guard_direct_goal_fallback/enable success: [0;0m1
[0;32m Load param super_planner/guard_direct_goal_fallback/max_distance_m success: [0;0m3
[0;32m Load param super_planner/guard_direct_goal_fallback/min_duration_s success: [0;0m1
[0;32m Load param super_planner/guard_viability/enable success: [0;0m1
[0;32m Load param super_planner/guard_viability/horizon_s success: [0;0m2
[0;32m Load param super_planner/guard_viability/sample_dt_s success: [0;0m0.3
[0;32m Load param super_planner/guard_viability/brake_max_acc_mps2 success: [0;0m20
[0;32m Load param super_planner/guard_viability/brake_max_jerk_mps3 success: [0;0m120
[0;32m Load param super_planner/guard_viability/brake_min_duration_s success: [0;0m0.4
[0;32m Load param super_planner/guard_viability/brake_max_duration_s success: [0;0m3
[0;32m Load param super_planner/guard_viability/brake_attempts success: [0;0m12
[0;32m Load param super_planner/guard_viability/speed_scale_step success: [0;0m1.25
[0;32m Load param super_planner/guard_viability/speed_scale_max success: [0;0m3
[0;32m Load param super_planner/guard_viability/max_retries success: [0;0m4
[0;32m Load param super_planner/corridor_min_margin success: [0;0m0.2
[0;32m Load param super_planner/corridor_pref_margin success: [0;0m0.3
[0;32m Load param super_planner/iris_iter_num success: [0;0m2
[0;32m Load param super_planner/yaw_mode success: [0;0m1
[0;32m Load param super_planner/mpc_horizon success: [0;0m15
[0;32m Load param super_planner/yaw_dot_max success: [0;0m3
[0;32m Load param rog_map/resolution success: [0;0m0.05
[INFO] [1789553876.710840349] [fsm_node]: [OPT_CLEARANCE_GATE_FIRST] optimizer=exp enabled=0 objective_unchanged=1
[INFO] [1789553876.710919142] [fsm_node]: [OPT_CLEARANCE_GATE_FIRST] optimizer=backup enabled=0 objective_unchanged=1
[INFO] [1789553876.710939391] [fsm_node]:  -- [TRAJ_GUARD] mode=enforce sample_dt=0.0050s shadow_min_interval=0.000s inflation_radius=0.300m robot_r=0.200m additional_clearance=0.000m hard_clearance=0.300m clearance_offsets=0
[38;2;050;205;050m -- [Viz] Set resolution_ to 0.05
[0m[38;2;050;205;050m -- [Viz] Set visualization_en_ to false
[0mLoad config file: /root/super_ws/install/super_planner/share/super_planner/config/static_seedmaps_guard_viability_tight_v7_event_recovery_v1.yaml
[0;32m Load param astar/map_voxel_num success: [0;0m[500 500 100 ]
[0;32m Load param astar/allow_diag success: [0;0m1
[0;32m Load param astar/debug_visualization_en success: [0;0m0
[0;32m Load param astar/heu_type success: [0;0m2
[0;32m Load param astar/visual_process success: [0;0m0
[32m -- [RM] Init Astar-map.[0m
[34m	map index size: 250 250  50[0m
[34m	map vox_num: 501 501 101[0m
[INFO] [1789553878.326852285] [fsm_node]:  -- [FULL_REFRESH_ACK_GATE] listening sla=0.750s
[33m -- [Fsm] CLICKGOAL ENABLE.[0m
[INFO] [1789553878.330218904] [native_sector_cpp]: adaptive mode, half-angle 45.0 deg, input /cloud_registered, publish cap 0.00 Hz, commit refresh 0.000 s, full-open extra budget 0, guard witness disabled radius 0.00 m, direct input enabled, risk verdict disabled, body tier 0.000 m/0.150 s
[INFO] [1789553878.330603666] [native_sector_cpp]: filtered DDS disabled: source metadata checked before direct latest-only map handoff; Full request precedes cloud enqueue
[WARN] [1789553878.331089495] [perfect_tracking]:  -- [MissionPlanner] Load config by file name: /root/super_ws/src/SUPER/mars_uav_sim/perfect_drone_sim/config/seed1.yaml
Load config file: /root/super_ws/src/SUPER/mars_uav_sim/perfect_drone_sim/config/seed1.yaml
[0;32m Load param mesh_resource success: [0;0mpackage://perfect_drone_sim/meshes/yunque-M.dae
[0;32m Load param init_position/x success: [0;0m0
[0;32m Load param init_position/y success: [0;0m0
[0;32m Load param init_position/z success: [0;0m1.5
[0;32m Load param init_yaw success: [0;0m0
[0;32m Load param sensing_rate success: [0;0m10
Load config file: /root/super_ws/src/SUPER/mars_uav_sim/perfect_drone_sim/config/seed1.yaml
[0;33m Load param side_entry_v1/enabled failed, use default value: [0;0m0
[0;33m Load param side_entry_v2/enabled failed, use default value: [0;0m0
[0;33m Load param side_entry_v3/enabled failed, use default value: [0;0m0
[0;33m Load param side_entry_v4/enabled failed, use default value: [0;0m0
[0;33m Load param side_entry_v5/enabled failed, use default value: [0;0m0
[0;33m Load param side_entry_v6/enabled failed, use default value: [0;0m0
[0;33m Load param side_entry_v7/enabled failed, use default value: [0;0m0
[0;33m Load param side_entry_v0/speed_min_mps failed, use default value: [0;0m2
[0;33m Load param side_entry_v0/yaw_velocity_mismatch_min_deg failed, use default value: [0;0m50
[0;33m Load param side_entry_v0/require_yaw_velocity_mismatch failed, use default value: [0;0m1
[0;33m Load param side_entry_v0/hold_s failed, use default value: [0;0m0.02
[0;33m Load param side_entry_v0/qualifying_samples failed, use default value: [0;0m0
[0;33m Load param side_entry_v0/prediction_s failed, use default value: [0;0m0.8
[0;33m Load param side_entry_v0/require_velocity_inside failed, use default value: [0;0m1
[0;33m Load param side_entry_v0/fixed_center_enabled failed, use default value: [0;0m0
[0;33m Load param side_entry_v0/fixed_center_x failed, use default value: [0;0m22.5
[0;33m Load param side_entry_v0/fixed_center_y failed, use default value: [0;0m23
[0;33m Load param side_entry_v0/trigger_distance_min_m failed, use default value: [0;0m0.8
[0;33m Load param side_entry_v0/trigger_distance_max_m failed, use default value: [0;0m3.5
[0;33m Load param side_entry_v0/trigger_waypoint_x failed, use default value: [0;0m24
[0;33m Load param side_entry_v0/trigger_waypoint_y failed, use default value: [0;0m24
[0;33m Load param side_entry_v0/trigger_waypoint_radius_m failed, use default value: [0;0m2
[0;33m Load param side_entry_v0/trap_waypoint_radius_m failed, use default value: [0;0m2
[0;33m Load param side_entry_v0/sector_half_angle_deg failed, use default value: [0;0m45
[0;33m Load param side_entry_v0/angular_margin_deg failed, use default value: [0;0m2
[0;33m Load param side_entry_v0/max_nudge_deg failed, use default value: [0;0m20
[0;33m Load param side_entry_v0/radius_m failed, use default value: [0;0m0.25
[0;33m Load param side_entry_v0/height_m failed, use default value: [0;0m3
[0;33m Load param side_entry_v0/point_spacing_m failed, use default value: [0;0m0.05
[0;33m Load param side_entry_v0/z_spacing_m failed, use default value: [0;0m0.1
[0;33m Load param side_entry_v0/sensing_horizon_m failed, use default value: [0;0m15
[0;33m Load param side_entry_v0/intensity failed, use default value: [0;0m14545
Load config file: /root/super_ws/src/SUPER/mars_uav_sim/perfect_drone_sim/config/seed1.yaml
[0;33m Load param sensor_burst_dropout/enabled failed, use default value: [0;0m0
[0;33m Load param sensor_burst_dropout/warmup_s failed, use default value: [0;0m1
[0;33m Load param sensor_burst_dropout/period_s failed, use default value: [0;0m2
[0;33m Load param sensor_burst_dropout/duration_s failed, use default value: [0;0m0.5
[0;33m Load param sensor_burst_dropout/phase_s failed, use default value: [0;0m0
Load config file: /root/super_ws/src/SUPER/mars_uav_sim/perfect_drone_sim/config/seed1.yaml
[0;32m Load param sensing_blind success: [0;0m0.1
[0;32m Load param sensing_horizon success: [0;0m15
[0;32m Load param sensing_rate success: [0;0m10
[0;32m Load param lidar_type success: [0;0m2
[0;32m Load param pcd_name success: [0;0mseed_maps/seed1.pcd
[0;32m Load param is_360lidar success: [0;0m1
[0;32m Load param polar_resolution success: [0;0m0.4
[0;33m Load param fx failed, use default value: [0;0m250
[0;33m Load param fy failed, use default value: [0;0m250
[0;33m Load param line_number failed, use default value: [0;0m64
[0;32m Load param downsample_res success: [0;0m0.1
[0;33m Load param yaw_fov failed, use default value: [0;0m360
[0;32m Load param vertical_fov success: [0;0m178
[0;32m Load param depth_image_en success: [0;0m0
[0;33m Load param inf_point_en failed, use default value: [0;0m0
[0;32m Load param print_time_consumption success: [0;0m0
GLAD init success
Load shader frome: /root/super_ws/src/SUPER/mars_uav_sim/marsim_render/config/pattern/360camera.vs
Now initing the point cloud data: 
Number of points = 24.149X 10000
Load data finish 
========== OpenGL Info ==========
Vendor: NVIDIA Corporation
Renderer: NVIDIA GeForce RTX 3050 Ti Laptop GPU/PCIe/SSE2
OpenGL Version: 3.3.0 NVIDIA 550.144.03
GLSL Version: 3.30 NVIDIA via Cg compiler
========== OpenGL Info ==========
[INFO] [1789553878.730143641] [perfect_tracking]: [STATIC_PC_DURABLE_SETTINGS] enabled=1 actual_qos=1 reliability=reliable durability=transient_local history=keep_last depth=1 intra_process=disabled publication_schedule=latched_once other_qos_unchanged=1
[INFO] [1789553878.730201100] [perfect_tracking]: [STATIC_PC_POLL_SETTINGS] poll_ms=0 bootstrap_once=1 complete_geometry=1 qos_unchanged=0
[INFO] [1789553878.737930158] [perfect_tracking]: [STATIC_PC_LATCHED_SERIALIZATION] point_step=32 tail_zeroed_bytes=12 declared_fields_and_homogeneous_bytes_unchanged=1
[INFO] [1789553878.741592723] [perfect_tracking]: [STATIC_PC_LATCHED_PUBLICATION] publications=1 points=241490 bytes=7727680 stamp_ns=1789553878736960187 timers_created=0 poll_callbacks=0 complete_geometry=1
[INFO] [1789553878.741634535] [perfect_drone_adaptive_config]: [HEADLESS_PARAMETER_SETTINGS] enabled=1 mode=adaptive nodes=4 parameter_services_nodes=0 parameter_event_publisher_nodes=0 local_parameters_preserved=1 default_off=1
[INFO] [1789553878.741643795] [perfect_drone_adaptive_config]: raw and filtered DDS disabled: acquired source -> frontend -> ROG-Map use SharedPtr handoff; exact Full ACK gate unchanged
[INFO] [1789553878.741724433] [perfect_drone_adaptive_config]: [STATIC_PC_EXECUTOR_KIND] cached_entities=0 executor=single callbacks_qos_cadence_unchanged=1 mode=adaptive
[INFO] [1789553878.741757892] [perfect_drone_adaptive_config]: [FRONTEND_EXECUTOR_SETTINGS] dedicated=0 executor=shared node=native_sector_cpp existing_default_group=1 callbacks_qos_cadence_unchanged=1
[INFO] [1789553878.835128034] [perfect_tracking]: [SENSOR_ACQUISITION_FRAME] frame=1 cycle=0 full=0 stamp_ns=1789553878830290536 width=225 height=445 readback_pixels=200250 conversion_rays=28800 generated_points=2201 bytes=70432 half_angle_deg=45.000
Publish local map size: 2201
[INFO] [1789553878.932313915] [perfect_tracking]: [SENSOR_ACQUISITION_FRAME] frame=2 cycle=0 full=0 stamp_ns=1789553878930310705 width=225 height=445 readback_pixels=200250 conversion_rays=28800 generated_points=2219 bytes=71008 half_angle_deg=45.000
Publish local map size: 2219
[INFO] [1789553879.032234086] [perfect_tracking]: [SENSOR_ACQUISITION_FRAME] frame=3 cycle=0 full=0 stamp_ns=1789553879030295789 width=225 height=445 readback_pixels=200250 conversion_rays=28800 generated_points=2219 bytes=71008 half_angle_deg=45.000
Publish local map size: 2219
[INFO] [1789553879.131547065] [perfect_tracking]: [SENSOR_ACQUISITION_FRAME] frame=4 cycle=0 full=0 stamp_ns=1789553879130293320 width=225 height=445 readback_pixels=200250 conversion_rays=28800 generated_points=2219 bytes=71008 half_angle_deg=45.000
Publish local map size: 2219
[INFO] [1789553879.232519887] [perfect_tracking]: [SENSOR_ACQUISITION_FRAME] frame=5 cycle=0 full=0 stamp_ns=1789553879230326899 width=225 height=445 readback_pixels=200250 conversion_rays=28800 generated_points=2217 bytes=70944 half_angle_deg=45.000
Publish local map size: 2217
[INFO] [1789553879.332253766] [perfect_tracking]: [SENSOR_ACQUISITION_FRAME] frame=6 cycle=0 full=0 stamp_ns=1789553879330310191 width=225 height=445 readback_pixels=200250 conversion_rays=28800 generated_points=2201 bytes=70432 half_angle_deg=45.000
Publish local map size: 2201
[INFO] [1789553879.432453297] [perfect_tracking]: [SENSOR_ACQUISITION_FRAME] frame=7 cycle=0 full=0 stamp_ns=1789553879430458418 width=225 height=445 readback_pixels=200250 conversion_rays=28800 generated_points=2201 bytes=70432 half_angle_deg=45.000
Publish local map size: 2201
[INFO] [1789553879.533395111] [perfect_tracking]: [SENSOR_ACQUISITION_FRAME] frame=8 cycle=0 full=0 stamp_ns=1789553879530392784 width=225 height=445 readback_pixels=200250 conversion_rays=28800 generated_points=2233 bytes=71456 half_angle_deg=45.000
Publish local map size: 2233
[INFO] [1789553879.633509705] [perfect_tracking]: [SENSOR_ACQUISITION_FRAME] frame=9 cycle=0 full=0 stamp_ns=1789553879630376708 width=225 height=445 readback_pixels=200250 conversion_rays=28800 generated_points=2207 bytes=70624 half_angle_deg=45.000
Publish local map size: 2207
[INFO] [1789553879.732842068] [perfect_tracking]: [SENSOR_ACQUISITION_FRAME] frame=10 cycle=0 full=0 stamp_ns=1789553879730389153 width=225 height=445 readback_pixels=200250 conversion_rays=28800 generated_points=2200 bytes=70400 half_angle_deg=45.000
Publish local map size: 2200
[33m -- [Fsm] Wait for goal.[0m
[32m -- [Fsm 1.007] Current state: INIT[0m
[INFO] [1789553879.832086400] [perfect_tracking]: [SENSOR_ACQUISITION_FRAME] frame=11 cycle=0 full=0 stamp_ns=1789553879830309642 width=225 height=445 readback_pixels=200250 conversion_rays=28800 generated_points=2201 bytes=70432 half_angle_deg=45.000
Publish local map size: 2201
[INFO] [1789553879.932567144] [perfect_tracking]: [SENSOR_ACQUISITION_FRAME] frame=12 cycle=0 full=0 stamp_ns=1789553879930371143 width=225 height=445 readback_pixels=200250 conversion_rays=28800 generated_points=2200 bytes=70400 half_angle_deg=45.000
Publish local map size: 2200
[INFO] [1789553880.039208171] [perfect_tracking]: [SENSOR_ACQUISITION_FRAME] frame=13 cycle=0 full=0 stamp_ns=1789553880030347994 width=225 height=445 readback_pixels=200250 conversion_rays=28800 generated_points=2219 bytes=71008 half_angle_deg=45.000
Publish local map size: 2219
[INFO] [1789553880.132200670] [perfect_tracking]: [SENSOR_ACQUISITION_FRAME] frame=14 cycle=0 full=0 stamp_ns=1789553880130444369 width=225 height=445 readback_pixels=200250 conversion_rays=28800 generated_points=2217 bytes=70944 half_angle_deg=45.000
Publish local map size: 2217
[INFO] [1789553880.232057323] [perfect_tracking]: [SENSOR_ACQUISITION_FRAME] frame=15 cycle=0 full=0 stamp_ns=1789553880230348996 width=225 height=445 readback_pixels=200250 conversion_rays=28800 generated_points=2233 bytes=71456 half_angle_deg=45.000
Publish local map size: 2233
[INFO] [1789553880.332303572] [perfect_tracking]: [SENSOR_ACQUISITION_FRAME] frame=16 cycle=0 full=0 stamp_ns=1789553880330357964 width=225 height=445 readback_pixels=200250 conversion_rays=28800 generated_points=2200 bytes=70400 half_angle_deg=45.000
Publish local map size: 2200
[INFO] [1789553880.432567194] [perfect_tracking]: [SENSOR_ACQUISITION_FRAME] frame=17 cycle=0 full=0 stamp_ns=1789553880430332057 width=225 height=445 readback_pixels=200250 conversion_rays=28800 generated_points=2217 bytes=70944 half_angle_deg=45.000
Publish local map size: 2217
[INFO] [1789553880.532963409] [perfect_tracking]: [SENSOR_ACQUISITION_FRAME] frame=18 cycle=0 full=0 stamp_ns=1789553880530385171 width=225 height=445 readback_pixels=200250 conversion_rays=28800 generated_points=2217 bytes=70944 half_angle_deg=45.000
Publish local map size: 2217
[INFO] [1789553880.632295913] [perfect_tracking]: [SENSOR_ACQUISITION_FRAME] frame=19 cycle=0 full=0 stamp_ns=1789553880630332707 width=225 height=445 readback_pixels=200250 conversion_rays=28800 generated_points=2200 bytes=70400 half_angle_deg=45.000
Publish local map size: 2200
[INFO] [1789553880.733333155] [perfect_tracking]: [SENSOR_ACQUISITION_FRAME] frame=20 cycle=0 full=0 stamp_ns=1789553880730450535 width=225 height=445 readback_pixels=200250 conversion_rays=28800 generated_points=2201 bytes=70432 half_angle_deg=45.000
Publish local map size: 2201
[33m -- [Fsm] Wait for goal.[0m
[32m -- [Fsm 2.017] Current state: INIT[0m
[INFO] [1789553880.832546681] [perfect_tracking]: [SENSOR_ACQUISITION_FRAME] frame=21 cycle=0 full=0 stamp_ns=1789553880830349996 width=225 height=445 readback_pixels=200250 conversion_rays=28800 generated_points=2200 bytes=70400 half_angle_deg=45.000
Publish local map size: 2200
[INFO] [1789553880.932694344] [perfect_tracking]: [SENSOR_ACQUISITION_FRAME] frame=22 cycle=0 full=0 stamp_ns=1789553880930367118 width=225 height=445 readback_pixels=200250 conversion_rays=28800 generated_points=2200 bytes=70400 half_angle_deg=45.000
Publish local map size: 2200
[INFO] [1789553881.032385726] [perfect_tracking]: [SENSOR_ACQUISITION_FRAME] frame=23 cycle=0 full=0 stamp_ns=1789553881030447171 width=225 height=445 readback_pixels=200250 conversion_rays=28800 generated_points=2200 bytes=70400 half_angle_deg=45.000
Publish local map size: 2200
[INFO] [1789553881.131881096] [perfect_tracking]: [SENSOR_ACQUISITION_FRAME] frame=24 cycle=0 full=0 stamp_ns=1789553881130444070 width=225 height=445 readback_pixels=200250 conversion_rays=28800 generated_points=2170 bytes=69440 half_angle_deg=45.000
Publish local map size: 2170
[INFO] [1789553881.231989258] [perfect_tracking]: [SENSOR_ACQUISITION_FRAME] frame=25 cycle=0 full=0 stamp_ns=1789553881230325634 width=225 height=445 readback_pixels=200250 conversion_rays=28800 generated_points=2219 bytes=71008 half_angle_deg=45.000
Publish local map size: 2219
[INFO] [1789553881.333833233] [perfect_tracking]: [SENSOR_ACQUISITION_FRAME] frame=26 cycle=0 full=0 stamp_ns=1789553881331986683 width=225 height=445 readback_pixels=200250 conversion_rays=28800 generated_points=2200 bytes=70400 half_angle_deg=45.000
Publish local map size: 2200
[INFO] [1789553881.432097810] [perfect_tracking]: [SENSOR_ACQUISITION_FRAME] frame=27 cycle=0 full=0 stamp_ns=1789553881430336355 width=225 height=445 readback_pixels=200250 conversion_rays=28800 generated_points=2208 bytes=70656 half_angle_deg=45.000
Publish local map size: 2208
[INFO] [1789553881.531439428] [perfect_tracking]: [SENSOR_ACQUISITION_FRAME] frame=28 cycle=0 full=0 stamp_ns=1789553881530308301 width=225 height=445 readback_pixels=200250 conversion_rays=28800 generated_points=2201 bytes=70432 half_angle_deg=45.000
Publish local map size: 2201
[INFO] [1789553881.631656309] [perfect_tracking]: [SENSOR_ACQUISITION_FRAME] frame=29 cycle=0 full=0 stamp_ns=1789553881630363233 width=225 height=445 readback_pixels=200250 conversion_rays=28800 generated_points=2233 bytes=71456 half_angle_deg=45.000
Publish local map size: 2233
[INFO] [1789553881.731864943] [perfect_tracking]: [SENSOR_ACQUISITION_FRAME] frame=30 cycle=0 full=0 stamp_ns=1789553881730330031 width=225 height=445 readback_pixels=200250 conversion_rays=28800 generated_points=2184 bytes=69888 half_angle_deg=45.000
Publish local map size: 2184
[33m -- [Fsm] Wait for goal.[0m
[32m -- [Fsm 3.017] Current state: INIT[0m
[INFO] [1789553881.832137574] [perfect_tracking]: [SENSOR_ACQUISITION_FRAME] frame=31 cycle=0 full=0 stamp_ns=1789553881830449369 width=225 height=445 readback_pixels=200250 conversion_rays=28800 generated_points=2233 bytes=71456 half_angle_deg=45.000
Publish local map size: 2233
[INFO] [1789553881.932956395] [perfect_tracking]: [SENSOR_ACQUISITION_FRAME] frame=32 cycle=0 full=0 stamp_ns=1789553881930393616 width=225 height=445 readback_pixels=200250 conversion_rays=28800 generated_points=2204 bytes=70528 half_angle_deg=45.000
Publish local map size: 2204
[INFO] [1789553882.032394490] [perfect_tracking]: [SENSOR_ACQUISITION_FRAME] frame=33 cycle=0 full=0 stamp_ns=1789553882030343542 width=225 height=445 readback_pixels=200250 conversion_rays=28800 generated_points=2201 bytes=70432 half_angle_deg=45.000
Publish local map size: 2201
[INFO] [1789553882.132499523] [perfect_tracking]: [SENSOR_ACQUISITION_FRAME] frame=34 cycle=0 full=0 stamp_ns=1789553882130403352 width=225 height=445 readback_pixels=200250 conversion_rays=28800 generated_points=2170 bytes=69440 half_angle_deg=45.000
Publish local map size: 2170
[INFO] [1789553882.231267145] [perfect_tracking]: [SENSOR_ACQUISITION_FRAME] frame=35 cycle=0 full=0 stamp_ns=1789553882230313203 width=225 height=445 readback_pixels=200250 conversion_rays=28800 generated_points=2233 bytes=71456 half_angle_deg=45.000
Publish local map size: 2233
[INFO] [1789553882.333551323] [perfect_tracking]: [SENSOR_ACQUISITION_FRAME] frame=36 cycle=0 full=0 stamp_ns=1789553882331643744 width=225 height=445 readback_pixels=200250 conversion_rays=28800 generated_points=2211 bytes=70752 half_angle_deg=45.000
Publish local map size: 2211
[INFO] [1789553882.432584655] [perfect_tracking]: [SENSOR_ACQUISITION_FRAME] frame=37 cycle=0 full=0 stamp_ns=1789553882430354279 width=225 height=445 readback_pixels=200250 conversion_rays=28800 generated_points=2200 bytes=70400 half_angle_deg=45.000
Publish local map size: 2200
[INFO] [1789553882.532689667] [perfect_tracking]: [SENSOR_ACQUISITION_FRAME] frame=38 cycle=0 full=0 stamp_ns=1789553882530356157 width=225 height=445 readback_pixels=200250 conversion_rays=28800 generated_points=2200 bytes=70400 half_angle_deg=45.000
Publish local map size: 2200
[INFO] [1789553882.632776400] [perfect_tracking]: [SENSOR_ACQUISITION_FRAME] frame=39 cycle=0 full=0 stamp_ns=1789553882630388296 width=225 height=445 readback_pixels=200250 conversion_rays=28800 generated_points=2226 bytes=71232 half_angle_deg=45.000
Publish local map size: 2226
[INFO] [1789553882.732962060] [perfect_tracking]: [SENSOR_ACQUISITION_FRAME] frame=40 cycle=0 full=0 stamp_ns=1789553882730495662 width=225 height=445 readback_pixels=200250 conversion_rays=28800 generated_points=2200 bytes=70400 half_angle_deg=45.000
Publish local map size: 2200
[33m -- [Fsm] Wait for goal.[0m
[32m -- [Fsm 4.017] Current state: INIT[0m
[INFO] [1789553882.832166593] [perfect_tracking]: [SENSOR_ACQUISITION_FRAME] frame=41 cycle=0 full=0 stamp_ns=1789553882830411739 width=225 height=445 readback_pixels=200250 conversion_rays=28800 generated_points=2211 bytes=70752 half_angle_deg=45.000
Publish local map size: 2211
[INFO] [1789553882.932796399] [perfect_tracking]: [SENSOR_ACQUISITION_FRAME] frame=42 cycle=0 full=0 stamp_ns=1789553882930384615 width=225 height=445 readback_pixels=200250 conversion_rays=28800 generated_points=2201 bytes=70432 half_angle_deg=45.000
Publish local map size: 2201
[INFO] [1789553883.032139390] [perfect_tracking]: [SENSOR_ACQUISITION_FRAME] frame=43 cycle=0 full=0 stamp_ns=1789553883030349068 width=225 height=445 readback_pixels=200250 conversion_rays=28800 generated_points=2184 bytes=69888 half_angle_deg=45.000
Publish local map size: 2184
 -- [MARSIM] Running FPS: 434.576
[INFO] [1789553883.132061220] [perfect_tracking]: [SENSOR_ACQUISITION_FRAME] frame=44 cycle=0 full=0 stamp_ns=1789553883130352717 width=225 height=445 readback_pixels=200250 conversion_rays=28800 generated_points=2200 bytes=70400 half_angle_deg=45.000
Publish local map size: 2200
[INFO] [1789553883.233103977] [perfect_tracking]: [SENSOR_ACQUISITION_FRAME] frame=45 cycle=0 full=0 stamp_ns=1789553883230379504 width=225 height=445 readback_pixels=200250 conversion_rays=28800 generated_points=2201 bytes=70432 half_angle_deg=45.000
Publish local map size: 2201
[INFO] [1789553883.331693873] [native_sector_cpp]: frames=45 published=45 kept 100.0% (2206/2206 pts/input-frame)
[INFO] [1789553883.332218080] [perfect_tracking]: [SENSOR_ACQUISITION_FRAME] frame=46 cycle=0 full=0 stamp_ns=1789553883330411268 width=225 height=445 readback_pixels=200250 conversion_rays=28800 generated_points=2233 bytes=71456 half_angle_deg=45.000
Publish local map size: 2233
[INFO] [1789553883.432299646] [perfect_tracking]: [SENSOR_ACQUISITION_FRAME] frame=47 cycle=0 full=0 stamp_ns=1789553883430469813 width=225 height=445 readback_pixels=200250 conversion_rays=28800 generated_points=2200 bytes=70400 half_angle_deg=45.000
Publish local map size: 2200
[INFO] [1789553883.532751211] [perfect_tracking]: [SENSOR_ACQUISITION_FRAME] frame=48 cycle=0 full=0 stamp_ns=1789553883530464587 width=225 height=445 readback_pixels=200250 conversion_rays=28800 generated_points=2201 bytes=70432 half_angle_deg=45.000
Publish local map size: 2201
[INFO] [1789553883.631480939] [perfect_tracking]: [SENSOR_ACQUISITION_FRAME] frame=49 cycle=0 full=0 stamp_ns=1789553883630440489 width=225 height=445 readback_pixels=200250 conversion_rays=28800 generated_points=2233 bytes=71456 half_angle_deg=45.000
Publish local map size: 2233
[INFO] [1789553883.732698059] [perfect_tracking]: [SENSOR_ACQUISITION_FRAME] frame=50 cycle=0 full=0 stamp_ns=1789553883730370342 width=225 height=445 readback_pixels=200250 conversion_rays=28800 generated_points=2170 bytes=69440 half_angle_deg=45.000
Publish local map size: 2170
[INFO] [1789553883.732849378] [perfect_tracking]: [STATIC_PC_LATCHED_SUMMARY] enabled=1 publications=1 points=241490 bytes=7727680 stamp_ns=1789553878736960187 timers_created=0 poll_callbacks=0
[INFO] [1789553883.732867734] [perfect_tracking]: [SENSOR_CADENCE_SUMMARY] frames=50 span_s=4.897570 hz=10.004962 raw_published=0 direct_handoffs=50 payload_bytes=3531168 side_entry_v1_enabled=0 side_entry_v1_spawned=0 side_entry_v1_injected_frames=0
[INFO] [1789553883.732887258] [perfect_tracking]: [SENSOR_BURST_DROPOUT_SUMMARY] enabled=0 warmup_s=1.000000 period_s=2.000000 duration_s=0.500000 phase_s=0.000000 phase_env_override=0 rendered=50 delivered=50 dropped=0 bursts=0 max_consecutive_dropped=0 max_delivered_gap_s=0.106643 dropped_payload_bytes=0
[33m -- [Fsm] Wait for goal.[0m
[32m -- [Fsm 5.027] Current state: INIT[0m
[INFO] [1789553883.832663227] [perfect_tracking]: [SENSOR_ACQUISITION_FRAME] frame=51 cycle=0 full=0 stamp_ns=1789553883830363394 width=225 height=445 readback_pixels=200250 conversion_rays=28800 generated_points=2219 bytes=71008 half_angle_deg=45.000
Publish local map size: 2219
[INFO] [1789553883.932356075] [perfect_tracking]: [SENSOR_ACQUISITION_FRAME] frame=52 cycle=0 full=0 stamp_ns=1789553883930376044 width=225 height=445 readback_pixels=200250 conversion_rays=28800 generated_points=2219 bytes=71008 half_angle_deg=45.000
Publish local map size: 2219
[INFO] [1789553884.032855302] [perfect_tracking]: [SENSOR_ACQUISITION_FRAME] frame=53 cycle=0 full=0 stamp_ns=1789553884030483614 width=225 height=445 readback_pixels=200250 conversion_rays=28800 generated_points=2207 bytes=70624 half_angle_deg=45.000
Publish local map size: 2207
[INFO] [1789553884.131651695] [perfect_tracking]: [SENSOR_ACQUISITION_FRAME] frame=54 cycle=0 full=0 stamp_ns=1789553884130464892 width=225 height=445 readback_pixels=200250 conversion_rays=28800 generated_points=2211 bytes=70752 half_angle_deg=45.000
Publish local map size: 2211
[INFO] [1789553884.232217284] [perfect_tracking]: [SENSOR_ACQUISITION_FRAME] frame=55 cycle=0 full=0 stamp_ns=1789553884230389350 width=225 height=445 readback_pixels=200250 conversion_rays=28800 generated_points=2211 bytes=70752 half_angle_deg=45.000
Publish local map size: 2211
[INFO] [1789553884.334229489] [perfect_tracking]: [SENSOR_ACQUISITION_FRAME] frame=56 cycle=0 full=0 stamp_ns=1789553884331299918 width=225 height=445 readback_pixels=200250 conversion_rays=28800 generated_points=2200 bytes=70400 half_angle_deg=45.000
Publish local map size: 2200
[INFO] [1789553884.433536260] [perfect_tracking]: [SENSOR_ACQUISITION_FRAME] frame=57 cycle=0 full=0 stamp_ns=1789553884430432072 width=225 height=445 readback_pixels=200250 conversion_rays=28800 generated_points=2170 bytes=69440 half_angle_deg=45.000
Publish local map size: 2170
[INFO] [1789553884.532813043] [perfect_tracking]: [SENSOR_ACQUISITION_FRAME] frame=58 cycle=0 full=0 stamp_ns=1789553884530377525 width=225 height=445 readback_pixels=200250 conversion_rays=28800 generated_points=2219 bytes=71008 half_angle_deg=45.000
Publish local map size: 2219
[INFO] [1789553884.633464195] [perfect_tracking]: [SENSOR_ACQUISITION_FRAME] frame=59 cycle=0 full=0 stamp_ns=1789553884630470446 width=225 height=445 readback_pixels=200250 conversion_rays=28800 generated_points=2200 bytes=70400 half_angle_deg=45.000
Publish local map size: 2200
[INFO] [1789553884.732834465] [perfect_tracking]: [SENSOR_ACQUISITION_FRAME] frame=60 cycle=0 full=0 stamp_ns=1789553884730374554 width=225 height=445 readback_pixels=200250 conversion_rays=28800 generated_points=2225 bytes=71200 half_angle_deg=45.000
Publish local map size: 2225
[33m -- [Fsm] Wait for goal.[0m
[32m -- [Fsm 6.037] Current state: INIT[0m
[INFO] [1789553884.832896181] [perfect_tracking]: [SENSOR_ACQUISITION_FRAME] frame=61 cycle=0 full=0 stamp_ns=1789553884830468197 width=225 height=445 readback_pixels=200250 conversion_rays=28800 generated_points=2200 bytes=70400 half_angle_deg=45.000
Publish local map size: 2200
[INFO] [1789553884.933340157] [perfect_tracking]: [SENSOR_ACQUISITION_FRAME] frame=62 cycle=0 full=0 stamp_ns=1789553884930437793 width=225 height=445 readback_pixels=200250 conversion_rays=28800 generated_points=2233 bytes=71456 half_angle_deg=45.000
Publish local map size: 2233
[INFO] [1789553885.032973871] [perfect_tracking]: [SENSOR_ACQUISITION_FRAME] frame=63 cycle=0 full=0 stamp_ns=1789553885030379759 width=225 height=445 readback_pixels=200250 conversion_rays=28800 generated_points=2233 bytes=71456 half_angle_deg=45.000
Publish local map size: 2233
[INFO] [1789553885.132732117] [perfect_tracking]: [SENSOR_ACQUISITION_FRAME] frame=64 cycle=0 full=0 stamp_ns=1789553885130405659 width=225 height=445 readback_pixels=200250 conversion_rays=28800 generated_points=2201 bytes=70432 half_angle_deg=45.000
Publish local map size: 2201
[INFO] [1789553885.232751106] [perfect_tracking]: [SENSOR_ACQUISITION_FRAME] frame=65 cycle=0 full=0 stamp_ns=1789553885230368285 width=225 height=445 readback_pixels=200250 conversion_rays=28800 generated_points=2233 bytes=71456 half_angle_deg=45.000
Publish local map size: 2233
[INFO] [1789553885.333303014] [perfect_tracking]: [SENSOR_ACQUISITION_FRAME] frame=66 cycle=0 full=0 stamp_ns=1789553885331559432 width=225 height=445 readback_pixels=200250 conversion_rays=28800 generated_points=2201 bytes=70432 half_angle_deg=45.000
Publish local map size: 2201
[INFO] [1789553885.433231580] [perfect_tracking]: [SENSOR_ACQUISITION_FRAME] frame=67 cycle=0 full=0 stamp_ns=1789553885430456247 width=225 height=445 readback_pixels=200250 conversion_rays=28800 generated_points=2211 bytes=70752 half_angle_deg=45.000
Publish local map size: 2211
[INFO] [1789553885.532538295] [perfect_tracking]: [SENSOR_ACQUISITION_FRAME] frame=68 cycle=0 full=0 stamp_ns=1789553885530457509 width=225 height=445 readback_pixels=200250 conversion_rays=28800 generated_points=2201 bytes=70432 half_angle_deg=45.000
Publish local map size: 2201
[INFO] [1789553885.631955536] [perfect_tracking]: [SENSOR_ACQUISITION_FRAME] frame=69 cycle=0 full=0 stamp_ns=1789553885630530391 width=225 height=445 readback_pixels=200250 conversion_rays=28800 generated_points=2219 bytes=71008 half_angle_deg=45.000
Publish local map size: 2219
[INFO] [1789553885.732018305] [perfect_tracking]: [SENSOR_ACQUISITION_FRAME] frame=70 cycle=0 full=0 stamp_ns=1789553885730500038 width=225 height=445 readback_pixels=200250 conversion_rays=28800 generated_points=2184 bytes=69888 half_angle_deg=45.000
Publish local map size: 2184
[33m -- [Fsm] Wait for goal.[0m
[32m -- [Fsm 7.047] Current state: INIT[0m
[INFO] [1789553885.832077240] [perfect_tracking]: [SENSOR_ACQUISITION_FRAME] frame=71 cycle=0 full=0 stamp_ns=1789553885830343762 width=225 height=445 readback_pixels=200250 conversion_rays=28800 generated_points=2184 bytes=69888 half_angle_deg=45.000
Publish local map size: 2184
[INFO] [1789553885.932311992] [perfect_tracking]: [SENSOR_ACQUISITION_FRAME] frame=72 cycle=0 full=0 stamp_ns=1789553885930487813 width=225 height=445 readback_pixels=200250 conversion_rays=28800 generated_points=2200 bytes=70400 half_angle_deg=45.000
Publish local map size: 2200
[INFO] [1789553886.032361464] [perfect_tracking]: [SENSOR_ACQUISITION_FRAME] frame=73 cycle=0 full=0 stamp_ns=1789553886030489139 width=225 height=445 readback_pixels=200250 conversion_rays=28800 generated_points=2209 bytes=70688 half_angle_deg=45.000
Publish local map size: 2209
[INFO] [1789553886.132119882] [perfect_tracking]: [SENSOR_ACQUISITION_FRAME] frame=74 cycle=0 full=0 stamp_ns=1789553886130344850 width=225 height=445 readback_pixels=200250 conversion_rays=28800 generated_points=2170 bytes=69440 half_angle_deg=45.000
Publish local map size: 2170
[INFO] [1789553886.232613470] [perfect_tracking]: [SENSOR_ACQUISITION_FRAME] frame=75 cycle=0 full=0 stamp_ns=1789553886230554299 width=225 height=445 readback_pixels=200250 conversion_rays=28800 generated_points=2201 bytes=70432 half_angle_deg=45.000
Publish local map size: 2201
[INFO] [1789553886.332284782] [perfect_tracking]: [SENSOR_ACQUISITION_FRAME] frame=76 cycle=0 full=0 stamp_ns=1789553886331353718 width=225 height=445 readback_pixels=200250 conversion_rays=28800 generated_points=2209 bytes=70688 half_angle_deg=45.000
Publish local map size: 2209
[INFO] [1789553886.431554351] [perfect_tracking]: [SENSOR_ACQUISITION_FRAME] frame=77 cycle=0 full=0 stamp_ns=1789553886430581326 width=225 height=445 readback_pixels=200250 conversion_rays=28800 generated_points=2233 bytes=71456 half_angle_deg=45.000
Publish local map size: 2233
[INFO] [1789553886.532639724] [perfect_tracking]: [SENSOR_ACQUISITION_FRAME] frame=78 cycle=0 full=0 stamp_ns=1789553886530518417 width=225 height=445 readback_pixels=200250 conversion_rays=28800 generated_points=2201 bytes=70432 half_angle_deg=45.000
Publish local map size: 2201
[INFO] [1789553886.632306721] [perfect_tracking]: [SENSOR_ACQUISITION_FRAME] frame=79 cycle=0 full=0 stamp_ns=1789553886630571881 width=225 height=445 readback_pixels=200250 conversion_rays=28800 generated_points=2200 bytes=70400 half_angle_deg=45.000
Publish local map size: 2200
[INFO] [1789553886.732258046] [perfect_tracking]: [SENSOR_ACQUISITION_FRAME] frame=80 cycle=0 full=0 stamp_ns=1789553886730406478 width=225 height=445 readback_pixels=200250 conversion_rays=28800 generated_points=2201 bytes=70432 half_angle_deg=45.000
Publish local map size: 2201
[33m -- [Fsm] Wait for goal.[0m
[32m -- [Fsm 8.057] Current state: INIT[0m
[INFO] [1789553886.833032688] [perfect_tracking]: [SENSOR_ACQUISITION_FRAME] frame=81 cycle=0 full=0 stamp_ns=1789553886830543094 width=225 height=445 readback_pixels=200250 conversion_rays=28800 generated_points=2170 bytes=69440 half_angle_deg=45.000
Publish local map size: 2170
[INFO] [1789553886.932119201] [perfect_tracking]: [SENSOR_ACQUISITION_FRAME] frame=82 cycle=0 full=0 stamp_ns=1789553886930377199 width=225 height=445 readback_pixels=200250 conversion_rays=28800 generated_points=2211 bytes=70752 half_angle_deg=45.000
Publish local map size: 2211
[INFO] [1789553887.031973052] [perfect_tracking]: [SENSOR_ACQUISITION_FRAME] frame=83 cycle=0 full=0 stamp_ns=1789553887030354252 width=225 height=445 readback_pixels=200250 conversion_rays=28800 generated_points=2200 bytes=70400 half_angle_deg=45.000
Publish local map size: 2200
[INFO] [1789553887.133071444] [perfect_tracking]: [SENSOR_ACQUISITION_FRAME] frame=84 cycle=0 full=0 stamp_ns=1789553887130490665 width=225 height=445 readback_pixels=200250 conversion_rays=28800 generated_points=2233 bytes=71456 half_angle_deg=45.000
Publish local map size: 2233
[INFO] [1789553887.232876291] [perfect_tracking]: [SENSOR_ACQUISITION_FRAME] frame=85 cycle=0 full=0 stamp_ns=1789553887230481022 width=225 height=445 readback_pixels=200250 conversion_rays=28800 generated_points=2184 bytes=69888 half_angle_deg=45.000
Publish local map size: 2184
[INFO] [1789553887.332933596] [perfect_tracking]: [SENSOR_ACQUISITION_FRAME] frame=86 cycle=0 full=0 stamp_ns=1789553887330431722 width=225 height=445 readback_pixels=200250 conversion_rays=28800 generated_points=2200 bytes=70400 half_angle_deg=45.000
Publish local map size: 2200
[INFO] [1789553887.432619919] [perfect_tracking]: [SENSOR_ACQUISITION_FRAME] frame=87 cycle=0 full=0 stamp_ns=1789553887430622625 width=225 height=445 readback_pixels=200250 conversion_rays=28800 generated_points=2226 bytes=71232 half_angle_deg=45.000
Publish local map size: 2226
[INFO] [1789553887.532388607] [perfect_tracking]: [SENSOR_ACQUISITION_FRAME] frame=88 cycle=0 full=0 stamp_ns=1789553887530398871 width=225 height=445 readback_pixels=200250 conversion_rays=28800 generated_points=2200 bytes=70400 half_angle_deg=45.000
Publish local map size: 2200
[INFO] [1789553887.632678066] [perfect_tracking]: [SENSOR_ACQUISITION_FRAME] frame=89 cycle=0 full=0 stamp_ns=1789553887630501450 width=225 height=445 readback_pixels=200250 conversion_rays=28800 generated_points=2200 bytes=70400 half_angle_deg=45.000
Publish local map size: 2200
[INFO] [1789553887.732002837] [perfect_tracking]: [SENSOR_ACQUISITION_FRAME] frame=90 cycle=0 full=0 stamp_ns=1789553887730364392 width=225 height=445 readback_pixels=200250 conversion_rays=28800 generated_points=2233 bytes=71456 half_angle_deg=45.000
Publish local map size: 2233
[33m -- [Fsm] Wait for goal.[0m
[32m -- [Fsm 9.057] Current state: INIT[0m
[INFO] [1789553887.832701910] [perfect_tracking]: [SENSOR_ACQUISITION_FRAME] frame=91 cycle=0 full=0 stamp_ns=1789553887830374623 width=225 height=445 readback_pixels=200250 conversion_rays=28800 generated_points=2201 bytes=70432 half_angle_deg=45.000
Publish local map size: 2201
[INFO] [1789553887.932468434] [perfect_tracking]: [SENSOR_ACQUISITION_FRAME] frame=92 cycle=0 full=0 stamp_ns=1789553887930408645 width=225 height=445 readback_pixels=200250 conversion_rays=28800 generated_points=2204 bytes=70528 half_angle_deg=45.000
Publish local map size: 2204
 -- [MARSIM] Running FPS: 488.424
[INFO] [1789553888.032550631] [perfect_tracking]: [SENSOR_ACQUISITION_FRAME] frame=93 cycle=0 full=0 stamp_ns=1789553888030419020 width=225 height=445 readback_pixels=200250 conversion_rays=28800 generated_points=2200 bytes=70400 half_angle_deg=45.000
Publish local map size: 2200
[INFO] [1789553888.133177014] [perfect_tracking]: [SENSOR_ACQUISITION_FRAME] frame=94 cycle=0 full=0 stamp_ns=1789553888130556107 width=225 height=445 readback_pixels=200250 conversion_rays=28800 generated_points=2200 bytes=70400 half_angle_deg=45.000
Publish local map size: 2200
[INFO] [1789553888.232469927] [perfect_tracking]: [SENSOR_ACQUISITION_FRAME] frame=95 cycle=0 full=0 stamp_ns=1789553888230391332 width=225 height=445 readback_pixels=200250 conversion_rays=28800 generated_points=2201 bytes=70432 half_angle_deg=45.000
Publish local map size: 2201
[INFO] [1789553888.332540501] [native_sector_cpp]: frames=95 published=95 kept 100.0% (2206/2206 pts/input-frame)
[INFO] [1789553888.332627345] [perfect_tracking]: [SENSOR_ACQUISITION_FRAME] frame=96 cycle=0 full=0 stamp_ns=1789553888330433178 width=225 height=445 readback_pixels=200250 conversion_rays=28800 generated_points=2226 bytes=71232 half_angle_deg=45.000
Publish local map size: 2226
[INFO] [1789553888.432522165] [perfect_tracking]: [SENSOR_ACQUISITION_FRAME] frame=97 cycle=0 full=0 stamp_ns=1789553888430384094 width=225 height=445 readback_pixels=200250 conversion_rays=28800 generated_points=2200 bytes=70400 half_angle_deg=45.000
Publish local map size: 2200
[INFO] [1789553888.532153323] [perfect_tracking]: [SENSOR_ACQUISITION_FRAME] frame=98 cycle=0 full=0 stamp_ns=1789553888530462957 width=225 height=445 readback_pixels=200250 conversion_rays=28800 generated_points=2219 bytes=71008 half_angle_deg=45.000
Publish local map size: 2219
[INFO] [1789553888.632601961] [perfect_tracking]: [SENSOR_ACQUISITION_FRAME] frame=99 cycle=0 full=0 stamp_ns=1789553888630582562 width=225 height=445 readback_pixels=200250 conversion_rays=28800 generated_points=2170 bytes=69440 half_angle_deg=45.000
Publish local map size: 2170
[INFO] [1789553888.732754350] [perfect_tracking]: [SENSOR_ACQUISITION_FRAME] frame=100 cycle=0 full=0 stamp_ns=1789553888730440470 width=225 height=445 readback_pixels=200250 conversion_rays=28800 generated_points=2200 bytes=70400 half_angle_deg=45.000
Publish local map size: 2200
[INFO] [1789553888.732947700] [perfect_tracking]: [STATIC_PC_LATCHED_SUMMARY] enabled=1 publications=1 points=241490 bytes=7727680 stamp_ns=1789553878736960187 timers_created=0 poll_callbacks=0
[INFO] [1789553888.732971309] [perfect_tracking]: [SENSOR_CADENCE_SUMMARY] frames=100 span_s=9.897626 hz=10.002399 raw_published=0 direct_handoffs=100 payload_bytes=7060224 side_entry_v1_enabled=0 side_entry_v1_spawned=0 side_entry_v1_injected_frames=0
[INFO] [1789553888.732998426] [perfect_tracking]: [SENSOR_BURST_DROPOUT_SUMMARY] enabled=0 warmup_s=1.000000 period_s=2.000000 duration_s=0.500000 phase_s=0.000000 phase_env_override=0 rendered=100 delivered=100 dropped=0 bursts=0 max_consecutive_dropped=0 max_delivered_gap_s=0.106643 dropped_payload_bytes=0
[33m -- [Fsm] Wait for goal.[0m
[32m -- [Fsm 10.067] Current state: INIT[0m
[INFO] [1789553888.834545553] [perfect_tracking]: [SENSOR_ACQUISITION_FRAME] frame=101 cycle=0 full=0 stamp_ns=1789553888830527476 width=225 height=445 readback_pixels=200250 conversion_rays=28800 generated_points=2219 bytes=71008 half_angle_deg=45.000
Publish local map size: 2219
[INFO] [1789553888.932142539] [perfect_tracking]: [SENSOR_ACQUISITION_FRAME] frame=102 cycle=0 full=0 stamp_ns=1789553888930409167 width=225 height=445 readback_pixels=200250 conversion_rays=28800 generated_points=2200 bytes=70400 half_angle_deg=45.000
Publish local map size: 2200
[INFO] [1789553889.032703512] [perfect_tracking]: [SENSOR_ACQUISITION_FRAME] frame=103 cycle=0 full=0 stamp_ns=1789553889030563900 width=225 height=445 readback_pixels=200250 conversion_rays=28800 generated_points=2204 bytes=70528 half_angle_deg=45.000
Publish local map size: 2204
[INFO] [1789553889.131887881] [perfect_tracking]: [SENSOR_ACQUISITION_FRAME] frame=104 cycle=0 full=0 stamp_ns=1789553889130489435 width=225 height=445 readback_pixels=200250 conversion_rays=28800 generated_points=2201 bytes=70432 half_angle_deg=45.000
Publish local map size: 2201
[INFO] [1789553889.232394922] [perfect_tracking]: [SENSOR_ACQUISITION_FRAME] frame=105 cycle=0 full=0 stamp_ns=1789553889230402169 width=225 height=445 readback_pixels=200250 conversion_rays=28800 generated_points=2233 bytes=71456 half_angle_deg=45.000
Publish local map size: 2233
[INFO] [1789553889.332514995] [perfect_tracking]: [SENSOR_ACQUISITION_FRAME] frame=106 cycle=0 full=0 stamp_ns=1789553889331251580 width=225 height=445 readback_pixels=200250 conversion_rays=28800 generated_points=2211 bytes=70752 half_angle_deg=45.000
Publish local map size: 2211
[INFO] [1789553889.432124141] [perfect_tracking]: [SENSOR_ACQUISITION_FRAME] frame=107 cycle=0 full=0 stamp_ns=1789553889430408246 width=225 height=445 readback_pixels=200250 conversion_rays=28800 generated_points=2217 bytes=70944 half_angle_deg=45.000
Publish local map size: 2217
[INFO] [1789553889.532178426] [perfect_tracking]: [SENSOR_ACQUISITION_FRAME] frame=108 cycle=0 full=0 stamp_ns=1789553889530427887 width=225 height=445 readback_pixels=200250 conversion_rays=28800 generated_points=2170 bytes=69440 half_angle_deg=45.000
Publish local map size: 2170
[INFO] [1789553889.631685684] [perfect_tracking]: [SENSOR_ACQUISITION_FRAME] frame=109 cycle=0 full=0 stamp_ns=1789553889630433879 width=225 height=445 readback_pixels=200250 conversion_rays=28800 generated_points=2200 bytes=70400 half_angle_deg=45.000
Publish local map size: 2200
[INFO] [1789553889.731974156] [perfect_tracking]: [SENSOR_ACQUISITION_FRAME] frame=110 cycle=0 full=0 stamp_ns=1789553889730514839 width=225 height=445 readback_pixels=200250 conversion_rays=28800 generated_points=2170 bytes=69440 half_angle_deg=45.000
Publish local map size: 2170
[INFO] [1789553889.752731012] [rclcpp]: signal_handler(signum=2)
[INFO] [1789553889.753319287] [perfect_tracking]: [STATIC_PC_LATCHED_SUMMARY] enabled=1 publications=1 points=241490 bytes=7727680 stamp_ns=1789553878736960187 timers_created=0 poll_callbacks=0
[INFO] [1789553889.753337850] [perfect_tracking]: [SENSOR_CADENCE_SUMMARY] frames=110 span_s=10.896846 hz=10.002894 raw_published=0 direct_handoffs=110 payload_bytes=7765024 side_entry_v1_enabled=0 side_entry_v1_spawned=0 side_entry_v1_injected_frames=0
[INFO] [1789553889.753351904] [perfect_tracking]: [SENSOR_BURST_DROPOUT_SUMMARY] enabled=0 warmup_s=1.000000 period_s=2.000000 duration_s=0.500000 phase_s=0.000000 phase_env_override=0 rendered=110 delivered=110 dropped=0 bursts=0 max_consecutive_dropped=0 max_delivered_gap_s=0.106643 dropped_payload_bytes=0
Retained replan num: 0, total recorded: 0, dropped: 0, retained length: 0, average retained computation time: 0 ms
[31mError: Could not open file for writing.
[0m