[INFO] [launch]: All log files can be found below /root/.ros/log/2026-09-09-19-34-51-645691-livox-1048609
[INFO] [launch]: Default logging verbosity is set to INFO
[INFO] [waypoint_mission-1]: process started with pid [1048610]
[INFO] [perfect_drone_frontend_node-2]: process started with pid [1048612]
[INFO] [fsm_node-3]: process started with pid [1048614]
[waypoint_mission-1] [WARN] [1788950091.718111409] [waypoint_mission]:  -- [MissionPlanner] Load config by file name: /root/super_ws/src/SUPER/mission_planner/config/waypoint.yaml
[waypoint_mission-1] [WARN] [1788950091.718194875] [waypoint_mission]:  -- [MissionPlanner] Load data by file name: /root/super_ws/src/SUPER/mission_planner/data/blind_heading_mismatch.txt
[fsm_node-3]  -- [Bench] Use sim time is false, begin replay.
[fsm_node-3] Load config file: /root/super_ws/src/SUPER/super_planner/config/static_seedmaps_guard_viability_tight_v7_filtered_reliable.yaml
[fsm_node-3] [0;32m Load param fsm/timer_en success: [0;0m1
[fsm_node-3] [0;32m Load param super_planner/detailed_log_en success: [0;0m0
[fsm_node-3] [0;32m Load param super_planner/detailed_log_max_entries success: [0;0m64
[fsm_node-3] [0;32m Load param fsm/click_goal_en success: [0;0m1
[fsm_node-3] [0;32m Load param fsm/click_yaw_en success: [0;0m1
[fsm_node-3] [0;32m Load param fsm/replan_rate success: [0;0m15
[fsm_node-3] [0;32m Load param fsm/click_height success: [0;0m1.5
[fsm_node-3] [0;32m Load param fsm/cmd_topic success: [0;0m/planning/pos_cmd
[fsm_node-3] [0;32m Load param fsm/mpc_cmd_topic success: [0;0m/planning_cmd/poly_traj
[fsm_node-3] [0;32m Load param fsm/click_goal_topic success: [0;0m/planning/click_goal
[fsm_node-3] [0;32m Load param fsm/map_readiness/enable success: [0;0m1
[fsm_node-3] [0;32m Load param fsm/map_readiness/min_accepted_scans success: [0;0m5
[fsm_node-3] [0;32m Load param fsm/map_readiness/min_committed_scans success: [0;0m5
[fsm_node-3] [0;32m Load param fsm/map_readiness/max_commit_lag_scans success: [0;0m5
[fsm_node-3] [0;32m Load param fsm/map_readiness/min_scan_span_s success: [0;0m1
[fsm_node-3] [0;32m Load param fsm/map_readiness/max_cloud_age_s success: [0;0m0.75
[fsm_node-3] [0;32m Load param fsm/map_readiness/max_map_age_s success: [0;0m0.55
[fsm_node-3] [0;32m Load param fsm/trajectory_guard/enable success: [0;0m1
[fsm_node-3] [0;33m Load param fsm/trajectory_guard/same_map_replan_coalesce_enable failed, use default value: [0;0m0
[fsm_node-3] [0;33m Load param fsm/trajectory_guard/same_map_replan_min_interval_s failed, use default value: [0;0m0
[fsm_node-3] [0;32m Load param fsm/trajectory_guard/shadow success: [0;0m0
[fsm_node-3] [0;32m Load param fsm/trajectory_guard/max_map_age_s success: [0;0m0.75
[fsm_node-3] [0;32m Load param fsm/trajectory_guard/brake_trigger_map_age_s success: [0;0m0.55
[fsm_node-3] [0;32m Load param fsm/trajectory_guard/brake_trigger_high_speed_map_age_s success: [0;0m0.5
[fsm_node-3] [0;32m Load param fsm/trajectory_guard/brake_trigger_low_speed_mps success: [0;0m2.5
[fsm_node-3] [0;32m Load param fsm/trajectory_guard/brake_trigger_high_speed_mps success: [0;0m3.5
[fsm_node-3] [0;32m Load param fsm/trajectory_guard/full_refresh_ack_sla_s success: [0;0m0.75
[fsm_node-3] [0;32m Load param fsm/trajectory_guard/raw_cloud/enable success: [0;0m0
[fsm_node-3] [0;33m Load param fsm/trajectory_guard/raw_cloud/source_topic failed, use default value: [0;0m
[fsm_node-3] [0;32m Load param fsm/trajectory_guard/raw_cloud/max_age_s success: [0;0m0.75
[fsm_node-3] [0;32m Load param fsm/trajectory_guard/raw_cloud/clearance_m success: [0;0m0.3
[fsm_node-3] [0;32m Load param fsm/trajectory_guard/validation_sample_dt_s success: [0;0m0.005
[fsm_node-3] [0;32m Load param fsm/trajectory_guard/shadow_min_interval_s success: [0;0m0
[fsm_node-3] [0;32m Load param fsm/trajectory_guard/additional_clearance_m success: [0;0m0
[fsm_node-3] [0;33m Load param fsm/trajectory_guard/brake_min_duration_s failed, use default value: [0;0m0.4
[fsm_node-3] [0;32m Load param fsm/trajectory_guard/brake_max_duration_s success: [0;0m3
[perfect_drone_frontend_node-2] [INFO] [1788950091.821160243] [native_sector_cpp]: sector mode, half-angle 45.0 deg, input /cloud_registered, publish cap 0.00 Hz, commit refresh 0.120 s, full-open extra budget 6000, guard witness disabled radius 0.00 m, direct input enabled, risk verdict disabled, body tier 0.000 m/0.150 s
[fsm_node-3] [0;32m Load param fsm/trajectory_guard/brake_max_acc_mps2 success: [0;0m20
[perfect_drone_frontend_node-2] [WARN] [1788950091.824150791] [perfect_tracking]:  -- [MissionPlanner] Load config by file name: /root/super_ws/src/SUPER/mars_uav_sim/perfect_drone_sim/config/shm1_h1_clear.yaml
[fsm_node-3] [0;32m Load param fsm/trajectory_guard/brake_max_jerk_mps3 success: [0;0m120
[fsm_node-3] [0;32m Load param fsm/trajectory_guard/brake_command_max_age_s success: [0;0m0.1
[fsm_node-3] [0;32m Load param fsm/trajectory_guard/brake_command_max_position_error_m success: [0;0m0.5
[fsm_node-3] [0;32m Load param fsm/trajectory_guard/brake_command_max_velocity_error_mps success: [0;0m2
[fsm_node-3] [0;32m Load param fsm/trajectory_guard/brake_retry_interval_s success: [0;0m0.1
[fsm_node-3] [0;32m Load param fsm/trajectory_guard/unknown_as_occupied success: [0;0m1
[fsm_node-3] [0;33m Load param fsm/trajectory_guard/raw_cloud/ciri_shadow_en failed, use default value: [0;0m0
[fsm_node-3] [0;33m Load param fsm/trajectory_guard/raw_cloud/accum_window_s failed, use default value: [0;0m1.5
[fsm_node-3] [0;33m Load param fsm/trajectory_guard/raw_cloud/ciri_min_points failed, use default value: [0;0m200
[fsm_node-3] [0;33m Load param fsm/trajectory_guard/raw_cloud/ciri_voxel_m failed, use default value: [0;0m0.1
[fsm_node-3] [0;33m Load param fsm/trajectory_guard/raw_cloud/near_field_shadow_en failed, use default value: [0;0m0
[fsm_node-3] [0;33m Load param fsm/trajectory_guard/raw_cloud/near_field_clearance_m failed, use default value: [0;0m0.2
[fsm_node-3] [0;33m Load param fsm/trajectory_guard/raw_cloud/near_field_horizon_s failed, use default value: [0;0m1
[fsm_node-3] [0;33m Load param fsm/trajectory_guard/raw_cloud/near_field_sample_dt_s failed, use default value: [0;0m0.01
[fsm_node-3] [0;33m Load param fsm/trajectory_guard/raw_cloud/near_field_min_interval_s failed, use default value: [0;0m0.1
[fsm_node-3] [0;33m Load param fsm/trajectory_guard/raw_cloud/near_field_min_points failed, use default value: [0;0m200
[fsm_node-3] [0;33m Load param fsm/trajectory_guard/raw_cloud/near_field_voxel_m failed, use default value: [0;0m0
[fsm_node-3] [0;33m Load param fsm/trajectory_guard/raw_cloud/near_field_test_replay_mode failed, use default value: [0;0m0
[fsm_node-3] [0;33m Load param fsm/trajectory_guard/raw_cloud/near_field_enforce_en failed, use default value: [0;0m0
[fsm_node-3] [0;33m Load param fsm/trajectory_guard/raw_cloud/near_field_result_max_age_s failed, use default value: [0;0m0.2
[fsm_node-3] [0;33m Load param fsm/trajectory_guard/raw_cloud/near_field_max_sequence_lag failed, use default value: [0;0m1
[fsm_node-3] [0;33m Load param fsm/trajectory_guard/raw_cloud/near_field_egress_tolerance_m failed, use default value: [0;0m0.005
[fsm_node-3] [0;33m Load param fsm/trajectory_guard/raw_cloud/near_field_egress_min_progress_m failed, use default value: [0;0m0.02
[fsm_node-3] [0;33m Load param fsm/trajectory_guard/frontend_risk/shadow_en failed, use default value: [0;0m0
[fsm_node-3] [0;33m Load param fsm/trajectory_guard/frontend_risk/enforce_en failed, use default value: [0;0m0
[fsm_node-3] [0;33m Load param fsm/trajectory_guard/frontend_risk/topic failed, use default value: [0;0m/planning/trajectory_risk_verdict
[fsm_node-3] [0;33m Load param fsm/trajectory_guard/frontend_risk/result_max_age_s failed, use default value: [0;0m0.2
[fsm_node-3] [0;33m Load param fsm/trajectory_guard/frontend_risk/source_max_age_s failed, use default value: [0;0m0.75
[fsm_node-3] [0;33m Load param fsm/trajectory_guard/frontend_risk/current_body_enforce_en failed, use default value: [0;0m0
[fsm_node-3] [0;33m Load param fsm/trajectory_guard/frontend_risk/current_body_result_max_age_s failed, use default value: [0;0m0.15
[fsm_node-3] [0;33m Load param fsm/trajectory_guard/frontend_risk/current_body_source_max_age_s failed, use default value: [0;0m0.2
[fsm_node-3] [0;32m Load param super_planner/yaw_dot_max success: [0;0m3
[fsm_node-3] [0;32m Load param super_planner/visualization_en success: [0;0m0
[fsm_node-3] [0;32m Load param rog_map/resolution success: [0;0m0.05
[fsm_node-3] Load config file: /root/super_ws/src/SUPER/super_planner/config/static_seedmaps_guard_viability_tight_v7_filtered_reliable.yaml
[fsm_node-3] [0;32m Load param rog_map/esdf/resolution success: [0;0m0.1
[fsm_node-3] [0;32m Load param rog_map/esdf/enable success: [0;0m0
[fsm_node-3] [0;32m Load param rog_map/esdf/local_update_box success: [0;0m[5 5 3 ]
[fsm_node-3] [0;32m Load param rog_map/load_pcd_en success: [0;0m0
[fsm_node-3] [0;32m Load param rog_map/map_sliding/enable success: [0;0m0
[fsm_node-3] [0;32m Load param rog_map/map_sliding/threshold success: [0;0m3
[fsm_node-3] [0;32m Load param rog_map/fix_map_origin success: [0;0m[0 0 1.5 ]
[fsm_node-3] [0;32m Load param rog_map/frontier_extraction_en success: [0;0m0
[fsm_node-3] [0;32m Load param rog_map/ros_callback/enable success: [0;0m1
[fsm_node-3] [0;32m Load param rog_map/ros_callback/cloud_topic success: [0;0m/cloud_sector
[fsm_node-3] [0;32m Load param rog_map/ros_callback/cloud_reliable success: [0;0m1
[fsm_node-3] [0;32m Load param rog_map/ros_callback/odom_topic success: [0;0m/lidar_slam/odom
[fsm_node-3] [0;32m Load param rog_map/ros_callback/odom_timeout success: [0;0m2
[fsm_node-3] [0;32m Load param rog_map/visualization/enable success: [0;0m0
[fsm_node-3] [0;32m Load param rog_map/visualization/use_dynamic_reconfigure success: [0;0m0
[fsm_node-3] [0;32m Load param rog_map/visualization/pub_unknown_map_en success: [0;0m0
[fsm_node-3] [0;32m Load param rog_map/visualization/frame_id success: [0;0mworld
[fsm_node-3] [0;32m Load param rog_map/visualization/time_rate success: [0;0m2
[fsm_node-3] [0;32m Load param rog_map/visualization/frame_rate success: [0;0m0
[fsm_node-3] [0;32m Load param rog_map/visualization/range success: [0;0m[15 15 4 ]
[fsm_node-3] [0;32m Load param rog_map/resolution success: [0;0m0.05
[fsm_node-3] [0;32m Load param rog_map/inflation_resolution success: [0;0m0.1
[fsm_node-3] [0;32m Load param rog_map/unk_inflation_en success: [0;0m0
[fsm_node-3] [0;32m Load param rog_map/unk_inflation_step success: [0;0m1
[fsm_node-3] [0;32m Load param rog_map/inflation_step success: [0;0m3
[fsm_node-3] [0;32m Load param rog_map/intensity_thresh success: [0;0m-10
[fsm_node-3] [0;32m Load param rog_map/map_size success: [0;0m[70 70 6 ]
[fsm_node-3] [0;32m Load param rog_map/point_filt_num success: [0;0m1
[fsm_node-3] [0;32m Load param rog_map/raycasting/enable success: [0;0m0
[fsm_node-3] [0;32m Load param rog_map/raycasting/batch_update_size success: [0;0m1
[fsm_node-3] [0;32m Load param rog_map/raycasting/unk_thresh success: [0;0m1
[fsm_node-3] [0;32m Load param rog_map/raycasting/p_hit success: [0;0m0.9
[fsm_node-3] [0;32m Load param rog_map/raycasting/p_miss success: [0;0m0.49
[fsm_node-3] [0;32m Load param rog_map/raycasting/p_min success: [0;0m0.12
[fsm_node-3] [0;32m Load param rog_map/raycasting/p_max success: [0;0m0.98
[fsm_node-3] [0;32m Load param rog_map/raycasting/p_occ success: [0;0m0.85
[fsm_node-3] [0;32m Load param rog_map/raycasting/p_free success: [0;0m0.499
[fsm_node-3] [0;32m Load param rog_map/raycasting/p_free success: [0;0m0.499
[fsm_node-3] [0;32m Load param rog_map/raycasting/ray_range success: [0;0m[0.5 100 ]
[fsm_node-3] [0;33m Load param rog_map/raycasting/observed_mark_range_max failed, use default value: [0;0m10
[fsm_node-3] [0;32m Load param rog_map/raycasting/local_update_box success: [0;0m[100 100 5 ]
[fsm_node-3] [0;32m Load param rog_map/virtual_ground_height success: [0;0m-0.1
[fsm_node-3] [0;32m Load param rog_map/virtual_ceil_height success: [0;0m3.5
[fsm_node-3] [32m -- [RM-Config] inflation_resolution: 0.1[0m
[fsm_node-3]  -- [ROG-Map] Init, resetMapSize: ORIGIN_AT_CORNER.
[fsm_node-3]  -- [ROG-Map] Init, resetMapSize: virtual_ceil_height: 3.1500000000000004, virtual_ground_height: 0.25.
[fsm_node-3] [34m	[ROG] n_free: 1[0m
[fsm_node-3] [34m	[ROG] n_occ: 1[0m
[fsm_node-3] [34m	[ROG] l_hit: 2.19722[0m
[fsm_node-3] [34m	[ROG] l_miss: -0.0400053[0m
[fsm_node-3] [34m	[ROG] l_min: -1.99243[0m
[fsm_node-3] [34m	[ROG] l_max: 3.89182[0m
[fsm_node-3] [34m	[ROG] l_occ: 1.7346[0m
[fsm_node-3] [34m	[ROG] l_free: -0.00399995[0m
[perfect_drone_frontend_node-2] Failed to find match for field 'intensity'.
[perfect_drone_frontend_node-2] [INFO] [1788950092.135881665] [perfect_drone_frontend_config]: raw DDS disabled: renderer -> native front-end uses direct SharedPtr handoff
[fsm_node-3] [33m -- [Inf-Map] Clear all local map.[0m
[fsm_node-3] [32m -- [CounterMap] Init successfully -- .[0m
[fsm_node-3] [32m	resolution: 0.1[0m
[fsm_node-3] [32m	map_sliding_en: 0[0m
[fsm_node-3] [32m	local_map_size_i: 709 709  69[0m
[fsm_node-3] [32m	local_map_size_d: 70.9 70.9  6.9[0m
[fsm_node-3] [33m -- [Inf-Map] Clear all local map.[0m
[fsm_node-3] [32m -- [InfMap] Init successfully -- .[0m
[fsm_node-3] [32m	resolution: 0.1[0m
[fsm_node-3] [32m	map_sliding_en: 0[0m
[fsm_node-3] [32m	local_map_size_i: 709 709  69[0m
[fsm_node-3] [32m	local_map_size_d: 70.9 70.9  6.9[0m
[fsm_node-3] [ProbMap] virtual_ceil_height: 3.15
[fsm_node-3] [ProbMap] virtual_ground_height: 0.25
[fsm_node-3] [33m -- [ProbMap] Map sliding disabled, set origin to [  0   0 1.5] -- [0m
[fsm_node-3] [33m -- [Prob-Map] Clear all local map.[0m
[fsm_node-3] [32m -- [ProbMap] Init successfully -- .[0m
[fsm_node-3] [32m	resolution: 0.05[0m
[fsm_node-3] [32m	map_sliding_en: 0[0m
[fsm_node-3] [32m	local_map_size_i: 1401 1401  121[0m
[fsm_node-3] [32m	local_map_size_d: 70.05 70.05  6.05[0m
[fsm_node-3] [38;2;000;128;000m -- [ROGMap] Immutable planner snapshot enabled (fixed occupancy-only map).
[fsm_node-3] [0mLoad config file: /root/super_ws/src/SUPER/super_planner/config/static_seedmaps_guard_viability_tight_v7_filtered_reliable.yaml
[fsm_node-3] Load config file: /root/super_ws/src/SUPER/super_planner/config/static_seedmaps_guard_viability_tight_v7_filtered_reliable.yaml
[fsm_node-3] [0;32m Load param traj_opt/switch/print_optimizer_log success: [0;0m0
[fsm_node-3] [0;32m Load param traj_opt/flatness/mass success: [0;0m1.64
[fsm_node-3] [0;32m Load param traj_opt/flatness/dh success: [0;0m0.35
[fsm_node-3] [0;32m Load param traj_opt/flatness/dv success: [0;0m0.35
[fsm_node-3] [0;32m Load param traj_opt/flatness/grav success: [0;0m9.81
[fsm_node-3] [0;32m Load param traj_opt/flatness/cp success: [0;0m0.001
[fsm_node-3] [0;32m Load param traj_opt/flatness/v_eps success: [0;0m0.0001
[fsm_node-3] [0;32m Load param traj_opt/switch/save_log_en success: [0;0m0
[fsm_node-3] [0;32m Load param traj_opt/exp_traj/pos_constraint_type success: [0;0m1
[fsm_node-3] [0;33m Load param traj_opt/exp_traj/piece_num failed, use default value: [0;0m1
[fsm_node-3] [0;33m Load param traj_opt/exp_traj/uniform_time_en failed, use default value: [0;0m0
[fsm_node-3] [0;32m Load param traj_opt/exp_traj/block_energy_cost success: [0;0m0
[fsm_node-3] [0;32m Load param traj_opt/exp_traj/opt_accuracy success: [0;0m5e-06
[fsm_node-3] [0;33m Load param traj_opt/exp_traj/max_iterations failed, use default value: [0;0m2048
[fsm_node-3] [0;32m Load param traj_opt/exp_traj/integral_reso success: [0;0m15
[fsm_node-3] [0;32m Load param traj_opt/exp_traj/smooth_eps success: [0;0m0.01
[fsm_node-3] [0;32m Load param traj_opt/boundary/max_vel success: [0;0m7
[fsm_node-3] [0;32m Load param traj_opt/boundary/max_acc success: [0;0m20
[fsm_node-3] [0;32m Load param traj_opt/boundary/max_jerk success: [0;0m120
[fsm_node-3] [0;32m Load param traj_opt/boundary/max_omg success: [0;0m2.5
[fsm_node-3] [0;32m Load param traj_opt/boundary/max_acc_thr success: [0;0m17
[fsm_node-3] [0;32m Load param traj_opt/boundary/min_acc_thr success: [0;0m6
[fsm_node-3] [0;32m Load param traj_opt/boundary/penna_margin success: [0;0m0.05
[fsm_node-3] [0;33m Load param traj_opt/exp_traj/penna_scale failed, use default value: [0;0m-1
[fsm_node-3] [0;32m Load param traj_opt/exp_traj/penna_t success: [0;0m1e+07
[fsm_node-3] [0;33m Load param traj_opt/exp_traj/penna_ts failed, use default value: [0;0m-1
[fsm_node-3] [0;32m Load param traj_opt/exp_traj/penna_pos success: [0;0m5e+09
[fsm_node-3] [0;32m Load param traj_opt/exp_traj/penna_clr success: [0;0m1e+06
[fsm_node-3] [0;32m Load param traj_opt/exp_traj/clearance_margin success: [0;0m0.1
[fsm_node-3] [0;32m Load param traj_opt/exp_traj/clearance_speed_gate success: [0;0m1.5
[fsm_node-3] [0;32m Load param traj_opt/exp_traj/clearance_speed_transition success: [0;0m0.5
[fsm_node-3] [0;33m Load param traj_opt/exp_traj/penna_passage_center failed, use default value: [0;0m-1
[fsm_node-3] [0;33m Load param traj_opt/exp_traj/passage_center_max_width failed, use default value: [0;0m0
[fsm_node-3] [0;33m Load param traj_opt/exp_traj/passage_center_min_opposition_cos failed, use default value: [0;0m0.9
[fsm_node-3] [0;33m Load param traj_opt/exp_traj/passage_center_min_horizontal_normal failed, use default value: [0;0m0.8
[fsm_node-3] [0;33m Load param traj_opt/exp_traj/passage_center_deadband failed, use default value: [0;0m0.15
[fsm_node-3] [0;33m Load param traj_opt/exp_traj/passage_center_log_en failed, use default value: [0;0m0
[fsm_node-3] [0;32m Load param traj_opt/exp_traj/penna_vel success: [0;0m5e+08
[fsm_node-3] [0;32m Load param traj_opt/exp_traj/penna_acc success: [0;0m5e+08
[fsm_node-3] [0;32m Load param traj_opt/exp_traj/penna_jerk success: [0;0m-5e+08
[fsm_node-3] [0;32m Load param traj_opt/exp_traj/penna_attract success: [0;0m5e+08
[fsm_node-3] [0;32m Load param traj_opt/exp_traj/penna_omg success: [0;0m-1
[fsm_node-3] [0;32m Load param traj_opt/exp_traj/penna_thr success: [0;0m-1
[fsm_node-3] Load config file: /root/super_ws/src/SUPER/super_planner/config/static_seedmaps_guard_viability_tight_v7_filtered_reliable.yaml
[fsm_node-3] [0;32m Load param traj_opt/switch/print_optimizer_log success: [0;0m0
[fsm_node-3] [0;32m Load param traj_opt/flatness/mass success: [0;0m1.64
[fsm_node-3] [0;32m Load param traj_opt/flatness/dh success: [0;0m0.35
[fsm_node-3] [0;32m Load param traj_opt/flatness/dv success: [0;0m0.35
[fsm_node-3] [0;32m Load param traj_opt/flatness/grav success: [0;0m9.81
[fsm_node-3] [0;32m Load param traj_opt/flatness/cp success: [0;0m0.001
[fsm_node-3] [0;32m Load param traj_opt/flatness/v_eps success: [0;0m0.0001
[fsm_node-3] [0;32m Load param traj_opt/switch/save_log_en success: [0;0m0
[fsm_node-3] [0;32m Load param traj_opt/backup_traj/pos_constraint_type success: [0;0m2
[fsm_node-3] [0;32m Load param traj_opt/backup_traj/piece_num success: [0;0m2
[fsm_node-3] [0;32m Load param traj_opt/backup_traj/uniform_time_en success: [0;0m1
[fsm_node-3] [0;32m Load param traj_opt/backup_traj/block_energy_cost success: [0;0m1
[fsm_node-3] [0;32m Load param traj_opt/backup_traj/opt_accuracy success: [0;0m1e-05
[fsm_node-3] [0;33m Load param traj_opt/backup_traj/max_iterations failed, use default value: [0;0m2048
[fsm_node-3] [0;32m Load param traj_opt/backup_traj/integral_reso success: [0;0m12
[fsm_node-3] [0;32m Load param traj_opt/backup_traj/smooth_eps success: [0;0m0.01
[fsm_node-3] [0;32m Load param traj_opt/boundary/max_vel success: [0;0m7
[fsm_node-3] [0;32m Load param traj_opt/boundary/max_acc success: [0;0m20
[fsm_node-3] [0;32m Load param traj_opt/boundary/max_jerk success: [0;0m120
[fsm_node-3] [0;32m Load param traj_opt/boundary/max_omg success: [0;0m2.5
[fsm_node-3] [0;32m Load param traj_opt/boundary/max_acc_thr success: [0;0m17
[fsm_node-3] [0;32m Load param traj_opt/boundary/min_acc_thr success: [0;0m6
[fsm_node-3] [0;32m Load param traj_opt/boundary/penna_margin success: [0;0m0.05
[fsm_node-3] [0;33m Load param traj_opt/backup_traj/penna_scale failed, use default value: [0;0m-1
[fsm_node-3] [0;32m Load param traj_opt/backup_traj/penna_t success: [0;0m100
[fsm_node-3] [0;32m Load param traj_opt/backup_traj/penna_ts success: [0;0m1e+07
[fsm_node-3] [0;32m Load param traj_opt/backup_traj/penna_pos success: [0;0m1e+10
[fsm_node-3] [0;32m Load param traj_opt/backup_traj/penna_clr success: [0;0m1e+06
[fsm_node-3] [0;32m Load param traj_opt/backup_traj/clearance_margin success: [0;0m0.1
[fsm_node-3] [0;32m Load param traj_opt/backup_traj/clearance_speed_gate success: [0;0m1.5
[fsm_node-3] [0;32m Load param traj_opt/backup_traj/clearance_speed_transition success: [0;0m0.5
[fsm_node-3] [0;33m Load param traj_opt/backup_traj/penna_passage_center failed, use default value: [0;0m-1
[fsm_node-3] [0;33m Load param traj_opt/backup_traj/passage_center_max_width failed, use default value: [0;0m0
[fsm_node-3] [0;33m Load param traj_opt/backup_traj/passage_center_min_opposition_cos failed, use default value: [0;0m0.9
[fsm_node-3] [0;33m Load param traj_opt/backup_traj/passage_center_min_horizontal_normal failed, use default value: [0;0m0.8
[fsm_node-3] [0;33m Load param traj_opt/backup_traj/passage_center_deadband failed, use default value: [0;0m0.15
[fsm_node-3] [0;33m Load param traj_opt/backup_traj/passage_center_log_en failed, use default value: [0;0m0
[fsm_node-3] [0;32m Load param traj_opt/backup_traj/penna_vel success: [0;0m1e+08
[fsm_node-3] [0;32m Load param traj_opt/backup_traj/penna_acc success: [0;0m1e+08
[fsm_node-3] [0;32m Load param traj_opt/backup_traj/penna_jerk success: [0;0m-1e+06
[fsm_node-3] [0;33m Load param traj_opt/backup_traj/penna_attract failed, use default value: [0;0m-1
[fsm_node-3] [0;32m Load param traj_opt/backup_traj/penna_omg success: [0;0m-1
[fsm_node-3] [0;32m Load param traj_opt/backup_traj/penna_thr success: [0;0m-1
[fsm_node-3] [0;32m Load param super_planner/print_log success: [0;0m0
[fsm_node-3] [0;32m Load param super_planner/detailed_log_en success: [0;0m0
[fsm_node-3] [0;32m Load param super_planner/visualization_en success: [0;0m0
[fsm_node-3] [0;32m Load param super_planner/backup_traj_en success: [0;0m1
[fsm_node-3] [0;32m Load param super_planner/goal_vel_en success: [0;0m0
[fsm_node-3] [0;32m Load param super_planner/goal_yaw_en success: [0;0m0
[fsm_node-3] [0;32m Load param super_planner/visual_process success: [0;0m0
[fsm_node-3] [0;32m Load param super_planner/use_fov_cut success: [0;0m0
[fsm_node-3] [0;33m Load param super_planner/fov_horizontal_angle failed, use default value: [0;0m-1
[fsm_node-3] [0;33m Load param super_planner/fov_center_heading failed, use default value: [0;0m0
[fsm_node-3] [0;32m Load param super_planner/frontend_in_known_free success: [0;0m0
[fsm_node-3] [0;32m Load param fsm/trajectory_guard/enable success: [0;0m1
[fsm_node-3] [0;32m Load param fsm/trajectory_guard/shadow success: [0;0m0
[fsm_node-3] [0;32m Load param fsm/trajectory_guard/validation_sample_dt_s success: [0;0m0.005
[fsm_node-3] [0;32m Load param fsm/trajectory_guard/shadow_min_interval_s success: [0;0m0
[fsm_node-3] [0;32m Load param fsm/trajectory_guard/additional_clearance_m success: [0;0m0
[fsm_node-3] [0;32m Load param fsm/trajectory_guard/escape_max_duration_s success: [0;0m1
[fsm_node-3] [0;32m Load param fsm/trajectory_guard/unknown_as_occupied success: [0;0m1
[fsm_node-3] [0;32m Load param fsm/trajectory_guard/escape_entry_grace_s success: [0;0m0
[fsm_node-3] [0;32m Load param fsm/trajectory_guard/initial_footprint_egress_enable success: [0;0m1
[fsm_node-3] [0;32m Load param super_planner/safe_corridor_line_max_length success: [0;0m6
[fsm_node-3] [0;32m Load param super_planner/sensing_horizon success: [0;0m-1
[fsm_node-3] [0;32m Load param super_planner/obs_skip_num success: [0;0m2
[fsm_node-3] [0;32m Load param super_planner/replan_forward_dt success: [0;0m0.1
[fsm_node-3] [0;32m Load param super_planner/corridor_bound_dis success: [0;0m0.8
[fsm_node-3] [0;32m Load param super_planner/corridor_line_max_length success: [0;0m1
[fsm_node-3] [0;32m Load param super_planner/planning_horizon success: [0;0m7
[fsm_node-3] [0;32m Load param super_planner/receding_dis success: [0;0m1
[fsm_node-3] [0;32m Load param super_planner/robot_r success: [0;0m0.2
[fsm_node-3] [0;32m Load param super_planner/corridor_use_inflated_obstacles success: [0;0m0
[fsm_node-3] [0;32m Load param super_planner/corridor_use_inflated_seed_lines success: [0;0m0
[fsm_node-3] [0;32m Load param super_planner/corridor_guard_retry_inflated success: [0;0m1
[fsm_node-3] [0;32m Load param super_planner/guard_corridor_retry_alternate_every success: [0;0m4
[fsm_node-3] [0;32m Load param super_planner/guard_topology_reroute/enable success: [0;0m1
[fsm_node-3] [0;32m Load param super_planner/guard_topology_reroute/radius_m success: [0;0m0.8
[fsm_node-3] [0;32m Load param super_planner/guard_topology_reroute/growth_m success: [0;0m0
[fsm_node-3] [0;32m Load param super_planner/guard_topology_reroute/max_radius_m success: [0;0m0.8
[fsm_node-3] [0;32m Load param super_planner/guard_topology_reroute/max_zones success: [0;0m6
[fsm_node-3] [0;32m Load param super_planner/guard_topology_reroute/max_stop_speed_mps success: [0;0m0.2
[fsm_node-3] [0;32m Load param super_planner/guard_topology_reroute/escalate_every_rejects success: [0;0m3
[fsm_node-3] [0;32m Load param super_planner/guard_topology_reroute/collision_merge_m success: [0;0m0.5
[fsm_node-3] [0;32m Load param super_planner/guard_topology_reroute/start_clearance_m success: [0;0m0.3
[fsm_node-3] [0;32m Load param super_planner/guard_topology_reroute/block_spacing_m success: [0;0m1
[fsm_node-3] [0;32m Load param super_planner/guard_topology_reroute/direction_merge_angle_deg success: [0;0m30
[fsm_node-3] [0;32m Load param super_planner/guard_topology_reroute/no_path_reset_attempts success: [0;0m3
[fsm_node-3] [0;32m Load param super_planner/guard_topology_reroute/vertical_recovery_enable success: [0;0m1
[fsm_node-3] [0;32m Load param super_planner/guard_topology_reroute/vertical_recovery_lift_m success: [0;0m0.6
[fsm_node-3] [0;32m Load param super_planner/guard_topology_reroute/vertical_recovery_trigger_distance_m success: [0;0m0.75
[fsm_node-3] [0;32m Load param super_planner/guard_topology_reroute/local_escape_enable success: [0;0m1
[fsm_node-3] [0;32m Load param super_planner/guard_topology_reroute/local_escape_distance_m success: [0;0m0.6
[fsm_node-3] [0;32m Load param super_planner/guard_topology_reroute/local_escape_attempts success: [0;0m4
[fsm_node-3] [0;32m Load param super_planner/guard_topology_reroute/episode_progress_reset_m success: [0;0m2
[fsm_node-3] [0;32m Load param super_planner/guard_topology_reroute/saturation_vertical_attempts success: [0;0m1
[fsm_node-3] [0;32m Load param super_planner/guard_topology_reroute/base_no_path_vertical_attempts success: [0;0m1
[fsm_node-3] [0;32m Load param super_planner/guard_direct_goal_fallback/enable success: [0;0m1
[fsm_node-3] [0;32m Load param super_planner/guard_direct_goal_fallback/max_distance_m success: [0;0m3
[fsm_node-3] [0;32m Load param super_planner/guard_direct_goal_fallback/min_duration_s success: [0;0m1
[fsm_node-3] [0;32m Load param super_planner/guard_viability/enable success: [0;0m1
[fsm_node-3] [0;32m Load param super_planner/guard_viability/horizon_s success: [0;0m2
[fsm_node-3] [0;32m Load param super_planner/guard_viability/sample_dt_s success: [0;0m0.3
[fsm_node-3] [0;32m Load param super_planner/guard_viability/brake_max_acc_mps2 success: [0;0m20
[fsm_node-3] [0;32m Load param super_planner/guard_viability/brake_max_jerk_mps3 success: [0;0m120
[fsm_node-3] [0;32m Load param super_planner/guard_viability/brake_min_duration_s success: [0;0m0.4
[fsm_node-3] [0;32m Load param super_planner/guard_viability/brake_max_duration_s success: [0;0m3
[fsm_node-3] [0;32m Load param super_planner/guard_viability/brake_attempts success: [0;0m12
[fsm_node-3] [0;32m Load param super_planner/guard_viability/speed_scale_step success: [0;0m1.25
[fsm_node-3] [0;32m Load param super_planner/guard_viability/speed_scale_max success: [0;0m3
[fsm_node-3] [0;32m Load param super_planner/guard_viability/max_retries success: [0;0m4
[fsm_node-3] [0;32m Load param super_planner/corridor_min_margin success: [0;0m0.2
[fsm_node-3] [0;32m Load param super_planner/corridor_pref_margin success: [0;0m0.3
[fsm_node-3] [0;32m Load param super_planner/iris_iter_num success: [0;0m2
[fsm_node-3] [0;32m Load param super_planner/yaw_mode success: [0;0m1
[fsm_node-3] [0;32m Load param super_planner/mpc_horizon success: [0;0m15
[fsm_node-3] [0;32m Load param super_planner/yaw_dot_max success: [0;0m3
[fsm_node-3] [0;32m Load param rog_map/resolution success: [0;0m0.05
[fsm_node-3] [INFO] [1788950093.148565752] [fsm_node]:  -- [TRAJ_GUARD] mode=enforce sample_dt=0.0050s shadow_min_interval=0.000s inflation_radius=0.300m robot_r=0.200m additional_clearance=0.000m hard_clearance=0.300m clearance_offsets=0
[fsm_node-3] [38;2;050;205;050m -- [Viz] Set resolution_ to 0.05
[fsm_node-3] [0m[38;2;050;205;050m -- [Viz] Set visualization_en_ to false
[fsm_node-3] [0mLoad config file: /root/super_ws/src/SUPER/super_planner/config/static_seedmaps_guard_viability_tight_v7_filtered_reliable.yaml
[fsm_node-3] [0;32m Load param astar/map_voxel_num success: [0;0m[500 500 100 ]
[fsm_node-3] [0;32m Load param astar/allow_diag success: [0;0m1
[fsm_node-3] [0;32m Load param astar/debug_visualization_en success: [0;0m0
[fsm_node-3] [0;32m Load param astar/heu_type success: [0;0m2
[fsm_node-3] [0;32m Load param astar/visual_process success: [0;0m0
[fsm_node-3] [32m -- [RM] Init Astar-map.[0m
[fsm_node-3] [34m	map index size: 250 250  50[0m
[fsm_node-3] [34m	map vox_num: 501 501 101[0m
[fsm_node-3] [INFO] [1788950094.723897502] [fsm_node]:  -- [FULL_REFRESH_ACK_GATE] listening sla=0.750s
[fsm_node-3] [33m -- [Fsm] CLICKGOAL ENABLE.[0m
[fsm_node-3] [INFO] [1788950094.725387433] [fsm_node]: [32m -- [Fsm-Test] Begin.[0m
[fsm_node-3] [38;2;000;128;000m -- [Fsm]: [MainFsmCallback] change state from [INIT] to [WAIT_GOAL].
[fsm_node-3] [0m -- [Fsm] MAP_NOT_READY reason=accepted_count,committed_count,scan_span accepted=2 committed=1 version=1 lag=1 span=0.014s cloud_age=0.006s committed_cloud_age=0.019s commit_age=0.010s in_progress=true
[fsm_node-3] [32m -- [Fsm 1.000] Current state: WAIT_GOAL[0m
[fsm_node-3]  -- [Fsm] MAP_NOT_READY reason=scan_span accepted=11 committed=11 version=11 lag=0 span=0.914s cloud_age=0.105s committed_cloud_age=0.105s commit_age=0.100s in_progress=false
[fsm_node-3]  -- [Fsm] MAP_READY accepted=12 committed=11 version=11 lag=1 span=1.027s cloud_age=0.003s committed_cloud_age=0.115s commit_age=0.110s in_progress=false
[fsm_node-3] [32m -- [Fsm] Get goal at [0m24.025 20.025  1.525
[fsm_node-3] [32m -- [Fsm] Receive click goal at: [24.025 20.025  1.525]; goal yaw: 0.000 deg[0m
[fsm_node-3] [INFO] [1788950095.793196203] [fsm_node]:  -- [OPTIMIZER_PHASE_MEMORY] optimizer=exp event=begin call=1 rss_mib=3094.727 swap_mib=0.000 variables=17 pieces=5
[fsm_node-3] [INFO] [1788950095.812009297] [fsm_node]:  -- [OPTIMIZER_PHASE_MEMORY] optimizer=exp event=end call=1 duration_ms=18.864 iterations=1047 ret=1 rss_mib=3094.734 swap_mib=0.000 rss_delta_mib=0.008
[fsm_node-3] [INFO] [1788950095.812089515] [fsm_node]:  -- [SUPER] in [PlanFromRest] GenerateExpTrajectory SUCCESS.
[fsm_node-3] [INFO] [1788950095.911374724] [fsm_node]:  -- [OPTIMIZER_PHASE_MEMORY] optimizer=backup event=begin call=1 rss_mib=3094.965 swap_mib=0.000 variables=18 pieces=2
[fsm_node-3] [INFO] [1788950095.917188631] [fsm_node]:  -- [OPTIMIZER_PHASE_MEMORY] optimizer=backup event=end call=1 duration_ms=5.842 iterations=847 ret=1 rss_mib=3094.996 swap_mib=0.000 rss_delta_mib=0.031
[fsm_node-3] [INFO] [1788950095.917277509] [fsm_node]:  -- [OPTIMIZER_PHASE_MEMORY] optimizer=backup event=begin call=2 rss_mib=3095.008 swap_mib=0.000 variables=18 pieces=2
[fsm_node-3] [INFO] [1788950095.919108432] [fsm_node]:  -- [OPTIMIZER_PHASE_MEMORY] optimizer=backup event=end call=2 duration_ms=1.829 iterations=329 ret=1 rss_mib=3095.008 swap_mib=0.000 rss_delta_mib=0.000
[fsm_node-3] [INFO] [1788950095.919486206] [fsm_node]:  -- [TRAJ_GUARD_COMMIT] phase=PlanFromRest/with_backup gen=1 map=13 samples=273 range=[0.154,1.506] escape=false footprint_egress=false escape_done_tt=-1.000
[fsm_node-3] [INFO] [1788950096.066720717] [fsm_node]:  -- [OPTIMIZER_PHASE_MEMORY] optimizer=exp event=begin call=2 rss_mib=3095.730 swap_mib=0.000 variables=17 pieces=5
[fsm_node-3] [INFO] [1788950096.071470410] [fsm_node]:  -- [OPTIMIZER_PHASE_MEMORY] optimizer=exp event=end call=2 duration_ms=4.809 iterations=423 ret=1 rss_mib=3095.730 swap_mib=0.000 rss_delta_mib=0.000
[fsm_node-3] [INFO] [1788950096.166682673] [fsm_node]:  -- [OPTIMIZER_PHASE_MEMORY] optimizer=backup event=begin call=3 rss_mib=3095.902 swap_mib=0.000 variables=18 pieces=2
[fsm_node-3] [INFO] [1788950096.167341841] [fsm_node]:  -- [OPTIMIZER_PHASE_MEMORY] optimizer=backup event=end call=3 duration_ms=0.690 iterations=142 ret=1 rss_mib=3095.902 swap_mib=0.000 rss_delta_mib=0.000
[fsm_node-3] [INFO] [1788950096.167401398] [fsm_node]:  -- [OPTIMIZER_PHASE_MEMORY] optimizer=backup event=begin call=4 rss_mib=3095.902 swap_mib=0.000 variables=18 pieces=2
[fsm_node-3] [INFO] [1788950096.169399384] [fsm_node]:  -- [OPTIMIZER_PHASE_MEMORY] optimizer=backup event=end call=4 duration_ms=1.998 iterations=393 ret=1 rss_mib=3095.902 swap_mib=0.000 rss_delta_mib=0.000
[fsm_node-3] [WARN] [1788950096.169429927] [fsm_node]:  -- [SUPER] in [ReplanOnce]: Replan overtime, check parameters, replan dt = 0.123908993.
[fsm_node-3] [INFO] [1788950096.191072662] [fsm_node]:  -- [OPTIMIZER_PHASE_MEMORY] optimizer=exp event=begin call=3 rss_mib=3095.902 swap_mib=0.000 variables=17 pieces=5
[fsm_node-3] [INFO] [1788950096.202664902] [fsm_node]:  -- [OPTIMIZER_PHASE_MEMORY] optimizer=exp event=end call=3 duration_ms=11.633 iterations=849 ret=1 rss_mib=3095.902 swap_mib=0.000 rss_delta_mib=0.000
[fsm_node-3] [INFO] [1788950096.297829885] [fsm_node]:  -- [OPTIMIZER_PHASE_MEMORY] optimizer=backup event=begin call=5 rss_mib=3095.902 swap_mib=0.000 variables=18 pieces=2
[fsm_node-3] [INFO] [1788950096.301436566] [fsm_node]:  -- [OPTIMIZER_PHASE_MEMORY] optimizer=backup event=end call=5 duration_ms=3.607 iterations=578 ret=1 rss_mib=3095.902 swap_mib=0.000 rss_delta_mib=0.000
[fsm_node-3] [INFO] [1788950096.301536506] [fsm_node]:  -- [OPTIMIZER_PHASE_MEMORY] optimizer=backup event=begin call=6 rss_mib=3095.902 swap_mib=0.000 variables=18 pieces=2
[fsm_node-3] [INFO] [1788950096.304162400] [fsm_node]:  -- [OPTIMIZER_PHASE_MEMORY] optimizer=backup event=end call=6 duration_ms=2.617 iterations=483 ret=1 rss_mib=3095.902 swap_mib=0.000 rss_delta_mib=0.000
[fsm_node-3] [WARN] [1788950096.304206069] [fsm_node]:  -- [SUPER] in [ReplanOnce]: Replan overtime, check parameters, replan dt = 0.134486288.
[fsm_node-3] [INFO] [1788950096.327076059] [fsm_node]:  -- [OPTIMIZER_PHASE_MEMORY] optimizer=exp event=begin call=4 rss_mib=3095.902 swap_mib=0.000 variables=17 pieces=5
[fsm_node-3] [INFO] [1788950096.370692696] [fsm_node]:  -- [OPTIMIZER_PHASE_MEMORY] optimizer=exp event=end call=4 duration_ms=43.654 iterations=2932 ret=1 rss_mib=3096.023 swap_mib=0.000 rss_delta_mib=0.121
[fsm_node-3] [INFO] [1788950096.461097250] [fsm_node]:  -- [OPTIMIZER_PHASE_MEMORY] optimizer=backup event=begin call=7 rss_mib=3096.273 swap_mib=0.000 variables=18 pieces=2
[fsm_node-3] [INFO] [1788950096.461813373] [fsm_node]:  -- [OPTIMIZER_PHASE_MEMORY] optimizer=backup event=end call=7 duration_ms=0.755 iterations=157 ret=1 rss_mib=3096.273 swap_mib=0.000 rss_delta_mib=0.000
[fsm_node-3] [INFO] [1788950096.461879620] [fsm_node]:  -- [OPTIMIZER_PHASE_MEMORY] optimizer=backup event=begin call=8 rss_mib=3096.273 swap_mib=0.000 variables=18 pieces=2
[fsm_node-3] [INFO] [1788950096.463832460] [fsm_node]:  -- [OPTIMIZER_PHASE_MEMORY] optimizer=backup event=end call=8 duration_ms=1.953 iterations=400 ret=1 rss_mib=3096.273 swap_mib=0.000 rss_delta_mib=0.000
[fsm_node-3] [WARN] [1788950096.463860359] [fsm_node]:  -- [SUPER] in [ReplanOnce]: Replan overtime, check parameters, replan dt = 0.159365046.
[fsm_node-3] [INFO] [1788950096.480973443] [fsm_node]:  -- [OPTIMIZER_PHASE_MEMORY] optimizer=exp event=begin call=5 rss_mib=3096.273 swap_mib=0.000 variables=17 pieces=5
[fsm_node-3] [INFO] [1788950096.493745025] [fsm_node]:  -- [OPTIMIZER_PHASE_MEMORY] optimizer=exp event=end call=5 duration_ms=12.807 iterations=927 ret=1 rss_mib=3096.328 swap_mib=0.000 rss_delta_mib=0.055
[fsm_node-3] [INFO] [1788950096.574524116] [fsm_node]:  -- [OPTIMIZER_PHASE_MEMORY] optimizer=backup event=begin call=9 rss_mib=3096.328 swap_mib=0.000 variables=18 pieces=2
[fsm_node-3] [INFO] [1788950096.575410494] [fsm_node]:  -- [OPTIMIZER_PHASE_MEMORY] optimizer=backup event=end call=9 duration_ms=0.916 iterations=196 ret=1 rss_mib=3096.348 swap_mib=0.000 rss_delta_mib=0.020
[fsm_node-3] [INFO] [1788950096.575482219] [fsm_node]:  -- [OPTIMIZER_PHASE_MEMORY] optimizer=backup event=begin call=10 rss_mib=3096.359 swap_mib=0.000 variables=18 pieces=2
[fsm_node-3] [INFO] [1788950096.576114384] [fsm_node]:  -- [OPTIMIZER_PHASE_MEMORY] optimizer=backup event=end call=10 duration_ms=0.632 iterations=156 ret=1 rss_mib=3096.375 swap_mib=0.000 rss_delta_mib=0.016
[fsm_node-3] [WARN] [1788950096.576144379] [fsm_node]:  -- [SUPER] in [ReplanOnce]: Replan overtime, check parameters, replan dt = 0.112089564.
[fsm_node-3] [INFO] [1788950096.591553914] [fsm_node]:  -- [OPTIMIZER_PHASE_MEMORY] optimizer=exp event=begin call=6 rss_mib=3096.375 swap_mib=0.000 variables=13 pieces=4
[fsm_node-3] [INFO] [1788950096.593761995] [fsm_node]:  -- [OPTIMIZER_PHASE_MEMORY] optimizer=exp event=end call=6 duration_ms=2.257 iterations=243 ret=1 rss_mib=3096.383 swap_mib=0.000 rss_delta_mib=0.008
[fsm_node-3] [INFO] [1788950096.672847271] [fsm_node]:  -- [OPTIMIZER_PHASE_MEMORY] optimizer=backup event=begin call=11 rss_mib=3096.383 swap_mib=0.000 variables=18 pieces=2
[fsm_node-3] [INFO] [1788950096.683857679] [fsm_node]:  -- [OPTIMIZER_PHASE_MEMORY] optimizer=backup event=end call=11 duration_ms=11.062 iterations=1449 ret=1 rss_mib=3096.383 swap_mib=0.000 rss_delta_mib=0.000
[fsm_node-3] [INFO] [1788950096.683955800] [fsm_node]:  -- [OPTIMIZER_PHASE_MEMORY] optimizer=backup event=begin call=12 rss_mib=3096.395 swap_mib=0.000 variables=18 pieces=2
[fsm_node-3] [INFO] [1788950096.686972234] [fsm_node]:  -- [OPTIMIZER_PHASE_MEMORY] optimizer=backup event=end call=12 duration_ms=3.015 iterations=527 ret=1 rss_mib=3096.395 swap_mib=0.000 rss_delta_mib=0.000
[fsm_node-3] [WARN] [1788950096.687002964] [fsm_node]:  -- [SUPER] in [ReplanOnce]: Replan overtime, check parameters, replan dt = 0.11066908.
[fsm_node-3] [INFO] [1788950096.701796915] [fsm_node]:  -- [OPTIMIZER_PHASE_MEMORY] optimizer=exp event=begin call=7 rss_mib=3096.395 swap_mib=0.000 variables=17 pieces=5
[fsm_node-3] [INFO] [1788950096.724711456] [fsm_node]:  -- [OPTIMIZER_PHASE_MEMORY] optimizer=exp event=end call=7 duration_ms=22.944 iterations=1659 ret=1 rss_mib=3096.395 swap_mib=0.000 rss_delta_mib=0.000
[fsm_node-3] [38;2;000;128;000m -- [Fsm]: [MainFsmCallback] change state from [WAIT_GOAL] to [GENERATE_TRAJ].
[fsm_node-3] [0m -- [TRAJ_GUARD_CERT] trigger=poly_publish status=SAFE gen=1 map=13 map_age=0.071s map_age_limit=0.550s motion_speed=0.947mps samples=272 range=[0.154,1.506] collision_tt=-1.000 ttc=-1.000 p=[0.000,0.000,0.000]
[fsm_node-3] [38;2;000;128;000m -- [Fsm]: [MainFsmCallback] change state from [GENERATE_TRAJ] to [FOLLOW_TRAJ].
[fsm_node-3] [0m -- [TRAJ_GUARD_CERT] trigger=main_pre status=SAFE gen=1 map=14 map_age=0.007s map_age_limit=0.550s motion_speed=1.355mps samples=265 range=[0.190,1.506] collision_tt=-1.000 ttc=-1.000 p=[0.000,0.000,0.000]
[fsm_node-3]  -- [TRAJ_GUARD_CERT] trigger=main_pre status=SAFE gen=1 map=15 map_age=0.008s map_age_limit=0.511s motion_speed=3.272mps samples=245 range=[0.290,1.506] collision_tt=-1.000 ttc=-1.000 p=[0.000,0.000,0.000]
[fsm_node-3]  -- [TRAJ_GUARD_CERT] trigger=main_pre status=SAFE gen=1 map=16 map_age=0.007s map_age_limit=0.500s motion_speed=5.084mps samples=225 range=[0.390,1.506] collision_tt=-1.000 ttc=-1.000 p=[0.000,0.000,0.000]
[fsm_node-3]  -- [TRAJ_GUARD_CERT] trigger=main_pre status=SAFE gen=1 map=17 map_age=0.006s map_age_limit=0.500s motion_speed=6.272mps samples=205 range=[0.490,1.506] collision_tt=-1.000 ttc=-1.000 p=[0.000,0.000,0.000]
[fsm_node-3]  -- [TRAJ_GUARD_CERT] trigger=main_pre status=SAFE gen=1 map=18 map_age=0.003s map_age_limit=0.500s motion_speed=6.831mps samples=185 range=[0.590,1.506] collision_tt=-1.000 ttc=-1.000 p=[0.000,0.000,0.000]
[fsm_node-3]  -- [TRAJ_GUARD_CERT] trigger=main_pre status=SAFE gen=1 map=19 map_age=0.005s map_age_limit=0.500s motion_speed=6.992mps samples=165 range=[0.690,1.506] collision_tt=-1.000 ttc=-1.000 p=[0.000,0.000,0.000]
[fsm_node-3]  -- [TRAJ_GUARD_CERT] trigger=main_pre status=SAFE gen=1 map=20 map_age=0.006s map_age_limit=0.500s motion_speed=6.993mps samples=145 range=[0.790,1.506] collision_tt=-1.000 ttc=-1.000 p=[0.000,0.000,0.000]
[fsm_node-3]  -- [TRAJ_GUARD_CERT] trigger=main_pre status=SAFE gen=1 map=21 map_age=0.006s map_age_limit=0.500s motion_speed=6.984mps samples=125 range=[0.890,1.506] collision_tt=-1.000 ttc=-1.000 p=[0.000,0.000,0.000]
[fsm_node-3] [32m -- [Fsm] Get goal at [0m24.025000000000002 20.025000000000002  1.525000000000000
[fsm_node-3] [32m -- [Fsm] Receive click goal at: [24.025000000000002 20.025000000000002  1.525000000000000]; goal yaw: 0.000000000000000 deg[0m
[fsm_node-3] [32m -- [Fsm 2.010] Current state: FOLLOW_TRAJ[0m
[fsm_node-3] [INFO] [1788950096.804033377] [fsm_node]:  -- [OPTIMIZER_PHASE_MEMORY] optimizer=backup event=begin call=13 rss_mib=3096.465 swap_mib=0.000 variables=18 pieces=2
[fsm_node-3] [INFO] [1788950096.805297120] [fsm_node]:  -- [OPTIMIZER_PHASE_MEMORY] optimizer=backup event=end call=13 duration_ms=1.299 iterations=278 ret=1 rss_mib=3096.465 swap_mib=0.000 rss_delta_mib=0.000
[fsm_node-3] [INFO] [1788950096.805359035] [fsm_node]:  -- [OPTIMIZER_PHASE_MEMORY] optimizer=backup event=begin call=14 rss_mib=3096.465 swap_mib=0.000 variables=18 pieces=2
[fsm_node-3] [INFO] [1788950096.805754819] [fsm_node]:  -- [OPTIMIZER_PHASE_MEMORY] optimizer=backup event=end call=14 duration_ms=0.395 iterations=98 ret=1 rss_mib=3096.465 swap_mib=0.000 rss_delta_mib=0.000
[fsm_node-3] [WARN] [1788950096.805781224] [fsm_node]:  -- [SUPER] in [ReplanOnce]: Replan overtime, check parameters, replan dt = 0.118575656.
[fsm_node-3] [INFO] [1788950096.818920375] [fsm_node]:  -- [OPTIMIZER_PHASE_MEMORY] optimizer=exp event=begin call=8 rss_mib=3096.465 swap_mib=0.000 variables=17 pieces=5
[perfect_drone_frontend_node-2] [INFO] [1788950096.822154910] [native_sector_cpp]: frames=46 published=46 kept 39.2% (6637/16922 pts/input-frame)
[fsm_node-3] [INFO] [1788950096.829171715] [fsm_node]:  -- [OPTIMIZER_PHASE_MEMORY] optimizer=exp event=end call=8 duration_ms=10.292 iterations=804 ret=1 rss_mib=3096.473 swap_mib=0.000 rss_delta_mib=0.008
[fsm_node-3] [INFO] [1788950096.912157156] [fsm_node]:  -- [OPTIMIZER_PHASE_MEMORY] optimizer=backup event=begin call=15 rss_mib=3096.473 swap_mib=0.000 variables=18 pieces=2
[fsm_node-3] [INFO] [1788950096.917530290] [fsm_node]:  -- [OPTIMIZER_PHASE_MEMORY] optimizer=backup event=end call=15 duration_ms=5.416 iterations=779 ret=1 rss_mib=3096.480 swap_mib=0.000 rss_delta_mib=0.008
[fsm_node-3] [INFO] [1788950096.917614546] [fsm_node]:  -- [OPTIMIZER_PHASE_MEMORY] optimizer=backup event=begin call=16 rss_mib=3096.492 swap_mib=0.000 variables=18 pieces=2
[fsm_node-3] [INFO] [1788950096.918238635] [fsm_node]:  -- [OPTIMIZER_PHASE_MEMORY] optimizer=backup event=end call=16 duration_ms=0.626 iterations=149 ret=1 rss_mib=3096.492 swap_mib=0.000 rss_delta_mib=0.000
[fsm_node-3] [WARN] [1788950096.918269040] [fsm_node]:  -- [SUPER] in [ReplanOnce]: Replan overtime, check parameters, replan dt = 0.112340235.
[fsm_node-3] [INFO] [1788950096.931215405] [fsm_node]:  -- [OPTIMIZER_PHASE_MEMORY] optimizer=exp event=begin call=9 rss_mib=3096.492 swap_mib=0.000 variables=13 pieces=4
[fsm_node-3] [INFO] [1788950096.934039912] [fsm_node]:  -- [OPTIMIZER_PHASE_MEMORY] optimizer=exp event=end call=9 duration_ms=2.866 iterations=304 ret=1 rss_mib=3096.492 swap_mib=0.000 rss_delta_mib=0.000
[fsm_node-3] [INFO] [1788950097.012942079] [fsm_node]:  -- [OPTIMIZER_PHASE_MEMORY] optimizer=backup event=begin call=17 rss_mib=3096.492 swap_mib=0.000 variables=18 pieces=2
[fsm_node-3] [INFO] [1788950097.013759849] [fsm_node]:  -- [OPTIMIZER_PHASE_MEMORY] optimizer=backup event=end call=17 duration_ms=0.890 iterations=163 ret=1 rss_mib=3096.492 swap_mib=0.000 rss_delta_mib=0.000
[fsm_node-3] [INFO] [1788950097.013829843] [fsm_node]:  -- [OPTIMIZER_PHASE_MEMORY] optimizer=backup event=begin call=18 rss_mib=3096.492 swap_mib=0.000 variables=18 pieces=2
[fsm_node-3] [INFO] [1788950097.015401105] [fsm_node]:  -- [OPTIMIZER_PHASE_MEMORY] optimizer=backup event=end call=18 duration_ms=1.572 iterations=363 ret=1 rss_mib=3096.492 swap_mib=0.000 rss_delta_mib=0.000
[fsm_node-3] [WARN] [1788950097.015432735] [fsm_node]:  -- [SUPER] in [ReplanOnce]: Replan overtime, check parameters, replan dt = 0.09688607.
[fsm_node-3] [INFO] [1788950097.027487383] [fsm_node]:  -- [OPTIMIZER_PHASE_MEMORY] optimizer=exp event=begin call=10 rss_mib=3096.492 swap_mib=0.000 variables=17 pieces=5
[fsm_node-3] [INFO] [1788950097.045646705] [fsm_node]:  -- [OPTIMIZER_PHASE_MEMORY] optimizer=exp event=end call=10 duration_ms=18.156 iterations=1384 ret=1 rss_mib=3096.500 swap_mib=0.000 rss_delta_mib=0.008
[fsm_node-3] [INFO] [1788950097.130972529] [fsm_node]:  -- [OPTIMIZER_PHASE_MEMORY] optimizer=backup event=begin call=19 rss_mib=3096.500 swap_mib=0.000 variables=18 pieces=2
[fsm_node-3] [INFO] [1788950097.133797765] [fsm_node]:  -- [OPTIMIZER_PHASE_MEMORY] optimizer=backup event=end call=19 duration_ms=2.868 iterations=573 ret=1 rss_mib=3096.500 swap_mib=0.000 rss_delta_mib=0.000
[fsm_node-3] [INFO] [1788950097.133885601] [fsm_node]:  -- [OPTIMIZER_PHASE_MEMORY] optimizer=backup event=begin call=20 rss_mib=3096.512 swap_mib=0.000 variables=18 pieces=2
[fsm_node-3] [INFO] [1788950097.136133856] [fsm_node]:  -- [OPTIMIZER_PHASE_MEMORY] optimizer=backup event=end call=20 duration_ms=2.248 iterations=440 ret=1 rss_mib=3096.512 swap_mib=0.000 rss_delta_mib=0.000
[fsm_node-3] [WARN] [1788950097.136198215] [fsm_node]:  -- [SUPER] in [ReplanOnce]: Replan overtime, check parameters, replan dt = 0.120489633.
[perfect_drone_frontend_node-2] [INFO] [1788950097.139783807] [perfect_tracking]: [SENSOR_CADENCE_SUMMARY] frames=50 span_s=4.898162 hz=10.003752 raw_published=0 direct_handoffs=50 payload_bytes=27918848 side_entry_v1_enabled=0 side_entry_v1_spawned=0 side_entry_v1_injected_frames=0
[fsm_node-3] [INFO] [1788950097.154456511] [fsm_node]:  -- [OPTIMIZER_PHASE_MEMORY] optimizer=exp event=begin call=11 rss_mib=3096.531 swap_mib=0.000 variables=17 pieces=5
[fsm_node-3] [INFO] [1788950097.169415261] [fsm_node]:  -- [OPTIMIZER_PHASE_MEMORY] optimizer=exp event=end call=11 duration_ms=14.982 iterations=905 ret=1 rss_mib=3097.504 swap_mib=0.000 rss_delta_mib=0.973
[fsm_node-3] [INFO] [1788950097.262199970] [fsm_node]:  -- [OPTIMIZER_PHASE_MEMORY] optimizer=backup event=begin call=21 rss_mib=3098.406 swap_mib=0.000 variables=18 pieces=2
[fsm_node-3] [INFO] [1788950097.263677650] [fsm_node]:  -- [OPTIMIZER_PHASE_MEMORY] optimizer=backup event=end call=21 duration_ms=1.552 iterations=279 ret=1 rss_mib=3098.406 swap_mib=0.000 rss_delta_mib=0.000
[fsm_node-3] [INFO] [1788950097.263756188] [fsm_node]:  -- [OPTIMIZER_PHASE_MEMORY] optimizer=backup event=begin call=22 rss_mib=3098.406 swap_mib=0.000 variables=18 pieces=2
[fsm_node-3] [INFO] [1788950097.264131631] [fsm_node]:  -- [OPTIMIZER_PHASE_MEMORY] optimizer=backup event=end call=22 duration_ms=0.377 iterations=80 ret=1 rss_mib=3098.406 swap_mib=0.000 rss_delta_mib=0.000
[fsm_node-3] [WARN] [1788950097.264162312] [fsm_node]:  -- [SUPER] in [ReplanOnce]: Replan overtime, check parameters, replan dt = 0.127821603.
[fsm_node-3] [INFO] [1788950097.265179372] [fsm_node]:  -- [TRAJ_GUARD_COMMIT] phase=ReplanOnce/no_backup gen=2 map=27 samples=32 range=[1.500,1.646] escape=false footprint_egress=false escape_done_tt=-1.000
[fsm_node-3]  -- [TRAJ_GUARD_CERT] trigger=main_pre status=SAFE gen=1 map=22 map_age=0.007s map_age_limit=0.500s motion_speed=6.959mps samples=105 range=[0.990,1.506] collision_tt=-1.000 ttc=-1.000 p=[0.000,0.000,0.000]
[fsm_node-3]  -- [TRAJ_GUARD_CERT] trigger=main_pre status=SAFE gen=1 map=23 map_age=0.005s map_age_limit=0.500s motion_speed=6.681mps samples=85 range=[1.090,1.506] collision_tt=-1.000 ttc=-1.000 p=[0.000,0.000,0.000]
[fsm_node-3]  -- [TRAJ_GUARD_CERT] trigger=main_pre status=SAFE gen=1 map=24 map_age=0.007s map_age_limit=0.500s motion_speed=5.091mps samples=65 range=[1.190,1.506] collision_tt=-1.000 ttc=-1.000 p=[0.000,0.000,0.000]
[fsm_node-3]  -- [TRAJ_GUARD_CERT] trigger=main_pre status=SAFE gen=1 map=25 map_age=0.005s map_age_limit=0.516s motion_speed=3.185mps samples=45 range=[1.290,1.506] collision_tt=-1.000 ttc=-1.000 p=[0.000,0.000,0.000]
[fsm_node-3]  -- [TRAJ_GUARD_CERT] trigger=main_pre status=SAFE gen=1 map=26 map_age=0.011s map_age_limit=0.550s motion_speed=1.076mps samples=23 range=[1.400,1.506] collision_tt=-1.000 ttc=-1.000 p=[0.000,0.000,0.000]
[fsm_node-3]  -- [TRAJ_GUARD_CERT] trigger=main_pre status=SAFE gen=1 map=27 map_age=0.004s map_age_limit=0.550s motion_speed=0.026mps samples=5 range=[1.490,1.506] collision_tt=-1.000 ttc=-1.000 p=[0.000,0.000,0.000]
[fsm_node-3] [32m -- [Fsm] ReplanOnce succeed.[0m
[fsm_node-3] [INFO] [1788950097.312262580] [fsm_node]:  -- [OPTIMIZER_PHASE_MEMORY] optimizer=exp event=begin call=12 rss_mib=3098.426 swap_mib=0.000 variables=17 pieces=5
[fsm_node-3] [INFO] [1788950097.328485778] [fsm_node]:  -- [OPTIMIZER_PHASE_MEMORY] optimizer=exp event=end call=12 duration_ms=16.280 iterations=1214 ret=1 rss_mib=3098.426 swap_mib=0.000 rss_delta_mib=0.000
[fsm_node-3]  -- [TRAJ_GUARD_CERT] trigger=poly_publish status=SAFE gen=2 map=27 map_age=0.014s map_age_limit=0.550s motion_speed=0.026mps samples=31 range=[1.500,1.646] collision_tt=-1.000 ttc=-1.000 p=[0.000,0.000,0.000]
[fsm_node-3]  -- [TRAJ_GUARD_CERT] trigger=main_pre status=SAFE gen=2 map=28 map_age=0.003s map_age_limit=0.550s motion_speed=0.099mps samples=13 range=[1.590,1.646] collision_tt=-1.000 ttc=-1.000 p=[0.000,0.000,0.000]
[fsm_node-3] [32m -- [Fsm] Traj finish.[0m
[fsm_node-3] [INFO] [1788950097.418390353] [fsm_node]:  -- [OPTIMIZER_PHASE_MEMORY] optimizer=backup event=begin call=23 rss_mib=3098.867 swap_mib=0.000 variables=18 pieces=2
[fsm_node-3] [INFO] [1788950097.424238069] [fsm_node]:  -- [OPTIMIZER_PHASE_MEMORY] optimizer=backup event=end call=23 duration_ms=5.892 iterations=939 ret=1 rss_mib=3098.867 swap_mib=0.000 rss_delta_mib=0.000
[fsm_node-3] [INFO] [1788950097.424305662] [fsm_node]:  -- [OPTIMIZER_PHASE_MEMORY] optimizer=backup event=begin call=24 rss_mib=3098.867 swap_mib=0.000 variables=18 pieces=2
[fsm_node-3] [INFO] [1788950097.424837174] [fsm_node]:  -- [OPTIMIZER_PHASE_MEMORY] optimizer=backup event=end call=24 duration_ms=0.532 iterations=134 ret=1 rss_mib=3098.867 swap_mib=0.000 rss_delta_mib=0.000
[fsm_node-3] [WARN] [1788950097.424867712] [fsm_node]:  -- [SUPER] in [ReplanOnce]: Replan overtime, check parameters, replan dt = 0.125359093.
[fsm_node-3] [WARN] [1788950097.425400570] [fsm_node]:  -- [TRAJ_GUARD_RECOVERY_EPISODE_RESET] reason=horizontal_progress progress=7.150m threshold=2.000m prior_local=0 prior_vertical=0 prior_base=0
[fsm_node-3] [INFO] [1788950097.436990545] [fsm_node]:  -- [OPTIMIZER_PHASE_MEMORY] optimizer=exp event=begin call=13 rss_mib=3098.867 swap_mib=0.000 variables=17 pieces=5
[fsm_node-3] [INFO] [1788950097.449924954] [fsm_node]:  -- [OPTIMIZER_PHASE_MEMORY] optimizer=exp event=end call=13 duration_ms=12.939 iterations=1002 ret=1 rss_mib=3098.867 swap_mib=0.000 rss_delta_mib=0.000
[fsm_node-3] [INFO] [1788950097.450000210] [fsm_node]:  -- [SUPER] in [PlanFromRest] GenerateExpTrajectory SUCCESS.
[fsm_node-3] [INFO] [1788950097.534249163] [fsm_node]:  -- [OPTIMIZER_PHASE_MEMORY] optimizer=backup event=begin call=25 rss_mib=3099.117 swap_mib=0.000 variables=18 pieces=2
[fsm_node-3] [INFO] [1788950097.538479477] [fsm_node]:  -- [OPTIMIZER_PHASE_MEMORY] optimizer=backup event=end call=25 duration_ms=4.262 iterations=748 ret=1 rss_mib=3099.117 swap_mib=0.000 rss_delta_mib=0.000
[fsm_node-3] [INFO] [1788950097.538546275] [fsm_node]:  -- [OPTIMIZER_PHASE_MEMORY] optimizer=backup event=begin call=26 rss_mib=3099.117 swap_mib=0.000 variables=18 pieces=2
[fsm_node-3] [INFO] [1788950097.539950452] [fsm_node]:  -- [OPTIMIZER_PHASE_MEMORY] optimizer=backup event=end call=26 duration_ms=1.401 iterations=321 ret=1 rss_mib=3099.117 swap_mib=0.000 rss_delta_mib=0.000
[fsm_node-3] [INFO] [1788950097.540278663] [fsm_node]:  -- [TRAJ_GUARD_COMMIT] phase=PlanFromRest/with_backup gen=3 map=29 samples=284 range=[0.115,1.520] escape=false footprint_egress=false escape_done_tt=-1.000
[fsm_node-3] [INFO] [1788950097.647644827] [fsm_node]:  -- [OPTIMIZER_PHASE_MEMORY] optimizer=exp event=begin call=14 rss_mib=3099.273 swap_mib=0.000 variables=17 pieces=5
[fsm_node-3] [INFO] [1788950097.652051427] [fsm_node]:  -- [OPTIMIZER_PHASE_MEMORY] optimizer=exp event=end call=14 duration_ms=4.464 iterations=416 ret=1 rss_mib=3099.281 swap_mib=0.000 rss_delta_mib=0.008
[fsm_node-3] [INFO] [1788950097.732515948] [fsm_node]:  -- [OPTIMIZER_PHASE_MEMORY] optimizer=backup event=begin call=27 rss_mib=3099.281 swap_mib=0.000 variables=18 pieces=2
[fsm_node-3] [INFO] [1788950097.734325478] [fsm_node]:  -- [OPTIMIZER_PHASE_MEMORY] optimizer=backup event=end call=27 duration_ms=1.843 iterations=372 ret=1 rss_mib=3099.281 swap_mib=0.000 rss_delta_mib=0.000
[fsm_node-3] [INFO] [1788950097.734399989] [fsm_node]:  -- [OPTIMIZER_PHASE_MEMORY] optimizer=backup event=begin call=28 rss_mib=3099.293 swap_mib=0.000 variables=18 pieces=2
[fsm_node-3] [INFO] [1788950097.735081393] [fsm_node]:  -- [OPTIMIZER_PHASE_MEMORY] optimizer=backup event=end call=28 duration_ms=0.681 iterations=179 ret=1 rss_mib=3099.293 swap_mib=0.000 rss_delta_mib=0.000
[fsm_node-3] [WARN] [1788950097.735110981] [fsm_node]:  -- [SUPER] in [ReplanOnce]: Replan overtime, check parameters, replan dt = 0.105535587.
[fsm_node-3] [38;2;000;128;000m -- [Fsm]: [PubCmdCallback] change state from [FOLLOW_TRAJ] to [GENERATE_TRAJ].
[fsm_node-3] [0m -- [TRAJ_GUARD_CERT] trigger=poly_publish status=SAFE gen=3 map=29 map_age=0.090s map_age_limit=0.550s motion_speed=0.000mps samples=283 range=[0.115,1.520] collision_tt=-1.000 ttc=-1.000 p=[0.000,0.000,0.000]
[fsm_node-3] [38;2;000;128;000m -- [Fsm]: [MainFsmCallback] change state from [GENERATE_TRAJ] to [FOLLOW_TRAJ].
[fsm_node-3] [0m -- [TRAJ_GUARD_CERT] trigger=main_pre status=SAFE gen=3 map=30 map_age=0.006s map_age_limit=0.550s motion_speed=0.594mps samples=280 range=[0.130,1.520] collision_tt=-1.000 ttc=-1.000 p=[0.000,0.000,0.000]
[fsm_node-3]  -- [TRAJ_GUARD_CERT] trigger=main_pre status=SAFE gen=3 map=31 map_age=0.007s map_age_limit=0.550s motion_speed=2.289mps samples=260 range=[0.230,1.520] collision_tt=-1.000 ttc=-1.000 p=[0.000,0.000,0.000]
[fsm_node-3] [32m -- [Fsm] Get goal at [0m24.025000000000002 20.025000000000002  1.525000000000000
[fsm_node-3] [32m -- [Fsm] Receive click goal at: [24.025000000000002 20.025000000000002  1.525000000000000]; goal yaw: 0.000000000000000 deg[0m
[fsm_node-3]  -- [TRAJ_GUARD_CERT] trigger=main_pre status=SAFE gen=3 map=32 map_age=0.003s map_age_limit=0.500s motion_speed=4.209mps samples=240 range=[0.330,1.520] collision_tt=-1.000 ttc=-1.000 p=[0.000,0.000,0.000]
[fsm_node-3] [32m -- [Fsm 3.020] Current state: FOLLOW_TRAJ[0m
[fsm_node-3] [INFO] [1788950097.755648190] [fsm_node]:  -- [OPTIMIZER_PHASE_MEMORY] optimizer=exp event=begin call=15 rss_mib=3099.363 swap_mib=0.000 variables=17 pieces=5
[fsm_node-3] [INFO] [1788950097.759759089] [fsm_node]:  -- [OPTIMIZER_PHASE_MEMORY] optimizer=exp event=end call=15 duration_ms=4.166 iterations=339 ret=1 rss_mib=3099.363 swap_mib=0.000 rss_delta_mib=0.000
[fsm_node-3] [INFO] [1788950097.847641404] [fsm_node]:  -- [OPTIMIZER_PHASE_MEMORY] optimizer=backup event=begin call=29 rss_mib=3099.363 swap_mib=0.000 variables=18 pieces=2
[fsm_node-3] [INFO] [1788950097.849831086] [fsm_node]:  -- [OPTIMIZER_PHASE_MEMORY] optimizer=backup event=end call=29 duration_ms=2.253 iterations=419 ret=1 rss_mib=3099.363 swap_mib=0.000 rss_delta_mib=0.000
[fsm_node-3] [INFO] [1788950097.849905784] [fsm_node]:  -- [OPTIMIZER_PHASE_MEMORY] optimizer=backup event=begin call=30 rss_mib=3099.363 swap_mib=0.000 variables=18 pieces=2
[fsm_node-3] [INFO] [1788950097.850555176] [fsm_node]:  -- [OPTIMIZER_PHASE_MEMORY] optimizer=backup event=end call=30 duration_ms=0.650 iterations=159 ret=1 rss_mib=3099.363 swap_mib=0.000 rss_delta_mib=0.000
[fsm_node-3] [WARN] [1788950097.850584801] [fsm_node]:  -- [SUPER] in [ReplanOnce]: Replan overtime, check parameters, replan dt = 0.115305375.
[fsm_node-3] [INFO] [1788950097.864735867] [fsm_node]:  -- [OPTIMIZER_PHASE_MEMORY] optimizer=exp event=begin call=16 rss_mib=3099.363 swap_mib=0.000 variables=17 pieces=5
[fsm_node-3] [INFO] [1788950097.878116575] [fsm_node]:  -- [OPTIMIZER_PHASE_MEMORY] optimizer=exp event=end call=16 duration_ms=13.375 iterations=991 ret=1 rss_mib=3099.363 swap_mib=0.000 rss_delta_mib=0.000
[fsm_node-3] [INFO] [1788950097.964118573] [fsm_node]:  -- [OPTIMIZER_PHASE_MEMORY] optimizer=backup event=begin call=31 rss_mib=3100.012 swap_mib=0.000 variables=18 pieces=2
[fsm_node-3] [INFO] [1788950097.967332306] [fsm_node]:  -- [OPTIMIZER_PHASE_MEMORY] optimizer=backup event=end call=31 duration_ms=3.256 iterations=548 ret=1 rss_mib=3100.012 swap_mib=0.000 rss_delta_mib=0.000
[fsm_node-3] [INFO] [1788950097.967407834] [fsm_node]:  -- [OPTIMIZER_PHASE_MEMORY] optimizer=backup event=begin call=32 rss_mib=3100.012 swap_mib=0.000 variables=18 pieces=2
[fsm_node-3] [INFO] [1788950097.968975043] [fsm_node]:  -- [OPTIMIZER_PHASE_MEMORY] optimizer=backup event=end call=32 duration_ms=1.567 iterations=340 ret=1 rss_mib=3100.012 swap_mib=0.000 rss_delta_mib=0.000
[fsm_node-3] [WARN] [1788950097.969005299] [fsm_node]:  -- [SUPER] in [ReplanOnce]: Replan overtime, check parameters, replan dt = 0.118087949.
[fsm_node-3] [INFO] [1788950097.982871099] [fsm_node]:  -- [OPTIMIZER_PHASE_MEMORY] optimizer=exp event=begin call=17 rss_mib=3100.012 swap_mib=0.000 variables=17 pieces=5
[fsm_node-3] [INFO] [1788950097.993495030] [fsm_node]:  -- [OPTIMIZER_PHASE_MEMORY] optimizer=exp event=end call=17 duration_ms=10.669 iterations=783 ret=1 rss_mib=3100.012 swap_mib=0.000 rss_delta_mib=0.000
[fsm_node-3] [INFO] [1788950098.078028301] [fsm_node]:  -- [OPTIMIZER_PHASE_MEMORY] optimizer=backup event=begin call=33 rss_mib=3100.012 swap_mib=0.000 variables=18 pieces=2
[fsm_node-3] [INFO] [1788950098.079010764] [fsm_node]:  -- [OPTIMIZER_PHASE_MEMORY] optimizer=backup event=end call=33 duration_ms=1.022 iterations=221 ret=1 rss_mib=3100.020 swap_mib=0.000 rss_delta_mib=0.008
[fsm_node-3] [INFO] [1788950098.079080418] [fsm_node]:  -- [OPTIMIZER_PHASE_MEMORY] optimizer=backup event=begin call=34 rss_mib=3100.020 swap_mib=0.000 variables=18 pieces=2
[fsm_node-3] [INFO] [1788950098.080996500] [fsm_node]:  -- [OPTIMIZER_PHASE_MEMORY] optimizer=backup event=end call=34 duration_ms=1.917 iterations=406 ret=1 rss_mib=3100.023 swap_mib=0.000 rss_delta_mib=0.004
[fsm_node-3] [WARN] [1788950098.081025657] [fsm_node]:  -- [SUPER] in [ReplanOnce]: Replan overtime, check parameters, replan dt = 0.111747939.
[fsm_node-3] [INFO] [1788950098.094611756] [fsm_node]:  -- [OPTIMIZER_PHASE_MEMORY] optimizer=exp event=begin call=18 rss_mib=3100.023 swap_mib=0.000 variables=17 pieces=5
[fsm_node-3] [INFO] [1788950098.104512074] [fsm_node]:  -- [OPTIMIZER_PHASE_MEMORY] optimizer=exp event=end call=18 duration_ms=9.926 iterations=760 ret=1 rss_mib=3100.023 swap_mib=0.000 rss_delta_mib=0.000
[fsm_node-3] [INFO] [1788950098.188732686] [fsm_node]:  -- [OPTIMIZER_PHASE_MEMORY] optimizer=backup event=begin call=35 rss_mib=3100.059 swap_mib=0.000 variables=18 pieces=2
[fsm_node-3] [INFO] [1788950098.189574381] [fsm_node]:  -- [OPTIMIZER_PHASE_MEMORY] optimizer=backup event=end call=35 duration_ms=0.886 iterations=188 ret=1 rss_mib=3100.059 swap_mib=0.000 rss_delta_mib=0.000
[fsm_node-3] [INFO] [1788950098.189641849] [fsm_node]:  -- [OPTIMIZER_PHASE_MEMORY] optimizer=backup event=begin call=36 rss_mib=3100.059 swap_mib=0.000 variables=18 pieces=2
[fsm_node-3] [INFO] [1788950098.193038062] [fsm_node]:  -- [OPTIMIZER_PHASE_MEMORY] optimizer=backup event=end call=36 duration_ms=3.393 iterations=652 ret=1 rss_mib=3100.059 swap_mib=0.000 rss_delta_mib=0.000
[fsm_node-3] [WARN] [1788950098.193071930] [fsm_node]:  -- [SUPER] in [ReplanOnce]: Replan overtime, check parameters, replan dt = 0.111808858.
[fsm_node-3] [INFO] [1788950098.206136277] [fsm_node]:  -- [OPTIMIZER_PHASE_MEMORY] optimizer=exp event=begin call=19 rss_mib=3100.059 swap_mib=0.000 variables=17 pieces=5
[fsm_node-3] [INFO] [1788950098.214316633] [fsm_node]:  -- [OPTIMIZER_PHASE_MEMORY] optimizer=exp event=end call=19 duration_ms=8.193 iterations=629 ret=1 rss_mib=3100.059 swap_mib=0.000 rss_delta_mib=0.000
[fsm_node-3] [INFO] [1788950098.292371570] [fsm_node]:  -- [OPTIMIZER_PHASE_MEMORY] optimizer=backup event=begin call=37 rss_mib=3100.250 swap_mib=0.000 variables=18 pieces=2
[fsm_node-3] [INFO] [1788950098.293053455] [fsm_node]:  -- [OPTIMIZER_PHASE_MEMORY] optimizer=backup event=end call=37 duration_ms=0.713 iterations=154 ret=1 rss_mib=3100.250 swap_mib=0.000 rss_delta_mib=0.000
[fsm_node-3] [INFO] [1788950098.293122237] [fsm_node]:  -- [OPTIMIZER_PHASE_MEMORY] optimizer=backup event=begin call=38 rss_mib=3100.250 swap_mib=0.000 variables=18 pieces=2
[fsm_node-3] [INFO] [1788950098.295654514] [fsm_node]:  -- [OPTIMIZER_PHASE_MEMORY] optimizer=backup event=end call=38 duration_ms=2.531 iterations=539 ret=1 rss_mib=3100.250 swap_mib=0.000 rss_delta_mib=0.000
[fsm_node-3] [WARN] [1788950098.295685502] [fsm_node]:  -- [SUPER] in [ReplanOnce]: Replan overtime, check parameters, replan dt = 0.102327361.
[fsm_node-3] [INFO] [1788950098.309502505] [fsm_node]:  -- [OPTIMIZER_PHASE_MEMORY] optimizer=exp event=begin call=20 rss_mib=3100.250 swap_mib=0.000 variables=17 pieces=5
[fsm_node-3] [INFO] [1788950098.326938426] [fsm_node]:  -- [OPTIMIZER_PHASE_MEMORY] optimizer=exp event=end call=20 duration_ms=17.476 iterations=1425 ret=1 rss_mib=3100.250 swap_mib=0.000 rss_delta_mib=0.000
[fsm_node-3] [INFO] [1788950098.404535195] [fsm_node]:  -- [OPTIMIZER_PHASE_MEMORY] optimizer=backup event=begin call=39 rss_mib=3100.312 swap_mib=0.000 variables=18 pieces=2
[fsm_node-3] [INFO] [1788950098.405836354] [fsm_node]:  -- [OPTIMIZER_PHASE_MEMORY] optimizer=backup event=end call=39 duration_ms=1.332 iterations=298 ret=1 rss_mib=3100.312 swap_mib=0.000 rss_delta_mib=0.000
[fsm_node-3] [INFO] [1788950098.405925442] [fsm_node]:  -- [OPTIMIZER_PHASE_MEMORY] optimizer=backup event=begin call=40 rss_mib=3100.312 swap_mib=0.000 variables=18 pieces=2
[fsm_node-3] [INFO] [1788950098.408255698] [fsm_node]:  -- [OPTIMIZER_PHASE_MEMORY] optimizer=backup event=end call=40 duration_ms=2.324 iterations=460 ret=1 rss_mib=3100.312 swap_mib=0.000 rss_delta_mib=0.000
[fsm_node-3] [WARN] [1788950098.408292516] [fsm_node]:  -- [SUPER] in [ReplanOnce]: Replan overtime, check parameters, replan dt = 0.112367457.
[fsm_node-3] [INFO] [1788950098.422463066] [fsm_node]:  -- [OPTIMIZER_PHASE_MEMORY] optimizer=exp event=begin call=21 rss_mib=3100.316 swap_mib=0.000 variables=17 pieces=5
[fsm_node-3] [INFO] [1788950098.432881257] [fsm_node]:  -- [OPTIMIZER_PHASE_MEMORY] optimizer=exp event=end call=21 duration_ms=10.474 iterations=788 ret=1 rss_mib=3100.316 swap_mib=0.000 rss_delta_mib=0.000
[fsm_node-3] [INFO] [1788950098.521153740] [fsm_node]:  -- [OPTIMIZER_PHASE_MEMORY] optimizer=backup event=begin call=41 rss_mib=3100.316 swap_mib=0.000 variables=18 pieces=2
[fsm_node-3] [INFO] [1788950098.529487324] [fsm_node]:  -- [OPTIMIZER_PHASE_MEMORY] optimizer=backup event=end call=41 duration_ms=8.370 iterations=1253 ret=1 rss_mib=3100.316 swap_mib=0.000 rss_delta_mib=0.000
[fsm_node-3] [INFO] [1788950098.529555771] [fsm_node]:  -- [OPTIMIZER_PHASE_MEMORY] optimizer=backup event=begin call=42 rss_mib=3100.316 swap_mib=0.000 variables=18 pieces=2
[fsm_node-3] [INFO] [1788950098.538371156] [fsm_node]:  -- [OPTIMIZER_PHASE_MEMORY] optimizer=backup event=end call=42 duration_ms=8.807 iterations=1230 ret=1 rss_mib=3100.316 swap_mib=0.000 rss_delta_mib=0.000
[fsm_node-3] [WARN] [1788950098.538407242] [fsm_node]:  -- [SUPER] in [ReplanOnce]: Replan overtime, check parameters, replan dt = 0.12987354.
[fsm_node-3] [INFO] [1788950098.556657522] [fsm_node]:  -- [OPTIMIZER_PHASE_MEMORY] optimizer=exp event=begin call=22 rss_mib=3100.543 swap_mib=0.000 variables=13 pieces=4
[fsm_node-3] [INFO] [1788950098.558029404] [fsm_node]:  -- [OPTIMIZER_PHASE_MEMORY] optimizer=exp event=end call=22 duration_ms=1.431 iterations=155 ret=1 rss_mib=3100.543 swap_mib=0.000 rss_delta_mib=0.000
[fsm_node-3] [INFO] [1788950098.637970167] [fsm_node]:  -- [OPTIMIZER_PHASE_MEMORY] optimizer=backup event=begin call=43 rss_mib=3100.543 swap_mib=0.000 variables=18 pieces=2
[fsm_node-3] [INFO] [1788950098.639984317] [fsm_node]:  -- [OPTIMIZER_PHASE_MEMORY] optimizer=backup event=end call=43 duration_ms=2.042 iterations=506 ret=1 rss_mib=3100.543 swap_mib=0.000 rss_delta_mib=0.000
[fsm_node-3] [INFO] [1788950098.640045048] [fsm_node]:  -- [OPTIMIZER_PHASE_MEMORY] optimizer=backup event=begin call=44 rss_mib=3100.543 swap_mib=0.000 variables=18 pieces=2
[fsm_node-3] [INFO] [1788950098.640467791] [fsm_node]:  -- [OPTIMIZER_PHASE_MEMORY] optimizer=backup event=end call=44 duration_ms=0.422 iterations=108 ret=1 rss_mib=3100.543 swap_mib=0.000 rss_delta_mib=0.000
[fsm_node-3] [WARN] [1788950098.640494322] [fsm_node]:  -- [SUPER] in [ReplanOnce]: Replan overtime, check parameters, replan dt = 0.101817332.
[fsm_node-3] [INFO] [1788950098.656872927] [fsm_node]:  -- [OPTIMIZER_PHASE_MEMORY] optimizer=exp event=begin call=23 rss_mib=3100.543 swap_mib=0.000 variables=13 pieces=4
[fsm_node-3] [INFO] [1788950098.658711109] [fsm_node]:  -- [OPTIMIZER_PHASE_MEMORY] optimizer=exp event=end call=23 duration_ms=1.891 iterations=215 ret=1 rss_mib=3100.543 swap_mib=0.000 rss_delta_mib=0.000
[fsm_node-3]  -- [TRAJ_GUARD_CERT] trigger=replan_post status=SAFE gen=3 map=33 map_age=0.002s map_age_limit=0.500s motion_speed=5.553mps samples=220 range=[0.425,1.520] collision_tt=-1.000 ttc=-1.000 p=[0.000,0.000,0.000]
[fsm_node-3]  -- [TRAJ_GUARD_CERT] trigger=main_pre status=SAFE gen=3 map=34 map_age=0.006s map_age_limit=0.500s motion_speed=6.250mps samples=200 range=[0.530,1.520] collision_tt=-1.000 ttc=-1.000 p=[0.000,0.000,0.000]
[fsm_node-3]  -- [TRAJ_GUARD_CERT] trigger=main_pre status=SAFE gen=3 map=35 map_age=0.003s map_age_limit=0.500s motion_speed=6.633mps samples=180 range=[0.630,1.520] collision_tt=-1.000 ttc=-1.000 p=[0.000,0.000,0.000]
[fsm_node-3]  -- [TRAJ_GUARD_CERT] trigger=main_pre status=SAFE gen=3 map=36 map_age=0.006s map_age_limit=0.500s motion_speed=6.880mps samples=160 range=[0.730,1.520] collision_tt=-1.000 ttc=-1.000 p=[0.000,0.000,0.000]
[fsm_node-3]  -- [TRAJ_GUARD_CERT] trigger=main_pre status=SAFE gen=3 map=37 map_age=0.007s map_age_limit=0.500s motion_speed=6.992mps samples=140 range=[0.830,1.520] collision_tt=-1.000 ttc=-1.000 p=[0.000,0.000,0.000]
[fsm_node-3]  -- [TRAJ_GUARD_CERT] trigger=main_pre status=SAFE gen=3 map=38 map_age=0.047s map_age_limit=0.500s motion_speed=6.955mps samples=112 range=[0.970,1.520] collision_tt=-1.000 ttc=-1.000 p=[0.000,0.000,0.000]
[fsm_node-3]  -- [TRAJ_GUARD_CERT] trigger=main_pre status=SAFE gen=3 map=39 map_age=0.007s map_age_limit=0.500s motion_speed=6.874mps samples=100 range=[1.030,1.520] collision_tt=-1.000 ttc=-1.000 p=[0.000,0.000,0.000]
[fsm_node-3]  -- [TRAJ_GUARD_CERT] trigger=main_pre status=SAFE gen=3 map=40 map_age=0.006s map_age_limit=0.500s motion_speed=6.116mps samples=80 range=[1.130,1.520] collision_tt=-1.000 ttc=-1.000 p=[0.000,0.000,0.000]
[fsm_node-3]  -- [TRAJ_GUARD_CERT] trigger=main_pre status=SAFE gen=3 map=41 map_age=0.008s map_age_limit=0.500s motion_speed=4.363mps samples=60 range=[1.230,1.520] collision_tt=-1.000 ttc=-1.000 p=[0.000,0.000,0.000]
[fsm_node-3] [32m -- [Fsm] Get goal at [0m24.025000000000002 20.025000000000002  1.525000000000000
[fsm_node-3] [32m -- [Fsm] Receive click goal at: [24.025000000000002 20.025000000000002  1.525000000000000]; goal yaw: 0.000000000000000 deg[0m
[fsm_node-3] [INFO] [1788950098.737172677] [fsm_node]:  -- [OPTIMIZER_PHASE_MEMORY] optimizer=backup event=begin call=45 rss_mib=3100.543 swap_mib=0.000 variables=18 pieces=2
[fsm_node-3] [INFO] [1788950098.741278092] [fsm_node]:  -- [OPTIMIZER_PHASE_MEMORY] optimizer=backup event=end call=45 duration_ms=4.176 iterations=650 ret=1 rss_mib=3100.547 swap_mib=0.000 rss_delta_mib=0.004
[fsm_node-3] [INFO] [1788950098.741355112] [fsm_node]:  -- [OPTIMIZER_PHASE_MEMORY] optimizer=backup event=begin call=46 rss_mib=3100.547 swap_mib=0.000 variables=18 pieces=2
[fsm_node-3] [INFO] [1788950098.742814396] [fsm_node]:  -- [OPTIMIZER_PHASE_MEMORY] optimizer=backup event=end call=46 duration_ms=1.457 iterations=295 ret=1 rss_mib=3100.547 swap_mib=0.000 rss_delta_mib=0.000
[fsm_node-3] [WARN] [1788950098.742850463] [fsm_node]:  -- [SUPER] in [ReplanOnce]: Replan overtime, check parameters, replan dt = 0.102132501.
[fsm_node-3] [INFO] [1788950098.755114332] [fsm_node]:  -- [OPTIMIZER_PHASE_MEMORY] optimizer=exp event=begin call=24 rss_mib=3100.547 swap_mib=0.000 variables=17 pieces=5
[fsm_node-3]  -- [TRAJ_GUARD_CERT] trigger=main_pre status=SAFE gen=3 map=42 map_age=0.010s map_age_limit=0.542s motion_speed=2.655mps samples=40 range=[1.330,1.520] collision_tt=-1.000 ttc=-1.000 p=[0.000,0.000,0.000]
[fsm_node-3] [32m -- [Fsm 4.030] Current state: FOLLOW_TRAJ[0m
[fsm_node-3] [INFO] [1788950098.767782377] [fsm_node]:  -- [OPTIMIZER_PHASE_MEMORY] optimizer=exp event=end call=24 duration_ms=12.708 iterations=1004 ret=1 rss_mib=3100.547 swap_mib=0.000 rss_delta_mib=0.000
[fsm_node-3] [INFO] [1788950098.847248806] [fsm_node]:  -- [OPTIMIZER_PHASE_MEMORY] optimizer=backup event=begin call=47 rss_mib=3100.594 swap_mib=0.000 variables=18 pieces=2
[fsm_node-3] [INFO] [1788950098.852084310] [fsm_node]:  -- [OPTIMIZER_PHASE_MEMORY] optimizer=backup event=end call=47 duration_ms=4.871 iterations=747 ret=1 rss_mib=3100.594 swap_mib=0.000 rss_delta_mib=0.000
[fsm_node-3] [INFO] [1788950098.852162415] [fsm_node]:  -- [OPTIMIZER_PHASE_MEMORY] optimizer=backup event=begin call=48 rss_mib=3100.594 swap_mib=0.000 variables=18 pieces=2
[fsm_node-3] [INFO] [1788950098.875103129] [fsm_node]:  -- [OPTIMIZER_PHASE_MEMORY] optimizer=backup event=end call=48 duration_ms=22.914 iterations=2746 ret=1 rss_mib=3100.594 swap_mib=0.000 rss_delta_mib=0.000
[fsm_node-3] [WARN] [1788950098.875168555] [fsm_node]:  -- [SUPER] in [ReplanOnce]: Replan overtime, check parameters, replan dt = 0.132067116.
[fsm_node-3] [INFO] [1788950098.876427790] [fsm_node]:  -- [TRAJ_GUARD_COMMIT] phase=ReplanOnce/no_backup gen=4 map=43 samples=40 range=[1.451,1.640] escape=false footprint_egress=false escape_done_tt=-1.000
[fsm_node-3]  -- [TRAJ_GUARD_CERT] trigger=main_pre status=SAFE gen=3 map=43 map_age=0.009s map_age_limit=0.550s motion_speed=0.821mps samples=20 range=[1.430,1.520] collision_tt=-1.000 ttc=-1.000 p=[0.000,0.000,0.000]
[fsm_node-3] [32m -- [Fsm] ReplanOnce succeed.[0m
[fsm_node-3] [INFO] [1788950098.894566382] [fsm_node]:  -- [OPTIMIZER_PHASE_MEMORY] optimizer=exp event=begin call=25 rss_mib=3100.594 swap_mib=0.000 variables=13 pieces=4
[fsm_node-3] [INFO] [1788950098.898008405] [fsm_node]:  -- [OPTIMIZER_PHASE_MEMORY] optimizer=exp event=end call=25 duration_ms=3.501 iterations=357 ret=1 rss_mib=3100.594 swap_mib=0.000 rss_delta_mib=0.000
[fsm_node-3] [WARN] [1788950098.973544049] [fsm_node]:  -- [SUPER] in [ReplanOnce]: Replan overtime, check parameters, replan dt = 0.09001121.
[fsm_node-3] [INFO] [1788950098.974045978] [fsm_node]:  -- [TRAJ_GUARD_COMMIT] phase=ReplanOnce/no_backup gen=5 map=44 samples=21 range=[1.549,1.640] escape=false footprint_egress=false escape_done_tt=-1.000
[fsm_node-3]  -- [TRAJ_GUARD_CERT] trigger=poly_publish status=SAFE gen=4 map=43 map_age=0.030s map_age_limit=0.550s motion_speed=0.366mps samples=39 range=[1.451,1.640] collision_tt=-1.000 ttc=-1.000 p=[0.000,0.000,0.000]
[fsm_node-3]  -- [TRAJ_GUARD_CERT] trigger=main_pre status=SAFE gen=4 map=44 map_age=0.008s map_age_limit=0.550s motion_speed=0.475mps samples=24 range=[1.530,1.640] collision_tt=-1.000 ttc=-1.000 p=[0.000,0.000,0.000]
[fsm_node-3] [32m -- [Fsm] ReplanOnce succeed.[0m
[fsm_node-3] [INFO] [1788950099.015859110] [fsm_node]:  -- [TRAJ_GUARD_COMMIT] phase=ReplanOnce/no_backup gen=6 map=44 samples=12 range=[1.590,1.640] escape=false footprint_egress=false escape_done_tt=-1.000
[fsm_node-3]  -- [TRAJ_GUARD_CERT] trigger=poly_publish status=SAFE gen=5 map=44 map_age=0.026s map_age_limit=0.550s motion_speed=0.297mps samples=20 range=[1.549,1.640] collision_tt=-1.000 ttc=-1.000 p=[0.000,0.000,0.000]
[fsm_node-3] [32m -- [Fsm] ReplanOnce succeed.[0m
[fsm_node-3]  -- [TRAJ_GUARD_CERT] trigger=poly_publish status=SAFE gen=6 map=44 map_age=0.068s map_age_limit=0.550s motion_speed=0.045mps samples=11 range=[1.590,1.640] collision_tt=-1.000 ttc=-1.000 p=[0.000,0.000,0.000]
[fsm_node-3]  -- [TRAJ_GUARD_CERT] trigger=main_pre status=SAFE gen=6 map=45 map_age=0.010s map_age_limit=0.550s motion_speed=0.003mps samples=4 range=[1.630,1.640] collision_tt=-1.000 ttc=-1.000 p=[0.000,0.000,0.000]
[fsm_node-3] [32m -- [Fsm] Traj finish.[0m
[fsm_node-3] [WARN] [1788950099.085580802] [fsm_node]:  -- [TRAJ_GUARD_RECOVERY_EPISODE_RESET] reason=horizontal_progress progress=7.100m threshold=2.000m prior_local=0 prior_vertical=0 prior_base=0
[fsm_node-3] [INFO] [1788950099.093870688] [fsm_node]:  -- [OPTIMIZER_PHASE_MEMORY] optimizer=exp event=begin call=26 rss_mib=3100.602 swap_mib=0.000 variables=13 pieces=4
[fsm_node-3] [INFO] [1788950099.096451241] [fsm_node]:  -- [OPTIMIZER_PHASE_MEMORY] optimizer=exp event=end call=26 duration_ms=2.641 iterations=352 ret=1 rss_mib=3100.637 swap_mib=0.000 rss_delta_mib=0.035
[fsm_node-3] [INFO] [1788950099.096496737] [fsm_node]:  -- [SUPER] in [PlanFromRest] GenerateExpTrajectory SUCCESS.
[fsm_node-3] [INFO] [1788950099.160407135] [fsm_node]:  -- [TRAJ_GUARD_COMMIT] phase=PlanFromRest/no_backup gen=7 map=46 samples=278 range=[0.074,1.450] escape=false footprint_egress=false escape_done_tt=-1.000
[fsm_node-3] [INFO] [1788950099.293301737] [fsm_node]:  -- [OPTIMIZER_PHASE_MEMORY] optimizer=exp event=begin call=27 rss_mib=3100.676 swap_mib=0.000 variables=13 pieces=4
[fsm_node-3] [INFO] [1788950099.296376969] [fsm_node]:  -- [OPTIMIZER_PHASE_MEMORY] optimizer=exp event=end call=27 duration_ms=3.133 iterations=364 ret=1 rss_mib=3100.676 swap_mib=0.000 rss_delta_mib=0.000
[fsm_node-3] [INFO] [1788950099.368864210] [fsm_node]:  -- [TRAJ_GUARD_COMMIT] phase=ReplanOnce/no_backup gen=8 map=48 samples=246 range=[0.089,1.305] escape=false footprint_egress=false escape_done_tt=-1.000
[fsm_node-3] [38;2;000;128;000m -- [Fsm]: [PubCmdCallback] change state from [FOLLOW_TRAJ] to [GENERATE_TRAJ].
[fsm_node-3] [0m -- [TRAJ_GUARD_CERT] trigger=poly_publish status=SAFE gen=7 map=46 map_age=0.015s map_age_limit=0.550s motion_speed=0.000mps samples=277 range=[0.075,1.450] collision_tt=-1.000 ttc=-1.000 p=[0.000,0.000,0.000]
[fsm_node-3] [38;2;000;128;000m -- [Fsm]: [MainFsmCallback] change state from [GENERATE_TRAJ] to [FOLLOW_TRAJ].
[fsm_node-3] [0m -- [TRAJ_GUARD_CERT] trigger=main_pre status=SAFE gen=7 map=47 map_age=0.010s map_age_limit=0.550s motion_speed=0.982mps samples=258 range=[0.170,1.450] collision_tt=-1.000 ttc=-1.000 p=[0.000,0.000,0.000]
[fsm_node-3]  -- [TRAJ_GUARD_CERT] trigger=main_pre status=SAFE gen=7 map=48 map_age=0.005s map_age_limit=0.536s motion_speed=2.774mps samples=238 range=[0.270,1.450] collision_tt=-1.000 ttc=-1.000 p=[0.000,0.000,0.000]
[fsm_node-3] [32m -- [Fsm] ReplanOnce succeed.[0m
[fsm_node-3] [INFO] [1788950099.385720227] [fsm_node]:  -- [OPTIMIZER_PHASE_MEMORY] optimizer=exp event=begin call=28 rss_mib=3100.676 swap_mib=0.000 variables=13 pieces=4
[fsm_node-3] [INFO] [1788950099.400140813] [fsm_node]:  -- [OPTIMIZER_PHASE_MEMORY] optimizer=exp event=end call=28 duration_ms=14.472 iterations=1354 ret=1 rss_mib=3100.676 swap_mib=0.000 rss_delta_mib=0.000
[fsm_node-3] [WARN] [1788950099.482352343] [fsm_node]:  -- [SUPER] in [ReplanOnce]: Replan overtime, check parameters, replan dt = 0.113098429.
[fsm_node-3] [INFO] [1788950099.498937068] [fsm_node]:  -- [OPTIMIZER_PHASE_MEMORY] optimizer=exp event=begin call=29 rss_mib=3100.723 swap_mib=0.000 variables=9 pieces=3
[fsm_node-3] [INFO] [1788950099.501657603] [fsm_node]:  -- [OPTIMIZER_PHASE_MEMORY] optimizer=exp event=end call=29 duration_ms=2.775 iterations=369 ret=1 rss_mib=3100.723 swap_mib=0.000 rss_delta_mib=0.000
[fsm_node-3] [INFO] [1788950099.568851171] [fsm_node]:  -- [TRAJ_GUARD_COMMIT] phase=ReplanOnce/no_backup gen=9 map=50 samples=214 range=[0.086,1.145] escape=false footprint_egress=false escape_done_tt=-1.000
[fsm_node-3]  -- [TRAJ_GUARD_CERT] trigger=poly_publish status=SAFE gen=8 map=48 map_age=0.019s map_age_limit=0.516s motion_speed=3.176mps samples=245 range=[0.089,1.305] collision_tt=-1.000 ttc=-1.000 p=[0.000,0.000,0.000]
[fsm_node-3]  -- [TRAJ_GUARD_CERT] trigger=main_pre status=SAFE gen=8 map=49 map_age=0.002s map_age_limit=0.500s motion_speed=4.682mps samples=227 range=[0.176,1.305] collision_tt=-1.000 ttc=-1.000 p=[0.000,0.000,0.000]
[fsm_node-3]  -- [TRAJ_GUARD_CERT] trigger=main_pre status=SAFE gen=8 map=50 map_age=0.010s map_age_limit=0.500s motion_speed=6.049mps samples=207 range=[0.276,1.305] collision_tt=-1.000 ttc=-1.000 p=[0.000,0.000,0.000]
[fsm_node-3] [32m -- [Fsm] ReplanOnce succeed.[0m
[fsm_node-3] [INFO] [1788950099.583613925] [fsm_node]:  -- [OPTIMIZER_PHASE_MEMORY] optimizer=exp event=begin call=30 rss_mib=3100.723 swap_mib=0.000 variables=9 pieces=3
[fsm_node-3] [INFO] [1788950099.587362564] [fsm_node]:  -- [OPTIMIZER_PHASE_MEMORY] optimizer=exp event=end call=30 duration_ms=3.808 iterations=518 ret=1 rss_mib=3100.723 swap_mib=0.000 rss_delta_mib=0.000
[fsm_node-3] [INFO] [1788950099.640716533] [fsm_node]:  -- [TRAJ_GUARD_COMMIT] phase=ReplanOnce/no_backup gen=10 map=50 samples=198 range=[0.071,1.048] escape=false footprint_egress=false escape_done_tt=-1.000
[fsm_node-3]  -- [TRAJ_GUARD_CERT] trigger=poly_publish status=SAFE gen=9 map=50 map_age=0.023s map_age_limit=0.500s motion_speed=6.246mps samples=213 range=[0.086,1.145] collision_tt=-1.000 ttc=-1.000 p=[0.000,0.000,0.000]
[fsm_node-3] [32m -- [Fsm] ReplanOnce succeed.[0m
[fsm_node-3] [INFO] [1788950099.655451457] [fsm_node]:  -- [OPTIMIZER_PHASE_MEMORY] optimizer=exp event=begin call=31 rss_mib=3100.734 swap_mib=0.000 variables=9 pieces=3
[fsm_node-3] [INFO] [1788950099.657838650] [fsm_node]:  -- [OPTIMIZER_PHASE_MEMORY] optimizer=exp event=end call=31 duration_ms=2.447 iterations=338 ret=1 rss_mib=3100.734 swap_mib=0.000 rss_delta_mib=0.000
[fsm_node-3] [INFO] [1788950099.699622630] [fsm_node]:  -- [TRAJ_GUARD_COMMIT] phase=ReplanOnce/no_backup gen=11 map=51 samples=184 range=[0.058,0.968] escape=false footprint_egress=false escape_done_tt=-1.000
[fsm_node-3]  -- [TRAJ_GUARD_CERT] trigger=poly_publish status=SAFE gen=10 map=50 map_age=0.095s map_age_limit=0.500s motion_speed=6.750mps samples=197 range=[0.072,1.048] collision_tt=-1.000 ttc=-1.000 p=[0.000,0.000,0.000]
[fsm_node-3]  -- [TRAJ_GUARD_CERT] trigger=main_pre status=SAFE gen=10 map=51 map_age=0.001s map_age_limit=0.500s motion_speed=6.750mps samples=196 range=[0.076,1.048] collision_tt=-1.000 ttc=-1.000 p=[0.000,0.000,0.000]
[fsm_node-3] [32m -- [Fsm] ReplanOnce succeed.[0m
[fsm_node-3] [INFO] [1788950099.711553580] [fsm_node]:  -- [OPTIMIZER_PHASE_MEMORY] optimizer=exp event=begin call=32 rss_mib=3100.734 swap_mib=0.000 variables=9 pieces=3
[fsm_node-3] [INFO] [1788950099.713924121] [fsm_node]:  -- [OPTIMIZER_PHASE_MEMORY] optimizer=exp event=end call=32 duration_ms=2.422 iterations=323 ret=1 rss_mib=3100.738 swap_mib=0.000 rss_delta_mib=0.004
[fsm_node-3]  -- [TRAJ_GUARD_CERT] trigger=poly_publish status=SAFE gen=11 map=51 map_age=0.055s map_age_limit=0.500s motion_speed=6.946mps samples=183 range=[0.059,0.968] collision_tt=-1.000 ttc=-1.000 p=[0.000,0.000,0.000]
[fsm_node-3] [32m -- [Fsm] Get goal at [0m24.025000000000002 20.025000000000002  1.525000000000000
[fsm_node-3] [32m -- [Fsm] Receive click goal at: [24.025000000000002 20.025000000000002  1.525000000000000]; goal yaw: 0.000000000000000 deg[0m
[fsm_node-3] [INFO] [1788950099.748479604] [fsm_node]:  -- [TRAJ_GUARD_COMMIT] phase=ReplanOnce/no_backup gen=12 map=52 samples=175 range=[0.048,0.912] escape=false footprint_egress=false escape_done_tt=-1.000
[fsm_node-3]  -- [TRAJ_GUARD_CERT] trigger=main_pre status=SAFE gen=11 map=52 map_age=0.002s map_age_limit=0.500s motion_speed=6.939mps samples=174 range=[0.104,0.968] collision_tt=-1.000 ttc=-1.000 p=[0.000,0.000,0.000]
[fsm_node-3] [32m -- [Fsm] ReplanOnce succeed.[0m
[fsm_node-3] [INFO] [1788950099.758770900] [fsm_node]:  -- [OPTIMIZER_PHASE_MEMORY] optimizer=exp event=begin call=33 rss_mib=3100.738 swap_mib=0.000 variables=9 pieces=3
[fsm_node-3]  -- [TRAJ_GUARD_CERT] trigger=poly_publish status=SAFE gen=12 map=52 map_age=0.005s map_age_limit=0.500s motion_speed=6.939mps samples=174 range=[0.049,0.912] collision_tt=-1.000 ttc=-1.000 p=[0.000,0.000,0.000]
[fsm_node-3] [32m -- [Fsm 5.030] Current state: FOLLOW_TRAJ[0m
[fsm_node-3] [INFO] [1788950099.766102998] [fsm_node]:  -- [OPTIMIZER_PHASE_MEMORY] optimizer=exp event=end call=33 duration_ms=7.363 iterations=815 ret=1 rss_mib=3100.738 swap_mib=0.000 rss_delta_mib=0.000
[fsm_node-3] [INFO] [1788950099.795026305] [fsm_node]:  -- [TRAJ_GUARD_COMMIT] phase=ReplanOnce/no_backup gen=13 map=52 samples=165 range=[0.046,0.859] escape=false footprint_egress=false escape_done_tt=-1.000
[fsm_node-3] [32m -- [Fsm] ReplanOnce succeed.[0m
[fsm_node-3] [INFO] [1788950099.815348081] [fsm_node]:  -- [OPTIMIZER_PHASE_MEMORY] optimizer=exp event=begin call=34 rss_mib=3100.738 swap_mib=0.000 variables=5 pieces=2
[fsm_node-3] [INFO] [1788950099.815928193] [fsm_node]:  -- [OPTIMIZER_PHASE_MEMORY] optimizer=exp event=end call=34 duration_ms=0.627 iterations=109 ret=1 rss_mib=3100.738 swap_mib=0.000 rss_delta_mib=0.000
[fsm_node-3] [INFO] [1788950099.838763836] [fsm_node]:  -- [TRAJ_GUARD_COMMIT] phase=ReplanOnce/no_backup gen=14 map=52 samples=155 range=[0.031,0.794] escape=false footprint_egress=false escape_done_tt=-1.000
[fsm_node-3]  -- [TRAJ_GUARD_CERT] trigger=poly_publish status=SAFE gen=13 map=52 map_age=0.051s map_age_limit=0.500s motion_speed=6.853mps samples=164 range=[0.046,0.859] collision_tt=-1.000 ttc=-1.000 p=[0.000,0.000,0.000]
[fsm_node-3] [32m -- [Fsm] ReplanOnce succeed.[0m
[fsm_node-3] [INFO] [1788950099.879704738] [fsm_node]:  -- [OPTIMIZER_PHASE_MEMORY] optimizer=exp event=begin call=35 rss_mib=3100.738 swap_mib=0.000 variables=5 pieces=2
[fsm_node-3] [INFO] [1788950099.880371582] [fsm_node]:  -- [OPTIMIZER_PHASE_MEMORY] optimizer=exp event=end call=35 duration_ms=0.731 iterations=148 ret=1 rss_mib=3100.738 swap_mib=0.000 rss_delta_mib=0.000
[fsm_node-3] [INFO] [1788950099.896277410] [fsm_node]:  -- [TRAJ_GUARD_COMMIT] phase=ReplanOnce/no_backup gen=15 map=53 samples=144 range=[0.023,0.729] escape=false footprint_egress=false escape_done_tt=-1.000
[fsm_node-3]  -- [TRAJ_GUARD_CERT] trigger=poly_publish status=SAFE gen=14 map=52 map_age=0.095s map_age_limit=0.500s motion_speed=6.650mps samples=154 range=[0.031,0.794] collision_tt=-1.000 ttc=-1.000 p=[0.000,0.000,0.000]
[fsm_node-3]  -- [TRAJ_GUARD_CERT] trigger=main_pre status=SAFE gen=14 map=53 map_age=0.011s map_age_limit=0.500s motion_speed=6.595mps samples=151 range=[0.048,0.794] collision_tt=-1.000 ttc=-1.000 p=[0.000,0.000,0.000]
[fsm_node-3] [32m -- [Fsm] ReplanOnce succeed.[0m
[fsm_node-3] [INFO] [1788950099.946075766] [fsm_node]:  -- [OPTIMIZER_PHASE_MEMORY] optimizer=exp event=begin call=36 rss_mib=3100.738 swap_mib=0.000 variables=5 pieces=2
[fsm_node-3] [INFO] [1788950099.947198043] [fsm_node]:  -- [OPTIMIZER_PHASE_MEMORY] optimizer=exp event=end call=36 duration_ms=1.161 iterations=134 ret=1 rss_mib=3100.738 swap_mib=0.000 rss_delta_mib=0.000
[fsm_node-3] [INFO] [1788950099.960917845] [fsm_node]:  -- [TRAJ_GUARD_COMMIT] phase=ReplanOnce/no_backup gen=16 map=54 samples=128 range=[0.021,0.649] escape=false footprint_egress=false escape_done_tt=-1.000
[fsm_node-3]  -- [TRAJ_GUARD_CERT] trigger=poly_publish status=SAFE gen=15 map=53 map_age=0.051s map_age_limit=0.500s motion_speed=6.336mps samples=143 range=[0.023,0.729] collision_tt=-1.000 ttc=-1.000 p=[0.000,0.000,0.000]
[fsm_node-3]  -- [TRAJ_GUARD_CERT] trigger=main_pre status=SAFE gen=15 map=54 map_age=0.003s map_age_limit=0.500s motion_speed=6.219mps samples=133 range=[0.072,0.729] collision_tt=-1.000 ttc=-1.000 p=[0.000,0.000,0.000]
[fsm_node-3] [32m -- [Fsm] ReplanOnce succeed.[0m
[fsm_node-3] [INFO] [1788950100.010183285] [fsm_node]:  -- [OPTIMIZER_PHASE_MEMORY] optimizer=exp event=begin call=37 rss_mib=3100.738 swap_mib=0.000 variables=5 pieces=2
[fsm_node-3] [INFO] [1788950100.011513087] [fsm_node]:  -- [OPTIMIZER_PHASE_MEMORY] optimizer=exp event=end call=37 duration_ms=1.398 iterations=167 ret=1 rss_mib=3100.738 swap_mib=0.000 rss_delta_mib=0.000
[fsm_node-3] [INFO] [1788950100.020312186] [fsm_node]:  -- [TRAJ_GUARD_COMMIT] phase=ReplanOnce/no_backup gen=17 map=54 samples=117 range=[0.015,0.586] escape=false footprint_egress=false escape_done_tt=-1.000
[fsm_node-3]  -- [TRAJ_GUARD_CERT] trigger=poly_publish status=SAFE gen=16 map=54 map_age=0.019s map_age_limit=0.500s motion_speed=6.189mps samples=127 range=[0.022,0.649] collision_tt=-1.000 ttc=-1.000 p=[0.000,0.000,0.000]
[fsm_node-3] [32m -- [Fsm] ReplanOnce succeed.[0m
[fsm_node-3] [INFO] [1788950100.074754515] [fsm_node]:  -- [OPTIMIZER_PHASE_MEMORY] optimizer=exp event=begin call=38 rss_mib=3100.738 swap_mib=0.000 variables=1 pieces=1
[fsm_node-3] [INFO] [1788950100.074898071] [fsm_node]:  -- [OPTIMIZER_PHASE_MEMORY] optimizer=exp event=end call=38 duration_ms=0.214 iterations=22 ret=1 rss_mib=3100.738 swap_mib=0.000 rss_delta_mib=0.000
[fsm_node-3] [INFO] [1788950100.081138313] [fsm_node]:  -- [TRAJ_GUARD_COMMIT] phase=ReplanOnce/no_backup gen=18 map=55 samples=106 range=[0.009,0.526] escape=false footprint_egress=false escape_done_tt=-1.000
[fsm_node-3]  -- [TRAJ_GUARD_CERT] trigger=poly_publish status=SAFE gen=17 map=54 map_age=0.078s map_age_limit=0.500s motion_speed=6.157mps samples=116 range=[0.015,0.586] collision_tt=-1.000 ttc=-1.000 p=[0.000,0.000,0.000]
[fsm_node-3]  -- [TRAJ_GUARD_CERT] trigger=main_pre status=SAFE gen=17 map=55 map_age=0.003s map_age_limit=0.500s motion_speed=6.152mps samples=111 range=[0.040,0.586] collision_tt=-1.000 ttc=-1.000 p=[0.000,0.000,0.000]
[fsm_node-3] [32m -- [Fsm] ReplanOnce succeed.[0m
[fsm_node-3] [INFO] [1788950100.141189900] [fsm_node]:  -- [TRAJ_GUARD_COMMIT] phase=ReplanOnce/no_backup gen=19 map=55 samples=94 range=[0.069,0.526] escape=false footprint_egress=false escape_done_tt=-1.000
[fsm_node-3]  -- [TRAJ_GUARD_CERT] trigger=poly_publish status=SAFE gen=18 map=55 map_age=0.038s map_age_limit=0.500s motion_speed=6.101mps samples=105 range=[0.010,0.526] collision_tt=-1.000 ttc=-1.000 p=[0.000,0.000,0.000]
[fsm_node-3] [32m -- [Fsm] ReplanOnce succeed.[0m
[fsm_node-3] [INFO] [1788950100.210372061] [fsm_node]:  -- [TRAJ_GUARD_COMMIT] phase=ReplanOnce/no_backup gen=20 map=56 samples=80 range=[0.138,0.526] escape=false footprint_egress=false escape_done_tt=-1.000
[fsm_node-3]  -- [TRAJ_GUARD_CERT] trigger=poly_publish status=SAFE gen=19 map=55 map_age=0.098s map_age_limit=0.500s motion_speed=5.807mps samples=93 range=[0.070,0.526] collision_tt=-1.000 ttc=-1.000 p=[0.000,0.000,0.000]
[fsm_node-3]  -- [TRAJ_GUARD_CERT] trigger=main_pre status=SAFE gen=19 map=56 map_age=0.010s map_age_limit=0.500s motion_speed=5.735mps samples=90 range=[0.084,0.526] collision_tt=-1.000 ttc=-1.000 p=[0.000,0.000,0.000]
[fsm_node-3] [32m -- [Fsm] ReplanOnce succeed.[0m
[fsm_node-3] [INFO] [1788950100.272929703] [fsm_node]:  -- [TRAJ_GUARD_COMMIT] phase=ReplanOnce/no_backup gen=21 map=57 samples=68 range=[0.201,0.526] escape=false footprint_egress=false escape_done_tt=-1.000
[fsm_node-3]  -- [TRAJ_GUARD_CERT] trigger=poly_publish status=SAFE gen=20 map=56 map_age=0.065s map_age_limit=0.500s motion_speed=5.164mps samples=79 range=[0.139,0.526] collision_tt=-1.000 ttc=-1.000 p=[0.000,0.000,0.000]
[fsm_node-3]  -- [TRAJ_GUARD_CERT] trigger=main_pre status=SAFE gen=20 map=57 map_age=0.005s map_age_limit=0.500s motion_speed=4.636mps samples=70 range=[0.184,0.526] collision_tt=-1.000 ttc=-1.000 p=[0.000,0.000,0.000]
[fsm_node-3] [32m -- [Fsm] ReplanOnce succeed.[0m
[fsm_node-3] [INFO] [1788950100.337127524] [fsm_node]:  -- [TRAJ_GUARD_COMMIT] phase=ReplanOnce/no_backup gen=22 map=57 samples=55 range=[0.265,0.526] escape=false footprint_egress=false escape_done_tt=-1.000
[fsm_node-3]  -- [TRAJ_GUARD_CERT] trigger=poly_publish status=SAFE gen=21 map=57 map_age=0.023s map_age_limit=0.500s motion_speed=4.324mps samples=66 range=[0.201,0.526] collision_tt=-1.000 ttc=-1.000 p=[0.000,0.000,0.000]
[fsm_node-3] [32m -- [Fsm] ReplanOnce succeed.[0m
[fsm_node-3] [INFO] [1788950100.402834094] [fsm_node]:  -- [TRAJ_GUARD_COMMIT] phase=ReplanOnce/no_backup gen=23 map=58 samples=42 range=[0.331,0.526] escape=false footprint_egress=false escape_done_tt=-1.000
[fsm_node-3]  -- [TRAJ_GUARD_CERT] trigger=poly_publish status=SAFE gen=22 map=57 map_age=0.087s map_age_limit=0.523s motion_speed=3.047mps samples=54 range=[0.266,0.526] collision_tt=-1.000 ttc=-1.000 p=[0.000,0.000,0.000]
[fsm_node-3]  -- [TRAJ_GUARD_CERT] trigger=main_pre status=SAFE gen=22 map=58 map_age=0.007s map_age_limit=0.533s motion_speed=2.850mps samples=50 range=[0.284,0.526] collision_tt=-1.000 ttc=-1.000 p=[0.000,0.000,0.000]
[fsm_node-3] [32m -- [Fsm] ReplanOnce succeed.[0m
[fsm_node-3] [INFO] [1788950100.467898856] [fsm_node]:  -- [TRAJ_GUARD_COMMIT] phase=ReplanOnce/no_backup gen=24 map=59 samples=29 range=[0.396,0.526] escape=false footprint_egress=false escape_done_tt=-1.000
[fsm_node-3]  -- [TRAJ_GUARD_CERT] trigger=poly_publish status=SAFE gen=23 map=58 map_age=0.055s map_age_limit=0.550s motion_speed=1.864mps samples=40 range=[0.331,0.526] collision_tt=-1.000 ttc=-1.000 p=[0.000,0.000,0.000]
[fsm_node-3]  -- [TRAJ_GUARD_CERT] trigger=main_pre status=SAFE gen=23 map=59 map_age=0.007s map_age_limit=0.550s motion_speed=1.000mps samples=30 range=[0.384,0.526] collision_tt=-1.000 ttc=-1.000 p=[0.000,0.000,0.000]
[fsm_node-3] [32m -- [Fsm] ReplanOnce succeed.[0m
[fsm_node-3] [INFO] [1788950100.533885704] [fsm_node]:  -- [TRAJ_GUARD_COMMIT] phase=ReplanOnce/no_backup gen=25 map=59 samples=15 range=[0.462,0.526] escape=false footprint_egress=false escape_done_tt=-1.000
[fsm_node-3]  -- [TRAJ_GUARD_CERT] trigger=poly_publish status=SAFE gen=24 map=59 map_age=0.019s map_age_limit=0.550s motion_speed=0.714mps samples=27 range=[0.396,0.526] collision_tt=-1.000 ttc=-1.000 p=[0.000,0.000,0.000]
[fsm_node-3] [32m -- [Fsm] ReplanOnce succeed.[0m
[fsm_node-3]  -- [TRAJ_GUARD_CERT] trigger=poly_publish status=SAFE gen=25 map=59 map_age=0.085s map_age_limit=0.550s motion_speed=0.151mps samples=14 range=[0.462,0.526] collision_tt=-1.000 ttc=-1.000 p=[0.000,0.000,0.000]
[fsm_node-3]  -- [TRAJ_GUARD_CERT] trigger=main_pre status=SAFE gen=25 map=60 map_age=0.002s map_age_limit=0.550s motion_speed=0.100mps samples=12 range=[0.474,0.526] collision_tt=-1.000 ttc=-1.000 p=[0.000,0.000,0.000]
[fsm_node-3] [32m -- [Fsm] ReplanOnce succeed.[0m
[fsm_node-3] [32m -- [Fsm] Traj finish.[0m
