{
  "full": {
    "available": true,
    "mode": "full",
    "processes": [
      {
        "pid": 2887233,
        "duration_s": 30.00700327,
        "first_report_monotonic_s": 1028947.931931449,
        "last_report_monotonic_s": 1028977.938934719,
        "sum_exclusive_mean_cores": 0.61335127534713,
        "stages": [
          {
            "stage": "map_prob_update",
            "calls": 300,
            "inclusive_cpu_s": 7.315588438,
            "exclusive_cpu_s": 7.315588438,
            "mean_used_cores_exclusive": 0.24379603561792126,
            "inclusive_cpu_ms_per_call": 24.385294793333333,
            "clock_errors": 0
          },
          {
            "stage": "planner_exp_optimize",
            "calls": 441,
            "inclusive_cpu_s": 4.425438477999999,
            "exclusive_cpu_s": 4.425438477999999,
            "mean_used_cores_exclusive": 0.14748018781416955,
            "inclusive_cpu_ms_per_call": 10.035007886621313,
            "clock_errors": 0
          },
          {
            "stage": "planner_backup_optimize",
            "calls": 402,
            "inclusive_cpu_s": 2.0628486849999996,
            "exclusive_cpu_s": 2.0628486849999996,
            "mean_used_cores_exclusive": 0.06874557470596762,
            "inclusive_cpu_ms_per_call": 5.131464390547262,
            "clock_errors": 0
          },
          {
            "stage": "map_snapshot_commit_health",
            "calls": 300,
            "inclusive_cpu_s": 1.4990209,
            "exclusive_cpu_s": 1.4990209,
            "mean_used_cores_exclusive": 0.04995570155779838,
            "inclusive_cpu_ms_per_call": 4.996736333333334,
            "clock_errors": 0
          },
          {
            "stage": "planner_generate_backup",
            "calls": 446,
            "inclusive_cpu_s": 3.34347125,
            "exclusive_cpu_s": 1.280622565,
            "mean_used_cores_exclusive": 0.04267745610839866,
            "inclusive_cpu_ms_per_call": 7.496572309417041,
            "clock_errors": 0
          },
          {
            "stage": "planner_corridor_search",
            "calls": 441,
            "inclusive_cpu_s": 0.650632841,
            "exclusive_cpu_s": 0.650632841,
            "mean_used_cores_exclusive": 0.02168269970665418,
            "inclusive_cpu_ms_per_call": 1.4753579160997732,
            "clock_errors": 0
          },
          {
            "stage": "planner_path_search",
            "calls": 395,
            "inclusive_cpu_s": 0.539767626,
            "exclusive_cpu_s": 0.539767626,
            "mean_used_cores_exclusive": 0.017988055026462495,
            "inclusive_cpu_ms_per_call": 1.3665003189873417,
            "clock_errors": 0
          },
          {
            "stage": "fsm_command_callback",
            "calls": 3001,
            "inclusive_cpu_s": 0.20445907800000002,
            "exclusive_cpu_s": 0.20445907800000002,
            "mean_used_cores_exclusive": 0.00681371199117412,
            "inclusive_cpu_ms_per_call": 0.06813031589470177,
            "clock_errors": 0
          },
          {
            "stage": "planner_validate_geometry",
            "calls": 3527,
            "inclusive_cpu_s": 0.141421211,
            "exclusive_cpu_s": 0.141421211,
            "mean_used_cores_exclusive": 0.004712940166917241,
            "inclusive_cpu_ms_per_call": 0.04009674255741423,
            "clock_errors": 0
          },
          {
            "stage": "map_ros_to_pcl",
            "calls": 300,
            "inclusive_cpu_s": 0.114274491,
            "exclusive_cpu_s": 0.114274491,
            "mean_used_cores_exclusive": 0.0038082606907384126,
            "inclusive_cpu_ms_per_call": 0.38091497,
            "clock_errors": 0
          },
          {
            "stage": "planner_generate_exp",
            "calls": 449,
            "inclusive_cpu_s": 5.6527865440000005,
            "exclusive_cpu_s": 0.036947599,
            "mean_used_cores_exclusive": 0.0012312991959759932,
            "inclusive_cpu_ms_per_call": 12.58972504231626,
            "clock_errors": 0
          },
          {
            "stage": "guard_certificate",
            "calls": 6866,
            "inclusive_cpu_s": 0.075503796,
            "exclusive_cpu_s": 0.025438551,
            "mean_used_cores_exclusive": 0.0008477537983752151,
            "inclusive_cpu_ms_per_call": 0.010996766093795513,
            "clock_errors": 0
          },
          {
            "stage": "fsm_replan_core",
            "calls": 449,
            "inclusive_cpu_s": 9.161547361,
            "exclusive_cpu_s": 0.020536246,
            "mean_used_cores_exclusive": 0.000684381769656134,
            "inclusive_cpu_ms_per_call": 20.404337106904233,
            "clock_errors": 0
          },
          {
            "stage": "map_ack_and_log",
            "calls": 300,
            "inclusive_cpu_s": 0.018585318,
            "exclusive_cpu_s": 0.018585318,
            "mean_used_cores_exclusive": 0.0006193660137525622,
            "inclusive_cpu_ms_per_call": 0.06195106,
            "clock_errors": 0
          },
          {
            "stage": "fsm_main_callback",
            "calls": 3001,
            "inclusive_cpu_s": 0.0815995,
            "exclusive_cpu_s": 0.012147953,
            "mean_used_cores_exclusive": 0.00040483726051195246,
            "inclusive_cpu_ms_per_call": 0.02719076974341886,
            "clock_errors": 0
          },
          {
            "stage": "planner_visualize_path",
            "calls": 3001,
            "inclusive_cpu_s": 0.010953456,
            "exclusive_cpu_s": 0.010953456,
            "mean_used_cores_exclusive": 0.0003650299865482036,
            "inclusive_cpu_ms_per_call": 0.0036499353548817065,
            "clock_errors": 0
          },
          {
            "stage": "planner_commit",
            "calls": 438,
            "inclusive_cpu_s": 0.112026659,
            "exclusive_cpu_s": 0.009618423000000001,
            "mean_used_cores_exclusive": 0.00032053927256428766,
            "inclusive_cpu_ms_per_call": 0.25576862785388127,
            "clock_errors": 0
          },
          {
            "stage": "fsm_main_core",
            "calls": 3001,
            "inclusive_cpu_s": 0.020302107,
            "exclusive_cpu_s": 0.009348651,
            "mean_used_cores_exclusive": 0.0003115489712811965,
            "inclusive_cpu_ms_per_call": 0.006765113962012662,
            "clock_errors": 0
          },
          {
            "stage": "planner_velocity_extrema",
            "calls": 853,
            "inclusive_cpu_s": 0.008309623,
            "exclusive_cpu_s": 0.008309623,
            "mean_used_cores_exclusive": 0.0002769227878315888,
            "inclusive_cpu_ms_per_call": 0.009741644783118406,
            "clock_errors": 0
          },
          {
            "stage": "planner_stop_viability",
            "calls": 438,
            "inclusive_cpu_s": 0.065258222,
            "exclusive_cpu_s": 0.006561312,
            "mean_used_cores_exclusive": 0.00021865935564981194,
            "inclusive_cpu_ms_per_call": 0.14899137442922375,
            "clock_errors": 0
          },
          {
            "stage": "fsm_replan_callback",
            "calls": 455,
            "inclusive_cpu_s": 9.167683785,
            "exclusive_cpu_s": 0.005769094999999999,
            "mean_used_cores_exclusive": 0.00019225828544390997,
            "inclusive_cpu_ms_per_call": 20.14875557142857,
            "clock_errors": 0
          },
          {
            "stage": "fsm_poly_publish",
            "calls": 415,
            "inclusive_cpu_s": 0.032726662,
            "exclusive_cpu_s": 0.00292097,
            "mean_used_cores_exclusive": 9.734294270298856e-05,
            "inclusive_cpu_ms_per_call": 0.0788594265060241,
            "clock_errors": 0
          },
          {
            "stage": "map_worker",
            "calls": 300,
            "inclusive_cpu_s": 8.949499271999999,
            "exclusive_cpu_s": 0.0020293900000000003,
            "mean_used_cores_exclusive": 6.7630545500987e-05,
            "inclusive_cpu_ms_per_call": 29.83166424,
            "clock_errors": 0
          },
          {
            "stage": "map_cloud_enqueue",
            "calls": 300,
            "inclusive_cpu_s": 0.001592825,
            "exclusive_cpu_s": 0.001592825,
            "mean_used_cores_exclusive": 5.3081775133222096e-05,
            "inclusive_cpu_ms_per_call": 0.005309416666666666,
            "clock_errors": 0
          },
          {
            "stage": "guard_brake",
            "calls": 0,
            "inclusive_cpu_s": 0.0,
            "exclusive_cpu_s": 0.0,
            "mean_used_cores_exclusive": 0.0,
            "inclusive_cpu_ms_per_call": null,
            "clock_errors": 0
          }
        ]
      }
    ],
    "scope": "thread CPU in instrumented stages only; common periodic report window within flight; not full cgroup window"
  },
  "adaptive": {
    "available": true,
    "mode": "adaptive",
    "processes": [
      {
        "pid": 2888250,
        "duration_s": 30.010438957,
        "first_report_monotonic_s": 1029013.303866279,
        "last_report_monotonic_s": 1029043.314305236,
        "sum_exclusive_mean_cores": 0.2753297057680222,
        "stages": [
          {
            "stage": "map_prob_update",
            "calls": 300,
            "inclusive_cpu_s": 2.786655547,
            "exclusive_cpu_s": 2.786655547,
            "mean_used_cores_exclusive": 0.09285620750142365,
            "inclusive_cpu_ms_per_call": 9.288851823333333,
            "clock_errors": 0
          },
          {
            "stage": "planner_exp_optimize",
            "calls": 188,
            "inclusive_cpu_s": 2.185992688,
            "exclusive_cpu_s": 2.185992688,
            "mean_used_cores_exclusive": 0.07284107677105843,
            "inclusive_cpu_ms_per_call": 11.627620680851063,
            "clock_errors": 0
          },
          {
            "stage": "planner_backup_optimize",
            "calls": 166,
            "inclusive_cpu_s": 0.898502092,
            "exclusive_cpu_s": 0.898502092,
            "mean_used_cores_exclusive": 0.029939651775417377,
            "inclusive_cpu_ms_per_call": 5.412663204819276,
            "clock_errors": 0
          },
          {
            "stage": "map_snapshot_commit_health",
            "calls": 300,
            "inclusive_cpu_s": 0.635262232,
            "exclusive_cpu_s": 0.635262232,
            "mean_used_cores_exclusive": 0.021168041990662842,
            "inclusive_cpu_ms_per_call": 2.117540773333333,
            "clock_errors": 0
          },
          {
            "stage": "planner_generate_backup",
            "calls": 185,
            "inclusive_cpu_s": 1.401292031,
            "exclusive_cpu_s": 0.502789939,
            "mean_used_cores_exclusive": 0.016753834881269643,
            "inclusive_cpu_ms_per_call": 7.57455151891892,
            "clock_errors": 0
          },
          {
            "stage": "planner_path_search",
            "calls": 180,
            "inclusive_cpu_s": 0.49070809400000004,
            "exclusive_cpu_s": 0.49070809400000004,
            "mean_used_cores_exclusive": 0.016351246801258178,
            "inclusive_cpu_ms_per_call": 2.726156077777778,
            "clock_errors": 0
          },
          {
            "stage": "planner_corridor_search",
            "calls": 187,
            "inclusive_cpu_s": 0.285573986,
            "exclusive_cpu_s": 0.285573986,
            "mean_used_cores_exclusive": 0.009515821691551407,
            "inclusive_cpu_ms_per_call": 1.527133614973262,
            "clock_errors": 0
          },
          {
            "stage": "fsm_command_callback",
            "calls": 3001,
            "inclusive_cpu_s": 0.173589979,
            "exclusive_cpu_s": 0.173589979,
            "mean_used_cores_exclusive": 0.005784319891112747,
            "inclusive_cpu_ms_per_call": 0.057844044985005,
            "clock_errors": 0
          },
          {
            "stage": "planner_validate_geometry",
            "calls": 2759,
            "inclusive_cpu_s": 0.128201354,
            "exclusive_cpu_s": 0.128201354,
            "mean_used_cores_exclusive": 0.004271891996771235,
            "inclusive_cpu_ms_per_call": 0.04646660166727074,
            "clock_errors": 0
          },
          {
            "stage": "map_ack_and_log",
            "calls": 300,
            "inclusive_cpu_s": 0.036066594,
            "exclusive_cpu_s": 0.036066594,
            "mean_used_cores_exclusive": 0.0012018016148206785,
            "inclusive_cpu_ms_per_call": 0.12022198,
            "clock_errors": 0
          },
          {
            "stage": "map_ros_to_pcl",
            "calls": 300,
            "inclusive_cpu_s": 0.027739267000000005,
            "exclusive_cpu_s": 0.027739267000000005,
            "mean_used_cores_exclusive": 0.0009243206018994187,
            "inclusive_cpu_ms_per_call": 0.09246422333333335,
            "clock_errors": 0
          },
          {
            "stage": "guard_certificate",
            "calls": 6371,
            "inclusive_cpu_s": 0.059202454,
            "exclusive_cpu_s": 0.025266605,
            "mean_used_cores_exclusive": 0.0008419272052702351,
            "inclusive_cpu_ms_per_call": 0.00929249003296186,
            "clock_errors": 0
          },
          {
            "stage": "planner_generate_exp",
            "calls": 191,
            "inclusive_cpu_s": 2.9852073370000003,
            "exclusive_cpu_s": 0.014596688,
            "mean_used_cores_exclusive": 0.00048638702089345116,
            "inclusive_cpu_ms_per_call": 15.629357785340316,
            "clock_errors": 0
          },
          {
            "stage": "fsm_main_callback",
            "calls": 3001,
            "inclusive_cpu_s": 0.081507464,
            "exclusive_cpu_s": 0.013030815999999999,
            "mean_used_cores_exclusive": 0.0004342094435429953,
            "inclusive_cpu_ms_per_call": 0.02716010129956681,
            "clock_errors": 0
          },
          {
            "stage": "fsm_main_core",
            "calls": 3001,
            "inclusive_cpu_s": 0.02022396300000001,
            "exclusive_cpu_s": 0.011006479,
            "mean_used_cores_exclusive": 0.00036675501533884474,
            "inclusive_cpu_ms_per_call": 0.006739074641786075,
            "clock_errors": 0
          },
          {
            "stage": "planner_stop_viability",
            "calls": 406,
            "inclusive_cpu_s": 0.090795905,
            "exclusive_cpu_s": 0.009641531,
            "mean_used_cores_exclusive": 0.0003212725749801501,
            "inclusive_cpu_ms_per_call": 0.22363523399014776,
            "clock_errors": 0
          },
          {
            "stage": "planner_visualize_path",
            "calls": 3001,
            "inclusive_cpu_s": 0.009217484,
            "exclusive_cpu_s": 0.009217484,
            "mean_used_cores_exclusive": 0.00030714259172307114,
            "inclusive_cpu_ms_per_call": 0.0030714708430523156,
            "clock_errors": 0
          },
          {
            "stage": "fsm_replan_core",
            "calls": 191,
            "inclusive_cpu_s": 4.455178689,
            "exclusive_cpu_s": 0.009058562000000001,
            "mean_used_cores_exclusive": 0.00030184703439291316,
            "inclusive_cpu_ms_per_call": 23.32554287434555,
            "clock_errors": 0
          },
          {
            "stage": "fsm_replan_callback",
            "calls": 456,
            "inclusive_cpu_s": 4.526138649,
            "exclusive_cpu_s": 0.0070418930000000005,
            "mean_used_cores_exclusive": 0.00023464811727978618,
            "inclusive_cpu_ms_per_call": 9.925742651315788,
            "clock_errors": 0
          },
          {
            "stage": "planner_commit",
            "calls": 184,
            "inclusive_cpu_s": 0.045915749,
            "exclusive_cpu_s": 0.00400698,
            "mean_used_cores_exclusive": 0.00013351953984216426,
            "inclusive_cpu_ms_per_call": 0.24954211413043478,
            "clock_errors": 0
          },
          {
            "stage": "planner_velocity_extrema",
            "calls": 362,
            "inclusive_cpu_s": 0.0033821249999999997,
            "exclusive_cpu_s": 0.0033821249999999997,
            "mean_used_cores_exclusive": 0.00011269828491499327,
            "inclusive_cpu_ms_per_call": 0.00934288674033149,
            "clock_errors": 0
          },
          {
            "stage": "map_cloud_enqueue",
            "calls": 300,
            "inclusive_cpu_s": 0.002126033,
            "exclusive_cpu_s": 0.002126033,
            "mean_used_cores_exclusive": 7.084311572537321e-05,
            "inclusive_cpu_ms_per_call": 0.007086776666666666,
            "clock_errors": 0
          },
          {
            "stage": "map_worker",
            "calls": 300,
            "inclusive_cpu_s": 3.4876638879999993,
            "exclusive_cpu_s": 0.002015444,
            "mean_used_cores_exclusive": 6.715809798343163e-05,
            "inclusive_cpu_ms_per_call": 11.625546293333331,
            "clock_errors": 0
          },
          {
            "stage": "fsm_poly_publish",
            "calls": 178,
            "inclusive_cpu_s": 0.01370501,
            "exclusive_cpu_s": 0.001292916,
            "mean_used_cores_exclusive": 4.308220888913138e-05,
            "inclusive_cpu_ms_per_call": 0.07699443820224719,
            "clock_errors": 0
          },
          {
            "stage": "guard_brake",
            "calls": 0,
            "inclusive_cpu_s": 0.0,
            "exclusive_cpu_s": 0.0,
            "mean_used_cores_exclusive": 0.0,
            "inclusive_cpu_ms_per_call": null,
            "clock_errors": 0
          },
          {
            "stage": "guard_recover",
            "calls": 0,
            "inclusive_cpu_s": 0.0,
            "exclusive_cpu_s": 0.0,
            "mean_used_cores_exclusive": 0.0,
            "inclusive_cpu_ms_per_call": null,
            "clock_errors": 0
          }
        ]
      }
    ],
    "scope": "thread CPU in instrumented stages only; common periodic report window within flight; not full cgroup window"
  }
}
