{
  "full": {
    "available": true,
    "mode": "full",
    "processes": [
      {
        "pid": 2907468,
        "duration_s": 30.057136337,
        "first_report_monotonic_s": 1030541.528061097,
        "last_report_monotonic_s": 1030571.585197434,
        "sum_exclusive_mean_cores": 0.43134590064191186,
        "stages": [
          {
            "stage": "map_prob_update",
            "calls": 301,
            "inclusive_cpu_s": 7.362328588999999,
            "exclusive_cpu_s": 7.362328588999999,
            "mean_used_cores_exclusive": 0.24494444535413223,
            "inclusive_cpu_ms_per_call": 24.45956341860465,
            "clock_errors": 0
          },
          {
            "stage": "planner_exp_optimize",
            "calls": 184,
            "inclusive_cpu_s": 1.7010130940000001,
            "exclusive_cpu_s": 1.7010130940000001,
            "mean_used_cores_exclusive": 0.05659265323643198,
            "inclusive_cpu_ms_per_call": 9.244636380434784,
            "clock_errors": 0
          },
          {
            "stage": "map_snapshot_commit_health",
            "calls": 301,
            "inclusive_cpu_s": 1.47864892,
            "exclusive_cpu_s": 1.47864892,
            "mean_used_cores_exclusive": 0.0491946040175424,
            "inclusive_cpu_ms_per_call": 4.91245488372093,
            "clock_errors": 0
          },
          {
            "stage": "planner_backup_optimize",
            "calls": 164,
            "inclusive_cpu_s": 0.666429939,
            "exclusive_cpu_s": 0.666429939,
            "mean_used_cores_exclusive": 0.02217210354067005,
            "inclusive_cpu_ms_per_call": 4.0635971890243905,
            "clock_errors": 0
          },
          {
            "stage": "planner_generate_backup",
            "calls": 183,
            "inclusive_cpu_s": 1.1199104220000002,
            "exclusive_cpu_s": 0.453480483,
            "mean_used_cores_exclusive": 0.015087281699613233,
            "inclusive_cpu_ms_per_call": 6.119729081967214,
            "clock_errors": 0
          },
          {
            "stage": "planner_path_search",
            "calls": 174,
            "inclusive_cpu_s": 0.43156138499999996,
            "exclusive_cpu_s": 0.43156138499999996,
            "mean_used_cores_exclusive": 0.014358033984387019,
            "inclusive_cpu_ms_per_call": 2.480237844827586,
            "clock_errors": 0
          },
          {
            "stage": "planner_corridor_search",
            "calls": 184,
            "inclusive_cpu_s": 0.288633695,
            "exclusive_cpu_s": 0.288633695,
            "mean_used_cores_exclusive": 0.009602834141078676,
            "inclusive_cpu_ms_per_call": 1.5686613858695655,
            "clock_errors": 0
          },
          {
            "stage": "fsm_command_callback",
            "calls": 3006,
            "inclusive_cpu_s": 0.20371802700000002,
            "exclusive_cpu_s": 0.20371802700000002,
            "mean_used_cores_exclusive": 0.0067776924826077126,
            "inclusive_cpu_ms_per_call": 0.06777046806387227,
            "clock_errors": 0
          },
          {
            "stage": "map_ros_to_pcl",
            "calls": 300,
            "inclusive_cpu_s": 0.12935987599999998,
            "exclusive_cpu_s": 0.12935987599999998,
            "mean_used_cores_exclusive": 0.004303799089494744,
            "inclusive_cpu_ms_per_call": 0.43119958666666663,
            "clock_errors": 0
          },
          {
            "stage": "planner_validate_geometry",
            "calls": 2715,
            "inclusive_cpu_s": 0.120821707,
            "exclusive_cpu_s": 0.120821707,
            "mean_used_cores_exclusive": 0.004019734469889263,
            "inclusive_cpu_ms_per_call": 0.04450154953959484,
            "clock_errors": 0
          },
          {
            "stage": "guard_certificate",
            "calls": 6365,
            "inclusive_cpu_s": 0.056854405,
            "exclusive_cpu_s": 0.024618023,
            "mean_used_cores_exclusive": 0.0008190408668338603,
            "inclusive_cpu_ms_per_call": 0.008932349567949725,
            "clock_errors": 0
          },
          {
            "stage": "map_ack_and_log",
            "calls": 301,
            "inclusive_cpu_s": 0.019969996,
            "exclusive_cpu_s": 0.019969996,
            "mean_used_cores_exclusive": 0.0006644011517297194,
            "inclusive_cpu_ms_per_call": 0.06634550166112957,
            "clock_errors": 0
          },
          {
            "stage": "fsm_main_callback",
            "calls": 3006,
            "inclusive_cpu_s": 0.08188105299999998,
            "exclusive_cpu_s": 0.014403826,
            "mean_used_cores_exclusive": 0.0004792148472996428,
            "inclusive_cpu_ms_per_call": 0.027239205921490345,
            "clock_errors": 0
          },
          {
            "stage": "planner_generate_exp",
            "calls": 184,
            "inclusive_cpu_s": 2.435377667,
            "exclusive_cpu_s": 0.014169492999999998,
            "mean_used_cores_exclusive": 0.0004714185956084416,
            "inclusive_cpu_ms_per_call": 13.235748190217393,
            "clock_errors": 0
          },
          {
            "stage": "fsm_main_core",
            "calls": 3006,
            "inclusive_cpu_s": 0.02072518200000001,
            "exclusive_cpu_s": 0.010712467,
            "mean_used_cores_exclusive": 0.000356403447084647,
            "inclusive_cpu_ms_per_call": 0.0068946047904191645,
            "clock_errors": 0
          },
          {
            "stage": "planner_visualize_path",
            "calls": 3006,
            "inclusive_cpu_s": 0.010012715,
            "exclusive_cpu_s": 0.010012715,
            "mean_used_cores_exclusive": 0.0003331227196010173,
            "inclusive_cpu_ms_per_call": 0.003330909846972721,
            "clock_errors": 0
          },
          {
            "stage": "planner_stop_viability",
            "calls": 403,
            "inclusive_cpu_s": 0.08551883,
            "exclusive_cpu_s": 0.009206856000000001,
            "mean_used_cores_exclusive": 0.00030631181549609115,
            "inclusive_cpu_ms_per_call": 0.2122055334987593,
            "clock_errors": 0
          },
          {
            "stage": "fsm_replan_core",
            "calls": 184,
            "inclusive_cpu_s": 3.6177697309999997,
            "exclusive_cpu_s": 0.0080232,
            "mean_used_cores_exclusive": 0.00026693161683947683,
            "inclusive_cpu_ms_per_call": 19.661792016304346,
            "clock_errors": 0
          },
          {
            "stage": "fsm_replan_callback",
            "calls": 455,
            "inclusive_cpu_s": 3.6852657099999995,
            "exclusive_cpu_s": 0.006387482,
            "mean_used_cores_exclusive": 0.0002125113293689619,
            "inclusive_cpu_ms_per_call": 8.099485076923076,
            "clock_errors": 0
          },
          {
            "stage": "planner_commit",
            "calls": 177,
            "inclusive_cpu_s": 0.041802918999999994,
            "exclusive_cpu_s": 0.003288101,
            "mean_used_cores_exclusive": 0.00010939501897765238,
            "inclusive_cpu_ms_per_call": 0.2361746836158192,
            "clock_errors": 0
          },
          {
            "stage": "planner_velocity_extrema",
            "calls": 346,
            "inclusive_cpu_s": 0.003181475,
            "exclusive_cpu_s": 0.003181475,
            "mean_used_cores_exclusive": 0.00010584757524234403,
            "inclusive_cpu_ms_per_call": 0.009195014450867052,
            "clock_errors": 0
          },
          {
            "stage": "map_worker",
            "calls": 301,
            "inclusive_cpu_s": 8.992817979,
            "exclusive_cpu_s": 0.002177647,
            "mean_used_cores_exclusive": 7.245024860599713e-05,
            "inclusive_cpu_ms_per_call": 29.8764716910299,
            "clock_errors": 0
          },
          {
            "stage": "map_cloud_enqueue",
            "calls": 300,
            "inclusive_cpu_s": 0.0016727259999999998,
            "exclusive_cpu_s": 0.0016727259999999998,
            "mean_used_cores_exclusive": 5.565154249045651e-05,
            "inclusive_cpu_ms_per_call": 0.005575753333333332,
            "clock_errors": 0
          },
          {
            "stage": "fsm_poly_publish",
            "calls": 169,
            "inclusive_cpu_s": 0.012655523,
            "exclusive_cpu_s": 0.0012028219999999999,
            "mean_used_cores_exclusive": 4.001785088619169e-05,
            "inclusive_cpu_ms_per_call": 0.07488475147928994,
            "clock_errors": 0
          },
          {
            "stage": "guard_brake",
            "calls": 0,
            "inclusive_cpu_s": 0.0,
            "exclusive_cpu_s": 0.0,
            "mean_used_cores_exclusive": 0.0,
            "inclusive_cpu_ms_per_call": null,
            "clock_errors": 0
          }
        ]
      }
    ],
    "scope": "thread CPU in instrumented stages only; common periodic report window within flight; not full cgroup window"
  },
  "adaptive": {
    "available": true,
    "mode": "adaptive",
    "processes": [
      {
        "pid": 2908437,
        "duration_s": 30.057659346,
        "first_report_monotonic_s": 1030605.679857867,
        "last_report_monotonic_s": 1030635.737517213,
        "sum_exclusive_mean_cores": 0.2776653494847283,
        "stages": [
          {
            "stage": "map_prob_update",
            "calls": 301,
            "inclusive_cpu_s": 2.8220535599999996,
            "exclusive_cpu_s": 2.8220535599999996,
            "mean_used_cores_exclusive": 0.09388800130824397,
            "inclusive_cpu_ms_per_call": 9.37559322259136,
            "clock_errors": 0
          },
          {
            "stage": "planner_exp_optimize",
            "calls": 190,
            "inclusive_cpu_s": 2.111041636,
            "exclusive_cpu_s": 2.111041636,
            "mean_used_cores_exclusive": 0.07023306810751158,
            "inclusive_cpu_ms_per_call": 11.110745452631578,
            "clock_errors": 0
          },
          {
            "stage": "planner_backup_optimize",
            "calls": 174,
            "inclusive_cpu_s": 0.9184117650000001,
            "exclusive_cpu_s": 0.9184117650000001,
            "mean_used_cores_exclusive": 0.03055499945714236,
            "inclusive_cpu_ms_per_call": 5.278228534482759,
            "clock_errors": 0
          },
          {
            "stage": "map_snapshot_commit_health",
            "calls": 301,
            "inclusive_cpu_s": 0.62733326,
            "exclusive_cpu_s": 0.62733326,
            "mean_used_cores_exclusive": 0.02087099506913149,
            "inclusive_cpu_ms_per_call": 2.08416365448505,
            "clock_errors": 0
          },
          {
            "stage": "planner_path_search",
            "calls": 177,
            "inclusive_cpu_s": 0.546914212,
            "exclusive_cpu_s": 0.546914212,
            "mean_used_cores_exclusive": 0.018195502374431627,
            "inclusive_cpu_ms_per_call": 3.089910802259887,
            "clock_errors": 0
          },
          {
            "stage": "planner_generate_backup",
            "calls": 194,
            "inclusive_cpu_s": 1.432465872,
            "exclusive_cpu_s": 0.514054107,
            "mean_used_cores_exclusive": 0.017102266716200874,
            "inclusive_cpu_ms_per_call": 7.383844701030927,
            "clock_errors": 0
          },
          {
            "stage": "planner_corridor_search",
            "calls": 190,
            "inclusive_cpu_s": 0.32870796500000005,
            "exclusive_cpu_s": 0.32870796500000005,
            "mean_used_cores_exclusive": 0.010935913579170418,
            "inclusive_cpu_ms_per_call": 1.7300419210526319,
            "clock_errors": 0
          },
          {
            "stage": "fsm_command_callback",
            "calls": 3006,
            "inclusive_cpu_s": 0.166325524,
            "exclusive_cpu_s": 0.166325524,
            "mean_used_cores_exclusive": 0.0055335487732225625,
            "inclusive_cpu_ms_per_call": 0.05533117897538257,
            "clock_errors": 0
          },
          {
            "stage": "planner_validate_geometry",
            "calls": 2766,
            "inclusive_cpu_s": 0.132425399,
            "exclusive_cpu_s": 0.132425399,
            "mean_used_cores_exclusive": 0.004405712283701919,
            "inclusive_cpu_ms_per_call": 0.0478761384671005,
            "clock_errors": 0
          },
          {
            "stage": "map_ack_and_log",
            "calls": 301,
            "inclusive_cpu_s": 0.036703169,
            "exclusive_cpu_s": 0.036703169,
            "mean_used_cores_exclusive": 0.0012210920543579973,
            "inclusive_cpu_ms_per_call": 0.12193743853820599,
            "clock_errors": 0
          },
          {
            "stage": "map_ros_to_pcl",
            "calls": 300,
            "inclusive_cpu_s": 0.025575497000000003,
            "exclusive_cpu_s": 0.025575497000000003,
            "mean_used_cores_exclusive": 0.0008508811915656874,
            "inclusive_cpu_ms_per_call": 0.08525165666666668,
            "clock_errors": 0
          },
          {
            "stage": "guard_certificate",
            "calls": 6383,
            "inclusive_cpu_s": 0.057316265,
            "exclusive_cpu_s": 0.024666847,
            "mean_used_cores_exclusive": 0.0008206509600782538,
            "inclusive_cpu_ms_per_call": 0.008979518251605829,
            "clock_errors": 0
          },
          {
            "stage": "planner_generate_exp",
            "calls": 196,
            "inclusive_cpu_s": 3.0023463009999998,
            "exclusive_cpu_s": 0.015682488,
            "mean_used_cores_exclusive": 0.0005217468139975773,
            "inclusive_cpu_ms_per_call": 15.318093372448978,
            "clock_errors": 0
          },
          {
            "stage": "fsm_main_callback",
            "calls": 3005,
            "inclusive_cpu_s": 0.10539263099999999,
            "exclusive_cpu_s": 0.015227715,
            "mean_used_cores_exclusive": 0.0005066167935670103,
            "inclusive_cpu_ms_per_call": 0.035072422961730444,
            "clock_errors": 0
          },
          {
            "stage": "fsm_main_core",
            "calls": 3005,
            "inclusive_cpu_s": 0.043253616,
            "exclusive_cpu_s": 0.01132935,
            "mean_used_cores_exclusive": 0.00037692056688731095,
            "inclusive_cpu_ms_per_call": 0.014393882196339434,
            "clock_errors": 0
          },
          {
            "stage": "planner_stop_viability",
            "calls": 421,
            "inclusive_cpu_s": 0.097668697,
            "exclusive_cpu_s": 0.010898965,
            "mean_used_cores_exclusive": 0.000362601920347148,
            "inclusive_cpu_ms_per_call": 0.23199215439429927,
            "clock_errors": 0
          },
          {
            "stage": "fsm_replan_core",
            "calls": 196,
            "inclusive_cpu_s": 4.4793594809999995,
            "exclusive_cpu_s": 0.009383758999999998,
            "mean_used_cores_exclusive": 0.00031219194056268944,
            "inclusive_cpu_ms_per_call": 22.85387490306122,
            "clock_errors": 0
          },
          {
            "stage": "planner_visualize_path",
            "calls": 3004,
            "inclusive_cpu_s": 0.008770686,
            "exclusive_cpu_s": 0.008770686,
            "mean_used_cores_exclusive": 0.00029179537564914153,
            "inclusive_cpu_ms_per_call": 0.0029196691078561916,
            "clock_errors": 0
          },
          {
            "stage": "fsm_replan_callback",
            "calls": 453,
            "inclusive_cpu_s": 4.558234973999999,
            "exclusive_cpu_s": 0.007103775999999999,
            "mean_used_cores_exclusive": 0.0002363382962800579,
            "inclusive_cpu_ms_per_call": 10.06232886092715,
            "clock_errors": 0
          },
          {
            "stage": "planner_commit",
            "calls": 190,
            "inclusive_cpu_s": 0.045178429,
            "exclusive_cpu_s": 0.0042937800000000005,
            "mean_used_cores_exclusive": 0.00014285144264140467,
            "inclusive_cpu_ms_per_call": 0.2377812052631579,
            "clock_errors": 0
          },
          {
            "stage": "planner_velocity_extrema",
            "calls": 369,
            "inclusive_cpu_s": 0.003418188,
            "exclusive_cpu_s": 0.003418188,
            "mean_used_cores_exclusive": 0.00011372103065819341,
            "inclusive_cpu_ms_per_call": 0.009263382113821137,
            "clock_errors": 0
          },
          {
            "stage": "map_cloud_enqueue",
            "calls": 300,
            "inclusive_cpu_s": 0.002179914,
            "exclusive_cpu_s": 0.002179914,
            "mean_used_cores_exclusive": 7.252440966565474e-05,
            "inclusive_cpu_ms_per_call": 0.007266379999999999,
            "clock_errors": 0
          },
          {
            "stage": "map_worker",
            "calls": 301,
            "inclusive_cpu_s": 3.5139870899999996,
            "exclusive_cpu_s": 0.002171958,
            "mean_used_cores_exclusive": 7.225971839650377e-05,
            "inclusive_cpu_ms_per_call": 11.674375714285713,
            "clock_errors": 0
          },
          {
            "stage": "fsm_poly_publish",
            "calls": 178,
            "inclusive_cpu_s": 0.0131387,
            "exclusive_cpu_s": 0.001296967,
            "mean_used_cores_exclusive": 4.31493013168571e-05,
            "inclusive_cpu_ms_per_call": 0.0738129213483146,
            "clock_errors": 0
          },
          {
            "stage": "guard_brake",
            "calls": 0,
            "inclusive_cpu_s": 0.0,
            "exclusive_cpu_s": 0.0,
            "mean_used_cores_exclusive": 0.0,
            "inclusive_cpu_ms_per_call": null,
            "clock_errors": 0
          },
          {
            "stage": "guard_recover",
            "calls": 0,
            "inclusive_cpu_s": 0.0,
            "exclusive_cpu_s": 0.0,
            "mean_used_cores_exclusive": 0.0,
            "inclusive_cpu_ms_per_call": null,
            "clock_errors": 0
          }
        ]
      }
    ],
    "scope": "thread CPU in instrumented stages only; common periodic report window within flight; not full cgroup window"
  }
}
