[INFO] [launch]: All log files can be found below /root/.ros/log/2026-08-14-14-18-03-345531-livox-3139035
[INFO] [launch]: Default logging verbosity is set to INFO
[INFO] [waypoint_mission-1]: process started with pid [3139036]
[INFO] [perfect_drone_node-2]: process started with pid [3139038]
[INFO] [fsm_node-3]: process started with pid [3139040]
[waypoint_mission-1] [WARN] [1786684683.405137648] [waypoint_mission]:  -- [MissionPlanner] Load config by file name: /root/super_ws/src/SUPER/mission_planner/config/waypoint.yaml
[waypoint_mission-1] [WARN] [1786684683.405296902] [waypoint_mission]:  -- [MissionPlanner] Load data by file name: /root/super_ws/src/SUPER/mission_planner/data/loop24.txt
[fsm_node-3]  -- [Bench] Use sim time is false, begin replay.
[fsm_node-3] Load config file: /root/super_ws/src/SUPER/super_planner/config/static_seedmaps_guard_v10.yaml
[fsm_node-3] [0;32m Load param fsm/timer_en success: [0;0m1
[fsm_node-3] [0;32m Load param fsm/click_goal_en success: [0;0m1
[fsm_node-3] [0;32m Load param fsm/click_yaw_en success: [0;0m1
[fsm_node-3] [0;32m Load param fsm/replan_rate success: [0;0m15
[fsm_node-3] [0;32m Load param fsm/click_height success: [0;0m1.5
[fsm_node-3] [0;32m Load param fsm/cmd_topic success: [0;0m/planning/pos_cmd
[fsm_node-3] [0;32m Load param fsm/mpc_cmd_topic success: [0;0m/planning_cmd/poly_traj
[fsm_node-3] [0;32m Load param fsm/click_goal_topic success: [0;0m/planning/click_goal
[fsm_node-3] [0;33m Load param fsm/map_readiness/enable failed, use default value: [0;0m0
[fsm_node-3] [0;33m Load param fsm/map_readiness/min_accepted_scans failed, use default value: [0;0m5
[fsm_node-3] [0;33m Load param fsm/map_readiness/min_committed_scans failed, use default value: [0;0m5
[fsm_node-3] [0;33m Load param fsm/map_readiness/max_commit_lag_scans failed, use default value: [0;0m5
[fsm_node-3] [0;33m Load param fsm/map_readiness/min_scan_span_s failed, use default value: [0;0m1
[fsm_node-3] [0;33m Load param fsm/map_readiness/max_cloud_age_s failed, use default value: [0;0m0.75
[fsm_node-3] [0;33m Load param fsm/map_readiness/max_map_age_s failed, use default value: [0;0m0.75
[fsm_node-3] [0;32m Load param fsm/trajectory_guard/enable success: [0;0m1
[fsm_node-3] [0;32m Load param fsm/trajectory_guard/shadow success: [0;0m0
[fsm_node-3] [0;32m Load param fsm/trajectory_guard/max_map_age_s success: [0;0m1.25
[fsm_node-3] [0;32m Load param fsm/trajectory_guard/validation_sample_dt_s success: [0;0m0.005
[fsm_node-3] [0;32m Load param fsm/trajectory_guard/shadow_min_interval_s success: [0;0m0
[fsm_node-3] [0;32m Load param fsm/trajectory_guard/additional_clearance_m success: [0;0m0
[fsm_node-3] [0;33m Load param fsm/trajectory_guard/brake_min_duration_s failed, use default value: [0;0m0.4
[fsm_node-3] [0;32m Load param fsm/trajectory_guard/brake_max_duration_s success: [0;0m3
[fsm_node-3] [0;32m Load param fsm/trajectory_guard/brake_max_acc_mps2 success: [0;0m20
[fsm_node-3] [0;32m Load param fsm/trajectory_guard/brake_max_jerk_mps3 success: [0;0m120
[fsm_node-3] [0;32m Load param super_planner/yaw_dot_max success: [0;0m3
[fsm_node-3] [0;32m Load param super_planner/visualization_en success: [0;0m0
[fsm_node-3] [0;32m Load param rog_map/resolution success: [0;0m0.05
[fsm_node-3] Load config file: /root/super_ws/src/SUPER/super_planner/config/static_seedmaps_guard_v10.yaml
[fsm_node-3] [0;32m Load param rog_map/esdf/resolution success: [0;0m0.1
[fsm_node-3] [0;32m Load param rog_map/esdf/enable success: [0;0m0
[fsm_node-3] [0;32m Load param rog_map/esdf/local_update_box success: [0;0m[5 5 3 ]
[fsm_node-3] [0;32m Load param rog_map/load_pcd_en success: [0;0m0
[fsm_node-3] [0;32m Load param rog_map/map_sliding/enable success: [0;0m0
[fsm_node-3] [0;32m Load param rog_map/map_sliding/threshold success: [0;0m3
[fsm_node-3] [0;32m Load param rog_map/fix_map_origin success: [0;0m[0 0 1.5 ]
[fsm_node-3] [0;32m Load param rog_map/frontier_extraction_en success: [0;0m0
[fsm_node-3] [0;32m Load param rog_map/ros_callback/enable success: [0;0m1
[fsm_node-3] [0;32m Load param rog_map/ros_callback/cloud_topic success: [0;0m/cloud_sector
[fsm_node-3] [0;32m Load param rog_map/ros_callback/odom_topic success: [0;0m/lidar_slam/odom
[fsm_node-3] [0;32m Load param rog_map/ros_callback/odom_timeout success: [0;0m2
[fsm_node-3] [0;32m Load param rog_map/visualization/enable success: [0;0m0
[fsm_node-3] [0;32m Load param rog_map/visualization/use_dynamic_reconfigure success: [0;0m0
[fsm_node-3] [0;32m Load param rog_map/visualization/pub_unknown_map_en success: [0;0m0
[fsm_node-3] [0;32m Load param rog_map/visualization/frame_id success: [0;0mworld
[fsm_node-3] [0;32m Load param rog_map/visualization/time_rate success: [0;0m2
[fsm_node-3] [0;32m Load param rog_map/visualization/frame_rate success: [0;0m0
[fsm_node-3] [0;32m Load param rog_map/visualization/range success: [0;0m[15 15 4 ]
[fsm_node-3] [0;32m Load param rog_map/resolution success: [0;0m0.05
[fsm_node-3] [0;32m Load param rog_map/inflation_resolution success: [0;0m0.1
[fsm_node-3] [0;32m Load param rog_map/unk_inflation_en success: [0;0m0
[fsm_node-3] [0;32m Load param rog_map/unk_inflation_step success: [0;0m1
[fsm_node-3] [0;32m Load param rog_map/inflation_step success: [0;0m3
[fsm_node-3] [0;32m Load param rog_map/intensity_thresh success: [0;0m-10
[fsm_node-3] [0;32m Load param rog_map/map_size success: [0;0m[70 70 6 ]
[perfect_drone_node-2] [WARN] [1786684683.500788882] [perfect_tracking]:  -- [MissionPlanner] Load config by file name: /root/super_ws/src/SUPER/mars_uav_sim/perfect_drone_sim/config/seed6.yaml
[fsm_node-3] [0;32m Load param rog_map/point_filt_num success: [0;0m1
[fsm_node-3] [0;32m Load param rog_map/raycasting/enable success: [0;0m0
[fsm_node-3] [0;32m Load param rog_map/raycasting/batch_update_size success: [0;0m1
[fsm_node-3] [0;32m Load param rog_map/raycasting/unk_thresh success: [0;0m1
[fsm_node-3] [0;32m Load param rog_map/raycasting/p_hit success: [0;0m0.9
[fsm_node-3] [0;32m Load param rog_map/raycasting/p_miss success: [0;0m0.49
[fsm_node-3] [0;32m Load param rog_map/raycasting/p_min success: [0;0m0.12
[fsm_node-3] [0;32m Load param rog_map/raycasting/p_max success: [0;0m0.98
[fsm_node-3] [0;32m Load param rog_map/raycasting/p_occ success: [0;0m0.85
[fsm_node-3] [0;32m Load param rog_map/raycasting/p_free success: [0;0m0.499
[fsm_node-3] [0;32m Load param rog_map/raycasting/p_free success: [0;0m0.499
[fsm_node-3] [0;32m Load param rog_map/raycasting/ray_range success: [0;0m[0.5 100 ]
[fsm_node-3] [0;32m Load param rog_map/raycasting/local_update_box success: [0;0m[100 100 5 ]
[fsm_node-3] [0;32m Load param rog_map/virtual_ground_height success: [0;0m-0.1
[fsm_node-3] [0;32m Load param rog_map/virtual_ceil_height success: [0;0m3.5
[fsm_node-3] [32m -- [RM-Config] inflation_resolution: 0.1[0m
[fsm_node-3]  -- [ROG-Map] Init, resetMapSize: ORIGIN_AT_CORNER.
[fsm_node-3]  -- [ROG-Map] Init, resetMapSize: virtual_ceil_height: 3.1500000000000004, virtual_ground_height: 0.25.
[fsm_node-3] [34m	[ROG] n_free: 1[0m
[fsm_node-3] [34m	[ROG] n_occ: 1[0m
[fsm_node-3] [34m	[ROG] l_hit: 2.19722[0m
[fsm_node-3] [34m	[ROG] l_miss: -0.0400053[0m
[fsm_node-3] [34m	[ROG] l_min: -1.99243[0m
[fsm_node-3] [34m	[ROG] l_max: 3.89182[0m
[fsm_node-3] [34m	[ROG] l_occ: 1.7346[0m
[fsm_node-3] [34m	[ROG] l_free: -0.00399995[0m
[fsm_node-3] [33m -- [Inf-Map] Clear all local map.[0m
[fsm_node-3] [32m -- [CounterMap] Init successfully -- .[0m
[fsm_node-3] [32m	resolution: 0.1[0m
[fsm_node-3] [32m	map_sliding_en: 0[0m
[fsm_node-3] [32m	local_map_size_i: 709 709  69[0m
[fsm_node-3] [32m	local_map_size_d: 70.9 70.9  6.9[0m
[fsm_node-3] [33m -- [Inf-Map] Clear all local map.[0m
[fsm_node-3] [32m -- [InfMap] Init successfully -- .[0m
[fsm_node-3] [32m	resolution: 0.1[0m
[fsm_node-3] [32m	map_sliding_en: 0[0m
[fsm_node-3] [32m	local_map_size_i: 709 709  69[0m
[fsm_node-3] [32m	local_map_size_d: 70.9 70.9  6.9[0m
[fsm_node-3] [ProbMap] virtual_ceil_height: 3.15
[fsm_node-3] [ProbMap] virtual_ground_height: 0.25
[fsm_node-3] [33m -- [ProbMap] Map sliding disabled, set origin to [  0   0 1.5] -- [0m
[perfect_drone_node-2] Failed to find match for field 'intensity'.
[fsm_node-3] [33m -- [Prob-Map] Clear all local map.[0m
[fsm_node-3] [32m -- [ProbMap] Init successfully -- .[0m
[fsm_node-3] [32m	resolution: 0.05[0m
[fsm_node-3] [32m	map_sliding_en: 0[0m
[fsm_node-3] [32m	local_map_size_i: 1401 1401  121[0m
[fsm_node-3] [32m	local_map_size_d: 70.05 70.05  6.05[0m
[fsm_node-3] [38;2;000;128;000m -- [ROGMap] Immutable planner snapshot enabled (fixed occupancy-only map).
[fsm_node-3] [0mLoad config file: /root/super_ws/src/SUPER/super_planner/config/static_seedmaps_guard_v10.yaml
[fsm_node-3] Load config file: /root/super_ws/src/SUPER/super_planner/config/static_seedmaps_guard_v10.yaml
[fsm_node-3] [0;32m Load param traj_opt/switch/print_optimizer_log success: [0;0m0
[fsm_node-3] [0;32m Load param traj_opt/flatness/mass success: [0;0m1.64
[fsm_node-3] [0;32m Load param traj_opt/flatness/dh success: [0;0m0.35
[fsm_node-3] [0;32m Load param traj_opt/flatness/dv success: [0;0m0.35
[fsm_node-3] [0;32m Load param traj_opt/flatness/grav success: [0;0m9.81
[fsm_node-3] [0;32m Load param traj_opt/flatness/cp success: [0;0m0.001
[fsm_node-3] [0;32m Load param traj_opt/flatness/v_eps success: [0;0m0.0001
[fsm_node-3] [0;32m Load param traj_opt/switch/save_log_en success: [0;0m0
[fsm_node-3] [0;32m Load param traj_opt/exp_traj/pos_constraint_type success: [0;0m1
[fsm_node-3] [0;33m Load param traj_opt/exp_traj/piece_num failed, use default value: [0;0m1
[fsm_node-3] [0;33m Load param traj_opt/exp_traj/uniform_time_en failed, use default value: [0;0m0
[fsm_node-3] [0;32m Load param traj_opt/exp_traj/block_energy_cost success: [0;0m0
[fsm_node-3] [0;32m Load param traj_opt/exp_traj/opt_accuracy success: [0;0m5e-06
[fsm_node-3] [0;32m Load param traj_opt/exp_traj/integral_reso success: [0;0m15
[fsm_node-3] [0;32m Load param traj_opt/exp_traj/smooth_eps success: [0;0m0.01
[fsm_node-3] [0;32m Load param traj_opt/boundary/max_vel success: [0;0m10
[fsm_node-3] [0;32m Load param traj_opt/boundary/max_acc success: [0;0m20
[fsm_node-3] [0;32m Load param traj_opt/boundary/max_jerk success: [0;0m120
[fsm_node-3] [0;32m Load param traj_opt/boundary/max_omg success: [0;0m2.5
[fsm_node-3] [0;32m Load param traj_opt/boundary/max_acc_thr success: [0;0m17
[fsm_node-3] [0;32m Load param traj_opt/boundary/min_acc_thr success: [0;0m6
[fsm_node-3] [0;32m Load param traj_opt/boundary/penna_margin success: [0;0m0.05
[fsm_node-3] [0;33m Load param traj_opt/exp_traj/penna_scale failed, use default value: [0;0m-1
[fsm_node-3] [0;32m Load param traj_opt/exp_traj/penna_t success: [0;0m1e+07
[fsm_node-3] [0;33m Load param traj_opt/exp_traj/penna_ts failed, use default value: [0;0m-1
[fsm_node-3] [0;32m Load param traj_opt/exp_traj/penna_pos success: [0;0m5e+09
[fsm_node-3] [0;33m Load param traj_opt/exp_traj/penna_clr failed, use default value: [0;0m-1
[fsm_node-3] [0;33m Load param traj_opt/exp_traj/clearance_margin failed, use default value: [0;0m0
[fsm_node-3] [0;32m Load param traj_opt/exp_traj/penna_vel success: [0;0m5e+08
[fsm_node-3] [0;32m Load param traj_opt/exp_traj/penna_acc success: [0;0m5e+08
[fsm_node-3] [0;32m Load param traj_opt/exp_traj/penna_jerk success: [0;0m-5e+08
[fsm_node-3] [0;32m Load param traj_opt/exp_traj/penna_attract success: [0;0m5e+08
[fsm_node-3] [0;32m Load param traj_opt/exp_traj/penna_omg success: [0;0m-1
[fsm_node-3] [0;32m Load param traj_opt/exp_traj/penna_thr success: [0;0m-1
[fsm_node-3] Load config file: /root/super_ws/src/SUPER/super_planner/config/static_seedmaps_guard_v10.yaml
[fsm_node-3] [0;32m Load param traj_opt/switch/print_optimizer_log success: [0;0m0
[fsm_node-3] [0;32m Load param traj_opt/flatness/mass success: [0;0m1.64
[fsm_node-3] [0;32m Load param traj_opt/flatness/dh success: [0;0m0.35
[fsm_node-3] [0;32m Load param traj_opt/flatness/dv success: [0;0m0.35
[fsm_node-3] [0;32m Load param traj_opt/flatness/grav success: [0;0m9.81
[fsm_node-3] [0;32m Load param traj_opt/flatness/cp success: [0;0m0.001
[fsm_node-3] [0;32m Load param traj_opt/flatness/v_eps success: [0;0m0.0001
[fsm_node-3] [0;32m Load param traj_opt/switch/save_log_en success: [0;0m0
[fsm_node-3] [0;32m Load param traj_opt/backup_traj/pos_constraint_type success: [0;0m2
[fsm_node-3] [0;32m Load param traj_opt/backup_traj/piece_num success: [0;0m2
[fsm_node-3] [0;32m Load param traj_opt/backup_traj/uniform_time_en success: [0;0m1
[fsm_node-3] [0;32m Load param traj_opt/backup_traj/block_energy_cost success: [0;0m1
[fsm_node-3] [0;32m Load param traj_opt/backup_traj/opt_accuracy success: [0;0m1e-05
[fsm_node-3] [0;32m Load param traj_opt/backup_traj/integral_reso success: [0;0m12
[fsm_node-3] [0;32m Load param traj_opt/backup_traj/smooth_eps success: [0;0m0.01
[fsm_node-3] [0;32m Load param traj_opt/boundary/max_vel success: [0;0m10
[fsm_node-3] [0;32m Load param traj_opt/boundary/max_acc success: [0;0m20
[fsm_node-3] [0;32m Load param traj_opt/boundary/max_jerk success: [0;0m120
[fsm_node-3] [0;32m Load param traj_opt/boundary/max_omg success: [0;0m2.5
[fsm_node-3] [0;32m Load param traj_opt/boundary/max_acc_thr success: [0;0m17
[fsm_node-3] [0;32m Load param traj_opt/boundary/min_acc_thr success: [0;0m6
[fsm_node-3] [0;32m Load param traj_opt/boundary/penna_margin success: [0;0m0.05
[fsm_node-3] [0;33m Load param traj_opt/backup_traj/penna_scale failed, use default value: [0;0m-1
[fsm_node-3] [0;32m Load param traj_opt/backup_traj/penna_t success: [0;0m100
[fsm_node-3] [0;32m Load param traj_opt/backup_traj/penna_ts success: [0;0m1e+07
[fsm_node-3] [0;32m Load param traj_opt/backup_traj/penna_pos success: [0;0m1e+10
[fsm_node-3] [0;33m Load param traj_opt/backup_traj/penna_clr failed, use default value: [0;0m-1
[fsm_node-3] [0;33m Load param traj_opt/backup_traj/clearance_margin failed, use default value: [0;0m0
[fsm_node-3] [0;32m Load param traj_opt/backup_traj/penna_vel success: [0;0m1e+08
[fsm_node-3] [0;32m Load param traj_opt/backup_traj/penna_acc success: [0;0m1e+08
[fsm_node-3] [0;32m Load param traj_opt/backup_traj/penna_jerk success: [0;0m-1e+06
[fsm_node-3] [0;33m Load param traj_opt/backup_traj/penna_attract failed, use default value: [0;0m-1
[fsm_node-3] [0;32m Load param traj_opt/backup_traj/penna_omg success: [0;0m-1
[fsm_node-3] [0;32m Load param traj_opt/backup_traj/penna_thr success: [0;0m-1
[fsm_node-3] [0;32m Load param super_planner/print_log success: [0;0m0
[fsm_node-3] [0;32m Load param super_planner/detailed_log_en success: [0;0m1
[fsm_node-3] [0;32m Load param super_planner/visualization_en success: [0;0m0
[fsm_node-3] [0;32m Load param super_planner/backup_traj_en success: [0;0m1
[fsm_node-3] [0;32m Load param super_planner/goal_vel_en success: [0;0m0
[fsm_node-3] [0;32m Load param super_planner/goal_yaw_en success: [0;0m0
[fsm_node-3] [0;32m Load param super_planner/visual_process success: [0;0m0
[fsm_node-3] [0;32m Load param super_planner/use_fov_cut success: [0;0m0
[fsm_node-3] [0;33m Load param super_planner/fov_horizontal_angle failed, use default value: [0;0m-1
[fsm_node-3] [0;33m Load param super_planner/fov_center_heading failed, use default value: [0;0m0
[fsm_node-3] [0;32m Load param super_planner/frontend_in_known_free success: [0;0m0
[fsm_node-3] [0;32m Load param fsm/trajectory_guard/enable success: [0;0m1
[fsm_node-3] [0;32m Load param fsm/trajectory_guard/shadow success: [0;0m0
[fsm_node-3] [0;32m Load param fsm/trajectory_guard/validation_sample_dt_s success: [0;0m0.005
[fsm_node-3] [0;32m Load param fsm/trajectory_guard/shadow_min_interval_s success: [0;0m0
[fsm_node-3] [0;32m Load param fsm/trajectory_guard/additional_clearance_m success: [0;0m0
[fsm_node-3] [0;32m Load param fsm/trajectory_guard/escape_max_duration_s success: [0;0m1
[fsm_node-3] [0;32m Load param super_planner/safe_corridor_line_max_length success: [0;0m6
[fsm_node-3] [0;32m Load param super_planner/sensing_horizon success: [0;0m-1
[fsm_node-3] [0;32m Load param super_planner/obs_skip_num success: [0;0m2
[fsm_node-3] [0;32m Load param super_planner/replan_forward_dt success: [0;0m0.1
[fsm_node-3] [0;32m Load param super_planner/corridor_bound_dis success: [0;0m0.8
[fsm_node-3] [0;32m Load param super_planner/corridor_line_max_length success: [0;0m1
[fsm_node-3] [0;32m Load param super_planner/planning_horizon success: [0;0m7
[fsm_node-3] [0;32m Load param super_planner/receding_dis success: [0;0m1
[fsm_node-3] [0;32m Load param super_planner/robot_r success: [0;0m0.2
[fsm_node-3] [0;32m Load param super_planner/corridor_use_inflated_obstacles success: [0;0m0
[fsm_node-3] [0;32m Load param super_planner/corridor_use_inflated_seed_lines success: [0;0m1
[fsm_node-3] [0;32m Load param super_planner/corridor_min_margin success: [0;0m0.2
[fsm_node-3] [0;32m Load param super_planner/corridor_pref_margin success: [0;0m0.3
[fsm_node-3] [0;32m Load param super_planner/iris_iter_num success: [0;0m2
[fsm_node-3] [0;32m Load param super_planner/yaw_mode success: [0;0m1
[fsm_node-3] [0;32m Load param super_planner/mpc_horizon success: [0;0m15
[fsm_node-3] [0;32m Load param super_planner/yaw_dot_max success: [0;0m3
[fsm_node-3] [0;32m Load param rog_map/resolution success: [0;0m0.05
[fsm_node-3] [INFO] [1786684685.174393744] [fsm_node]:  -- [TRAJ_GUARD] mode=enforce sample_dt=0.0050s shadow_min_interval=0.000s inflation_radius=0.300m robot_r=0.200m additional_clearance=0.000m hard_clearance=0.300m clearance_offsets=0
[fsm_node-3] [38;2;050;205;050m -- [Viz] Set resolution_ to 0.05
[fsm_node-3] [0m[38;2;050;205;050m -- [Viz] Set visualization_en_ to false
[fsm_node-3] [0mLoad config file: /root/super_ws/src/SUPER/super_planner/config/static_seedmaps_guard_v10.yaml
[fsm_node-3] [0;32m Load param astar/map_voxel_num success: [0;0m[500 500 100 ]
[fsm_node-3] [0;32m Load param astar/allow_diag success: [0;0m1
[fsm_node-3] [0;32m Load param astar/debug_visualization_en success: [0;0m0
[fsm_node-3] [0;32m Load param astar/heu_type success: [0;0m2
[fsm_node-3] [0;32m Load param astar/visual_process success: [0;0m0
[fsm_node-3] [32m -- [RM] Init Astar-map.[0m
[fsm_node-3] [34m	map index size: 250 250  50[0m
[fsm_node-3] [34m	map vox_num: 501 501 101[0m
[fsm_node-3] [33m -- [Fsm] CLICKGOAL ENABLE.[0m
[fsm_node-3] [INFO] [1786684687.480440575] [fsm_node]: [32m -- [Fsm-Test] Begin.[0m
[fsm_node-3] [38;2;000;128;000m -- [Fsm]: [MainFsmCallback] change state from [INIT] to [WAIT_GOAL].
[fsm_node-3] [0m[32m -- [Fsm] Get goal at [0m24.025 24.025  1.525
[fsm_node-3] [32m -- [Fsm] Receive click goal at: [24.025 24.025  1.525]; goal yaw: 0 deg[0m
[fsm_node-3] [INFO] [1786684688.499992732] [fsm_node]:  -- [SUPER] in [PlanFromRest] GenerateExpTrajectory SUCCESS.
[fsm_node-3] [INFO] [1786684688.705146663] [fsm_node]:  -- [TRAJ_GUARD_COMMIT] phase=PlanFromRest/with_backup gen=1 map=13 samples=242 range=[0.255,1.459] escape=false escape_done_tt=-1.000
[fsm_node-3] [38;2;000;128;000m -- [Fsm]: [MainFsmCallback] change state from [WAIT_GOAL] to [GENERATE_TRAJ].
[fsm_node-3] [0m -- [TRAJ_GUARD_CERT] trigger=poly_publish status=SAFE gen=1 map=13 map_age=0.098s samples=242 range=[0.255,1.459] collision_tt=-1.000 ttc=-1.000 p=[0.000,0.000,0.000]
[fsm_node-3] [38;2;000;128;000m -- [Fsm]: [MainFsmCallback] change state from [GENERATE_TRAJ] to [FOLLOW_TRAJ].
[fsm_node-3] [0m[32m -- [Fsm 1.215] Current state: FOLLOW_TRAJ[0m
[fsm_node-3] [WARN] [1786684688.965085026] [fsm_node]:  -- [SUPER] in [ReplanOnce]: Replan overtime, check parameters, replan dt = 0.164366571.
[fsm_node-3] [WARN] [1786684689.190214444] [fsm_node]:  -- [SUPER] in [ReplanOnce]: Replan overtime, check parameters, replan dt = 0.224661254.
[fsm_node-3] [WARN] [1786684689.310320230] [fsm_node]:  -- [SUPER] in [ReplanOnce]: Replan overtime, check parameters, replan dt = 0.119696174.
[fsm_node-3]  -- [TRAJ_GUARD_CERT] trigger=main_pre status=SAFE gen=1 map=14 map_age=0.009s samples=239 range=[0.270,1.459] collision_tt=-1.000 ttc=-1.000 p=[0.000,0.000,0.000]
[fsm_node-3]  -- [TRAJ_GUARD_CERT] trigger=main_pre status=SAFE gen=1 map=15 map_age=0.012s samples=177 range=[0.580,1.459] collision_tt=-1.000 ttc=-1.000 p=[0.000,0.000,0.000]
[fsm_node-3]  -- [TRAJ_GUARD_CERT] trigger=main_pre status=SAFE gen=1 map=16 map_age=0.016s samples=155 range=[0.690,1.459] collision_tt=-1.000 ttc=-1.000 p=[0.000,0.000,0.000]
[fsm_node-3]  -- [TRAJ_GUARD_CERT] trigger=main_pre status=SAFE gen=1 map=17 map_age=0.005s samples=139 range=[0.770,1.459] collision_tt=-1.000 ttc=-1.000 p=[0.000,0.000,0.000]
[fsm_node-3]  -- [TRAJ_GUARD_CERT] trigger=main_pre status=SAFE gen=1 map=18 map_age=0.010s samples=117 range=[0.880,1.459] collision_tt=-1.000 ttc=-1.000 p=[0.000,0.000,0.000]
[fsm_node-3] [32m -- [Fsm] Get goal at [0m24.025000000000002 24.025000000000002  1.525000000000000
[fsm_node-3] [32m -- [Fsm] Receive click goal at: [24.025000000000002 24.025000000000002  1.525000000000000]; goal yaw: 0.000000000000000 deg[0m
[fsm_node-3] [WARN] [1786684689.450985483] [fsm_node]:  -- [SUPER] in [ReplanOnce]: Replan overtime, check parameters, replan dt = 0.14039049.
[fsm_node-3] [INFO] [1786684689.532253517] [fsm_node]:  -- [TRAJ_GUARD_COMMIT] phase=ReplanOnce/with_backup gen=2 map=18 samples=206 range=[0.081,1.105] escape=false escape_done_tt=-1.000
[fsm_node-3] [32m -- [Fsm] ReplanOnce succeed.[0m
[fsm_node-3] [WARN] [1786684689.643256248] [fsm_node]:  -- [SUPER] in [ReplanOnce]: Replan overtime, check parameters, replan dt = 0.110411652.
[fsm_node-3] [INFO] [1786684689.692755500] [fsm_node]:  -- [TRAJ_GUARD_COMMIT] phase=ReplanOnce/with_backup gen=3 map=18 samples=178 range=[0.049,0.933] escape=false escape_done_tt=-1.000
[fsm_node-3]  -- [TRAJ_GUARD_CERT] trigger=poly_publish status=SAFE gen=2 map=18 map_age=0.212s samples=206 range=[0.081,1.105] collision_tt=-1.000 ttc=-1.000 p=[0.000,0.000,0.000]
[fsm_node-3] [32m -- [Fsm] ReplanOnce succeed.[0m
[fsm_node-3]  -- [TRAJ_GUARD_CERT] trigger=poly_publish status=SAFE gen=3 map=18 map_age=0.373s samples=178 range=[0.049,0.933] collision_tt=-1.000 ttc=-1.000 p=[0.000,0.000,0.000]
[fsm_node-3] [32m -- [Fsm 2.220] Current state: FOLLOW_TRAJ[0m
[fsm_node-3] [INFO] [1786684689.746504252] [fsm_node]:  -- [TRAJ_GUARD_COMMIT] phase=ReplanOnce/with_backup gen=4 map=18 samples=191 range=[0.053,1.000] escape=false escape_done_tt=-1.000
[fsm_node-3] [32m -- [Fsm] ReplanOnce succeed.[0m
[fsm_node-3] [INFO] [1786684689.789775562] [fsm_node]:  -- [TRAJ_GUARD_COMMIT] phase=ReplanOnce/with_backup gen=5 map=18 samples=196 range=[0.043,1.016] escape=false escape_done_tt=-1.000
[fsm_node-3]  -- [TRAJ_GUARD_CERT] trigger=poly_publish status=SAFE gen=4 map=18 map_age=0.426s samples=191 range=[0.053,1.000] collision_tt=-1.000 ttc=-1.000 p=[0.000,0.000,0.000]
[fsm_node-3] [32m -- [Fsm] ReplanOnce succeed.[0m
[fsm_node-3] [INFO] [1786684689.831823466] [fsm_node]:  -- [TRAJ_GUARD_COMMIT] phase=ReplanOnce/with_backup gen=6 map=18 samples=161 range=[0.041,0.839] escape=false escape_done_tt=-1.000
[fsm_node-3]  -- [TRAJ_GUARD_CERT] trigger=poly_publish status=SAFE gen=5 map=18 map_age=0.470s samples=196 range=[0.043,1.016] collision_tt=-1.000 ttc=-1.000 p=[0.000,0.000,0.000]
[fsm_node-3] [32m -- [Fsm] ReplanOnce succeed.[0m
[fsm_node-3] [INFO] [1786684689.906280514] [fsm_node]:  -- [TRAJ_GUARD_COMMIT] phase=ReplanOnce/with_backup gen=7 map=18 samples=140 range=[0.050,0.741] escape=false escape_done_tt=-1.000
[fsm_node-3]  -- [TRAJ_GUARD_CERT] trigger=poly_publish status=SAFE gen=6 map=18 map_age=0.512s samples=161 range=[0.041,0.839] collision_tt=-1.000 ttc=-1.000 p=[0.000,0.000,0.000]
[fsm_node-3] [32m -- [Fsm] ReplanOnce succeed.[0m
[fsm_node-3] [INFO] [1786684689.953457395] [fsm_node]:  -- [TRAJ_GUARD_COMMIT] phase=ReplanOnce/with_backup gen=8 map=18 samples=136 range=[0.031,0.705] escape=false escape_done_tt=-1.000
[fsm_node-3]  -- [TRAJ_GUARD_CERT] trigger=poly_publish status=SAFE gen=7 map=18 map_age=0.586s samples=140 range=[0.050,0.741] collision_tt=-1.000 ttc=-1.000 p=[0.000,0.000,0.000]
[fsm_node-3] [32m -- [Fsm] ReplanOnce succeed.[0m
[fsm_node-3]  -- [TRAJ_GUARD_CERT] trigger=poly_publish status=SAFE gen=8 map=18 map_age=0.633s samples=136 range=[0.031,0.705] collision_tt=-1.000 ttc=-1.000 p=[0.000,0.000,0.000]
[fsm_node-3] [32m -- [Fsm] Get goal at [0m24.025000000000002 24.025000000000002  1.525000000000000
[fsm_node-3] [32m -- [Fsm] Receive click goal at: [24.025000000000002 24.025000000000002  1.525000000000000]; goal yaw: 0.000000000000000 deg[0m
[fsm_node-3] [ERROR] [1786684690.570990766] [fsm_node]:  -- [TRAJ_GUARD_BRAKE] trigger=main_pre_uncertified duration=0.608s speed0=0.756 max_acc=19.994 max_jerk=119.435 dynamics_ok=true path_status=SAFE stop=[4.493,5.370,1.286]
[fsm_node-3]  -- [TRAJ_GUARD_CERT] trigger=main_pre status=MAP_STALE gen=8 map=18 map_age=1.250s samples=0 range=[0.000,0.000] collision_tt=-1.000 ttc=-1.000 p=[0.000,0.000,0.000]
[fsm_node-3] [38;2;000;128;000m -- [Fsm]: [TrajectoryGuard] change state from [FOLLOW_TRAJ] to [EMER_STOP].
[fsm_node-3] [0m[38;2;000;128;000m -- [Fsm]: [TrajectoryGuardRecovery] change state from [EMER_STOP] to [GENERATE_TRAJ].
[fsm_node-3] [0m[32m -- [Fsm 5.490] Current state: GENERATE_TRAJ[0m
[fsm_node-3] [32m -- [Fsm] Get goal at [0m24.025 24.025  1.525
[fsm_node-3] [32m -- [Fsm] Receive click goal at: [24.025 24.025  1.525]; goal yaw: 0.000 deg[0m
[fsm_node-3] [INFO] [1786684693.002713833] [fsm_node]:  -- [SUPER] in [PlanFromRest] GenerateExpTrajectory SUCCESS.
[fsm_node-3] [ERROR] [1786684693.025768055] [fsm_node]:  -- [TRAJ_GUARD_REJECT] phase=PlanFromRest/with_backup segment=EXP status=CLEARANCE_MARGIN gen=9 map=19 from_tt=0.045 collision_tt=0.320 collision_p=[4.556,5.810,1.429] samples=181
[fsm_node-3] [33m -- [Fsm] PlanFromRest failed, try replan.[0m
[fsm_node-3] [32m -- [Fsm] Get goal at [0m24.025000000000002 24.025000000000002  1.525000000000000
[fsm_node-3] [32m -- [Fsm] Receive click goal at: [24.025000000000002 24.025000000000002  1.525000000000000]; goal yaw: 0.000000000000000 deg[0m
[fsm_node-3] [INFO] [1786684693.520782407] [fsm_node]:  -- [SUPER] in [PlanFromRest] GenerateExpTrajectory SUCCESS.
[fsm_node-3] [ERROR] [1786684693.543373927] [fsm_node]:  -- [TRAJ_GUARD_REJECT] phase=PlanFromRest/with_backup segment=EXP status=CLEARANCE_MARGIN gen=9 map=19 from_tt=0.062 collision_tt=0.327 collision_p=[4.562,5.801,1.481] samples=202
[fsm_node-3] [33m -- [Fsm] PlanFromRest failed, try replan.[0m
[fsm_node-3] [32m -- [Fsm 6.940] Current state: GENERATE_TRAJ[0m
[fsm_node-3] [INFO] [1786684694.462458922] [fsm_node]:  -- [SUPER] in [PlanFromRest] GenerateExpTrajectory SUCCESS.
[fsm_node-3] [ERROR] [1786684694.483579023] [fsm_node]:  -- [TRAJ_GUARD_REJECT] phase=PlanFromRest/with_backup segment=EXP status=CLEARANCE_MARGIN gen=9 map=20 from_tt=0.053 collision_tt=0.328 collision_p=[4.550,5.850,1.350] samples=181
[fsm_node-3] [33m -- [Fsm] PlanFromRest failed, try replan.[0m
[fsm_node-3] [32m -- [Fsm] Get goal at [0m24.025000000000002 24.025000000000002  1.525000000000000
[fsm_node-3] [32m -- [Fsm] Receive click goal at: [24.025000000000002 24.025000000000002  1.525000000000000]; goal yaw: 0.000000000000000 deg[0m
[fsm_node-3] [INFO] [1786684694.972934998] [fsm_node]:  -- [SUPER] in [PlanFromRest] GenerateExpTrajectory SUCCESS.
[fsm_node-3] [ERROR] [1786684694.991366113] [fsm_node]:  -- [TRAJ_GUARD_REJECT] phase=PlanFromRest/with_backup segment=EXP status=CLEARANCE_MARGIN gen=9 map=20 from_tt=0.060 collision_tt=0.325 collision_p=[4.557,5.813,1.411] samples=179
[fsm_node-3] [33m -- [Fsm] PlanFromRest failed, try replan.[0m
[fsm_node-3] [32m -- [Fsm 7.941] Current state: GENERATE_TRAJ[0m
[fsm_node-3] [INFO] [1786684695.473065727] [fsm_node]:  -- [SUPER] in [PlanFromRest] GenerateExpTrajectory SUCCESS.
[fsm_node-3] [ERROR] [1786684695.498819650] [fsm_node]:  -- [TRAJ_GUARD_REJECT] phase=PlanFromRest/with_backup segment=EXP status=CLEARANCE_MARGIN gen=9 map=20 from_tt=0.068 collision_tt=0.328 collision_p=[4.561,5.802,1.474] samples=179
[fsm_node-3] [33m -- [Fsm] PlanFromRest failed, try replan.[0m
[fsm_node-3] [32m -- [Fsm 9.630] Current state: GENERATE_TRAJ[0m
[fsm_node-3] [32m -- [Fsm] Get goal at [0m24.025 24.025  1.525
[fsm_node-3] [32m -- [Fsm] Receive click goal at: [24.025 24.025  1.525]; goal yaw: 0.000 deg[0m
[fsm_node-3] [INFO] [1786684697.139861175] [fsm_node]:  -- [SUPER] in [PlanFromRest] GenerateExpTrajectory SUCCESS.
[fsm_node-3] [ERROR] [1786684697.162332318] [fsm_node]:  -- [TRAJ_GUARD_REJECT] phase=PlanFromRest/with_backup segment=EXP status=CLEARANCE_MARGIN gen=9 map=21 from_tt=0.041 collision_tt=0.321 collision_p=[4.569,5.817,1.475] samples=188
[fsm_node-3] [33m -- [Fsm] PlanFromRest failed, try replan.[0m
[fsm_node-3] [32m -- [Fsm] Get goal at [0m24.025000000000002 24.025000000000002  1.525000000000000
[fsm_node-3] [32m -- [Fsm] Receive click goal at: [24.025000000000002 24.025000000000002  1.525000000000000]; goal yaw: 0.000000000000000 deg[0m
[fsm_node-3] [INFO] [1786684697.640364341] [fsm_node]:  -- [SUPER] in [PlanFromRest] GenerateExpTrajectory SUCCESS.
[fsm_node-3] [ERROR] [1786684697.658906850] [fsm_node]:  -- [TRAJ_GUARD_REJECT] phase=PlanFromRest/with_backup segment=EXP status=CLEARANCE_MARGIN gen=9 map=21 from_tt=0.038 collision_tt=0.318 collision_p=[4.554,5.815,1.410] samples=177
[fsm_node-3] [33m -- [Fsm] PlanFromRest failed, try replan.[0m
[fsm_node-3] [32m -- [Fsm 10.631] Current state: GENERATE_TRAJ[0m
[fsm_node-3] [INFO] [1786684698.149212924] [fsm_node]:  -- [SUPER] in [PlanFromRest] GenerateExpTrajectory SUCCESS.
[fsm_node-3] [ERROR] [1786684698.167860342] [fsm_node]:  -- [TRAJ_GUARD_REJECT] phase=PlanFromRest/with_backup segment=APPENDED_BACKUP status=CLEARANCE_MARGIN gen=9 map=21 from_tt=0.047 collision_tt=0.332 collision_p=[4.558,5.815,1.411] samples=406
[fsm_node-3] [33m -- [Fsm] PlanFromRest failed, try replan.[0m
[fsm_node-3] [32m -- [Fsm 12.131] Current state: GENERATE_TRAJ[0m
[fsm_node-3] [32m -- [Fsm] Get goal at [0m24.025 24.025  1.525
[fsm_node-3] [32m -- [Fsm] Receive click goal at: [24.025 24.025  1.525]; goal yaw: 0.000 deg[0m
[fsm_node-3] [INFO] [1786684699.639501245] [fsm_node]:  -- [SUPER] in [PlanFromRest] GenerateExpTrajectory SUCCESS.
[fsm_node-3] [ERROR] [1786684699.705815155] [fsm_node]:  -- [TRAJ_GUARD_REJECT] phase=PlanFromRest/with_backup segment=EXP status=CLEARANCE_MARGIN gen=9 map=22 from_tt=0.085 collision_tt=0.320 collision_p=[4.563,5.817,1.452] samples=184
[fsm_node-3] [33m -- [Fsm] PlanFromRest failed, try replan.[0m
[fsm_node-3] [INFO] [1786684700.145688978] [fsm_node]:  -- [SUPER] in [PlanFromRest] GenerateExpTrajectory SUCCESS.
[fsm_node-3] [ERROR] [1786684700.176675473] [fsm_node]:  -- [TRAJ_GUARD_REJECT] phase=PlanFromRest/with_backup segment=EXP status=CLEARANCE_MARGIN gen=9 map=22 from_tt=0.056 collision_tt=0.321 collision_p=[4.567,5.811,1.471] samples=194
[fsm_node-3] [33m -- [Fsm] PlanFromRest failed, try replan.[0m
[fsm_node-3] [32m -- [Fsm 13.131] Current state: GENERATE_TRAJ[0m
[fsm_node-3] [32m -- [Fsm] Get goal at [0m24.025 24.025  1.525
[fsm_node-3] [32m -- [Fsm] Receive click goal at: [24.025 24.025  1.525]; goal yaw: 0.000 deg[0m
[fsm_node-3] [INFO] [1786684700.658555761] [fsm_node]:  -- [SUPER] in [PlanFromRest] GenerateExpTrajectory SUCCESS.
[fsm_node-3] [ERROR] [1786684700.677112608] [fsm_node]:  -- [TRAJ_GUARD_REJECT] phase=PlanFromRest/with_backup segment=EXP status=CLEARANCE_MARGIN gen=9 map=22 from_tt=0.056 collision_tt=0.321 collision_p=[4.554,5.800,1.416] samples=177
[fsm_node-3] [33m -- [Fsm] PlanFromRest failed, try replan.[0m
[fsm_node-3] [32m -- [Fsm 16.331] Current state: GENERATE_TRAJ[0m
[fsm_node-3] [32m -- [Fsm] Get goal at [0m24.025 24.025  1.525
[fsm_node-3] [32m -- [Fsm] Receive click goal at: [24.025 24.025  1.525]; goal yaw: 0.000 deg[0m
[fsm_node-3] [INFO] [1786684703.842167236] [fsm_node]:  -- [SUPER] in [PlanFromRest] GenerateExpTrajectory SUCCESS.
[fsm_node-3] [ERROR] [1786684703.861138623] [fsm_node]:  -- [TRAJ_GUARD_REJECT] phase=PlanFromRest/with_backup segment=EXP status=CLEARANCE_MARGIN gen=9 map=23 from_tt=0.040 collision_tt=0.325 collision_p=[4.556,5.803,1.415] samples=184
[fsm_node-3] [33m -- [Fsm] PlanFromRest failed, try replan.[0m
[fsm_node-3] [INFO] [1786684704.344533383] [fsm_node]:  -- [SUPER] in [PlanFromRest] GenerateExpTrajectory SUCCESS.
[fsm_node-3] [ERROR] [1786684704.365902652] [fsm_node]:  -- [TRAJ_GUARD_REJECT] phase=PlanFromRest/with_backup segment=EXP status=CLEARANCE_MARGIN gen=9 map=23 from_tt=0.044 collision_tt=0.314 collision_p=[4.564,5.803,1.431] samples=184
[fsm_node-3] [33m -- [Fsm] PlanFromRest failed, try replan.[0m
[fsm_node-3] [32m -- [Fsm 17.331] Current state: GENERATE_TRAJ[0m
[fsm_node-3] [32m -- [Fsm] Get goal at [0m24.025 24.025  1.525
[fsm_node-3] [32m -- [Fsm] Receive click goal at: [24.025 24.025  1.525]; goal yaw: 0.000 deg[0m
[fsm_node-3] [INFO] [1786684704.873513923] [fsm_node]:  -- [SUPER] in [PlanFromRest] GenerateExpTrajectory SUCCESS.
[fsm_node-3] [ERROR] [1786684704.891590994] [fsm_node]:  -- [TRAJ_GUARD_REJECT] phase=PlanFromRest/with_backup segment=EXP status=CLEARANCE_MARGIN gen=9 map=23 from_tt=0.070 collision_tt=0.330 collision_p=[4.562,5.815,1.427] samples=178
[fsm_node-3] [33m -- [Fsm] PlanFromRest failed, try replan.[0m
[fsm_node-3] [INFO] [1786684705.343926757] [fsm_node]:  -- [SUPER] in [PlanFromRest] GenerateExpTrajectory SUCCESS.
[fsm_node-3] [ERROR] [1786684705.405038041] [fsm_node]:  -- [TRAJ_GUARD_REJECT] phase=PlanFromRest/with_backup segment=EXP status=CLEARANCE_MARGIN gen=9 map=24 from_tt=0.084 collision_tt=0.324 collision_p=[4.558,5.809,1.431] samples=189
[fsm_node-3] [33m -- [Fsm] PlanFromRest failed, try replan.[0m
[fsm_node-3] [32m -- [Fsm 18.331] Current state: GENERATE_TRAJ[0m
[fsm_node-3] [32m -- [Fsm] Get goal at [0m24.025 24.025  1.525
[fsm_node-3] [32m -- [Fsm] Receive click goal at: [24.025 24.025  1.525]; goal yaw: 0.000 deg[0m
[fsm_node-3] [INFO] [1786684705.848846047] [fsm_node]:  -- [SUPER] in [PlanFromRest] GenerateExpTrajectory SUCCESS.
[fsm_node-3] [ERROR] [1786684705.872307795] [fsm_node]:  -- [TRAJ_GUARD_REJECT] phase=PlanFromRest/with_backup segment=EXP status=CLEARANCE_MARGIN gen=9 map=24 from_tt=0.051 collision_tt=0.326 collision_p=[4.556,5.809,1.409] samples=182
[fsm_node-3] [33m -- [Fsm] PlanFromRest failed, try replan.[0m
[fsm_node-3] [32m -- [Fsm 27.421] Current state: GENERATE_TRAJ[0m
[fsm_node-3] [32m -- [Fsm] Get goal at [0m24.025 24.025  1.525
[fsm_node-3] [32m -- [Fsm] Receive click goal at: [24.025 24.025  1.525]; goal yaw: 0.000 deg[0m
[fsm_node-3] [INFO] [1786684714.939445010] [fsm_node]:  -- [SUPER] in [PlanFromRest] GenerateExpTrajectory SUCCESS.
[fsm_node-3] [ERROR] [1786684714.958180375] [fsm_node]:  -- [TRAJ_GUARD_REJECT] phase=PlanFromRest/with_backup segment=EXP status=CLEARANCE_MARGIN gen=9 map=25 from_tt=0.046 collision_tt=0.331 collision_p=[4.560,5.816,1.418] samples=181
[fsm_node-3] [33m -- [Fsm] PlanFromRest failed, try replan.[0m
[fsm_node-3] [INFO] [1786684715.443783742] [fsm_node]:  -- [SUPER] in [PlanFromRest] GenerateExpTrajectory SUCCESS.
[fsm_node-3] [ERROR] [1786684715.464842408] [fsm_node]:  -- [TRAJ_GUARD_REJECT] phase=PlanFromRest/with_backup segment=EXP status=CLEARANCE_MARGIN gen=9 map=25 from_tt=0.043 collision_tt=0.318 collision_p=[4.555,5.814,1.415] samples=177
[fsm_node-3] [33m -- [Fsm] PlanFromRest failed, try replan.[0m
[fsm_node-3] [32m -- [Fsm 28.431] Current state: GENERATE_TRAJ[0m
[fsm_node-3] [32m -- [Fsm] Get goal at [0m24.025 24.025  1.525
[fsm_node-3] [32m -- [Fsm] Receive click goal at: [24.025 24.025  1.525]; goal yaw: 0.000 deg[0m
[fsm_node-3] [INFO] [1786684715.958416886] [fsm_node]:  -- [SUPER] in [PlanFromRest] GenerateExpTrajectory SUCCESS.
[fsm_node-3] [ERROR] [1786684715.975862844] [fsm_node]:  -- [TRAJ_GUARD_REJECT] phase=PlanFromRest/with_backup segment=EXP status=CLEARANCE_MARGIN gen=9 map=25 from_tt=0.054 collision_tt=0.324 collision_p=[4.554,5.803,1.402] samples=178
[fsm_node-3] [33m -- [Fsm] PlanFromRest failed, try replan.[0m
[fsm_node-3] [32m -- [Fsm 29.431] Current state: GENERATE_TRAJ[0m
[fsm_node-3] [32m -- [Fsm] Get goal at [0m24.025 24.025  1.525
[fsm_node-3] [32m -- [Fsm] Receive click goal at: [24.025 24.025  1.525]; goal yaw: 0.000 deg[0m
[fsm_node-3] [INFO] [1786684716.939627939] [fsm_node]:  -- [SUPER] in [PlanFromRest] GenerateExpTrajectory SUCCESS.
[fsm_node-3] [ERROR] [1786684716.966609931] [fsm_node]:  -- [TRAJ_GUARD_REJECT] phase=PlanFromRest/with_backup segment=EXP status=CLEARANCE_MARGIN gen=9 map=26 from_tt=0.045 collision_tt=0.325 collision_p=[4.561,5.818,1.413] samples=194
[fsm_node-3] [33m -- [Fsm] PlanFromRest failed, try replan.[0m
[fsm_node-3] [INFO] [1786684717.460748837] [fsm_node]:  -- [SUPER] in [PlanFromRest] GenerateExpTrajectory SUCCESS.
[fsm_node-3] [ERROR] [1786684717.479692628] [fsm_node]:  -- [TRAJ_GUARD_REJECT] phase=PlanFromRest/with_backup segment=EXP status=CLEARANCE_MARGIN gen=9 map=26 from_tt=0.058 collision_tt=0.328 collision_p=[4.558,5.818,1.407] samples=178
[fsm_node-3] [33m -- [Fsm] PlanFromRest failed, try replan.[0m
[fsm_node-3] [32m -- [Fsm 30.432] Current state: GENERATE_TRAJ[0m
[fsm_node-3] [32m -- [Fsm] Get goal at [0m24.025 24.025  1.525
[fsm_node-3] [32m -- [Fsm] Receive click goal at: [24.025 24.025  1.525]; goal yaw: 0.000 deg[0m
[fsm_node-3] [INFO] [1786684717.957679933] [fsm_node]:  -- [SUPER] in [PlanFromRest] GenerateExpTrajectory SUCCESS.
[fsm_node-3] [ERROR] [1786684717.980259456] [fsm_node]:  -- [TRAJ_GUARD_REJECT] phase=PlanFromRest/with_backup segment=EXP status=CLEARANCE_MARGIN gen=9 map=26 from_tt=0.058 collision_tt=0.323 collision_p=[4.556,5.808,1.417] samples=176
[fsm_node-3] [33m -- [Fsm] PlanFromRest failed, try replan.[0m
[fsm_node-3] [32m -- [Fsm 32.932] Current state: GENERATE_TRAJ[0m
[fsm_node-3] [32m -- [Fsm] Get goal at [0m24.025 24.025  1.525
[fsm_node-3] [32m -- [Fsm] Receive click goal at: [24.025 24.025  1.525]; goal yaw: 0.000 deg[0m
[fsm_node-3] [INFO] [1786684720.466016176] [fsm_node]:  -- [SUPER] in [PlanFromRest] GenerateExpTrajectory SUCCESS.
[fsm_node-3] [ERROR] [1786684720.487920368] [fsm_node]:  -- [TRAJ_GUARD_REJECT] phase=PlanFromRest/with_backup segment=EXP status=CLEARANCE_MARGIN gen=9 map=27 from_tt=0.066 collision_tt=0.326 collision_p=[4.557,5.810,1.412] samples=178
[fsm_node-3] [33m -- [Fsm] PlanFromRest failed, try replan.[0m
[fsm_node-3] [32m -- [Fsm] Get goal at [0m24.025000000000002 24.025000000000002  1.525000000000000
[fsm_node-3] [32m -- [Fsm] Receive click goal at: [24.025000000000002 24.025000000000002  1.525000000000000]; goal yaw: 0.000000000000000 deg[0m
[fsm_node-3] [INFO] [1786684720.959789640] [fsm_node]:  -- [SUPER] in [PlanFromRest] GenerateExpTrajectory SUCCESS.
[fsm_node-3] [ERROR] [1786684720.995292247] [fsm_node]:  -- [TRAJ_GUARD_REJECT] phase=PlanFromRest/with_backup segment=EXP status=CLEARANCE_MARGIN gen=9 map=27 from_tt=0.063 collision_tt=0.318 collision_p=[4.561,5.810,1.459] samples=180
[fsm_node-3] [33m -- [Fsm] PlanFromRest failed, try replan.[0m
[fsm_node-3] [32m -- [Fsm 33.942] Current state: GENERATE_TRAJ[0m
[fsm_node-3] [INFO] [1786684721.475712753] [fsm_node]:  -- [SUPER] in [PlanFromRest] GenerateExpTrajectory SUCCESS.
[fsm_node-3] [ERROR] [1786684721.498843630] [fsm_node]:  -- [TRAJ_GUARD_REJECT] phase=PlanFromRest/with_backup segment=EXP status=CLEARANCE_MARGIN gen=9 map=27 from_tt=0.067 collision_tt=0.322 collision_p=[4.553,5.803,1.407] samples=185
[fsm_node-3] [33m -- [Fsm] PlanFromRest failed, try replan.[0m
[fsm_node-3] [32m -- [Fsm 35.622] Current state: GENERATE_TRAJ[0m
[fsm_node-3] [32m -- [Fsm] Get goal at [0m24.025 24.025  1.525
[fsm_node-3] [32m -- [Fsm] Receive click goal at: [24.025 24.025  1.525]; goal yaw: 0.000 deg[0m
[fsm_node-3] [INFO] [1786684723.140282806] [fsm_node]:  -- [SUPER] in [PlanFromRest] GenerateExpTrajectory SUCCESS.
[fsm_node-3] [ERROR] [1786684723.162135972] [fsm_node]:  -- [TRAJ_GUARD_REJECT] phase=PlanFromRest/with_backup segment=EXP status=CLEARANCE_MARGIN gen=9 map=28 from_tt=0.050 collision_tt=0.325 collision_p=[4.556,5.807,1.411] samples=180
[fsm_node-3] [33m -- [Fsm] PlanFromRest failed, try replan.[0m
[fsm_node-3] [32m -- [Fsm] Get goal at [0m24.025000000000002 24.025000000000002  1.525000000000000
[fsm_node-3] [32m -- [Fsm] Receive click goal at: [24.025000000000002 24.025000000000002  1.525000000000000]; goal yaw: 0.000000000000000 deg[0m
[fsm_node-3] [INFO] [1786684723.631344921] [fsm_node]:  -- [SUPER] in [PlanFromRest] GenerateExpTrajectory SUCCESS.
[fsm_node-3] [ERROR] [1786684723.659907906] [fsm_node]:  -- [TRAJ_GUARD_REJECT] phase=PlanFromRest/with_backup segment=EXP status=CLEARANCE_MARGIN gen=9 map=29 from_tt=0.047 collision_tt=0.317 collision_p=[4.566,5.801,1.470] samples=208
[fsm_node-3] [33m -- [Fsm] PlanFromRest failed, try replan.[0m
[fsm_node-3] [32m -- [Fsm 36.622] Current state: GENERATE_TRAJ[0m
[fsm_node-3] [INFO] [1786684724.133485856] [fsm_node]:  -- [SUPER] in [PlanFromRest] GenerateExpTrajectory SUCCESS.
[fsm_node-3] [ERROR] [1786684724.154444710] [fsm_node]:  -- [TRAJ_GUARD_REJECT] phase=PlanFromRest/with_backup segment=EXP status=CLEARANCE_MARGIN gen=9 map=31 from_tt=0.042 collision_tt=0.317 collision_p=[4.554,5.811,1.411] samples=176
[fsm_node-3] [33m -- [Fsm] PlanFromRest failed, try replan.[0m
[fsm_node-3] [32m -- [Fsm] Get goal at [0m24.025000000000002 24.025000000000002  1.525000000000000
[fsm_node-3] [32m -- [Fsm] Receive click goal at: [24.025000000000002 24.025000000000002  1.525000000000000]; goal yaw: 0.000000000000000 deg[0m
[fsm_node-3] [INFO] [1786684724.638563932] [fsm_node]:  -- [SUPER] in [PlanFromRest] GenerateExpTrajectory SUCCESS.
[fsm_node-3] [ERROR] [1786684724.658370376] [fsm_node]:  -- [TRAJ_GUARD_REJECT] phase=PlanFromRest/with_backup segment=EXP status=CLEARANCE_MARGIN gen=9 map=31 from_tt=0.046 collision_tt=0.331 collision_p=[4.560,5.815,1.416] samples=183
[fsm_node-3] [33m -- [Fsm] PlanFromRest failed, try replan.[0m
[fsm_node-3] [32m -- [Fsm 37.632] Current state: GENERATE_TRAJ[0m
[fsm_node-3] [INFO] [1786684725.158553194] [fsm_node]:  -- [SUPER] in [PlanFromRest] GenerateExpTrajectory SUCCESS.
[fsm_node-3] [ERROR] [1786684725.176447850] [fsm_node]:  -- [TRAJ_GUARD_REJECT] phase=PlanFromRest/with_backup segment=EXP status=CLEARANCE_MARGIN gen=9 map=33 from_tt=0.054 collision_tt=0.334 collision_p=[4.552,5.802,1.355] samples=184
[fsm_node-3] [33m -- [Fsm] PlanFromRest failed, try replan.[0m
[fsm_node-3] [32m -- [Fsm] Get goal at [0m24.025000000000002 24.025000000000002  1.525000000000000
[fsm_node-3] [32m -- [Fsm] Receive click goal at: [24.025000000000002 24.025000000000002  1.525000000000000]; goal yaw: 0.000000000000000 deg[0m
[fsm_node-3] [INFO] [1786684725.660869315] [fsm_node]:  -- [SUPER] in [PlanFromRest] GenerateExpTrajectory SUCCESS.
[fsm_node-3] [ERROR] [1786684725.699185684] [fsm_node]:  -- [TRAJ_GUARD_REJECT] phase=PlanFromRest/with_backup segment=EXP status=CLEARANCE_MARGIN gen=9 map=34 from_tt=0.077 collision_tt=0.327 collision_p=[4.557,5.813,1.405] samples=184
[fsm_node-3] [33m -- [Fsm] PlanFromRest failed, try replan.[0m
[fsm_node-3] [32m -- [Fsm 38.642] Current state: GENERATE_TRAJ[0m
[fsm_node-3] [INFO] [1786684726.154162807] [fsm_node]:  -- [SUPER] in [PlanFromRest] GenerateExpTrajectory SUCCESS.
[fsm_node-3] [ERROR] [1786684726.177171324] [fsm_node]:  -- [TRAJ_GUARD_REJECT] phase=PlanFromRest/with_backup segment=EXP status=CLEARANCE_MARGIN gen=9 map=34 from_tt=0.045 collision_tt=0.320 collision_p=[4.562,5.807,1.453] samples=189
[fsm_node-3] [33m -- [Fsm] PlanFromRest failed, try replan.[0m
[fsm_node-3] [32m -- [Fsm] Get goal at [0m24.025000000000002 24.025000000000002  1.525000000000000
[fsm_node-3] [32m -- [Fsm] Receive click goal at: [24.025000000000002 24.025000000000002  1.525000000000000]; goal yaw: 0.000000000000000 deg[0m
[fsm_node-3] [INFO] [1786684726.663265184] [fsm_node]:  -- [SUPER] in [PlanFromRest] GenerateExpTrajectory SUCCESS.
[fsm_node-3] [ERROR] [1786684726.680747339] [fsm_node]:  -- [TRAJ_GUARD_REJECT] phase=PlanFromRest/with_backup segment=EXP status=CLEARANCE_MARGIN gen=9 map=34 from_tt=0.038 collision_tt=0.318 collision_p=[4.553,5.804,1.397] samples=179
[fsm_node-3] [33m -- [Fsm] PlanFromRest failed, try replan.[0m
[fsm_node-3] [32m -- [Fsm 39.922] Current state: GENERATE_TRAJ[0m
[fsm_node-3] [INFO] [1786684727.431682176] [fsm_node]:  -- [SUPER] in [PlanFromRest] GenerateExpTrajectory SUCCESS.
[fsm_node-3] [ERROR] [1786684727.454603505] [fsm_node]:  -- [TRAJ_GUARD_REJECT] phase=PlanFromRest/with_backup segment=EXP status=CLEARANCE_MARGIN gen=9 map=35 from_tt=0.042 collision_tt=0.317 collision_p=[4.562,5.811,1.446] samples=180
[fsm_node-3] [33m -- [Fsm] PlanFromRest failed, try replan.[0m
[fsm_node-3] [32m -- [Fsm] Get goal at [0m24.025000000000002 24.025000000000002  1.525000000000000
[fsm_node-3] [32m -- [Fsm] Receive click goal at: [24.025000000000002 24.025000000000002  1.525000000000000]; goal yaw: 0.000000000000000 deg[0m
[fsm_node-3] [INFO] [1786684727.951477430] [fsm_node]:  -- [SUPER] in [PlanFromRest] GenerateExpTrajectory SUCCESS.
[fsm_node-3] [ERROR] [1786684727.978144107] [fsm_node]:  -- [TRAJ_GUARD_REJECT] phase=PlanFromRest/with_backup segment=EXP status=CLEARANCE_MARGIN gen=9 map=37 from_tt=0.056 collision_tt=0.326 collision_p=[4.557,5.816,1.391] samples=185
[fsm_node-3] [33m -- [Fsm] PlanFromRest failed, try replan.[0m
[fsm_node-3] [32m -- [Fsm 40.942] Current state: GENERATE_TRAJ[0m
[fsm_node-3] [INFO] [1786684728.468766391] [fsm_node]:  -- [SUPER] in [PlanFromRest] GenerateExpTrajectory SUCCESS.
[fsm_node-3] [ERROR] [1786684728.492387961] [fsm_node]:  -- [TRAJ_GUARD_REJECT] phase=PlanFromRest/with_backup segment=EXP status=CLEARANCE_MARGIN gen=9 map=40 from_tt=0.060 collision_tt=0.330 collision_p=[4.560,5.811,1.426] samples=183
[fsm_node-3] [33m -- [Fsm] PlanFromRest failed, try replan.[0m
[fsm_node-3] [32m -- [Fsm] Get goal at [0m24.025000000000002 24.025000000000002  1.525000000000000
[fsm_node-3] [32m -- [Fsm] Receive click goal at: [24.025000000000002 24.025000000000002  1.525000000000000]; goal yaw: 0.000000000000000 deg[0m
[fsm_node-3] [INFO] [1786684728.961713251] [fsm_node]:  -- [SUPER] in [PlanFromRest] GenerateExpTrajectory SUCCESS.
[fsm_node-3] [ERROR] [1786684729.019489169] [fsm_node]:  -- [TRAJ_GUARD_REJECT] phase=PlanFromRest/with_backup segment=EXP status=CLEARANCE_MARGIN gen=9 map=43 from_tt=0.087 collision_tt=0.322 collision_p=[4.567,5.813,1.475] samples=173
[fsm_node-3] [33m -- [Fsm] PlanFromRest failed, try replan.[0m
[fsm_node-3] [32m -- [Fsm 41.942] Current state: GENERATE_TRAJ[0m
[fsm_node-3] [INFO] [1786684729.453228515] [fsm_node]:  -- [SUPER] in [PlanFromRest] GenerateExpTrajectory SUCCESS.
[fsm_node-3] [ERROR] [1786684729.482015134] [fsm_node]:  -- [TRAJ_GUARD_REJECT] phase=PlanFromRest/with_backup segment=EXP status=CLEARANCE_MARGIN gen=9 map=45 from_tt=0.050 collision_tt=0.320 collision_p=[4.563,5.819,1.436] samples=184
[fsm_node-3] [33m -- [Fsm] PlanFromRest failed, try replan.[0m
[fsm_node-3] [32m -- [Fsm] Get goal at [0m24.025000000000002 24.025000000000002  1.525000000000000
[fsm_node-3] [32m -- [Fsm] Receive click goal at: [24.025000000000002 24.025000000000002  1.525000000000000]; goal yaw: 0.000000000000000 deg[0m
[fsm_node-3] [INFO] [1786684729.966837675] [fsm_node]:  -- [SUPER] in [PlanFromRest] GenerateExpTrajectory SUCCESS.
[fsm_node-3] [ERROR] [1786684730.000394858] [fsm_node]:  -- [TRAJ_GUARD_REJECT] phase=PlanFromRest/with_backup segment=EXP status=CLEARANCE_MARGIN gen=9 map=45 from_tt=0.068 collision_tt=0.323 collision_p=[4.554,5.802,1.406] samples=179
[fsm_node-3] [33m -- [Fsm] PlanFromRest failed, try replan.[0m
[fsm_node-3] [32m -- [Fsm 42.952] Current state: GENERATE_TRAJ[0m
[fsm_node-3] [INFO] [1786684730.463858180] [fsm_node]:  -- [SUPER] in [PlanFromRest] GenerateExpTrajectory SUCCESS.
[fsm_node-3] [ERROR] [1786684730.484515380] [fsm_node]:  -- [TRAJ_GUARD_REJECT] phase=PlanFromRest/with_backup segment=EXP status=CLEARANCE_MARGIN gen=9 map=46 from_tt=0.042 collision_tt=0.322 collision_p=[4.557,5.817,1.378] samples=190
[fsm_node-3] [33m -- [Fsm] PlanFromRest failed, try replan.[0m
[fsm_node-3] [32m -- [Fsm] Get goal at [0m24.025000000000002 24.025000000000002  1.525000000000000
[fsm_node-3] [32m -- [Fsm] Receive click goal at: [24.025000000000002 24.025000000000002  1.525000000000000]; goal yaw: 0.000000000000000 deg[0m
[fsm_node-3] [INFO] [1786684730.960667920] [fsm_node]:  -- [SUPER] in [PlanFromRest] GenerateExpTrajectory SUCCESS.
[fsm_node-3] [ERROR] [1786684730.987911423] [fsm_node]:  -- [TRAJ_GUARD_REJECT] phase=PlanFromRest/with_backup segment=EXP status=CLEARANCE_MARGIN gen=9 map=47 from_tt=0.045 collision_tt=0.315 collision_p=[4.553,5.809,1.408] samples=178
[fsm_node-3] [33m -- [Fsm] PlanFromRest failed, try replan.[0m
[fsm_node-3] [32m -- [Fsm 43.952] Current state: GENERATE_TRAJ[0m
[fsm_node-3] [INFO] [1786684731.476321116] [fsm_node]:  -- [SUPER] in [PlanFromRest] GenerateExpTrajectory SUCCESS.
[fsm_node-3] [ERROR] [1786684731.503843356] [fsm_node]:  -- [TRAJ_GUARD_REJECT] phase=PlanFromRest/with_backup segment=EXP status=CLEARANCE_MARGIN gen=9 map=47 from_tt=0.061 collision_tt=0.326 collision_p=[4.558,5.811,1.425] samples=185
[fsm_node-3] [33m -- [Fsm] PlanFromRest failed, try replan.[0m
[fsm_node-3] [32m -- [Fsm] Get goal at [0m24.025000000000002 24.025000000000002  1.525000000000000
[fsm_node-3] [32m -- [Fsm] Receive click goal at: [24.025000000000002 24.025000000000002  1.525000000000000]; goal yaw: 0.000000000000000 deg[0m
[fsm_node-3] [INFO] [1786684731.980560898] [fsm_node]:  -- [SUPER] in [PlanFromRest] GenerateExpTrajectory SUCCESS.
[fsm_node-3] [ERROR] [1786684732.006474489] [fsm_node]:  -- [TRAJ_GUARD_REJECT] phase=PlanFromRest/with_backup segment=EXP status=CLEARANCE_MARGIN gen=9 map=48 from_tt=0.064 collision_tt=0.324 collision_p=[4.555,5.804,1.404] samples=177
[fsm_node-3] [33m -- [Fsm] PlanFromRest failed, try replan.[0m
[fsm_node-3] [32m -- [Fsm 44.962] Current state: GENERATE_TRAJ[0m
[fsm_node-3] [INFO] [1786684732.483908105] [fsm_node]:  -- [SUPER] in [PlanFromRest] GenerateExpTrajectory SUCCESS.
[fsm_node-3] [ERROR] [1786684732.511692510] [fsm_node]:  -- [TRAJ_GUARD_REJECT] phase=PlanFromRest/with_backup segment=EXP status=CLEARANCE_MARGIN gen=9 map=48 from_tt=0.059 collision_tt=0.324 collision_p=[4.556,5.807,1.414] samples=180
[fsm_node-3] [33m -- [Fsm] PlanFromRest failed, try replan.[0m
[fsm_node-3] [32m -- [Fsm] Get goal at [0m24.025000000000002 24.025000000000002  1.525000000000000
[fsm_node-3] [32m -- [Fsm] Receive click goal at: [24.025000000000002 24.025000000000002  1.525000000000000]; goal yaw: 0.000000000000000 deg[0m
[fsm_node-3] [INFO] [1786684732.984012544] [fsm_node]:  -- [SUPER] in [PlanFromRest] GenerateExpTrajectory SUCCESS.
[fsm_node-3] [ERROR] [1786684733.009145526] [fsm_node]:  -- [TRAJ_GUARD_REJECT] phase=PlanFromRest/with_backup segment=EXP status=CLEARANCE_MARGIN gen=9 map=49 from_tt=0.056 collision_tt=0.326 collision_p=[4.558,5.813,1.417] samples=178
[fsm_node-3] [33m -- [Fsm] PlanFromRest failed, try replan.[0m
[fsm_node-3] [32m -- [Fsm 45.962] Current state: GENERATE_TRAJ[0m
[fsm_node-3] [INFO] [1786684733.487928152] [fsm_node]:  -- [SUPER] in [PlanFromRest] GenerateExpTrajectory SUCCESS.
[fsm_node-3] [ERROR] [1786684733.513178506] [fsm_node]:  -- [TRAJ_GUARD_REJECT] phase=PlanFromRest/with_backup segment=EXP status=CLEARANCE_MARGIN gen=9 map=52 from_tt=0.060 collision_tt=0.335 collision_p=[4.554,5.806,1.365] samples=183
[fsm_node-3] [33m -- [Fsm] PlanFromRest failed, try replan.[0m
[fsm_node-3] [32m -- [Fsm] Get goal at [0m24.025000000000002 24.025000000000002  1.525000000000000
[fsm_node-3] [32m -- [Fsm] Receive click goal at: [24.025000000000002 24.025000000000002  1.525000000000000]; goal yaw: 0.000000000000000 deg[0m
[fsm_node-3] [INFO] [1786684733.989409016] [fsm_node]:  -- [SUPER] in [PlanFromRest] GenerateExpTrajectory SUCCESS.
[fsm_node-3] [ERROR] [1786684734.017283459] [fsm_node]:  -- [TRAJ_GUARD_REJECT] phase=PlanFromRest/with_backup segment=EXP status=CLEARANCE_MARGIN gen=9 map=52 from_tt=0.054 collision_tt=0.319 collision_p=[4.568,5.816,1.450] samples=182
[fsm_node-3] [33m -- [Fsm] PlanFromRest failed, try replan.[0m
[fsm_node-3] [32m -- [Fsm 46.972] Current state: GENERATE_TRAJ[0m
[fsm_node-3] [INFO] [1786684734.503038867] [fsm_node]:  -- [SUPER] in [PlanFromRest] GenerateExpTrajectory SUCCESS.
[fsm_node-3] [ERROR] [1786684734.526962351] [fsm_node]:  -- [TRAJ_GUARD_REJECT] phase=PlanFromRest/with_backup segment=EXP status=CLEARANCE_MARGIN gen=9 map=53 from_tt=0.064 collision_tt=0.324 collision_p=[4.562,5.811,1.434] samples=184
[fsm_node-3] [33m -- [Fsm] PlanFromRest failed, try replan.[0m
[fsm_node-3] [32m -- [Fsm] Get goal at [0m24.025000000000002 24.025000000000002  1.525000000000000
[fsm_node-3] [32m -- [Fsm] Receive click goal at: [24.025000000000002 24.025000000000002  1.525000000000000]; goal yaw: 0.000000000000000 deg[0m
[fsm_node-3] [INFO] [1786684734.985153680] [fsm_node]:  -- [SUPER] in [PlanFromRest] GenerateExpTrajectory SUCCESS.
[fsm_node-3] [ERROR] [1786684735.025092826] [fsm_node]:  -- [TRAJ_GUARD_REJECT] phase=PlanFromRest/with_backup segment=EXP status=CLEARANCE_MARGIN gen=9 map=55 from_tt=0.062 collision_tt=0.317 collision_p=[4.552,5.815,1.372] samples=169
[fsm_node-3] [33m -- [Fsm] PlanFromRest failed, try replan.[0m
[fsm_node-3] [32m -- [Fsm 47.972] Current state: GENERATE_TRAJ[0m
[fsm_node-3] [INFO] [1786684735.501730235] [fsm_node]:  -- [SUPER] in [PlanFromRest] GenerateExpTrajectory SUCCESS.
[fsm_node-3] [ERROR] [1786684735.528213557] [fsm_node]:  -- [TRAJ_GUARD_REJECT] phase=PlanFromRest/with_backup segment=EXP status=CLEARANCE_MARGIN gen=9 map=56 from_tt=0.065 collision_tt=0.325 collision_p=[4.558,5.814,1.412] samples=178
[fsm_node-3] [33m -- [Fsm] PlanFromRest failed, try replan.[0m
[fsm_node-3] [32m -- [Fsm] Get goal at [0m24.025000000000002 24.025000000000002  1.525000000000000
[fsm_node-3] [32m -- [Fsm] Receive click goal at: [24.025000000000002 24.025000000000002  1.525000000000000]; goal yaw: 0.000000000000000 deg[0m
[fsm_node-3] [INFO] [1786684736.003518999] [fsm_node]:  -- [SUPER] in [PlanFromRest] GenerateExpTrajectory SUCCESS.
[fsm_node-3] [ERROR] [1786684736.050631286] [fsm_node]:  -- [TRAJ_GUARD_REJECT] phase=PlanFromRest/with_backup segment=EXP status=CLEARANCE_MARGIN gen=9 map=56 from_tt=0.078 collision_tt=0.323 collision_p=[4.559,5.811,1.408] samples=199
[fsm_node-3] [33m -- [Fsm] PlanFromRest failed, try replan.[0m
[fsm_node-3] [32m -- [Fsm 48.982] Current state: GENERATE_TRAJ[0m
[fsm_node-3] [INFO] [1786684736.498346848] [fsm_node]:  -- [SUPER] in [PlanFromRest] GenerateExpTrajectory SUCCESS.
[fsm_node-3] [ERROR] [1786684736.520838092] [fsm_node]:  -- [TRAJ_GUARD_REJECT] phase=PlanFromRest/with_backup segment=EXP status=CLEARANCE_MARGIN gen=9 map=57 from_tt=0.048 collision_tt=0.318 collision_p=[4.561,5.812,1.427] samples=181
[fsm_node-3] [33m -- [Fsm] PlanFromRest failed, try replan.[0m
[fsm_node-3] [32m -- [Fsm] Get goal at [0m24.025000000000002 24.025000000000002  1.525000000000000
[fsm_node-3] [32m -- [Fsm] Receive click goal at: [24.025000000000002 24.025000000000002  1.525000000000000]; goal yaw: 0.000000000000000 deg[0m
[fsm_node-3] [INFO] [1786684737.023195922] [fsm_node]:  -- [SUPER] in [PlanFromRest] GenerateExpTrajectory SUCCESS.
[fsm_node-3] [ERROR] [1786684737.047523359] [fsm_node]:  -- [TRAJ_GUARD_REJECT] phase=PlanFromRest/with_backup segment=EXP status=CLEARANCE_MARGIN gen=9 map=57 from_tt=0.065 collision_tt=0.330 collision_p=[4.560,5.818,1.424] samples=182
[fsm_node-3] [33m -- [Fsm] PlanFromRest failed, try replan.[0m
[fsm_node-3] [32m -- [Fsm 54.033] Current state: GENERATE_TRAJ[0m
[fsm_node-3] [32m -- [Fsm] Get goal at [0m24.025 24.025  1.525
[fsm_node-3] [32m -- [Fsm] Receive click goal at: [24.025 24.025  1.525]; goal yaw: 0.000 deg[0m
[fsm_node-3] [INFO] [1786684741.558034427] [fsm_node]:  -- [SUPER] in [PlanFromRest] GenerateExpTrajectory SUCCESS.
[fsm_node-3] [ERROR] [1786684741.577123021] [fsm_node]:  -- [TRAJ_GUARD_REJECT] phase=PlanFromRest/with_backup segment=EXP status=CLEARANCE_MARGIN gen=9 map=58 from_tt=0.054 collision_tt=0.324 collision_p=[4.556,5.807,1.403] samples=179
[fsm_node-3] [33m -- [Fsm] PlanFromRest failed, try replan.[0m
[fsm_node-3] [32m -- [Fsm] Get goal at [0m24.025000000000002 24.025000000000002  1.525000000000000
[fsm_node-3] [32m -- [Fsm] Receive click goal at: [24.025000000000002 24.025000000000002  1.525000000000000]; goal yaw: 0.000000000000000 deg[0m
[fsm_node-3] [INFO] [1786684742.057375867] [fsm_node]:  -- [SUPER] in [PlanFromRest] GenerateExpTrajectory SUCCESS.
[fsm_node-3] [ERROR] [1786684742.102674175] [fsm_node]:  -- [TRAJ_GUARD_REJECT] phase=PlanFromRest/with_backup segment=EXP status=CLEARANCE_MARGIN gen=9 map=59 from_tt=0.079 collision_tt=0.324 collision_p=[4.556,5.815,1.410] samples=194
[fsm_node-3] [33m -- [Fsm] PlanFromRest failed, try replan.[0m
[fsm_node-3] [32m -- [Fsm 55.043] Current state: GENERATE_TRAJ[0m
[fsm_node-3] [INFO] [1786684742.572794890] [fsm_node]:  -- [SUPER] in [PlanFromRest] GenerateExpTrajectory SUCCESS.
[fsm_node-3] [ERROR] [1786684742.596922516] [fsm_node]:  -- [TRAJ_GUARD_REJECT] phase=PlanFromRest/with_backup segment=EXP status=CLEARANCE_MARGIN gen=9 map=59 from_tt=0.064 collision_tt=0.329 collision_p=[4.560,5.810,1.436] samples=179
[fsm_node-3] [33m -- [Fsm] PlanFromRest failed, try replan.[0m
[fsm_node-3] [32m -- [Fsm 57.933] Current state: GENERATE_TRAJ[0m
[fsm_node-3] [32m -- [Fsm] Get goal at [0m24.025 24.025  1.525
[fsm_node-3] [32m -- [Fsm] Receive click goal at: [24.025 24.025  1.525]; goal yaw: 0.000 deg[0m
[fsm_node-3] [INFO] [1786684745.446371179] [fsm_node]:  -- [SUPER] in [PlanFromRest] GenerateExpTrajectory SUCCESS.
[fsm_node-3] [ERROR] [1786684745.463652012] [fsm_node]:  -- [TRAJ_GUARD_REJECT] phase=PlanFromRest/with_backup segment=EXP status=CLEARANCE_MARGIN gen=9 map=60 from_tt=0.040 collision_tt=0.320 collision_p=[4.552,5.805,1.365] samples=180
[fsm_node-3] [33m -- [Fsm] PlanFromRest failed, try replan.[0m
[fsm_node-3] [32m -- [Fsm] Get goal at [0m24.025000000000002 24.025000000000002  1.525000000000000
[fsm_node-3] [32m -- [Fsm] Receive click goal at: [24.025000000000002 24.025000000000002  1.525000000000000]; goal yaw: 0.000000000000000 deg[0m
[fsm_node-3] [INFO] [1786684745.940894568] [fsm_node]:  -- [SUPER] in [PlanFromRest] GenerateExpTrajectory SUCCESS.
[fsm_node-3] [ERROR] [1786684745.965629539] [fsm_node]:  -- [TRAJ_GUARD_REJECT] phase=PlanFromRest/with_backup segment=EXP status=CLEARANCE_MARGIN gen=9 map=61 from_tt=0.042 collision_tt=0.317 collision_p=[4.559,5.811,1.426] samples=205
[fsm_node-3] [33m -- [Fsm] PlanFromRest failed, try replan.[0m
[fsm_node-3] [32m -- [Fsm 58.943] Current state: GENERATE_TRAJ[0m
[fsm_node-3] [INFO] [1786684746.456852061] [fsm_node]:  -- [SUPER] in [PlanFromRest] GenerateExpTrajectory SUCCESS.
[fsm_node-3] [ERROR] [1786684746.481158019] [fsm_node]:  -- [TRAJ_GUARD_REJECT] phase=PlanFromRest/with_backup segment=EXP status=CLEARANCE_MARGIN gen=9 map=61 from_tt=0.048 collision_tt=0.318 collision_p=[4.561,5.813,1.453] samples=180
[fsm_node-3] [33m -- [Fsm] PlanFromRest failed, try replan.[0m
[fsm_node-3] [32m -- [Fsm] Get goal at [0m24.025000000000002 24.025000000000002  1.525000000000000
[fsm_node-3] [32m -- [Fsm] Receive click goal at: [24.025000000000002 24.025000000000002  1.525000000000000]; goal yaw: 0.000000000000000 deg[0m
[fsm_node-3] [INFO] [1786684746.952003606] [fsm_node]:  -- [SUPER] in [PlanFromRest] GenerateExpTrajectory SUCCESS.
[fsm_node-3] [ERROR] [1786684746.973081040] [fsm_node]:  -- [TRAJ_GUARD_REJECT] phase=PlanFromRest/with_backup segment=EXP status=CLEARANCE_MARGIN gen=9 map=62 from_tt=0.040 collision_tt=0.325 collision_p=[4.556,5.817,1.377] samples=182
[fsm_node-3] [33m -- [Fsm] PlanFromRest failed, try replan.[0m
[fsm_node-3] [32m -- [Fsm 59.953] Current state: GENERATE_TRAJ[0m
[fsm_node-3] [INFO] [1786684747.472096815] [fsm_node]:  -- [SUPER] in [PlanFromRest] GenerateExpTrajectory SUCCESS.
[fsm_node-3] [ERROR] [1786684747.508068387] [fsm_node]:  -- [TRAJ_GUARD_REJECT] phase=PlanFromRest/with_backup segment=EXP status=CLEARANCE_MARGIN gen=9 map=63 from_tt=0.065 collision_tt=0.320 collision_p=[4.563,5.812,1.463] samples=171
[fsm_node-3] [33m -- [Fsm] PlanFromRest failed, try replan.[0m
[fsm_node-3] [32m -- [Fsm] Get goal at [0m24.025000000000002 24.025000000000002  1.525000000000000
[fsm_node-3] [32m -- [Fsm] Receive click goal at: [24.025000000000002 24.025000000000002  1.525000000000000]; goal yaw: 0.000000000000000 deg[0m
[fsm_node-3] [INFO] [1786684747.975247854] [fsm_node]:  -- [SUPER] in [PlanFromRest] GenerateExpTrajectory SUCCESS.
[fsm_node-3] [ERROR] [1786684747.993226013] [fsm_node]:  -- [TRAJ_GUARD_REJECT] phase=PlanFromRest/with_backup segment=EXP status=CLEARANCE_MARGIN gen=9 map=63 from_tt=0.040 collision_tt=0.320 collision_p=[4.557,5.809,1.420] samples=181
[fsm_node-3] [33m -- [Fsm] PlanFromRest failed, try replan.[0m
[fsm_node-3] [32m -- [Fsm 60.963] Current state: GENERATE_TRAJ[0m
[fsm_node-3] [INFO] [1786684748.478364141] [fsm_node]:  -- [SUPER] in [PlanFromRest] GenerateExpTrajectory SUCCESS.
[fsm_node-3] [ERROR] [1786684748.503459393] [fsm_node]:  -- [TRAJ_GUARD_REJECT] phase=PlanFromRest/with_backup segment=EXP status=CLEARANCE_MARGIN gen=9 map=63 from_tt=0.050 collision_tt=0.320 collision_p=[4.556,5.819,1.411] samples=178
[fsm_node-3] [33m -- [Fsm] PlanFromRest failed, try replan.[0m
[fsm_node-3] [32m -- [Fsm] Get goal at [0m24.025000000000002 24.025000000000002  1.525000000000000
[fsm_node-3] [32m -- [Fsm] Receive click goal at: [24.025000000000002 24.025000000000002  1.525000000000000]; goal yaw: 0.000000000000000 deg[0m
[fsm_node-3] [INFO] [1786684749.243702277] [fsm_node]:  -- [SUPER] in [PlanFromRest] GenerateExpTrajectory SUCCESS.
[fsm_node-3] [ERROR] [1786684749.264148832] [fsm_node]:  -- [TRAJ_GUARD_REJECT] phase=PlanFromRest/with_backup segment=EXP status=CLEARANCE_MARGIN gen=9 map=64 from_tt=0.051 collision_tt=0.336 collision_p=[4.554,5.808,1.369] samples=183
[fsm_node-3] [33m -- [Fsm] PlanFromRest failed, try replan.[0m
[fsm_node-3] [32m -- [Fsm 62.223] Current state: GENERATE_TRAJ[0m
[fsm_node-3] [32m -- [Fsm] Get goal at [0m24.025 24.025  1.525
[fsm_node-3] [32m -- [Fsm] Receive click goal at: [24.025 24.025  1.525]; goal yaw: 0.000 deg[0m
[fsm_node-3] [INFO] [1786684749.746830077] [fsm_node]:  -- [SUPER] in [PlanFromRest] GenerateExpTrajectory SUCCESS.
[fsm_node-3] [ERROR] [1786684749.764833643] [fsm_node]:  -- [TRAJ_GUARD_REJECT] phase=PlanFromRest/with_backup segment=EXP status=CLEARANCE_MARGIN gen=9 map=64 from_tt=0.051 collision_tt=0.326 collision_p=[4.550,5.850,1.350] samples=180
[fsm_node-3] [33m -- [Fsm] PlanFromRest failed, try replan.[0m
[fsm_node-3] [INFO] [1786684750.279625898] [fsm_node]:  -- [SUPER] in [PlanFromRest] GenerateExpTrajectory SUCCESS.
[fsm_node-3] [ERROR] [1786684750.367475517] [fsm_node]:  -- [TRAJ_GUARD_REJECT] phase=PlanFromRest/with_backup segment=EXP status=CLEARANCE_MARGIN gen=9 map=64 from_tt=0.144 collision_tt=0.319 collision_p=[4.561,5.813,1.455] samples=193
[fsm_node-3] [33m -- [Fsm] PlanFromRest failed, try replan.[0m
[fsm_node-3] [32m -- [Fsm 63.723] Current state: GENERATE_TRAJ[0m
[fsm_node-3] [32m -- [Fsm] Get goal at [0m24.025 24.025  1.525
[fsm_node-3] [32m -- [Fsm] Receive click goal at: [24.025 24.025  1.525]; goal yaw: 0.000 deg[0m
[fsm_node-3] [INFO] [1786684751.241382825] [fsm_node]:  -- [SUPER] in [PlanFromRest] GenerateExpTrajectory SUCCESS.
[fsm_node-3] [ERROR] [1786684751.260118901] [fsm_node]:  -- [TRAJ_GUARD_REJECT] phase=PlanFromRest/with_backup segment=EXP status=CLEARANCE_MARGIN gen=9 map=65 from_tt=0.047 collision_tt=0.322 collision_p=[4.554,5.802,1.410] samples=182
[fsm_node-3] [33m -- [Fsm] PlanFromRest failed, try replan.[0m
[fsm_node-3] [32m -- [Fsm] Get goal at [0m24.025000000000002 24.025000000000002  1.525000000000000
[fsm_node-3] [32m -- [Fsm] Receive click goal at: [24.025000000000002 24.025000000000002  1.525000000000000]; goal yaw: 0.000000000000000 deg[0m
[fsm_node-3] [INFO] [1786684751.754225001] [fsm_node]:  -- [SUPER] in [PlanFromRest] GenerateExpTrajectory SUCCESS.
[fsm_node-3] [ERROR] [1786684751.771994478] [fsm_node]:  -- [TRAJ_GUARD_REJECT] phase=PlanFromRest/with_backup segment=EXP status=CLEARANCE_MARGIN gen=9 map=65 from_tt=0.058 collision_tt=0.323 collision_p=[4.556,5.813,1.414] samples=175
[fsm_node-3] [33m -- [Fsm] PlanFromRest failed, try replan.[0m
[fsm_node-3] [32m -- [Fsm 64.733] Current state: GENERATE_TRAJ[0m
[fsm_node-3] [INFO] [1786684752.247225954] [fsm_node]:  -- [SUPER] in [PlanFromRest] GenerateExpTrajectory SUCCESS.
[fsm_node-3] [ERROR] [1786684752.280032041] [fsm_node]:  -- [TRAJ_GUARD_REJECT] phase=PlanFromRest/with_backup segment=EXP status=CLEARANCE_MARGIN gen=9 map=65 from_tt=0.057 collision_tt=0.337 collision_p=[4.557,5.819,1.357] samples=181
[fsm_node-3] [33m -- [Fsm] PlanFromRest failed, try replan.[0m
[fsm_node-3] [32m -- [Fsm 67.333] Current state: GENERATE_TRAJ[0m
[fsm_node-3] [32m -- [Fsm] Get goal at [0m24.025 24.025  1.525
[fsm_node-3] [32m -- [Fsm] Receive click goal at: [24.025 24.025  1.525]; goal yaw: 0.000 deg[0m
[fsm_node-3] [INFO] [1786684754.862247480] [fsm_node]:  -- [SUPER] in [PlanFromRest] GenerateExpTrajectory SUCCESS.
[fsm_node-3] [ERROR] [1786684754.880081441] [fsm_node]:  -- [TRAJ_GUARD_REJECT] phase=PlanFromRest/with_backup segment=EXP status=CLEARANCE_MARGIN gen=9 map=66 from_tt=0.056 collision_tt=0.321 collision_p=[4.554,5.802,1.413] samples=178
[fsm_node-3] [33m -- [Fsm] PlanFromRest failed, try replan.[0m
[fsm_node-3] [INFO] [1786684755.354511842] [fsm_node]:  -- [SUPER] in [PlanFromRest] GenerateExpTrajectory SUCCESS.
[fsm_node-3] [ERROR] [1786684755.374766028] [fsm_node]:  -- [TRAJ_GUARD_REJECT] phase=PlanFromRest/with_backup segment=EXP status=CLEARANCE_MARGIN gen=9 map=66 from_tt=0.041 collision_tt=0.316 collision_p=[4.553,5.808,1.410] samples=176
[fsm_node-3] [33m -- [Fsm] PlanFromRest failed, try replan.[0m
[fsm_node-3] [32m -- [Fsm 68.343] Current state: GENERATE_TRAJ[0m
[fsm_node-3] [32m -- [Fsm] Get goal at [0m24.025 24.025  1.525
[fsm_node-3] [32m -- [Fsm] Receive click goal at: [24.025 24.025  1.525]; goal yaw: 0.000 deg[0m
[fsm_node-3] [INFO] [1786684755.875745832] [fsm_node]:  -- [SUPER] in [PlanFromRest] GenerateExpTrajectory SUCCESS.
[fsm_node-3] [ERROR] [1786684755.897517069] [fsm_node]:  -- [TRAJ_GUARD_REJECT] phase=PlanFromRest/with_backup segment=EXP status=CLEARANCE_MARGIN gen=9 map=66 from_tt=0.064 collision_tt=0.324 collision_p=[4.564,5.814,1.449] samples=183
[fsm_node-3] [33m -- [Fsm] PlanFromRest failed, try replan.[0m
[fsm_node-3] [32m -- [Fsm 70.433] Current state: GENERATE_TRAJ[0m
[fsm_node-3] [32m -- [Fsm] Get goal at [0m24.025 24.025  1.525
[fsm_node-3] [32m -- [Fsm] Receive click goal at: [24.025 24.025  1.525]; goal yaw: 0.000 deg[0m
[fsm_node-3] [INFO] [1786684757.962223335] [fsm_node]:  -- [SUPER] in [PlanFromRest] GenerateExpTrajectory SUCCESS.
[fsm_node-3] [ERROR] [1786684758.011476628] [fsm_node]:  -- [TRAJ_GUARD_REJECT] phase=PlanFromRest/with_backup segment=EXP status=CLEARANCE_MARGIN gen=9 map=67 from_tt=0.088 collision_tt=0.328 collision_p=[4.558,5.817,1.405] samples=195
[fsm_node-3] [33m -- [Fsm] PlanFromRest failed, try replan.[0m
[fsm_node-3] [INFO] [1786684758.445862011] [fsm_node]:  -- [SUPER] in [PlanFromRest] GenerateExpTrajectory SUCCESS.
[fsm_node-3] [ERROR] [1786684758.464902603] [fsm_node]:  -- [TRAJ_GUARD_REJECT] phase=PlanFromRest/with_backup segment=EXP status=CLEARANCE_MARGIN gen=9 map=67 from_tt=0.041 collision_tt=0.311 collision_p=[4.549,5.803,1.395] samples=174
[fsm_node-3] [33m -- [Fsm] PlanFromRest failed, try replan.[0m
[fsm_node-3] [32m -- [Fsm 71.443] Current state: GENERATE_TRAJ[0m
[fsm_node-3] [32m -- [Fsm] Get goal at [0m24.025 24.025  1.525
[fsm_node-3] [32m -- [Fsm] Receive click goal at: [24.025 24.025  1.525]; goal yaw: 0.000 deg[0m
[fsm_node-3] [INFO] [1786684758.961391454] [fsm_node]:  -- [SUPER] in [PlanFromRest] GenerateExpTrajectory SUCCESS.
[fsm_node-3] [ERROR] [1786684758.991460617] [fsm_node]:  -- [TRAJ_GUARD_REJECT] phase=PlanFromRest/with_backup segment=EXP status=CLEARANCE_MARGIN gen=9 map=67 from_tt=0.058 collision_tt=0.323 collision_p=[4.560,5.803,1.434] samples=187
[fsm_node-3] [33m -- [Fsm] PlanFromRest failed, try replan.[0m
[fsm_node-3] [32m -- [Fsm 73.143] Current state: GENERATE_TRAJ[0m
[fsm_node-3] [32m -- [Fsm] Get goal at [0m24.025 24.025  1.525
[fsm_node-3] [32m -- [Fsm] Receive click goal at: [24.025 24.025  1.525]; goal yaw: 0.000 deg[0m
[fsm_node-3] [INFO] [1786684760.675121996] [fsm_node]:  -- [SUPER] in [PlanFromRest] GenerateExpTrajectory SUCCESS.
[fsm_node-3] [ERROR] [1786684760.692863517] [fsm_node]:  -- [TRAJ_GUARD_REJECT] phase=PlanFromRest/with_backup segment=EXP status=CLEARANCE_MARGIN gen=9 map=68 from_tt=0.059 collision_tt=0.324 collision_p=[4.555,5.800,1.414] samples=181
[fsm_node-3] [33m -- [Fsm] PlanFromRest failed, try replan.[0m
[fsm_node-3] [32m -- [Fsm] Get goal at [0m24.025000000000002 24.025000000000002  1.525000000000000
[fsm_node-3] [32m -- [Fsm] Receive click goal at: [24.025000000000002 24.025000000000002  1.525000000000000]; goal yaw: 0.000000000000000 deg[0m
[fsm_node-3] [INFO] [1786684761.180465197] [fsm_node]:  -- [SUPER] in [PlanFromRest] GenerateExpTrajectory SUCCESS.
[fsm_node-3] [ERROR] [1786684761.201342542] [fsm_node]:  -- [TRAJ_GUARD_REJECT] phase=PlanFromRest/with_backup segment=EXP status=CLEARANCE_MARGIN gen=9 map=68 from_tt=0.067 collision_tt=0.332 collision_p=[4.561,5.816,1.421] samples=180
[fsm_node-3] [33m -- [Fsm] PlanFromRest failed, try replan.[0m
[fsm_node-3] [32m -- [Fsm 74.153] Current state: GENERATE_TRAJ[0m
[fsm_node-3] [INFO] [1786684761.667942034] [fsm_node]:  -- [SUPER] in [PlanFromRest] GenerateExpTrajectory SUCCESS.
[fsm_node-3] [ERROR] [1786684761.691606021] [fsm_node]:  -- [TRAJ_GUARD_REJECT] phase=PlanFromRest/with_backup segment=EXP status=CLEARANCE_MARGIN gen=9 map=68 from_tt=0.048 collision_tt=0.318 collision_p=[4.553,5.810,1.396] samples=171
[fsm_node-3] [33m -- [Fsm] PlanFromRest failed, try replan.[0m
[fsm_node-3] [32m -- [Fsm 76.834] Current state: GENERATE_TRAJ[0m
[fsm_node-3] [32m -- [Fsm] Get goal at [0m24.025 24.025  1.525
[fsm_node-3] [32m -- [Fsm] Receive click goal at: [24.025 24.025  1.525]; goal yaw: 0.000 deg[0m
[fsm_node-3] [INFO] [1786684764.355994171] [fsm_node]:  -- [SUPER] in [PlanFromRest] GenerateExpTrajectory SUCCESS.
[fsm_node-3] [ERROR] [1786684764.373221862] [fsm_node]:  -- [TRAJ_GUARD_REJECT] phase=PlanFromRest/with_backup segment=EXP status=CLEARANCE_MARGIN gen=9 map=69 from_tt=0.049 collision_tt=0.324 collision_p=[4.550,5.850,1.350] samples=179
[fsm_node-3] [33m -- [Fsm] PlanFromRest failed, try replan.[0m
[fsm_node-3] [32m -- [Fsm] Get goal at [0m24.025000000000002 24.025000000000002  1.525000000000000
[fsm_node-3] [32m -- [Fsm] Receive click goal at: [24.025000000000002 24.025000000000002  1.525000000000000]; goal yaw: 0.000000000000000 deg[0m
[fsm_node-3] [INFO] [1786684764.850537168] [fsm_node]:  -- [SUPER] in [PlanFromRest] GenerateExpTrajectory SUCCESS.
[fsm_node-3] [ERROR] [1786684764.873068339] [fsm_node]:  -- [TRAJ_GUARD_REJECT] phase=PlanFromRest/with_backup segment=EXP status=CLEARANCE_MARGIN gen=9 map=70 from_tt=0.049 collision_tt=0.339 collision_p=[4.557,5.818,1.367] samples=197
[fsm_node-3] [33m -- [Fsm] PlanFromRest failed, try replan.[0m
[fsm_node-3] [32m -- [Fsm 77.844] Current state: GENERATE_TRAJ[0m
[fsm_node-3] [INFO] [1786684765.358689427] [fsm_node]:  -- [SUPER] in [PlanFromRest] GenerateExpTrajectory SUCCESS.
[fsm_node-3] [ERROR] [1786684765.376031992] [fsm_node]:  -- [TRAJ_GUARD_REJECT] phase=PlanFromRest/with_backup segment=EXP status=CLEARANCE_MARGIN gen=9 map=71 from_tt=0.042 collision_tt=0.327 collision_p=[4.558,5.814,1.409] samples=184
[fsm_node-3] [33m -- [Fsm] PlanFromRest failed, try replan.[0m
[fsm_node-3] [32m -- [Fsm] Get goal at [0m24.025000000000002 24.025000000000002  1.525000000000000
[fsm_node-3] [32m -- [Fsm] Receive click goal at: [24.025000000000002 24.025000000000002  1.525000000000000]; goal yaw: 0.000000000000000 deg[0m
[fsm_node-3] [INFO] [1786684765.855646504] [fsm_node]:  -- [SUPER] in [PlanFromRest] GenerateExpTrajectory SUCCESS.
[fsm_node-3] [ERROR] [1786684765.879494492] [fsm_node]:  -- [TRAJ_GUARD_REJECT] phase=PlanFromRest/with_backup segment=EXP status=CLEARANCE_MARGIN gen=9 map=71 from_tt=0.045 collision_tt=0.320 collision_p=[4.556,5.811,1.375] samples=194
[fsm_node-3] [33m -- [Fsm] PlanFromRest failed, try replan.[0m
[fsm_node-3] [32m -- [Fsm 78.854] Current state: GENERATE_TRAJ[0m
[fsm_node-3] [INFO] [1786684766.379845287] [fsm_node]:  -- [SUPER] in [PlanFromRest] GenerateExpTrajectory SUCCESS.
[fsm_node-3] [ERROR] [1786684766.404780372] [fsm_node]:  -- [TRAJ_GUARD_REJECT] phase=PlanFromRest/with_backup segment=EXP status=CLEARANCE_MARGIN gen=9 map=71 from_tt=0.060 collision_tt=0.335 collision_p=[4.570,5.813,1.494] samples=191
[fsm_node-3] [33m -- [Fsm] PlanFromRest failed, try replan.[0m
[fsm_node-3] [32m -- [Fsm 80.534] Current state: GENERATE_TRAJ[0m
[fsm_node-3] [32m -- [Fsm] Get goal at [0m24.025 24.025  1.525
[fsm_node-3] [32m -- [Fsm] Receive click goal at: [24.025 24.025  1.525]; goal yaw: 0.000 deg[0m
[fsm_node-3] [INFO] [1786684768.060830166] [fsm_node]:  -- [SUPER] in [PlanFromRest] GenerateExpTrajectory SUCCESS.
[fsm_node-3] [ERROR] [1786684768.085946940] [fsm_node]:  -- [TRAJ_GUARD_REJECT] phase=PlanFromRest/with_backup segment=EXP status=CLEARANCE_MARGIN gen=9 map=72 from_tt=0.062 collision_tt=0.332 collision_p=[4.565,5.816,1.448] samples=195
[fsm_node-3] [33m -- [Fsm] PlanFromRest failed, try replan.[0m
[fsm_node-3] [INFO] [1786684768.563609013] [fsm_node]:  -- [SUPER] in [PlanFromRest] GenerateExpTrajectory SUCCESS.
[fsm_node-3] [ERROR] [1786684768.584279367] [fsm_node]:  -- [TRAJ_GUARD_REJECT] phase=PlanFromRest/with_backup segment=EXP status=CLEARANCE_MARGIN gen=9 map=73 from_tt=0.060 collision_tt=0.330 collision_p=[4.557,5.804,1.413] samples=198
[fsm_node-3] [33m -- [Fsm] PlanFromRest failed, try replan.[0m
[fsm_node-3] [32m -- [Fsm 81.544] Current state: GENERATE_TRAJ[0m
[fsm_node-3] [32m -- [Fsm] Get goal at [0m24.025 24.025  1.525
[fsm_node-3] [32m -- [Fsm] Receive click goal at: [24.025 24.025  1.525]; goal yaw: 0.000 deg[0m
[fsm_node-3] [INFO] [1786684769.054237639] [fsm_node]:  -- [SUPER] in [PlanFromRest] GenerateExpTrajectory SUCCESS.
[fsm_node-3] [ERROR] [1786684769.086826012] [fsm_node]:  -- [TRAJ_GUARD_REJECT] phase=PlanFromRest/with_backup segment=EXP status=CLEARANCE_MARGIN gen=9 map=73 from_tt=0.052 collision_tt=0.322 collision_p=[4.559,5.810,1.408] samples=195
[fsm_node-3] [33m -- [Fsm] PlanFromRest failed, try replan.[0m
[fsm_node-3] [INFO] [1786684769.577994218] [fsm_node]:  -- [SUPER] in [PlanFromRest] GenerateExpTrajectory SUCCESS.
[fsm_node-3] [ERROR] [1786684769.596472802] [fsm_node]:  -- [TRAJ_GUARD_REJECT] phase=PlanFromRest/with_backup segment=EXP status=CLEARANCE_MARGIN gen=9 map=73 from_tt=0.052 collision_tt=0.327 collision_p=[4.559,5.810,1.427] samples=182
[fsm_node-3] [33m -- [Fsm] PlanFromRest failed, try replan.[0m
[fsm_node-3] [32m -- [Fsm 82.554] Current state: GENERATE_TRAJ[0m
[fsm_node-3] [32m -- [Fsm] Get goal at [0m24.025 24.025  1.525
[fsm_node-3] [32m -- [Fsm] Receive click goal at: [24.025 24.025  1.525]; goal yaw: 0.000 deg[0m
[fsm_node-3] [INFO] [1786684770.083181753] [fsm_node]:  -- [SUPER] in [PlanFromRest] GenerateExpTrajectory SUCCESS.
[fsm_node-3] [ERROR] [1786684770.099582898] [fsm_node]:  -- [TRAJ_GUARD_REJECT] phase=PlanFromRest/with_backup segment=EXP status=CLEARANCE_MARGIN gen=9 map=74 from_tt=0.055 collision_tt=0.335 collision_p=[4.555,5.812,1.370] samples=182
[fsm_node-3] [33m -- [Fsm] PlanFromRest failed, try replan.[0m
[fsm_node-3] [INFO] [1786684770.590994604] [fsm_node]:  -- [SUPER] in [PlanFromRest] GenerateExpTrajectory SUCCESS.
[fsm_node-3] [ERROR] [1786684770.608690649] [fsm_node]:  -- [TRAJ_GUARD_REJECT] phase=PlanFromRest/with_backup segment=EXP status=CLEARANCE_MARGIN gen=9 map=75 from_tt=0.054 collision_tt=0.329 collision_p=[4.559,5.812,1.414] samples=182
[fsm_node-3] [33m -- [Fsm] PlanFromRest failed, try replan.[0m
[fsm_node-3] [32m -- [Fsm 83.564] Current state: GENERATE_TRAJ[0m
[fsm_node-3] [32m -- [Fsm] Get goal at [0m24.025 24.025  1.525
[fsm_node-3] [32m -- [Fsm] Receive click goal at: [24.025 24.025  1.525]; goal yaw: 0.000 deg[0m
[fsm_node-3] [INFO] [1786684771.093457191] [fsm_node]:  -- [SUPER] in [PlanFromRest] GenerateExpTrajectory SUCCESS.
[fsm_node-3] [ERROR] [1786684771.123102220] [fsm_node]:  -- [TRAJ_GUARD_REJECT] phase=PlanFromRest/with_backup segment=EXP status=CLEARANCE_MARGIN gen=9 map=75 from_tt=0.069 collision_tt=0.324 collision_p=[4.554,5.804,1.404] samples=176
[fsm_node-3] [33m -- [Fsm] PlanFromRest failed, try replan.[0m
[fsm_node-3] [32m -- [Fsm 85.434] Current state: GENERATE_TRAJ[0m
[fsm_node-3] [32m -- [Fsm] Get goal at [0m24.025 24.025  1.525
[fsm_node-3] [32m -- [Fsm] Receive click goal at: [24.025 24.025  1.525]; goal yaw: 0.000 deg[0m
[fsm_node-3] [INFO] [1786684772.946304503] [fsm_node]:  -- [SUPER] in [PlanFromRest] GenerateExpTrajectory SUCCESS.
[fsm_node-3] [ERROR] [1786684772.967779616] [fsm_node]:  -- [TRAJ_GUARD_REJECT] phase=PlanFromRest/with_backup segment=EXP status=CLEARANCE_MARGIN gen=9 map=76 from_tt=0.043 collision_tt=0.318 collision_p=[4.553,5.812,1.404] samples=179
[fsm_node-3] [33m -- [Fsm] PlanFromRest failed, try replan.[0m
[fsm_node-3] [INFO] [1786684773.478116536] [fsm_node]:  -- [SUPER] in [PlanFromRest] GenerateExpTrajectory SUCCESS.
[fsm_node-3] [ERROR] [1786684773.501218845] [fsm_node]:  -- [TRAJ_GUARD_REJECT] phase=PlanFromRest/with_backup segment=EXP status=CLEARANCE_MARGIN gen=9 map=76 from_tt=0.067 collision_tt=0.327 collision_p=[4.557,5.816,1.406] samples=194
[fsm_node-3] [33m -- [Fsm] PlanFromRest failed, try replan.[0m
[fsm_node-3] [32m -- [Fsm 86.454] Current state: GENERATE_TRAJ[0m
[fsm_node-3] [32m -- [Fsm] Get goal at [0m24.025 24.025  1.525
[fsm_node-3] [32m -- [Fsm] Receive click goal at: [24.025 24.025  1.525]; goal yaw: 0.000 deg[0m
[fsm_node-3] [INFO] [1786684773.973187280] [fsm_node]:  -- [SUPER] in [PlanFromRest] GenerateExpTrajectory SUCCESS.
[fsm_node-3] [ERROR] [1786684773.993062240] [fsm_node]:  -- [TRAJ_GUARD_REJECT] phase=PlanFromRest/with_backup segment=EXP status=CLEARANCE_MARGIN gen=9 map=76 from_tt=0.048 collision_tt=0.318 collision_p=[4.561,5.817,1.447] samples=187
[fsm_node-3] [33m -- [Fsm] PlanFromRest failed, try replan.[0m
