 -- [Bench] Use sim time is false, begin replay.
Load config file: /root/super_ws/src/SUPER/super_planner/config/static_reference_raw_ready.yaml
[0;32m Load param fsm/timer_en success: [0;0m1
[0;32m Load param fsm/click_goal_en success: [0;0m1
[0;32m Load param fsm/click_yaw_en success: [0;0m1
[0;32m Load param fsm/replan_rate success: [0;0m15
[0;32m Load param fsm/click_height success: [0;0m1.5
[0;32m Load param fsm/cmd_topic success: [0;0m/planning/pos_cmd
[0;32m Load param fsm/mpc_cmd_topic success: [0;0m/planning_cmd/poly_traj
[0;32m Load param fsm/click_goal_topic success: [0;0m/planning/click_goal
[0;32m Load param fsm/map_readiness/enable success: [0;0m1
[0;32m Load param fsm/map_readiness/min_accepted_scans success: [0;0m5
[0;32m Load param fsm/map_readiness/min_committed_scans success: [0;0m5
[0;32m Load param fsm/map_readiness/max_commit_lag_scans success: [0;0m5
[0;32m Load param fsm/map_readiness/min_scan_span_s success: [0;0m1
[0;32m Load param fsm/map_readiness/max_cloud_age_s success: [0;0m0.75
[0;32m Load param fsm/map_readiness/max_map_age_s success: [0;0m0.75
[0;32m Load param super_planner/yaw_dot_max success: [0;0m3
[0;32m Load param super_planner/visualization_en success: [0;0m1
[0;32m Load param rog_map/resolution success: [0;0m0.05
Load config file: /root/super_ws/src/SUPER/super_planner/config/static_reference_raw_ready.yaml
[0;32m Load param rog_map/esdf/resolution success: [0;0m0.1
[0;32m Load param rog_map/esdf/enable success: [0;0m0
[0;32m Load param rog_map/esdf/local_update_box success: [0;0m[5 5 3 ]
[0;32m Load param rog_map/load_pcd_en success: [0;0m0
[0;32m Load param rog_map/map_sliding/enable success: [0;0m0
[0;32m Load param rog_map/map_sliding/threshold success: [0;0m3
[0;32m Load param rog_map/fix_map_origin success: [0;0m[0 0 1.5 ]
[0;32m Load param rog_map/frontier_extraction_en success: [0;0m0
[0;32m Load param rog_map/ros_callback/enable success: [0;0m1
[0;32m Load param rog_map/ros_callback/cloud_topic success: [0;0m/cloud_registered
[0;32m Load param rog_map/ros_callback/odom_topic success: [0;0m/lidar_slam/odom
[0;32m Load param rog_map/ros_callback/odom_timeout success: [0;0m2
[0;32m Load param rog_map/visualization/enable success: [0;0m0
[0;32m Load param rog_map/visualization/use_dynamic_reconfigure success: [0;0m0
[0;32m Load param rog_map/visualization/pub_unknown_map_en success: [0;0m0
[0;32m Load param rog_map/visualization/frame_id success: [0;0mworld
[0;32m Load param rog_map/visualization/time_rate success: [0;0m2
[0;32m Load param rog_map/visualization/frame_rate success: [0;0m0
[0;32m Load param rog_map/visualization/range success: [0;0m[15 15 4 ]
[0;32m Load param rog_map/resolution success: [0;0m0.05
[0;32m Load param rog_map/inflation_resolution success: [0;0m0.1
[0;32m Load param rog_map/unk_inflation_en success: [0;0m0
[0;32m Load param rog_map/unk_inflation_step success: [0;0m1
[0;32m Load param rog_map/inflation_step success: [0;0m3
[0;32m Load param rog_map/intensity_thresh success: [0;0m-10
[0;32m Load param rog_map/map_size success: [0;0m[15 110 6 ]
[0;32m Load param rog_map/point_filt_num success: [0;0m1
[0;32m Load param rog_map/raycasting/enable success: [0;0m0
[0;32m Load param rog_map/raycasting/batch_update_size success: [0;0m1
[0;32m Load param rog_map/raycasting/unk_thresh success: [0;0m1
[0;32m Load param rog_map/raycasting/p_hit success: [0;0m0.9
[0;32m Load param rog_map/raycasting/p_miss success: [0;0m0.49
[0;32m Load param rog_map/raycasting/p_min success: [0;0m0.12
[0;32m Load param rog_map/raycasting/p_max success: [0;0m0.98
[0;32m Load param rog_map/raycasting/p_occ success: [0;0m0.85
[0;32m Load param rog_map/raycasting/p_free success: [0;0m0.499
[0;32m Load param rog_map/raycasting/p_free success: [0;0m0.499
[WARN] [1785917719.799061830] [perfect_tracking]:  -- [MissionPlanner] Load config by file name: /root/super_ws/src/SUPER/mars_uav_sim/perfect_drone_sim/config/dense.yaml
Load config file: /root/super_ws/src/SUPER/mars_uav_sim/perfect_drone_sim/config/dense.yaml
[0;32m Load param mesh_resource success: [0;0mpackage://perfect_drone_sim/meshes/yunque-M.dae
[0;32m Load param rog_map/raycasting/ray_range success: [0;0m[0.5 100 ]
[0;32m Load param init_position/x success: [0;0m0
[0;32m Load param init_position/y success: [0;0m-50
[0;32m Load param init_position/z success: [0;0m1.5
[0;32m Load param init_yaw success: [0;0m1.5741
[0;32m Load param sensing_rate success: [0;0m10
[0;32m Load param rog_map/raycasting/local_update_box success: [0;0m[100 100 5 ]
[0;32m Load param rog_map/virtual_ground_height success: [0;0m-0.1
Load config file: /root/super_ws/src/SUPER/mars_uav_sim/perfect_drone_sim/config/dense.yaml
[0;32m Load param sensing_blind success: [0;0m0.1
[0;32m Load param sensing_horizon success: [0;0m15
[0;32m Load param sensing_rate success: [0;0m10
[0;32m Load param lidar_type success: [0;0m2
[0;32m Load param pcd_name success: [0;0mrandom_map_2_26609.pcd
[0;32m Load param rog_map/virtual_ceil_height success: [0;0m3.5
[0;32m Load param is_360lidar success: [0;0m1
[32m -- [RM-Config] inflation_resolution: 0.1[0m
[0;32m Load param polar_resolution success: [0;0m0.4
 -- [ROG-Map] Init, resetMapSize: ORIGIN_AT_CORNER.
 -- [ROG-Map] Init, resetMapSize: virtual_ceil_height: 3.1500000000000004, virtual_ground_height: 0.25.
[34m	[ROG] n_free: 1[0m
[34m	[ROG] n_occ: 1[0m
[34m	[ROG] l_hit: 2.19722[0m
[34m	[ROG] l_miss: -0.0400053[0m
[34m	[ROG] l_min: -1.99243[0m
[34m	[ROG] l_max: 3.89182[0m
[34m	[ROG] l_occ: 1.7346[0m
[34m	[ROG] l_free: -0.00399995[0m
[0;33m Load param fx failed, use default value: [0;0m250
[0;33m Load param fy failed, use default value: [0;0m250
[0;33m Load param line_number failed, use default value: [0;0m64
[0;32m Load param downsample_res success: [0;0m0.1
[0;33m Load param yaw_fov failed, use default value: [0;0m360
[0;32m Load param vertical_fov success: [0;0m178
[0;32m Load param depth_image_en success: [0;0m0
[0;33m Load param inf_point_en failed, use default value: [0;0m0
[0;32m Load param print_time_consumption success: [0;0m0
GLAD init success
Load shader frome: /root/super_ws/src/SUPER/mars_uav_sim/marsim_render/config/pattern/360camera.vs
[33m -- [Inf-Map] Clear all local map.[0m
[32m -- [CounterMap] Init successfully -- .[0m
[32m	resolution: 0.1[0m
[32m	map_sliding_en: 0[0m
[32m	local_map_size_i:  159 1109   69[0m
[32m	local_map_size_d:  15.9 110.9   6.9[0m
[33m -- [Inf-Map] Clear all local map.[0m
[32m -- [InfMap] Init successfully -- .[0m
[32m	resolution: 0.1[0m
[32m	map_sliding_en: 0[0m
[32m	local_map_size_i:  159 1109   69[0m
[32m	local_map_size_d:  15.9 110.9   6.9[0m
[ProbMap] virtual_ceil_height: 3.15
[ProbMap] virtual_ground_height: 0.25
[33m -- [ProbMap] Map sliding disabled, set origin to [  0   0 1.5] -- [0m
Failed to find match for field 'intensity'.
Now initing the point cloud data: 
Number of points = 41.4755X 10000
Load data finish 
========== OpenGL Info ==========
Vendor: NVIDIA Corporation
Renderer: NVIDIA GeForce RTX 3050 Ti Laptop GPU/PCIe/SSE2
OpenGL Version: 3.3.0 NVIDIA 550.144.03
GLSL Version: 3.30 NVIDIA via Cg compiler
========== OpenGL Info ==========
[33m -- [Prob-Map] Clear all local map.[0m
[32m -- [ProbMap] Init successfully -- .[0m
[32m	resolution: 0.05[0m
[32m	map_sliding_en: 0[0m
[32m	local_map_size_i:  301 2201  121[0m
[32m	local_map_size_d:  15.05 110.05   6.05[0m
Load config file: /root/super_ws/src/SUPER/super_planner/config/static_reference_raw_ready.yaml
Load config file: /root/super_ws/src/SUPER/super_planner/config/static_reference_raw_ready.yaml
[0;32m Load param traj_opt/switch/print_optimizer_log success: [0;0m0
[0;32m Load param traj_opt/flatness/mass success: [0;0m1.64
[0;32m Load param traj_opt/flatness/dh success: [0;0m0.35
[0;32m Load param traj_opt/flatness/dv success: [0;0m0.35
[0;32m Load param traj_opt/flatness/grav success: [0;0m9.81
[0;32m Load param traj_opt/flatness/cp success: [0;0m0.001
[0;32m Load param traj_opt/flatness/v_eps success: [0;0m0.0001
[0;32m Load param traj_opt/switch/save_log_en success: [0;0m0
[0;32m Load param traj_opt/exp_traj/pos_constraint_type success: [0;0m1
[0;33m Load param traj_opt/exp_traj/piece_num failed, use default value: [0;0m1
[0;33m Load param traj_opt/exp_traj/uniform_time_en failed, use default value: [0;0m0
[0;32m Load param traj_opt/exp_traj/block_energy_cost success: [0;0m0
[0;32m Load param traj_opt/exp_traj/opt_accuracy success: [0;0m5e-06
[0;32m Load param traj_opt/exp_traj/integral_reso success: [0;0m15
[0;32m Load param traj_opt/exp_traj/smooth_eps success: [0;0m0.01
[0;32m Load param traj_opt/boundary/max_vel success: [0;0m3
[0;32m Load param traj_opt/boundary/max_acc success: [0;0m15
[0;32m Load param traj_opt/boundary/max_jerk success: [0;0m120
[0;32m Load param traj_opt/boundary/max_omg success: [0;0m2.5
[0;32m Load param traj_opt/boundary/max_acc_thr success: [0;0m17
[0;32m Load param traj_opt/boundary/min_acc_thr success: [0;0m6
[0;32m Load param traj_opt/boundary/penna_margin success: [0;0m0.05
[0;33m Load param traj_opt/exp_traj/penna_scale failed, use default value: [0;0m-1
[0;32m Load param traj_opt/exp_traj/penna_t success: [0;0m1e+07
[0;33m Load param traj_opt/exp_traj/penna_ts failed, use default value: [0;0m-1
[0;32m Load param traj_opt/exp_traj/penna_pos success: [0;0m5e+09
[0;32m Load param traj_opt/exp_traj/penna_vel success: [0;0m5e+08
[0;32m Load param traj_opt/exp_traj/penna_acc success: [0;0m5e+08
[0;32m Load param traj_opt/exp_traj/penna_jerk success: [0;0m-5e+08
[0;32m Load param traj_opt/exp_traj/penna_attract success: [0;0m5e+08
[0;32m Load param traj_opt/exp_traj/penna_omg success: [0;0m-1
[0;32m Load param traj_opt/exp_traj/penna_thr success: [0;0m-1
Load config file: /root/super_ws/src/SUPER/super_planner/config/static_reference_raw_ready.yaml
[0;32m Load param traj_opt/switch/print_optimizer_log success: [0;0m0
[0;32m Load param traj_opt/flatness/mass success: [0;0m1.64
[0;32m Load param traj_opt/flatness/dh success: [0;0m0.35
[0;32m Load param traj_opt/flatness/dv success: [0;0m0.35
[0;32m Load param traj_opt/flatness/grav success: [0;0m9.81
[0;32m Load param traj_opt/flatness/cp success: [0;0m0.001
[0;32m Load param traj_opt/flatness/v_eps success: [0;0m0.0001
[0;32m Load param traj_opt/switch/save_log_en success: [0;0m0
[0;32m Load param traj_opt/backup_traj/pos_constraint_type success: [0;0m2
[0;32m Load param traj_opt/backup_traj/piece_num success: [0;0m2
[0;32m Load param traj_opt/backup_traj/uniform_time_en success: [0;0m1
[0;32m Load param traj_opt/backup_traj/block_energy_cost success: [0;0m1
[0;32m Load param traj_opt/backup_traj/opt_accuracy success: [0;0m1e-05
[0;32m Load param traj_opt/backup_traj/integral_reso success: [0;0m12
[0;32m Load param traj_opt/backup_traj/smooth_eps success: [0;0m0.01
[0;32m Load param traj_opt/boundary/max_vel success: [0;0m3
[0;32m Load param traj_opt/boundary/max_acc success: [0;0m15
[0;32m Load param traj_opt/boundary/max_jerk success: [0;0m120
[0;32m Load param traj_opt/boundary/max_omg success: [0;0m2.5
[0;32m Load param traj_opt/boundary/max_acc_thr success: [0;0m17
[0;32m Load param traj_opt/boundary/min_acc_thr success: [0;0m6
[0;32m Load param traj_opt/boundary/penna_margin success: [0;0m0.05
Publish local map size: 64259
[0;33m Load param traj_opt/backup_traj/penna_scale failed, use default value: [0;0m-1
[0;32m Load param traj_opt/backup_traj/penna_t success: [0;0m100
[0;32m Load param traj_opt/backup_traj/penna_ts success: [0;0m1e+07
[0;32m Load param traj_opt/backup_traj/penna_pos success: [0;0m1e+10
[0;32m Load param traj_opt/backup_traj/penna_vel success: [0;0m1e+08
[0;32m Load param traj_opt/backup_traj/penna_acc success: [0;0m1e+08
[0;32m Load param traj_opt/backup_traj/penna_jerk success: [0;0m-1e+06
[0;33m Load param traj_opt/backup_traj/penna_attract failed, use default value: [0;0m-1
[0;32m Load param traj_opt/backup_traj/penna_omg success: [0;0m-1
[0;32m Load param traj_opt/backup_traj/penna_thr success: [0;0m-1
[0;32m Load param super_planner/print_log success: [0;0m0
[0;32m Load param super_planner/detailed_log_en success: [0;0m0
[0;32m Load param super_planner/visualization_en success: [0;0m1
[0;32m Load param super_planner/backup_traj_en success: [0;0m1
[0;32m Load param super_planner/goal_vel_en success: [0;0m0
[0;32m Load param super_planner/goal_yaw_en success: [0;0m0
[0;32m Load param super_planner/visual_process success: [0;0m0
[0;32m Load param super_planner/use_fov_cut success: [0;0m0
[0;33m Load param super_planner/fov_horizontal_angle failed, use default value: [0;0m-1
[0;33m Load param super_planner/fov_center_heading failed, use default value: [0;0m0
[0;32m Load param super_planner/frontend_in_known_free success: [0;0m0
[0;32m Load param super_planner/safe_corridor_line_max_length success: [0;0m6
[0;32m Load param super_planner/sensing_horizon success: [0;0m-1
[0;32m Load param super_planner/obs_skip_num success: [0;0m2
[0;32m Load param super_planner/replan_forward_dt success: [0;0m0.1
[0;32m Load param super_planner/corridor_bound_dis success: [0;0m0.8
[0;32m Load param super_planner/corridor_line_max_length success: [0;0m1
[0;32m Load param super_planner/planning_horizon success: [0;0m7
[0;32m Load param super_planner/receding_dis success: [0;0m1
[0;32m Load param super_planner/robot_r success: [0;0m0.2
[0;32m Load param super_planner/iris_iter_num success: [0;0m2
[0;32m Load param super_planner/yaw_mode success: [0;0m1
[0;32m Load param super_planner/mpc_horizon success: [0;0m15
[0;32m Load param super_planner/yaw_dot_max success: [0;0m3
[0;32m Load param rog_map/resolution success: [0;0m0.05
[38;2;050;205;050m -- [Viz] Set resolution_ to 0.05
[0m[38;2;050;205;050m -- [Viz] Set visualization_en_ to true
[0mLoad config file: /root/super_ws/src/SUPER/super_planner/config/static_reference_raw_ready.yaml
[0;32m Load param astar/map_voxel_num success: [0;0m[500 500 100 ]
[0;32m Load param astar/allow_diag success: [0;0m1
[0;32m Load param astar/debug_visualization_en success: [0;0m0
[0;32m Load param astar/heu_type success: [0;0m2
[0;32m Load param astar/visual_process success: [0;0m0
[32m -- [RM] Init Astar-map.[0m
Publish local map size: 64368
Publish local map size: 64233
Publish local map size: 64416
Publish local map size: 64274
Publish local map size: 64137
Publish local map size: 64149
Publish local map size: 63996
Publish local map size: 64319
Publish local map size: 64304
Publish local map size: 64180
[34m	map index size: 250 250  50[0m
[34m	map vox_num: 501 501 101[0m
 -- [MARSIM] Running FPS: 117.197
Publish local map size: 64304
Publish local map size: 64416
Publish local map size: 64279
Publish local map size: 64021
Publish local map size: 64177
Publish local map size: 64281
Publish local map size: 64274
[33m -- [Fsm] CLICKGOAL ENABLE.[0m
[INFO] [1785917722.268364979] [fsm_node]: [32m -- [Fsm-Test] Begin.[0m
Publish local map size: 64265
Publish local map size: 64259
Publish local map size: 64110
Publish local map size: 64111
 -- [MARSIM] Running FPS: 98.0502
Publish local map size: 64083
Publish local map size: 64084
Publish local map size: 64269
Publish local map size: 64041
Publish local map size: 64283
Publish local map size: 64188
[33m -- [Fsm] Wait for goal.[0m
[32m -- [Fsm 1.004] Current state: INIT[0m
Publish local map size: 64182
Publish local map size: 64121
Publish local map size: 64006
Publish local map size: 64158
Publish local map size: 64195
 -- [MARSIM] Running FPS: 103.084
Publish local map size: 64046
Publish local map size: 64009
Publish local map size: 64291
Publish local map size: 64362
Publish local map size: 64119
[33m -- [Fsm] Wait for goal.[0m
[32m -- [Fsm 2.014] Current state: INIT[0m
Publish local map size: 64247
Publish local map size: 64362
Publish local map size: 64274
Publish local map size: 64180
Publish local map size: 64122
Publish local map size: 64265
 -- [MARSIM] Running FPS: 93.7985
Publish local map size: 64183
Publish local map size: 64149
Publish local map size: 64265
Publish local map size: 64180
[33m -- [Fsm] Wait for goal.[0m
[32m -- [Fsm 3.024] Current state: INIT[0m
Publish local map size: 64218
Publish global map size: 414755
Publish local map size: 64084
Publish global map size: 414755
Publish global map size: 414755
Publish global map size: 414755
Publish global map size: 414755
Publish global map size: 414755
Publish global map size: 414755
Publish local map size: 64427
Publish local map size: 64416
Publish local map size: 64317
 -- [MARSIM] Running FPS: 87.4886
Publish local map size: 64554
Publish local map size: 64287
Publish local map size: 64094
Publish local map size: 64084
Publish local map size: 64368
[33m -- [Fsm] Wait for goal.[0m
[32m -- [Fsm 4.024] Current state: INIT[0m
Publish local map size: 64200
Publish local map size: 64070
Publish local map size: 64397
Publish local map size: 64036
 -- [MARSIM] Running FPS: 80.5627
Publish local map size: 64177
Publish local map size: 64206
Publish local map size: 64021
Publish local map size: 64184
Publish local map size: 64314
Publish local map size: 64256
[33m -- [Fsm] Wait for goal.[0m
[32m -- [Fsm 5.034] Current state: INIT[0m
Publish local map size: 64368
Publish local map size: 64040
Publish local map size: 64121
 -- [MARSIM] Running FPS: 82.4274
Publish local map size: 64213
Publish local map size: 64366
Publish local map size: 64048
Publish local map size: 64195
Publish local map size: 64241
Publish local map size: 64218
Publish local map size: 64183
[33m -- [Fsm] Wait for goal.[0m
[32m -- [Fsm 6.044] Current state: INIT[0m
Publish local map size: 64362
Publish local map size: 64150
 -- [MARSIM] Running FPS: 85.7166
Publish local map size: 64084
Publish local map size: 64291
Publish local map size: 64265
Publish local map size: 64149
Publish local map size: 64121
Publish local map size: 64088
Publish local map size: 64146
Publish local map size: 64173
Publish local map size: 64094
[33m -- [Fsm] Wait for goal.[0m
[32m -- [Fsm 7.054] Current state: INIT[0m
Publish local map size: 64182
Publish local map size: 64160
Publish local map size: 64174
 -- [MARSIM] Running FPS: 114.039
Publish local map size: 64362
Publish local map size: 64392
Publish local map size: 64206
Publish local map size: 64144
Publish local map size: 64248
Publish local map size: 64231
Publish local map size: 64095
[38;2;000;128;000m -- [Fsm]: [MainFsmCallback] change state from [INIT] to [WAIT_GOAL].
[0m -- [Fsm] MAP_NOT_READY reason=accepted_cloud_age,committed_cloud_age,map_age accepted=19 committed=19 version=19 lag=0 span=6.372s cloud_age=1.516s committed_cloud_age=1.516s commit_age=1.505s in_progress=false
[32m -- [Fsm 8.054] Current state: WAIT_GOAL[0m
Publish local map size: 64397
 -- [MARSIM] Running FPS: 78.4567
Publish local map size: 64368
Publish local map size: 64392
Publish local map size: 64174
Publish local map size: 64150
Publish local map size: 64021
Publish local map size: 64291
 -- [Fsm] MAP_READY accepted=20 committed=20 version=20 lag=0 span=8.771s cloud_age=0.009s committed_cloud_age=0.009s commit_age=0.000s in_progress=false
[32m -- [Fsm] Get goal at [0m 0.025 50.025  1.525
[32m -- [Fsm] Receive click goal at: [ 0.025 50.025  1.525]; goal yaw: 0.000 deg[0m
[INFO] [1785917731.089404822] [fsm_node]:  -- [SUPER] in [PlanFromRest] GenerateExpTrajectory SUCCESS.
Publish local map size: 64785
[38;2;000;128;000m -- [Fsm]: [MainFsmCallback] change state from [WAIT_GOAL] to [GENERATE_TRAJ].
[0m[38;2;000;128;000m -- [Fsm]: [MainFsmCallback] change state from [GENERATE_TRAJ] to [FOLLOW_TRAJ].
[0m[32m -- [Fsm] ReplanOnce succeed.[0m
Publish local map size: 66060
[32m -- [Fsm] ReplanOnce succeed.[0m
Publish local map size: 67517
[32m -- [Fsm] ReplanOnce succeed.[0m
[32m -- [Fsm 9.057] Current state: FOLLOW_TRAJ[0m
[32m -- [Fsm] ReplanOnce succeed.[0m
Publish local map size: 66563
[32m -- [Fsm] ReplanOnce succeed.[0m
Publish local map size: 67784
[32m -- [Fsm] ReplanOnce succeed.[0m
[WARN] [1785917731.607738481] [fsm_node]:  -- [BackOpt] Opt failed, Omg or thr or Pos violation.
[33m -- [MINCO] TrajOpt failed, (unknown)[0m
[33m -- [SUPER] Minco backup_traj opt failed.[0m
[WARN] [1785917731.609252274] [fsm_node]:  -- [BackOpt] Opt failed, Omg or thr or Pos violation.
[33m -- [MINCO] TrajOpt failed, (unknown)[0m
[33m -- [SUPER] Minco backup_traj opt failed.[0m
[WARN] [1785917731.609276500] [fsm_node]:  -- [SUPER] OptimizationBakTrajInPolytopes failed, force return
[WARN] [1785917731.609283353] [fsm_node]:  -- [SUPER] in [ReplanOnce]: generateBackupTrajectory return OPT_FAILED, replan Failed return
 -- [MARSIM] Running FPS: 107.48
Publish local map size: 67660
[32m -- [Fsm] ReplanOnce succeed.[0m
[32m -- [Fsm] ReplanOnce succeed.[0m
Publish local map size: 66792
[32m -- [Fsm] ReplanOnce succeed.[0m
Publish local map size: 67823
[32m -- [Fsm] ReplanOnce succeed.[0m
[32m -- [Fsm] ReplanOnce succeed.[0m
Publish local map size: 68076
[32m -- [Fsm] ReplanOnce succeed.[0m
Publish local map size: 67842
[32m -- [Fsm] ReplanOnce succeed.[0m
[32m -- [Fsm] ReplanOnce succeed.[0m
Publish local map size: 68552
[32m -- [Fsm] ReplanOnce succeed.[0m
Publish local map size: 67336
[32m -- [Fsm] ReplanOnce succeed.[0m
Publish local map size: 66978
[32m -- [Fsm] ReplanOnce succeed.[0m
[32m -- [Fsm 10.064] Current state: FOLLOW_TRAJ[0m
[32m -- [Fsm] ReplanOnce succeed.[0m
Publish local map size: 67438
[32m -- [Fsm] ReplanOnce succeed.[0m
Publish local map size: 67218
[32m -- [Fsm] ReplanOnce succeed.[0m
[32m -- [Fsm] ReplanOnce succeed.[0m
Publish local map size: 67799
[32m -- [Fsm] ReplanOnce succeed.[0m
[32m -- [Fsm] ReplanOnce succeed.[0m
Publish local map size: 68516
[32m -- [Fsm] ReplanOnce succeed.[0m
 -- [MARSIM] Running FPS: 119.207
Publish local map size: 69020
[32m -- [Fsm] ReplanOnce succeed.[0m
[32m -- [Fsm] ReplanOnce succeed.[0m
Publish local map size: 70132
[32m -- [Fsm] ReplanOnce succeed.[0m
Publish local map size: 71062
[32m -- [Fsm] ReplanOnce succeed.[0m
[32m -- [Fsm] ReplanOnce succeed.[0m
Publish local map size: 70117
[32m -- [Fsm] ReplanOnce succeed.[0m
Publish local map size: 69171
[32m -- [Fsm] ReplanOnce succeed.[0m
[32m -- [Fsm] ReplanOnce succeed.[0m
Publish local map size: 68937
[32m -- [Fsm] ReplanOnce succeed.[0m
[32m -- [Fsm 11.085] Current state: FOLLOW_TRAJ[0m
Publish local map size: 68531
[32m -- [Fsm] ReplanOnce succeed.[0m
[32m -- [Fsm] ReplanOnce succeed.[0m
Publish local map size: 70376
[32m -- [Fsm] ReplanOnce succeed.[0m
Publish local map size: 72747
[32m -- [Fsm] ReplanOnce succeed.[0m
[32m -- [Fsm] ReplanOnce succeed.[0m
Publish local map size: 73178
[32m -- [Fsm] ReplanOnce succeed.[0m
Publish local map size: 79647
[32m -- [Fsm] ReplanOnce succeed.[0m
[32m -- [Fsm] ReplanOnce succeed.[0m
Publish local map size: 81860
[32m -- [Fsm] ReplanOnce succeed.[0m
Publish local map size: 86378
[32m -- [Fsm] ReplanOnce succeed.[0m
[32m -- [Fsm] ReplanOnce succeed.[0m
 -- [MARSIM] Running FPS: 127.055
Publish local map size: 85063
[32m -- [Fsm] ReplanOnce succeed.[0m
[32m -- [Fsm] ReplanOnce succeed.[0m
Publish local map size: 86288
[32m -- [Fsm] ReplanOnce succeed.[0m
Publish local map size: 86432
[32m -- [Fsm] ReplanOnce succeed.[0m
[32m -- [Fsm 12.094] Current state: FOLLOW_TRAJ[0m
Publish local map size: 85537
[32m -- [Fsm] ReplanOnce succeed.[0m
[32m -- [Fsm] ReplanOnce succeed.[0m
Publish local map size: 81628
[32m -- [Fsm] ReplanOnce succeed.[0m
Publish local map size: 78741
[32m -- [Fsm] ReplanOnce succeed.[0m
[32m -- [Fsm] ReplanOnce succeed.[0m
Publish local map size: 80152
[32m -- [Fsm] ReplanOnce succeed.[0m
[32m -- [Fsm] ReplanOnce succeed.[0m
Publish local map size: 80122
[32m -- [Fsm] ReplanOnce succeed.[0m
Publish local map size: 79853
[32m -- [Fsm] ReplanOnce succeed.[0m
[32m -- [Fsm] ReplanOnce succeed.[0m
Publish local map size: 78476
[32m -- [Fsm] ReplanOnce succeed.[0m
Publish local map size: 80192
[32m -- [Fsm] ReplanOnce succeed.[0m
[32m -- [Fsm] ReplanOnce succeed.[0m
Publish local map size: 80289
[32m -- [Fsm] ReplanOnce succeed.[0m
 -- [MARSIM] Running FPS: 118.587
Publish local map size: 80417
[32m -- [Fsm] ReplanOnce succeed.[0m
[32m -- [Fsm 13.096] Current state: FOLLOW_TRAJ[0m
Publish local map size: 78173
[32m -- [Fsm] ReplanOnce succeed.[0m
[32m -- [Fsm] ReplanOnce succeed.[0m
Publish local map size: 77057
[32m -- [Fsm] ReplanOnce succeed.[0m
Publish local map size: 76249
[32m -- [Fsm] ReplanOnce succeed.[0m
[32m -- [Fsm] ReplanOnce succeed.[0m
Publish local map size: 76484
[32m -- [Fsm] ReplanOnce succeed.[0m
[32m -- [Fsm] ReplanOnce succeed.[0m
Publish local map size: 75715
[32m -- [Fsm] ReplanOnce succeed.[0m
Publish local map size: 76779
[32m -- [Fsm] ReplanOnce succeed.[0m
[32m -- [Fsm] ReplanOnce succeed.[0m
Publish local map size: 77348
[32m -- [Fsm] ReplanOnce succeed.[0m
Publish local map size: 76041
[32m -- [Fsm] ReplanOnce succeed.[0m
[32m -- [Fsm] ReplanOnce succeed.[0m
Publish local map size: 76758
[32m -- [Fsm] ReplanOnce succeed.[0m
Publish local map size: 79801
[32m -- [Fsm] ReplanOnce succeed.[0m
[32m -- [Fsm] ReplanOnce succeed.[0m
[32m -- [Fsm 14.121] Current state: FOLLOW_TRAJ[0m
Publish local map size: 83401
[32m -- [Fsm] ReplanOnce succeed.[0m
Publish local map size: 82481
[32m -- [Fsm] ReplanOnce succeed.[0m
[32m -- [Fsm] ReplanOnce succeed.[0m
 -- [MARSIM] Running FPS: 118.934
Publish local map size: 81870
[32m -- [Fsm] ReplanOnce succeed.[0m
Publish local map size: 80029
[32m -- [Fsm] ReplanOnce succeed.[0m
[32m -- [Fsm] ReplanOnce succeed.[0m
Publish local map size: 75717
[32m -- [Fsm] ReplanOnce succeed.[0m
Publish local map size: 71949
[32m -- [Fsm] ReplanOnce succeed.[0m
[32m -- [Fsm] ReplanOnce succeed.[0m
Publish local map size: 70839
[32m -- [Fsm] ReplanOnce succeed.[0m
Publish local map size: 68718
[WARN] [1785917737.211312455] [fsm_node]:  -- [SUPER] in [ReplanOnce]: Replan overtime, check parameters, replan dt = 0.092633936.
Publish local map size: 67397
[32m -- [Fsm] ReplanOnce succeed.[0m
[32m -- [Fsm] ReplanOnce succeed.[0m
[32m -- [Fsm] ReplanOnce succeed.[0m
Publish local map size: 68936
[32m -- [Fsm] ReplanOnce succeed.[0m
[32m -- [Fsm 15.124] Current state: FOLLOW_TRAJ[0m
Publish local map size: 70382
[32m -- [Fsm] ReplanOnce succeed.[0m
[32m -- [Fsm] ReplanOnce succeed.[0m
Publish local map size: 71064
[32m -- [Fsm] ReplanOnce succeed.[0m
Publish local map size: 72457
[32m -- [Fsm] ReplanOnce succeed.[0m
[32m -- [Fsm] ReplanOnce succeed.[0m
Publish local map size: 70742
[32m -- [Fsm] ReplanOnce succeed.[0m
Publish local map size: 71251
[32m -- [Fsm] ReplanOnce succeed.[0m
[32m -- [Fsm] ReplanOnce succeed.[0m
Publish local map size: 72159
[32m -- [Fsm] ReplanOnce succeed.[0m
 -- [MARSIM] Running FPS: 132.576
Publish local map size: 72141
[32m -- [Fsm] ReplanOnce succeed.[0m
Publish local map size: 73157
[32m -- [Fsm] ReplanOnce succeed.[0m
[32m -- [Fsm] ReplanOnce succeed.[0m
Publish local map size: 80213
[32m -- [Fsm] ReplanOnce succeed.[0m
Publish local map size: 97747
[32m -- [Fsm] ReplanOnce succeed.[0m
[32m -- [Fsm] ReplanOnce succeed.[0m
[32m -- [Fsm 16.124] Current state: FOLLOW_TRAJ[0m
Publish local map size: 79192
[32m -- [Fsm] ReplanOnce succeed.[0m
Publish local map size: 72495
[32m -- [Fsm] ReplanOnce succeed.[0m
[32m -- [Fsm] ReplanOnce succeed.[0m
Publish local map size: 71021
[32m -- [Fsm] ReplanOnce succeed.[0m
[WARN] [1785917738.715966670] [fsm_node]:  -- [ExpOpt] Opt failed, Omg or thr or Pos violation.
[33m -- [MINCO] TrajOpt failed, (unknown)[0m
[33m -- [SUPER] Minco exp_traj opt failed.[0m
[WARN] [1785917738.716066384] [fsm_node]:  -- [SUPER] OptimizationExpTrajInPolytopes for new path failed
[WARN] [1785917738.716076111] [fsm_node]:  -- [SUPER] in [ReplanOnce]: GenerateExpTrajectory failed, force return
Publish local map size: 72492
[32m -- [Fsm] ReplanOnce succeed.[0m
Publish local map size: 78371
[32m -- [Fsm] ReplanOnce succeed.[0m
[32m -- [Fsm] ReplanOnce succeed.[0m
Publish local map size: 87752
[32m -- [Fsm] ReplanOnce succeed.[0m
Publish local map size: 82722
[32m -- [Fsm] ReplanOnce succeed.[0m
[32m -- [Fsm] ReplanOnce succeed.[0m
Publish local map size: 75836
[32m -- [Fsm] ReplanOnce succeed.[0m
 -- [MARSIM] Running FPS: 117.072
Publish local map size: 75362
[32m -- [Fsm] ReplanOnce succeed.[0m
[32m -- [Fsm] ReplanOnce succeed.[0m
Publish local map size: 76327
[33m -- [CIRI] WARNING! The problem is not feasible, the min dis to obstacle is only: 0.184510196229697[0m
[33m	 box_min =  -1.675000000000000 -30.475000000000001   0.725000000000000[0m
[33m	 box_max =  0.021716783932398 -24.078759571480976   2.950000000000000[0m
[33m	 seed line = -0.875000000000000 -29.675000000000001   1.325000000000000 -->  -0.778283216067602 -24.878759571480977   2.678674547535391[0m
[WARN] [1785917739.386447261] [fsm_node]:  -- [SUPER] GeneratePolytopeFromLine failed, force return
[WARN] [1785917739.386494580] [fsm_node]:  -- [SUPER] in [ReplanOnce]: generateBackupTrajectory return FAILED, replan Failed return
[32m -- [Fsm 17.134] Current state: FOLLOW_TRAJ[0m
Publish local map size: 76251
[32m -- [Fsm] ReplanOnce succeed.[0m
[32m -- [Fsm] ReplanOnce succeed.[0m
Publish local map size: 75542
[32m -- [Fsm] ReplanOnce succeed.[0m
Publish local map size: 72616
[32m -- [Fsm] ReplanOnce succeed.[0m
Publish local map size: 69232
[32m -- [Fsm] ReplanOnce succeed.[0m
[32m -- [Fsm] ReplanOnce succeed.[0m
Publish local map size: 68460
[32m -- [Fsm] ReplanOnce succeed.[0m
[33m -- [CIRI] WARNING! The problem is not feasible, the min dis to obstacle is only: 0.182423413757096[0m
[33m	 box_min =  -1.450000000000000 -24.950000000000003   1.750000000000000[0m
[33m	 box_max =  0.350000000000000 -22.650000000000002   2.950000000000000[0m
[33m	 seed line = -0.650000000000000 -24.150000000000002   2.350000000000000 -->  -0.450000000000000 -23.450000000000003   2.350000000000000[0m
[33m -- [SUPER] GeneratePolytopeFromLine failed.[0m
[WARN] [1785917739.903694537] [fsm_node]:  -- [SUPER] SearchPolytopeOnPath for new path failed
[WARN] [1785917739.903752177] [fsm_node]:  -- [SUPER] in [ReplanOnce]: GenerateExpTrajectory failed, force return
Publish local map size: 70337
[32m -- [Fsm] ReplanOnce succeed.[0m
Publish local map size: 70277
[32m -- [Fsm] ReplanOnce succeed.[0m
Publish local map size: 67914
[32m -- [Fsm] ReplanOnce succeed.[0m
[32m -- [Fsm] ReplanOnce succeed.[0m
Publish local map size: 68897
[32m -- [Fsm] ReplanOnce succeed.[0m
[32m -- [Fsm] ReplanOnce succeed.[0m
Publish local map size: 68869
[32m -- [Fsm] ReplanOnce succeed.[0m
 -- [MARSIM] Running FPS: 118.792
Publish local map size: 69757
[32m -- [Fsm] ReplanOnce succeed.[0m
[32m -- [Fsm 18.156] Current state: FOLLOW_TRAJ[0m
[32m -- [Fsm] ReplanOnce succeed.[0m
Publish local map size: 70823
[32m -- [Fsm] ReplanOnce succeed.[0m
[32m -- [Fsm] ReplanOnce succeed.[0m
Publish local map size: 71344
[32m -- [Fsm] ReplanOnce succeed.[0m
Publish local map size: 68472
[32m -- [Fsm] ReplanOnce succeed.[0m
Publish local map size: 67497
[32m -- [Fsm] ReplanOnce succeed.[0m
[WARN] [1785917740.904633009] [fsm_node]:  -- [BackOpt] Opt failed, Omg or thr or Pos violation.
[33m -- [MINCO] TrajOpt failed, (unknown)[0m
[33m -- [SUPER] Minco backup_traj opt failed.[0m
[WARN] [1785917740.905111271] [fsm_node]:  -- [BackOpt] Opt failed, Omg or thr or Pos violation.
[33m -- [MINCO] TrajOpt failed, (unknown)[0m
[33m -- [SUPER] Minco backup_traj opt failed.[0m
[WARN] [1785917740.905117352] [fsm_node]:  -- [SUPER] OptimizationBakTrajInPolytopes failed, force return
[WARN] [1785917740.905123119] [fsm_node]:  -- [SUPER] in [ReplanOnce]: generateBackupTrajectory return OPT_FAILED, replan Failed return
Publish local map size: 67008
[32m -- [Fsm] ReplanOnce succeed.[0m
Publish local map size: 67859
[32m -- [Fsm] ReplanOnce succeed.[0m
[32m -- [Fsm] ReplanOnce succeed.[0m
Publish local map size: 70988
[32m -- [Fsm] ReplanOnce succeed.[0m
[32m -- [Fsm] ReplanOnce succeed.[0m
Publish local map size: 68085
[32m -- [Fsm] ReplanOnce succeed.[0m
Publish local map size: 68532
[32m -- [Fsm] ReplanOnce succeed.[0m
[32m -- [Fsm] ReplanOnce succeed.[0m
Publish local map size: 67385
[32m -- [Fsm 19.164] Current state: FOLLOW_TRAJ[0m
[32m -- [Fsm] ReplanOnce succeed.[0m
Publish local map size: 66926
[32m -- [Fsm] ReplanOnce succeed.[0m
[32m -- [Fsm] ReplanOnce succeed.[0m
 -- [MARSIM] Running FPS: 119.391
Publish local map size: 63569
[32m -- [Fsm] ReplanOnce succeed.[0m
Publish local map size: 62080
[32m -- [Fsm] ReplanOnce succeed.[0m
[32m -- [Fsm] ReplanOnce succeed.[0m
Publish local map size: 61918
[32m -- [Fsm] ReplanOnce succeed.[0m
Publish local map size: 62298
[32m -- [Fsm] ReplanOnce succeed.[0m
[32m -- [Fsm] ReplanOnce succeed.[0m
Publish local map size: 62835
[32m -- [Fsm] ReplanOnce succeed.[0m
Publish local map size: 64871
[32m -- [Fsm] ReplanOnce succeed.[0m
[32m -- [Fsm] ReplanOnce succeed.[0m
Publish local map size: 66758
[32m -- [Fsm] ReplanOnce succeed.[0m
Publish local map size: 65821
[32m -- [Fsm] ReplanOnce succeed.[0m
[32m -- [Fsm] ReplanOnce succeed.[0m
Publish local map size: 65189
[32m -- [Fsm] ReplanOnce succeed.[0m
[32m -- [Fsm 20.208] Current state: FOLLOW_TRAJ[0m
Publish local map size: 66676
[32m -- [Fsm] ReplanOnce succeed.[0m
[32m -- [Fsm] ReplanOnce succeed.[0m
Publish local map size: 65783
[32m -- [Fsm] ReplanOnce succeed.[0m
Publish local map size: 64213
[32m -- [Fsm] ReplanOnce succeed.[0m
[32m -- [Fsm] ReplanOnce succeed.[0m
 -- [MARSIM] Running FPS: 118.16
Publish local map size: 63388
[32m -- [Fsm] ReplanOnce succeed.[0m
Publish local map size: 63178
[32m -- [Fsm] ReplanOnce succeed.[0m
[32m -- [Fsm] ReplanOnce succeed.[0m
Publish local map size: 62542
[32m -- [Fsm] ReplanOnce succeed.[0m
Publish local map size: 61753
[32m -- [Fsm] ReplanOnce succeed.[0m
Publish local map size: 61937
[32m -- [Fsm] ReplanOnce succeed.[0m
[32m -- [Fsm] ReplanOnce succeed.[0m
Publish local map size: 63127
[32m -- [Fsm] ReplanOnce succeed.[0m
Publish local map size: 64894
[32m -- [Fsm] ReplanOnce succeed.[0m
[32m -- [Fsm] ReplanOnce succeed.[0m
[32m -- [Fsm 21.214] Current state: FOLLOW_TRAJ[0m
Publish local map size: 63063
[32m -- [Fsm] ReplanOnce succeed.[0m
[32m -- [Fsm] ReplanOnce succeed.[0m
Publish local map size: 62190
[32m -- [Fsm] ReplanOnce succeed.[0m
Publish local map size: 61057
[32m -- [Fsm] ReplanOnce succeed.[0m
[32m -- [Fsm] ReplanOnce succeed.[0m
Publish local map size: 61436
[32m -- [Fsm] ReplanOnce succeed.[0m
Publish local map size: 60874
[32m -- [Fsm] ReplanOnce succeed.[0m
[32m -- [Fsm] ReplanOnce succeed.[0m
 -- [MARSIM] Running FPS: 117.897
Publish local map size: 60268
[32m -- [Fsm] ReplanOnce succeed.[0m
Publish local map size: 60162
[32m -- [Fsm] ReplanOnce succeed.[0m
[32m -- [Fsm] ReplanOnce succeed.[0m
Publish local map size: 59540
[32m -- [Fsm] ReplanOnce succeed.[0m
Publish local map size: 59230
[32m -- [Fsm] ReplanOnce succeed.[0m
[32m -- [Fsm] ReplanOnce succeed.[0m
Publish local map size: 59726
[32m -- [Fsm] ReplanOnce succeed.[0m
[32m -- [Fsm 22.214] Current state: FOLLOW_TRAJ[0m
[32m -- [Fsm] ReplanOnce succeed.[0m
Publish local map size: 60039
[32m -- [Fsm] ReplanOnce succeed.[0m
Publish local map size: 60245
[32m -- [Fsm] ReplanOnce succeed.[0m
Publish local map size: 60635
[32m -- [Fsm] ReplanOnce succeed.[0m
[32m -- [Fsm] ReplanOnce succeed.[0m
Publish local map size: 61568
[32m -- [Fsm] ReplanOnce succeed.[0m
Publish local map size: 62773
[32m -- [Fsm] ReplanOnce succeed.[0m
[32m -- [Fsm] ReplanOnce succeed.[0m
Publish local map size: 64770
[32m -- [Fsm] ReplanOnce succeed.[0m
Publish local map size: 67769
[32m -- [Fsm] ReplanOnce succeed.[0m
[33m -- [CIRI] WARNING! The problem is not feasible, the min dis to obstacle is only: 0.188101490152597[0m
[33m	 box_min =  -1.301328630869238 -14.225000000000001   1.940703966534360[0m
[33m	 box_max =  0.425000000000000 -10.062857071482245   2.950000000000000[0m
[33m	 seed line = -0.375000000000000 -13.425000000000001   2.575000000000000 -->  -0.501328630869238 -10.862857071482246   2.540703966534360[0m
[WARN] [1785917745.187759398] [fsm_node]:  -- [SUPER] GeneratePolytopeFromLine failed, force return
[WARN] [1785917745.187819165] [fsm_node]:  -- [SUPER] in [ReplanOnce]: generateBackupTrajectory return FAILED, replan Failed return
Publish local map size: 65676
[32m -- [Fsm] ReplanOnce succeed.[0m
Publish local map size: 64021
[32m -- [Fsm] ReplanOnce succeed.[0m
[32m -- [Fsm] ReplanOnce succeed.[0m
 -- [MARSIM] Running FPS: 136.213
Publish local map size: 63688
[32m -- [Fsm] ReplanOnce succeed.[0m
Publish local map size: 63256
[32m -- [Fsm] ReplanOnce succeed.[0m
[32m -- [Fsm 23.246] Current state: FOLLOW_TRAJ[0m
[32m -- [Fsm] ReplanOnce succeed.[0m
Publish local map size: 62624
[32m -- [Fsm] ReplanOnce succeed.[0m
[32m -- [Fsm] ReplanOnce succeed.[0m
Publish local map size: 63402
[32m -- [Fsm] ReplanOnce succeed.[0m
Publish local map size: 61452
[32m -- [Fsm] ReplanOnce succeed.[0m
[32m -- [Fsm] ReplanOnce succeed.[0m
Publish local map size: 62347
[32m -- [Fsm] ReplanOnce succeed.[0m
Publish local map size: 62262
[32m -- [Fsm] ReplanOnce succeed.[0m
[32m -- [Fsm] ReplanOnce succeed.[0m
Publish local map size: 62290
[32m -- [Fsm] ReplanOnce succeed.[0m
Publish local map size: 62851
[32m -- [Fsm] ReplanOnce succeed.[0m
[32m -- [Fsm] ReplanOnce succeed.[0m
Publish local map size: 65328
[32m -- [Fsm] ReplanOnce succeed.[0m
Publish local map size: 67259
[32m -- [Fsm] ReplanOnce succeed.[0m
[32m -- [Fsm] ReplanOnce succeed.[0m
Publish local map size: 68846
[32m -- [Fsm 24.261] Current state: FOLLOW_TRAJ[0m
[32m -- [Fsm] ReplanOnce succeed.[0m
Publish local map size: 68270
[32m -- [Fsm] ReplanOnce succeed.[0m
[32m -- [Fsm] ReplanOnce succeed.[0m
Publish local map size: 67594
[32m -- [Fsm] ReplanOnce succeed.[0m
 -- [MARSIM] Running FPS: 131.968
Publish local map size: 68165
[32m -- [Fsm] ReplanOnce succeed.[0m
[33m Yaw rate too large, 5.138736227982780[0m
[32m -- [Fsm] ReplanOnce succeed.[0m
Publish local map size: 68022
[32m -- [Fsm] ReplanOnce succeed.[0m
Publish local map size: 68161
[32m -- [Fsm] ReplanOnce succeed.[0m
[32m -- [Fsm] ReplanOnce succeed.[0m
Publish local map size: 68428
[32m -- [Fsm] ReplanOnce succeed.[0m
[32m -- [Fsm] ReplanOnce succeed.[0m
Publish local map size: 66182
[32m -- [Fsm] ReplanOnce succeed.[0m
Publish local map size: 66317
[32m -- [Fsm] ReplanOnce succeed.[0m
Publish local map size: 67172
[32m -- [Fsm] ReplanOnce succeed.[0m
[32m -- [Fsm] ReplanOnce succeed.[0m
Publish local map size: 71198
[32m -- [Fsm] ReplanOnce succeed.[0m
[32m -- [Fsm 25.314] Current state: FOLLOW_TRAJ[0m
Publish local map size: 68385
[32m -- [Fsm] ReplanOnce succeed.[0m
Publish local map size: 65418
[32m -- [Fsm] ReplanOnce succeed.[0m
[32m -- [Fsm] ReplanOnce succeed.[0m
Publish local map size: 62771
[32m -- [Fsm] ReplanOnce succeed.[0m
[32m -- [Fsm] ReplanOnce succeed.[0m
Publish local map size: 60661
[32m -- [Fsm] ReplanOnce succeed.[0m
Publish local map size: 60242
[32m -- [Fsm] ReplanOnce succeed.[0m
[32m -- [Fsm] ReplanOnce succeed.[0m
 -- [MARSIM] Running FPS: 118.774
Publish local map size: 59626
[32m -- [Fsm] ReplanOnce succeed.[0m
Publish local map size: 59221
[32m -- [Fsm] ReplanOnce succeed.[0m
[32m -- [Fsm] ReplanOnce succeed.[0m
Publish local map size: 59257
[32m -- [Fsm] ReplanOnce succeed.[0m
Publish local map size: 58627
[32m -- [Fsm] ReplanOnce succeed.[0m
[32m -- [Fsm] ReplanOnce succeed.[0m
Publish local map size: 58033
[32m -- [Fsm] ReplanOnce succeed.[0m
Publish local map size: 57683
[32m -- [Fsm] ReplanOnce succeed.[0m
[32m -- [Fsm 26.344] Current state: FOLLOW_TRAJ[0m
[32m -- [Fsm] ReplanOnce succeed.[0m
Publish local map size: 57349
[32m -- [Fsm] ReplanOnce succeed.[0m
[32m -- [Fsm] ReplanOnce succeed.[0m
Publish local map size: 57735
[32m -- [Fsm] ReplanOnce succeed.[0m
Publish local map size: 57583
[32m -- [Fsm] ReplanOnce succeed.[0m
[WARN] [1785917749.027760365] [fsm_node]:  -- [BackOpt] Opt failed, Omg or thr or Pos violation.
[33m -- [MINCO] TrajOpt failed, (unknown)[0m
[33m -- [SUPER] Minco backup_traj opt failed.[0m
[WARN] [1785917749.027992838] [fsm_node]:  -- [BackOpt] Opt failed, Omg or thr or Pos violation.
[33m -- [MINCO] TrajOpt failed, (unknown)[0m
[33m -- [SUPER] Minco backup_traj opt failed.[0m
[WARN] [1785917749.028000124] [fsm_node]:  -- [SUPER] OptimizationBakTrajInPolytopes failed, force return
[WARN] [1785917749.028006724] [fsm_node]:  -- [SUPER] in [ReplanOnce]: generateBackupTrajectory return OPT_FAILED, replan Failed return
Publish local map size: 57302
[32m -- [Fsm] ReplanOnce succeed.[0m
Publish local map size: 57747
[32m -- [Fsm] ReplanOnce succeed.[0m
[33m -- [SUPER] Minco corridor preprocess error.[0m
[WARN] [1785917749.206220985] [fsm_node]:  -- [SUPER] OptimizationExpTrajInPolytopes for new path failed
[WARN] [1785917749.206261764] [fsm_node]:  -- [SUPER] in [ReplanOnce]: GenerateExpTrajectory failed, force return
Publish local map size: 58074
[32m -- [Fsm] ReplanOnce succeed.[0m
 -- [MARSIM] Running FPS: 114.298
Publish local map size: 58263
[32m -- [Fsm] ReplanOnce succeed.[0m
[32m -- [Fsm] ReplanOnce succeed.[0m
Publish local map size: 59898
[32m -- [Fsm] ReplanOnce succeed.[0m
Publish local map size: 60784
[33m Yaw rate too large, 5.360372184668221[0m
[32m -- [Fsm] ReplanOnce succeed.[0m
[32m -- [Fsm] ReplanOnce succeed.[0m
[32m -- [Fsm 27.344] Current state: FOLLOW_TRAJ[0m
Publish local map size: 60684
[33m Yaw rate too large, 5.074047051369895[0m
[32m -- [Fsm] ReplanOnce succeed.[0m
Publish local map size: 61350
[32m -- [Fsm] ReplanOnce succeed.[0m
[32m -- [Fsm] ReplanOnce succeed.[0m
Publish local map size: 62218
[32m -- [Fsm] ReplanOnce succeed.[0m
Publish local map size: 62859
[32m -- [Fsm] ReplanOnce succeed.[0m
[32m -- [Fsm] ReplanOnce succeed.[0m
Publish local map size: 61892
[32m -- [Fsm] ReplanOnce succeed.[0m
Publish local map size: 59994
[32m -- [Fsm] ReplanOnce succeed.[0m
[32m -- [Fsm] ReplanOnce succeed.[0m
Publish local map size: 61319
[32m -- [Fsm] ReplanOnce succeed.[0m
Publish local map size: 62573
[32m -- [Fsm] ReplanOnce succeed.[0m
[32m -- [Fsm] ReplanOnce succeed.[0m
Publish local map size: 64680
[32m -- [Fsm] ReplanOnce succeed.[0m
 -- [MARSIM] Running FPS: 119.714
Publish local map size: 64500
[32m -- [Fsm] ReplanOnce succeed.[0m
[32m -- [Fsm] ReplanOnce succeed.[0m
Publish local map size: 64703
[32m -- [Fsm 28.354] Current state: FOLLOW_TRAJ[0m
[32m -- [Fsm] ReplanOnce succeed.[0m
Publish local map size: 64991
[32m -- [Fsm] ReplanOnce succeed.[0m
[32m -- [Fsm] ReplanOnce succeed.[0m
Publish local map size: 65493
[32m -- [Fsm] ReplanOnce succeed.[0m
Publish local map size: 67443
[32m -- [Fsm] ReplanOnce succeed.[0m
[32m -- [Fsm] ReplanOnce succeed.[0m
Publish local map size: 65195
[32m -- [Fsm] ReplanOnce succeed.[0m
Publish local map size: 64527
[32m -- [Fsm] ReplanOnce succeed.[0m
[32m -- [Fsm] ReplanOnce succeed.[0m
Publish local map size: 65991
[32m -- [Fsm] ReplanOnce succeed.[0m
Publish local map size: 67780
[32m -- [Fsm] ReplanOnce succeed.[0m
[32m -- [Fsm] ReplanOnce succeed.[0m
Publish local map size: 67766
[32m -- [Fsm] ReplanOnce succeed.[0m
[32m -- [Fsm] ReplanOnce succeed.[0m
Publish local map size: 64941
[32m -- [Fsm] ReplanOnce succeed.[0m
Publish local map size: 64111
[32m -- [Fsm 29.354] Current state: FOLLOW_TRAJ[0m
[32m -- [Fsm] ReplanOnce succeed.[0m
[32m -- [Fsm] ReplanOnce succeed.[0m
Publish local map size: 63678
[32m -- [Fsm] ReplanOnce succeed.[0m
 -- [MARSIM] Running FPS: 129.386
Publish local map size: 63630
[32m -- [Fsm] ReplanOnce succeed.[0m
Publish local map size: 63811
[32m -- [Fsm] ReplanOnce succeed.[0m
[32m -- [Fsm] ReplanOnce succeed.[0m
Publish local map size: 64146
[32m -- [Fsm] ReplanOnce succeed.[0m
[32m -- [Fsm] ReplanOnce succeed.[0m
Publish local map size: 64206
[32m -- [Fsm] ReplanOnce succeed.[0m
Publish local map size: 64635
[32m -- [Fsm] ReplanOnce succeed.[0m
[32m -- [Fsm] ReplanOnce succeed.[0m
Publish local map size: 64698
[32m -- [Fsm] ReplanOnce succeed.[0m
Publish local map size: 66785
[32m -- [Fsm] ReplanOnce succeed.[0m
[32m -- [Fsm] ReplanOnce succeed.[0m
Publish local map size: 71086
[32m -- [Fsm] ReplanOnce succeed.[0m
Publish local map size: 71344
[32m -- [Fsm] ReplanOnce succeed.[0m
[32m -- [Fsm 30.370] Current state: FOLLOW_TRAJ[0m
[32m -- [Fsm] ReplanOnce succeed.[0m
Publish local map size: 67193
[32m -- [Fsm] ReplanOnce succeed.[0m
Publish local map size: 66014
[32m -- [Fsm] ReplanOnce succeed.[0m
[32m -- [Fsm] ReplanOnce succeed.[0m
Publish local map size: 69385
[32m -- [Fsm] ReplanOnce succeed.[0m
Publish local map size: 72272
[32m -- [Fsm] ReplanOnce succeed.[0m
[32m -- [Fsm] ReplanOnce succeed.[0m
 -- [MARSIM] Running FPS: 116.389
Publish local map size: 72578
[32m -- [Fsm] ReplanOnce succeed.[0m
Publish local map size: 65705
[32m -- [Fsm] ReplanOnce succeed.[0m
[32m -- [Fsm] ReplanOnce succeed.[0m
Publish local map size: 60426
[32m -- [Fsm] ReplanOnce succeed.[0m
Publish local map size: 58842
[32m -- [Fsm] ReplanOnce succeed.[0m
[32m -- [Fsm] ReplanOnce succeed.[0m
Publish local map size: 59678
[32m -- [Fsm] ReplanOnce succeed.[0m
Publish local map size: 60989
[32m -- [Fsm] ReplanOnce succeed.[0m
[32m -- [Fsm 31.374] Current state: FOLLOW_TRAJ[0m
[32m -- [Fsm] ReplanOnce succeed.[0m
Publish local map size: 59823
[32m -- [Fsm] ReplanOnce succeed.[0m
Publish local map size: 57108
[32m -- [Fsm] ReplanOnce succeed.[0m
[32m -- [Fsm] ReplanOnce succeed.[0m
Publish local map size: 57436
[32m -- [Fsm] ReplanOnce succeed.[0m
Publish local map size: 58272
[32m -- [Fsm] ReplanOnce succeed.[0m
[32m -- [Fsm] ReplanOnce succeed.[0m
Publish local map size: 59617
[32m -- [Fsm] ReplanOnce succeed.[0m
Publish local map size: 61502
[32m -- [Fsm] ReplanOnce succeed.[0m
[32m -- [Fsm] ReplanOnce succeed.[0m
Publish local map size: 65489
[32m -- [Fsm] ReplanOnce succeed.[0m
Publish local map size: 68960
[32m -- [Fsm] ReplanOnce succeed.[0m
[32m -- [Fsm] ReplanOnce succeed.[0m
 -- [MARSIM] Running FPS: 134.547
Publish local map size: 66929
[32m -- [Fsm] ReplanOnce succeed.[0m
[32m -- [Fsm] ReplanOnce succeed.[0m
Publish local map size: 67709
[32m -- [Fsm 32.374] Current state: FOLLOW_TRAJ[0m
[32m -- [Fsm] ReplanOnce succeed.[0m
Publish local map size: 66021
[32m -- [Fsm] ReplanOnce succeed.[0m
Publish local map size: 63919
[32m -- [Fsm] ReplanOnce succeed.[0m
[32m -- [Fsm] ReplanOnce succeed.[0m
Publish local map size: 63772
[32m -- [Fsm] ReplanOnce succeed.[0m
Publish local map size: 63856
[32m -- [Fsm] ReplanOnce succeed.[0m
[32m -- [Fsm] ReplanOnce succeed.[0m
Publish local map size: 61958
[32m -- [Fsm] ReplanOnce succeed.[0m
Publish local map size: 61231
[32m -- [Fsm] ReplanOnce succeed.[0m
[32m -- [Fsm] ReplanOnce succeed.[0m
Publish local map size: 60873
[32m -- [Fsm] ReplanOnce succeed.[0m
Publish local map size: 60650
[32m -- [Fsm] ReplanOnce succeed.[0m
[32m -- [Fsm] ReplanOnce succeed.[0m
Publish local map size: 60767
[32m -- [Fsm] ReplanOnce succeed.[0m
[32m -- [Fsm] ReplanOnce succeed.[0m
Publish local map size: 61020
[32m -- [Fsm] ReplanOnce succeed.[0m
[32m -- [Fsm 33.401] Current state: FOLLOW_TRAJ[0m
 -- [MARSIM] Running FPS: 118.251
Publish local map size: 61136
[32m -- [Fsm] ReplanOnce succeed.[0m
[32m -- [Fsm] ReplanOnce succeed.[0m
Publish local map size: 61542
[32m -- [Fsm] ReplanOnce succeed.[0m
Publish local map size: 60562
[32m -- [Fsm] ReplanOnce succeed.[0m
Publish local map size: 61521
[WARN] [1785917756.037748933] [fsm_node]:  -- [BackOpt] Opt failed, Omg or thr or Pos violation.
[33m -- [MINCO] TrajOpt failed, (unknown)[0m
[33m -- [SUPER] Minco backup_traj opt failed.[0m
[32m -- [Fsm] ReplanOnce succeed.[0m
[32m -- [Fsm] ReplanOnce succeed.[0m
Publish local map size: 61897
[32m -- [Fsm] ReplanOnce succeed.[0m
[32m -- [Fsm] ReplanOnce succeed.[0m
Publish local map size: 62123
[32m -- [Fsm] ReplanOnce succeed.[0m
Publish local map size: 61893
[32m -- [Fsm] ReplanOnce succeed.[0m
[32m -- [Fsm] ReplanOnce succeed.[0m
Publish local map size: 61923
[32m -- [Fsm] ReplanOnce succeed.[0m
Publish local map size: 62103
[32m -- [Fsm] ReplanOnce succeed.[0m
[32m -- [Fsm] ReplanOnce succeed.[0m
Publish local map size: 62075
[32m -- [Fsm] ReplanOnce succeed.[0m
[32m -- [Fsm 34.404] Current state: FOLLOW_TRAJ[0m
Publish local map size: 61950
[32m -- [Fsm] ReplanOnce succeed.[0m
[32m -- [Fsm] ReplanOnce succeed.[0m
Publish local map size: 62146
[32m -- [Fsm] ReplanOnce succeed.[0m
Publish local map size: 61663
[32m -- [Fsm] ReplanOnce succeed.[0m
[32m -- [Fsm] ReplanOnce succeed.[0m
 -- [MARSIM] Running FPS: 126.373
Publish local map size: 60978
[32m -- [Fsm] ReplanOnce succeed.[0m
Publish local map size: 62056
[32m -- [Fsm] ReplanOnce succeed.[0m
[32m -- [Fsm] ReplanOnce succeed.[0m
Publish local map size: 61368
[32m -- [Fsm] ReplanOnce succeed.[0m
Publish local map size: 60501
[32m -- [Fsm] ReplanOnce succeed.[0m
[32m -- [Fsm] ReplanOnce succeed.[0m
Publish local map size: 59316
[32m -- [Fsm] ReplanOnce succeed.[0m
[32m -- [Fsm] ReplanOnce succeed.[0m
Publish local map size: 61188
[32m -- [Fsm] ReplanOnce succeed.[0m
Publish local map size: 61484
[32m -- [Fsm] ReplanOnce succeed.[0m
[32m -- [Fsm 35.414] Current state: FOLLOW_TRAJ[0m
[32m -- [Fsm] ReplanOnce succeed.[0m
Publish local map size: 60275
[32m -- [Fsm] ReplanOnce succeed.[0m
Publish local map size: 62486
[32m -- [Fsm] ReplanOnce succeed.[0m
[33m -- [SUPER] Minco corridor preprocess error.[0m
[WARN] [1785917757.922573135] [fsm_node]:  -- [SUPER] OptimizationExpTrajInPolytopes for new path failed
[WARN] [1785917757.922616566] [fsm_node]:  -- [SUPER] in [ReplanOnce]: GenerateExpTrajectory failed, force return
Publish local map size: 67107
[32m -- [Fsm] ReplanOnce succeed.[0m
Publish local map size: 68103
[32m -- [Fsm] ReplanOnce succeed.[0m
[32m -- [Fsm] ReplanOnce succeed.[0m
Publish local map size: 68785
[32m -- [Fsm] ReplanOnce succeed.[0m
 -- [MARSIM] Running FPS: 111.063
Publish local map size: 70862
[32m -- [Fsm] ReplanOnce succeed.[0m
Publish local map size: 67476
[32m -- [Fsm] ReplanOnce succeed.[0m
[32m -- [Fsm] ReplanOnce succeed.[0m
Publish local map size: 65869
[32m -- [Fsm] ReplanOnce succeed.[0m
[32m -- [Fsm] ReplanOnce succeed.[0m
Publish local map size: 64554
[32m -- [Fsm] ReplanOnce succeed.[0m
Publish local map size: 64245
[32m -- [Fsm] ReplanOnce succeed.[0m
[32m -- [Fsm] ReplanOnce succeed.[0m
[32m -- [Fsm 36.426] Current state: FOLLOW_TRAJ[0m
Publish local map size: 63969
[32m -- [Fsm] ReplanOnce succeed.[0m
Publish local map size: 63131
[32m -- [Fsm] ReplanOnce succeed.[0m
[32m -- [Fsm] ReplanOnce succeed.[0m
Publish local map size: 63400
[32m -- [Fsm] ReplanOnce succeed.[0m
Publish local map size: 63697
[32m -- [Fsm] ReplanOnce succeed.[0m
Publish local map size: 64184
[32m -- [Fsm] ReplanOnce succeed.[0m
[32m -- [Fsm] ReplanOnce succeed.[0m
Publish local map size: 63518
[32m -- [Fsm] ReplanOnce succeed.[0m
[32m -- [Fsm] ReplanOnce succeed.[0m
Publish local map size: 63571
[32m -- [Fsm] ReplanOnce succeed.[0m
 -- [MARSIM] Running FPS: 110.69
Publish local map size: 64203
[32m -- [Fsm] ReplanOnce succeed.[0m
[32m -- [Fsm] ReplanOnce succeed.[0m
Publish local map size: 63487
[31m -- [EXPTrajOpt] Ill corridor! Forced return.[0m
[33m -- [TrajOpt] Cannot simplify sfcs.[0m
[WARN] [1785917759.570632963] [fsm_node]:  -- [SUPER] OptimizationExpTrajInPolytopes for new path failed
[WARN] [1785917759.570687425] [fsm_node]:  -- [SUPER] in [ReplanOnce]: GenerateExpTrajectory failed, force return
Publish local map size: 62162
[32m -- [Fsm] ReplanOnce succeed.[0m
[32m -- [Fsm] ReplanOnce succeed.[0m
[32m -- [Fsm 37.436] Current state: FOLLOW_TRAJ[0m
Publish local map size: 60293
[32m -- [Fsm] ReplanOnce succeed.[0m
Publish local map size: 58600
[32m -- [Fsm] ReplanOnce succeed.[0m
[32m -- [Fsm] ReplanOnce succeed.[0m
Publish local map size: 57722
[32m -- [Fsm] ReplanOnce succeed.[0m
Publish local map size: 57849
[32m -- [Fsm] ReplanOnce succeed.[0m
[32m -- [Fsm] ReplanOnce succeed.[0m
Publish local map size: 57104
[32m -- [Fsm] ReplanOnce succeed.[0m
Publish local map size: 57148
[32m -- [Fsm] ReplanOnce succeed.[0m
[32m -- [Fsm] ReplanOnce succeed.[0m
Publish local map size: 58558
[32m -- [Fsm] ReplanOnce succeed.[0m
Publish local map size: 57862
[32m -- [Fsm] ReplanOnce succeed.[0m
[32m -- [Fsm] ReplanOnce succeed.[0m
Publish local map size: 58583
[32m -- [Fsm] ReplanOnce succeed.[0m
 -- [MARSIM] Running FPS: 112.94
Publish local map size: 58586
[32m -- [Fsm] ReplanOnce succeed.[0m
[32m -- [Fsm] ReplanOnce succeed.[0m
Publish local map size: 58938
[32m -- [Fsm 38.444] Current state: FOLLOW_TRAJ[0m
[32m -- [Fsm] ReplanOnce succeed.[0m
Publish local map size: 58945
[32m -- [Fsm] ReplanOnce succeed.[0m
[32m -- [Fsm] ReplanOnce succeed.[0m
Publish local map size: 59042
[32m -- [Fsm] ReplanOnce succeed.[0m
Publish local map size: 59122
[32m -- [Fsm] ReplanOnce succeed.[0m
[32m -- [Fsm] ReplanOnce succeed.[0m
Publish local map size: 59087
[31m -- [EXPTrajOpt] Ill corridor! Forced return.[0m
[33m -- [TrajOpt] Cannot simplify sfcs.[0m
[WARN] [1785917761.167834409] [fsm_node]:  -- [SUPER] OptimizationExpTrajInPolytopes for new path failed
[WARN] [1785917761.167911650] [fsm_node]:  -- [SUPER] in [ReplanOnce]: GenerateExpTrajectory failed, force return
Publish local map size: 59560
[32m -- [Fsm] ReplanOnce succeed.[0m
[32m -- [Fsm] ReplanOnce succeed.[0m
Publish local map size: 59919
[32m -- [Fsm] ReplanOnce succeed.[0m
Publish local map size: 58890
[32m -- [Fsm] ReplanOnce succeed.[0m
[32m -- [Fsm] ReplanOnce succeed.[0m
Publish local map size: 58985
[32m -- [Fsm] ReplanOnce succeed.[0m
Publish local map size: 59500
[32m -- [Fsm] ReplanOnce succeed.[0m
[32m -- [Fsm] ReplanOnce succeed.[0m
Publish local map size: 60091
[32m -- [Fsm] ReplanOnce succeed.[0m
[32m -- [Fsm 39.541] Current state: FOLLOW_TRAJ[0m
Publish local map size: 57593
[32m -- [Fsm] ReplanOnce succeed.[0m
[32m -- [Fsm] ReplanOnce succeed.[0m
 -- [MARSIM] Running FPS: 126.754
Publish local map size: 56486
[32m -- [Fsm] ReplanOnce succeed.[0m
[32m -- [Fsm] ReplanOnce succeed.[0m
Publish local map size: 56740
[32m -- [Fsm] ReplanOnce succeed.[0m
Publish local map size: 57177
[32m -- [Fsm] ReplanOnce succeed.[0m
[32m -- [Fsm] ReplanOnce succeed.[0m
Publish local map size: 58080
[32m -- [Fsm] ReplanOnce succeed.[0m
Publish local map size: 58729
[32m -- [Fsm] ReplanOnce succeed.[0m
[32m -- [Fsm] ReplanOnce succeed.[0m
Publish local map size: 59605
[32m -- [Fsm] ReplanOnce succeed.[0m
Publish local map size: 60789
[32m -- [Fsm] ReplanOnce succeed.[0m
[32m -- [Fsm] ReplanOnce succeed.[0m
Publish local map size: 63059
[32m -- [Fsm] ReplanOnce succeed.[0m
Publish local map size: 64461
[32m -- [Fsm] ReplanOnce succeed.[0m
[32m -- [Fsm] ReplanOnce succeed.[0m
Publish local map size: 67486
[32m -- [Fsm 40.544] Current state: FOLLOW_TRAJ[0m
[32m -- [Fsm] ReplanOnce succeed.[0m
Publish local map size: 70175
[32m -- [Fsm] ReplanOnce succeed.[0m
[32m -- [Fsm] ReplanOnce succeed.[0m
Publish local map size: 67825
[32m -- [Fsm] ReplanOnce succeed.[0m
 -- [MARSIM] Running FPS: 117.007
Publish local map size: 65767
[32m -- [Fsm] ReplanOnce succeed.[0m
[32m -- [Fsm] ReplanOnce succeed.[0m
Publish local map size: 65110
[32m -- [Fsm] ReplanOnce succeed.[0m
Publish local map size: 65255
[32m -- [Fsm] ReplanOnce succeed.[0m
[32m -- [Fsm] ReplanOnce succeed.[0m
Publish local map size: 67496
[32m -- [Fsm] ReplanOnce succeed.[0m
Publish local map size: 69773
[WARN] [1785917763.550662842] [fsm_node]:  -- [BackOpt] Opt failed, Omg or thr or Pos violation.
[33m -- [MINCO] TrajOpt failed, (unknown)[0m
[33m -- [SUPER] Minco backup_traj opt failed.[0m
[WARN] [1785917763.553597783] [fsm_node]:  -- [BackOpt] Opt failed, Omg or thr or Pos violation.
[33m -- [MINCO] TrajOpt failed, (unknown)[0m
[33m -- [SUPER] Minco backup_traj opt failed.[0m
[WARN] [1785917763.553619847] [fsm_node]:  -- [SUPER] OptimizationBakTrajInPolytopes failed, force return
[WARN] [1785917763.553628094] [fsm_node]:  -- [SUPER] in [ReplanOnce]: generateBackupTrajectory return OPT_FAILED, replan Failed return
[32m -- [Fsm] ReplanOnce succeed.[0m
Publish local map size: 74548
[32m -- [Fsm] ReplanOnce succeed.[0m
[33m -- [SUPER] Minco corridor preprocess error.[0m
[WARN] [1785917763.733434697] [fsm_node]:  -- [SUPER] OptimizationExpTrajInPolytopes for new path failed
[WARN] [1785917763.733529157] [fsm_node]:  -- [SUPER] in [ReplanOnce]: GenerateExpTrajectory failed, force return
Publish local map size: 73015
[32m -- [Fsm] ReplanOnce succeed.[0m
Publish local map size: 75850
[32m -- [Fsm 41.554] Current state: FOLLOW_TRAJ[0m
[32m -- [Fsm] ReplanOnce succeed.[0m
Publish local map size: 77505
[32m -- [Fsm] ReplanOnce succeed.[0m
Publish local map size: 78456
[32m -- [Fsm] ReplanOnce succeed.[0m
[32m -- [Fsm] ReplanOnce succeed.[0m
Publish local map size: 78268
[32m -- [Fsm] ReplanOnce succeed.[0m
[31m -- [EXPTrajOpt] Ill corridor! Forced return.[0m
[33m -- [TrajOpt] Cannot simplify sfcs.[0m
[WARN] [1785917764.204164591] [fsm_node]:  -- [SUPER] OptimizationExpTrajInPolytopes for new path failed
[WARN] [1785917764.204227914] [fsm_node]:  -- [SUPER] in [ReplanOnce]: GenerateExpTrajectory failed, force return
Publish local map size: 76278
[32m -- [Fsm] ReplanOnce succeed.[0m
 -- [MARSIM] Running FPS: 110.135
Publish local map size: 75245
[32m -- [Fsm] ReplanOnce succeed.[0m
[32m -- [Fsm] ReplanOnce succeed.[0m
Publish local map size: 78597
[32m -- [Fsm] ReplanOnce succeed.[0m
Publish local map size: 72625
[32m -- [Fsm] ReplanOnce succeed.[0m
Publish local map size: 67991
[32m -- [Fsm] ReplanOnce succeed.[0m
[32m -- [Fsm] ReplanOnce succeed.[0m
Publish local map size: 65988
[32m -- [Fsm] ReplanOnce succeed.[0m
[32m -- [Fsm] ReplanOnce succeed.[0m
Publish local map size: 66392
[32m -- [Fsm] ReplanOnce succeed.[0m
[32m -- [Fsm 42.606] Current state: FOLLOW_TRAJ[0m
Publish local map size: 66372
[32m -- [Fsm] ReplanOnce succeed.[0m
[32m -- [Fsm] ReplanOnce succeed.[0m
Publish local map size: 66867
[32m -- [Fsm] ReplanOnce succeed.[0m
Publish local map size: 67426
[WARN] [1785917765.204909895] [fsm_node]:  -- [SUPER] in [ReplanOnce]: Replan overtime, check parameters, replan dt = 0.102983999.
Publish local map size: 66834
[32m -- [Fsm] ReplanOnce succeed.[0m
[32m -- [Fsm] ReplanOnce succeed.[0m
 -- [MARSIM] Running FPS: 97.6814
Publish local map size: 66664
[32m -- [Fsm] ReplanOnce succeed.[0m
[32m -- [Fsm] ReplanOnce succeed.[0m
Publish local map size: 67677
[32m -- [Fsm] ReplanOnce succeed.[0m
Publish local map size: 69886
[32m -- [Fsm] ReplanOnce succeed.[0m
[32m -- [Fsm] ReplanOnce succeed.[0m
Publish local map size: 71828
[32m -- [Fsm] ReplanOnce succeed.[0m
Publish local map size: 75148
[32m -- [Fsm] ReplanOnce succeed.[0m
[32m -- [Fsm] ReplanOnce succeed.[0m
Publish local map size: 79154
[32m -- [Fsm] ReplanOnce succeed.[0m
[32m -- [Fsm 43.609] Current state: FOLLOW_TRAJ[0m
Publish local map size: 76762
[32m -- [Fsm] ReplanOnce succeed.[0m
[32m -- [Fsm] ReplanOnce succeed.[0m
Publish local map size: 74896
[32m -- [Fsm] ReplanOnce succeed.[0m
Publish local map size: 74320
[32m -- [Fsm] ReplanOnce succeed.[0m
[32m -- [Fsm] ReplanOnce succeed.[0m
Publish local map size: 75286
[32m -- [Fsm] ReplanOnce succeed.[0m
[32m -- [Fsm] ReplanOnce succeed.[0m
 -- [MARSIM] Running FPS: 93.8208
Publish local map size: 74865
[32m -- [Fsm] ReplanOnce succeed.[0m
Publish local map size: 73369
[32m -- [Fsm] ReplanOnce succeed.[0m
[32m -- [Fsm] ReplanOnce succeed.[0m
Publish local map size: 75104
[32m -- [Fsm] ReplanOnce succeed.[0m
Publish local map size: 74165
[32m -- [Fsm] ReplanOnce succeed.[0m
[WARN] [1785917766.722530633] [fsm_node]:  -- [BackOpt] Opt failed, Omg or thr or Pos violation.
[33m -- [MINCO] TrajOpt failed, (unknown)[0m
[33m -- [SUPER] Minco backup_traj opt failed.[0m
[WARN] [1785917766.723797704] [fsm_node]:  -- [BackOpt] Opt failed, Omg or thr or Pos violation.
[33m -- [MINCO] TrajOpt failed, (unknown)[0m
[33m -- [SUPER] Minco backup_traj opt failed.[0m
[WARN] [1785917766.723824759] [fsm_node]:  -- [SUPER] OptimizationBakTrajInPolytopes failed, force return
[WARN] [1785917766.723835161] [fsm_node]:  -- [SUPER] in [ReplanOnce]: generateBackupTrajectory return OPT_FAILED, replan Failed return
Publish local map size: 69570
[32m -- [Fsm] ReplanOnce succeed.[0m
Publish local map size: 65532
[32m -- [Fsm] ReplanOnce succeed.[0m
[32m -- [Fsm] ReplanOnce succeed.[0m
[32m -- [Fsm 44.616] Current state: FOLLOW_TRAJ[0m
Publish local map size: 66879
[32m -- [Fsm] ReplanOnce succeed.[0m
Publish local map size: 65524
[32m -- [Fsm] ReplanOnce succeed.[0m
[32m -- [Fsm] ReplanOnce succeed.[0m
Publish local map size: 62326
[32m -- [Fsm] ReplanOnce succeed.[0m
Publish local map size: 59816
[32m -- [Fsm] ReplanOnce succeed.[0m
[32m -- [Fsm] ReplanOnce succeed.[0m
Publish local map size: 62273
[32m -- [Fsm] ReplanOnce succeed.[0m
[32m -- [Fsm] ReplanOnce succeed.[0m
 -- [MARSIM] Running FPS: 101.477
Publish local map size: 62793
[32m -- [Fsm] ReplanOnce succeed.[0m
Publish local map size: 62853
[32m -- [Fsm] ReplanOnce succeed.[0m
[32m -- [Fsm] ReplanOnce succeed.[0m
Publish local map size: 61330
[32m -- [Fsm] ReplanOnce succeed.[0m
Publish local map size: 61297
[32m -- [Fsm] ReplanOnce succeed.[0m
[32m -- [Fsm] ReplanOnce succeed.[0m
Publish local map size: 61177
[32m -- [Fsm] ReplanOnce succeed.[0m
[32m -- [Fsm 45.624] Current state: FOLLOW_TRAJ[0m
Publish local map size: 61422
[32m -- [Fsm] ReplanOnce succeed.[0m
[32m -- [Fsm] ReplanOnce succeed.[0m
Publish local map size: 61230
[32m -- [Fsm] ReplanOnce succeed.[0m
Publish local map size: 61309
[32m -- [Fsm] ReplanOnce succeed.[0m
[32m -- [Fsm] ReplanOnce succeed.[0m
Publish local map size: 61312
[32m -- [Fsm] ReplanOnce succeed.[0m
[32m -- [Fsm] ReplanOnce succeed.[0m
Publish local map size: 62030
[32m -- [Fsm] ReplanOnce succeed.[0m
Publish local map size: 62905
[32m -- [Fsm] ReplanOnce succeed.[0m
[32m -- [Fsm] ReplanOnce succeed.[0m
 -- [MARSIM] Running FPS: 109.23
Publish local map size: 62529
[32m -- [Fsm] ReplanOnce succeed.[0m
Publish local map size: 61282
[32m -- [Fsm] ReplanOnce succeed.[0m
[32m -- [Fsm] Traj finish.[0m
Publish local map size: 61193
Publish local map size: 61151
[38;2;000;128;000m -- [Fsm]: [PubCmdCallback] change state from [FOLLOW_TRAJ] to [WAIT_GOAL].
[0m[32m -- [Fsm 46.634] Current state: WAIT_GOAL[0m
Publish local map size: 61191
Publish local map size: 61207
Publish local map size: 61196
Publish local map size: 61131
Publish local map size: 61134
Publish local map size: 61140
Publish local map size: 61286
 -- [MARSIM] Running FPS: 105.582
Publish local map size: 61065
Publish local map size: 61200
Publish local map size: 61146
[32m -- [Fsm 47.644] Current state: WAIT_GOAL[0m
Publish local map size: 61180
Publish local map size: 61143
Publish local map size: 61152
Publish local map size: 61077
Publish local map size: 61104
Publish local map size: 61255
 -- [MARSIM] Running FPS: 87.2208
Publish local map size: 61196
Publish local map size: 61185
Publish local map size: 61169
Publish local map size: 61123
Publish local map size: 61152
[32m -- [Fsm 48.654] Current state: WAIT_GOAL[0m
Publish local map size: 61200
Publish local map size: 61156
Publish local map size: 61086
Publish local map size: 61075
Publish local map size: 61224
Publish local map size: 61232
 -- [MARSIM] Running FPS: 98.406
Publish local map size: 61134
Publish local map size: 61080
Publish local map size: 61203
Publish local map size: 61065
 -- [Fsm] MAP_NOT_READY reason=accepted_cloud_age,committed_cloud_age accepted=127 committed=127 version=127 lag=0 span=48.370s cloud_age=0.758s committed_cloud_age=0.758s commit_age=0.748s in_progress=false
[32m -- [Fsm 49.664] Current state: WAIT_GOAL[0m
Publish local map size: 61226
Publish local map size: 61145
Publish local map size: 61258
Publish local map size: 61234
Publish local map size: 61253
Publish local map size: 61148
Publish local map size: 61202
 -- [MARSIM] Running FPS: 105.544
Publish local map size: 61219
Publish local map size: 61208
Publish local map size: 61200
[32m -- [Fsm 50.674] Current state: WAIT_GOAL[0m
Publish local map size: 61219
Publish local map size: 61070
Publish local map size: 61075
Publish local map size: 61122
Publish local map size: 61223
Publish local map size: 61157
Publish local map size: 61145
Publish local map size: 61180
Publish local map size: 61126
 -- [MARSIM] Running FPS: 110.43
Publish local map size: 61115
[32m -- [Fsm 51.674] Current state: WAIT_GOAL[0m
Publish local map size: 61127
Publish local map size: 61253
Publish local map size: 61052
Publish local map size: 61201
Publish local map size: 61196
Publish local map size: 61119
Publish local map size: 61225
Publish local map size: 61146
Publish local map size: 61187
Publish local map size: 61152
[32m -- [Fsm 52.684] Current state: WAIT_GOAL[0m
 -- [MARSIM] Running FPS: 105.547
Publish local map size: 61155
Publish local map size: 61065
Publish local map size: 61151
Publish local map size: 61149
Publish local map size: 61130
Publish local map size: 61202
Publish local map size: 61215
Publish local map size: 61147
Publish local map size: 61080
Publish local map size: 61162
 -- [Fsm] MAP_NOT_READY reason=accepted_cloud_age,committed_cloud_age accepted=139 committed=139 version=139 lag=0 span=52.169s cloud_age=0.759s committed_cloud_age=0.759s commit_age=0.749s in_progress=false
[32m -- [Fsm 53.694] Current state: WAIT_GOAL[0m
Publish local map size: 61124
Publish local map size: 61206
 -- [MARSIM] Running FPS: 115.785
Publish local map size: 61148
Publish local map size: 61164
Publish local map size: 61126
Publish local map size: 61125
Publish local map size: 61193
Publish local map size: 61092
Publish local map size: 61191
Publish local map size: 61070
[32m -- [Fsm 54.704] Current state: WAIT_GOAL[0m
Publish local map size: 61151
Publish local map size: 61148
Publish local map size: 61060
Publish local map size: 61143
 -- [MARSIM] Running FPS: 114.402
Publish local map size: 61080
Publish local map size: 61145
Publish local map size: 61145
Publish local map size: 61281
Publish local map size: 61192
Publish local map size: 61086
[32m -- [Fsm 55.714] Current state: WAIT_GOAL[0m
Publish local map size: 61193
Publish local map size: 61187
Publish local map size: 61140
Publish local map size: 61080
Publish local map size: 61220
 -- [MARSIM] Running FPS: 104.698
Publish local map size: 61229
Publish local map size: 61229
Publish local map size: 61140
Publish local map size: 61109
Publish local map size: 61145
[32m -- [Fsm 56.724] Current state: WAIT_GOAL[0m
Publish local map size: 61126
Publish local map size: 61258
Publish local map size: 61207
Publish local map size: 61124
Publish local map size: 61123
Publish local map size: 61130
Publish local map size: 61191
 -- [MARSIM] Running FPS: 110.323
Publish local map size: 61204
Publish local map size: 61200
Publish local map size: 61179
[32m -- [Fsm 57.724] Current state: WAIT_GOAL[0m
Publish local map size: 61202
Publish local map size: 61224
