 -- [Bench] Use sim time is false, begin replay.
Load config file: /root/super_ws/src/SUPER/super_planner/config/static_reference_raw_guarded_v2.yaml
[0;32m Load param fsm/timer_en success: [0;0m1
[0;32m Load param fsm/click_goal_en success: [0;0m1
[0;32m Load param fsm/click_yaw_en success: [0;0m1
[0;32m Load param fsm/replan_rate success: [0;0m15
[0;32m Load param fsm/click_height success: [0;0m1.5
[0;32m Load param fsm/cmd_topic success: [0;0m/planning/pos_cmd
[0;32m Load param fsm/mpc_cmd_topic success: [0;0m/planning_cmd/poly_traj
[0;32m Load param fsm/click_goal_topic success: [0;0m/planning/click_goal
[0;32m Load param fsm/map_readiness/enable success: [0;0m1
[0;32m Load param fsm/map_readiness/min_accepted_scans success: [0;0m5
[0;32m Load param fsm/map_readiness/min_committed_scans success: [0;0m5
[0;32m Load param fsm/map_readiness/max_commit_lag_scans success: [0;0m5
[0;32m Load param fsm/map_readiness/min_scan_span_s success: [0;0m1
[0;32m Load param fsm/map_readiness/max_cloud_age_s success: [0;0m0.75
[0;32m Load param fsm/map_readiness/max_map_age_s success: [0;0m0.75
[0;32m Load param fsm/trajectory_guard/enable success: [0;0m1
[0;32m Load param fsm/trajectory_guard/max_map_age_s success: [0;0m0.75
[0;32m Load param fsm/trajectory_guard/validation_sample_dt_s success: [0;0m0.01
[0;32m Load param fsm/trajectory_guard/brake_min_duration_s success: [0;0m0.4
[0;32m Load param fsm/trajectory_guard/brake_max_duration_s success: [0;0m2
[0;32m Load param fsm/trajectory_guard/brake_max_acc_mps2 success: [0;0m15
[0;32m Load param fsm/trajectory_guard/brake_max_jerk_mps3 success: [0;0m120
[0;32m Load param super_planner/yaw_dot_max success: [0;0m3
[0;32m Load param super_planner/visualization_en success: [0;0m1
[0;32m Load param rog_map/resolution success: [0;0m0.05
Load config file: /root/super_ws/src/SUPER/super_planner/config/static_reference_raw_guarded_v2.yaml
[0;32m Load param rog_map/esdf/resolution success: [0;0m0.1
[0;32m Load param rog_map/esdf/enable success: [0;0m0
[0;32m Load param rog_map/esdf/local_update_box success: [0;0m[5 5 3 ]
[0;32m Load param rog_map/load_pcd_en success: [0;0m0
[0;32m Load param rog_map/map_sliding/enable success: [0;0m0
[0;32m Load param rog_map/map_sliding/threshold success: [0;0m3
[0;32m Load param rog_map/fix_map_origin success: [0;0m[0 0 1.5 ]
[0;32m Load param rog_map/frontier_extraction_en success: [0;0m0
[0;32m Load param rog_map/ros_callback/enable success: [0;0m1
[0;32m Load param rog_map/ros_callback/cloud_topic success: [0;0m/cloud_registered
[0;32m Load param rog_map/ros_callback/odom_topic success: [0;0m/lidar_slam/odom
[0;32m Load param rog_map/ros_callback/odom_timeout success: [0;0m2
[0;32m Load param rog_map/visualization/enable success: [0;0m0
[0;32m Load param rog_map/visualization/use_dynamic_reconfigure success: [0;0m0
[0;32m Load param rog_map/visualization/pub_unknown_map_en success: [0;0m0
[0;32m Load param rog_map/visualization/frame_id success: [0;0mworld
[0;32m Load param rog_map/visualization/time_rate success: [0;0m2
[0;32m Load param rog_map/visualization/frame_rate success: [0;0m0
[0;32m Load param rog_map/visualization/range success: [0;0m[15 15 4 ]
[0;32m Load param rog_map/resolution success: [0;0m0.05
[0;32m Load param rog_map/inflation_resolution success: [0;0m0.1
[WARN] [1785920954.728912626] [perfect_tracking]:  -- [MissionPlanner] Load config by file name: /root/super_ws/src/SUPER/mars_uav_sim/perfect_drone_sim/config/dense.yaml
Load config file: /root/super_ws/src/SUPER/mars_uav_sim/perfect_drone_sim/config/dense.yaml
[0;32m Load param mesh_resource success: [0;0mpackage://perfect_drone_sim/meshes/yunque-M.dae
[0;32m Load param init_position/x success: [0;0m0
[0;32m Load param init_position/y success: [0;0m-50
[0;32m Load param init_position/z success: [0;0m1.5
[0;32m Load param init_yaw success: [0;0m1.5741
[0;32m Load param sensing_rate success: [0;0m10
[0;32m Load param rog_map/unk_inflation_en success: [0;0m0
[0;32m Load param rog_map/unk_inflation_step success: [0;0m1
Load config file: /root/super_ws/src/SUPER/mars_uav_sim/perfect_drone_sim/config/dense.yaml
[0;32m Load param sensing_blind success: [0;0m0.1
[0;32m Load param sensing_horizon success: [0;0m15
[0;32m Load param rog_map/inflation_step success: [0;0m3
[0;32m Load param sensing_rate success: [0;0m10
[0;32m Load param lidar_type success: [0;0m2
[0;32m Load param pcd_name success: [0;0mrandom_map_2_26609.pcd
[0;32m Load param is_360lidar success: [0;0m1
[0;32m Load param polar_resolution success: [0;0m0.4
[0;33m Load param fx failed, use default value: [0;0m250
[0;33m Load param fy failed, use default value: [0;0m250
[0;33m Load param line_number failed, use default value: [0;0m64
[0;32m Load param downsample_res success: [0;0m0.1
[0;33m Load param yaw_fov failed, use default value: [0;0m360
[0;32m Load param vertical_fov success: [0;0m178
[0;32m Load param depth_image_en success: [0;0m0
[0;33m Load param inf_point_en failed, use default value: [0;0m0
[0;32m Load param print_time_consumption success: [0;0m0
[0;32m Load param rog_map/intensity_thresh success: [0;0m-10
[0;32m Load param rog_map/map_size success: [0;0m[15 110 6 ]
[0;32m Load param rog_map/point_filt_num success: [0;0m1
[0;32m Load param rog_map/raycasting/enable success: [0;0m0
[0;32m Load param rog_map/raycasting/batch_update_size success: [0;0m1
[0;32m Load param rog_map/raycasting/unk_thresh success: [0;0m1
[0;32m Load param rog_map/raycasting/p_hit success: [0;0m0.9
[0;32m Load param rog_map/raycasting/p_miss success: [0;0m0.49
[0;32m Load param rog_map/raycasting/p_min success: [0;0m0.12
[0;32m Load param rog_map/raycasting/p_max success: [0;0m0.98
[0;32m Load param rog_map/raycasting/p_occ success: [0;0m0.85
[0;32m Load param rog_map/raycasting/p_free success: [0;0m0.499
[0;32m Load param rog_map/raycasting/p_free success: [0;0m0.499
[0;32m Load param rog_map/raycasting/ray_range success: [0;0m[0.5 100 ]
[0;32m Load param rog_map/raycasting/local_update_box success: [0;0m[100 100 5 ]
[0;32m Load param rog_map/virtual_ground_height success: [0;0m-0.1
[0;32m Load param rog_map/virtual_ceil_height success: [0;0m3.5
[32m -- [RM-Config] inflation_resolution: 0.1[0m
 -- [ROG-Map] Init, resetMapSize: ORIGIN_AT_CORNER.
 -- [ROG-Map] Init, resetMapSize: virtual_ceil_height: 3.1500000000000004, virtual_ground_height: 0.25.
[34m	[ROG] n_free: 1[0m
[34m	[ROG] n_occ: 1[0m
[34m	[ROG] l_hit: 2.19722[0m
[34m	[ROG] l_miss: -0.0400053[0m
[34m	[ROG] l_min: -1.99243[0m
[34m	[ROG] l_max: 3.89182[0m
[34m	[ROG] l_occ: 1.7346[0m
[34m	[ROG] l_free: -0.00399995[0m
GLAD init success
Load shader frome: /root/super_ws/src/SUPER/mars_uav_sim/marsim_render/config/pattern/360camera.vs
[33m -- [Inf-Map] Clear all local map.[0m
[32m -- [CounterMap] Init successfully -- .[0m
[32m	resolution: 0.1[0m
[32m	map_sliding_en: 0[0m
[32m	local_map_size_i:  159 1109   69[0m
[32m	local_map_size_d:  15.9 110.9   6.9[0m
[33m -- [Inf-Map] Clear all local map.[0m
[32m -- [InfMap] Init successfully -- .[0m
[32m	resolution: 0.1[0m
[32m	map_sliding_en: 0[0m
[32m	local_map_size_i:  159 1109   69[0m
[32m	local_map_size_d:  15.9 110.9   6.9[0m
[ProbMap] virtual_ceil_height: 3.15
[ProbMap] virtual_ground_height: 0.25
[33m -- [ProbMap] Map sliding disabled, set origin to [  0   0 1.5] -- [0m
Failed to find match for field 'intensity'.
Now initing the point cloud data: 
Number of points = 41.4755X 10000
Load data finish 
========== OpenGL Info ==========
Vendor: NVIDIA Corporation
Renderer: NVIDIA GeForce RTX 3050 Ti Laptop GPU/PCIe/SSE2
OpenGL Version: 3.3.0 NVIDIA 550.144.03
GLSL Version: 3.30 NVIDIA via Cg compiler
========== OpenGL Info ==========
[33m -- [Prob-Map] Clear all local map.[0m
[32m -- [ProbMap] Init successfully -- .[0m
[32m	resolution: 0.05[0m
[32m	map_sliding_en: 0[0m
[32m	local_map_size_i:  301 2201  121[0m
[32m	local_map_size_d:  15.05 110.05   6.05[0m
Load config file: /root/super_ws/src/SUPER/super_planner/config/static_reference_raw_guarded_v2.yaml
Load config file: /root/super_ws/src/SUPER/super_planner/config/static_reference_raw_guarded_v2.yaml
[0;32m Load param traj_opt/switch/print_optimizer_log success: [0;0m0
[0;32m Load param traj_opt/flatness/mass success: [0;0m1.64
[0;32m Load param traj_opt/flatness/dh success: [0;0m0.35
[0;32m Load param traj_opt/flatness/dv success: [0;0m0.35
[0;32m Load param traj_opt/flatness/grav success: [0;0m9.81
[0;32m Load param traj_opt/flatness/cp success: [0;0m0.001
[0;32m Load param traj_opt/flatness/v_eps success: [0;0m0.0001
[0;32m Load param traj_opt/switch/save_log_en success: [0;0m0
[0;32m Load param traj_opt/exp_traj/pos_constraint_type success: [0;0m1
[0;33m Load param traj_opt/exp_traj/piece_num failed, use default value: [0;0m1
[0;33m Load param traj_opt/exp_traj/uniform_time_en failed, use default value: [0;0m0
[0;32m Load param traj_opt/exp_traj/block_energy_cost success: [0;0m0
[0;32m Load param traj_opt/exp_traj/opt_accuracy success: [0;0m5e-06
[0;32m Load param traj_opt/exp_traj/integral_reso success: [0;0m15
[0;32m Load param traj_opt/exp_traj/smooth_eps success: [0;0m0.01
[0;32m Load param traj_opt/boundary/max_vel success: [0;0m2
[0;32m Load param traj_opt/boundary/max_acc success: [0;0m15
[0;32m Load param traj_opt/boundary/max_jerk success: [0;0m120
[0;32m Load param traj_opt/boundary/max_omg success: [0;0m2.5
[0;32m Load param traj_opt/boundary/max_acc_thr success: [0;0m17
[0;32m Load param traj_opt/boundary/min_acc_thr success: [0;0m6
Publish local map size: 64259
[0;32m Load param traj_opt/boundary/penna_margin success: [0;0m0.05
[0;33m Load param traj_opt/exp_traj/penna_scale failed, use default value: [0;0m-1
[0;32m Load param traj_opt/exp_traj/penna_t success: [0;0m1e+07
[0;33m Load param traj_opt/exp_traj/penna_ts failed, use default value: [0;0m-1
[0;32m Load param traj_opt/exp_traj/penna_pos success: [0;0m5e+09
[0;32m Load param traj_opt/exp_traj/penna_vel success: [0;0m5e+08
[0;32m Load param traj_opt/exp_traj/penna_acc success: [0;0m5e+08
[0;32m Load param traj_opt/exp_traj/penna_jerk success: [0;0m-5e+08
[0;32m Load param traj_opt/exp_traj/penna_attract success: [0;0m5e+08
[0;32m Load param traj_opt/exp_traj/penna_omg success: [0;0m-1
[0;32m Load param traj_opt/exp_traj/penna_thr success: [0;0m-1
Load config file: /root/super_ws/src/SUPER/super_planner/config/static_reference_raw_guarded_v2.yaml
[0;32m Load param traj_opt/switch/print_optimizer_log success: [0;0m0
[0;32m Load param traj_opt/flatness/mass success: [0;0m1.64
[0;32m Load param traj_opt/flatness/dh success: [0;0m0.35
[0;32m Load param traj_opt/flatness/dv success: [0;0m0.35
[0;32m Load param traj_opt/flatness/grav success: [0;0m9.81
[0;32m Load param traj_opt/flatness/cp success: [0;0m0.001
[0;32m Load param traj_opt/flatness/v_eps success: [0;0m0.0001
[0;32m Load param traj_opt/switch/save_log_en success: [0;0m0
[0;32m Load param traj_opt/backup_traj/pos_constraint_type success: [0;0m2
[0;32m Load param traj_opt/backup_traj/piece_num success: [0;0m2
[0;32m Load param traj_opt/backup_traj/uniform_time_en success: [0;0m1
[0;32m Load param traj_opt/backup_traj/block_energy_cost success: [0;0m1
[0;32m Load param traj_opt/backup_traj/opt_accuracy success: [0;0m1e-05
[0;32m Load param traj_opt/backup_traj/integral_reso success: [0;0m12
[0;32m Load param traj_opt/backup_traj/smooth_eps success: [0;0m0.01
[0;32m Load param traj_opt/boundary/max_vel success: [0;0m2
[0;32m Load param traj_opt/boundary/max_acc success: [0;0m15
[0;32m Load param traj_opt/boundary/max_jerk success: [0;0m120
[0;32m Load param traj_opt/boundary/max_omg success: [0;0m2.5
[0;32m Load param traj_opt/boundary/max_acc_thr success: [0;0m17
[0;32m Load param traj_opt/boundary/min_acc_thr success: [0;0m6
[0;32m Load param traj_opt/boundary/penna_margin success: [0;0m0.05
[0;33m Load param traj_opt/backup_traj/penna_scale failed, use default value: [0;0m-1
[0;32m Load param traj_opt/backup_traj/penna_t success: [0;0m100
[0;32m Load param traj_opt/backup_traj/penna_ts success: [0;0m1e+07
[0;32m Load param traj_opt/backup_traj/penna_pos success: [0;0m1e+10
[0;32m Load param traj_opt/backup_traj/penna_vel success: [0;0m1e+08
[0;32m Load param traj_opt/backup_traj/penna_acc success: [0;0m1e+08
[0;32m Load param traj_opt/backup_traj/penna_jerk success: [0;0m-1e+06
[0;33m Load param traj_opt/backup_traj/penna_attract failed, use default value: [0;0m-1
[0;32m Load param traj_opt/backup_traj/penna_omg success: [0;0m-1
[0;32m Load param traj_opt/backup_traj/penna_thr success: [0;0m-1
[0;32m Load param super_planner/print_log success: [0;0m0
[0;32m Load param super_planner/detailed_log_en success: [0;0m0
[0;32m Load param super_planner/visualization_en success: [0;0m1
[0;32m Load param super_planner/backup_traj_en success: [0;0m1
[0;32m Load param super_planner/goal_vel_en success: [0;0m0
[0;32m Load param super_planner/goal_yaw_en success: [0;0m0
[0;32m Load param super_planner/visual_process success: [0;0m0
[0;32m Load param super_planner/use_fov_cut success: [0;0m0
[0;33m Load param super_planner/fov_horizontal_angle failed, use default value: [0;0m-1
[0;33m Load param super_planner/fov_center_heading failed, use default value: [0;0m0
[0;32m Load param super_planner/frontend_in_known_free success: [0;0m0
[0;32m Load param fsm/trajectory_guard/enable success: [0;0m1
[0;32m Load param fsm/trajectory_guard/validation_sample_dt_s success: [0;0m0.01
[0;32m Load param super_planner/safe_corridor_line_max_length success: [0;0m6
[0;32m Load param super_planner/sensing_horizon success: [0;0m-1
[0;32m Load param super_planner/obs_skip_num success: [0;0m2
[0;32m Load param super_planner/replan_forward_dt success: [0;0m0.1
[0;32m Load param super_planner/corridor_bound_dis success: [0;0m0.8
[0;32m Load param super_planner/corridor_line_max_length success: [0;0m1
[0;32m Load param super_planner/planning_horizon success: [0;0m7
[0;32m Load param super_planner/receding_dis success: [0;0m1
[0;32m Load param super_planner/robot_r success: [0;0m0.2
[0;32m Load param super_planner/iris_iter_num success: [0;0m2
[0;32m Load param super_planner/yaw_mode success: [0;0m1
[0;32m Load param super_planner/mpc_horizon success: [0;0m15
[0;32m Load param super_planner/yaw_dot_max success: [0;0m3
[0;32m Load param rog_map/resolution success: [0;0m0.05
[INFO] [1785920955.557329955] [fsm_node]:  -- [TRAJ_GUARD] enabled sample_dt=0.0100s inflation_radius=0.300m robot_r=0.200m
[38;2;050;205;050m -- [Viz] Set resolution_ to 0.05
[0m[38;2;050;205;050m -- [Viz] Set visualization_en_ to true
[0mLoad config file: /root/super_ws/src/SUPER/super_planner/config/static_reference_raw_guarded_v2.yaml
[0;32m Load param astar/map_voxel_num success: [0;0m[500 500 100 ]
[0;32m Load param astar/allow_diag success: [0;0m1
[0;32m Load param astar/debug_visualization_en success: [0;0m0
[0;32m Load param astar/heu_type success: [0;0m2
Publish local map size: 64368
[0;32m Load param astar/visual_process success: [0;0m0
[32m -- [RM] Init Astar-map.[0m
Publish local map size: 64233
Publish local map size: 64416
Publish local map size: 64274
Publish local map size: 64137
Publish local map size: 64149
Publish local map size: 63996
Publish local map size: 64319
Publish local map size: 64304
Publish local map size: 64180
[34m	map index size: 250 250  50[0m
[34m	map vox_num: 501 501 101[0m
 -- [MARSIM] Running FPS: 117.083
Publish local map size: 64304
Publish local map size: 64416
Publish local map size: 64279
Publish local map size: 64021
Publish local map size: 64177
Publish local map size: 64281
[33m -- [Fsm] CLICKGOAL ENABLE.[0m
[INFO] [1785920957.161752107] [fsm_node]: [32m -- [Fsm-Test] Begin.[0m
Publish local map size: 64274
Publish local map size: 64265
Publish local map size: 64259
Publish local map size: 64110
Publish local map size: 64111
Publish local map size: 64083
 -- [MARSIM] Running FPS: 111.731
Publish local map size: 64084
Publish local map size: 64269
Publish local map size: 64041
Publish local map size: 64283
Publish local map size: 64188
[33m -- [Fsm] Wait for goal.[0m
[32m -- [Fsm 1.005] Current state: INIT[0m
Publish local map size: 64182
Publish local map size: 64121
Publish local map size: 64006
Publish local map size: 64158
 -- [MARSIM] Running FPS: 87.4074
Publish local map size: 64195
Publish local map size: 64046
Publish local map size: 64009
Publish local map size: 64291
Publish local map size: 64362
Publish local map size: 64119
[33m -- [Fsm] Wait for goal.[0m
[32m -- [Fsm 2.005] Current state: INIT[0m
Publish local map size: 64247
Publish local map size: 64362
Publish local map size: 64274
Publish local map size: 64180
 -- [MARSIM] Running FPS: 98.1022
Publish local map size: 64122
Publish local map size: 64265
Publish local map size: 64183
Publish local map size: 64149
Publish local map size: 64265
Publish local map size: 64180
[33m -- [Fsm] Wait for goal.[0m
[32m -- [Fsm 3.005] Current state: INIT[0m
Publish local map size: 64218
Publish global map size: 414755
Publish local map size: 64084
Publish global map size: 414755
Publish global map size: 414755
Publish global map size: 414755
Publish global map size: 414755
Publish global map size: 414755
Publish global map size: 414755
Publish global map size: 414755
Publish local map size: 64427
Publish local map size: 64416
Publish local map size: 64317
 -- [MARSIM] Running FPS: 106.124
Publish local map size: 64554
Publish local map size: 64287
Publish local map size: 64094
Publish local map size: 64084
Publish local map size: 64368
[33m -- [Fsm] Wait for goal.[0m
[32m -- [Fsm 4.015] Current state: INIT[0m
Publish local map size: 64200
Publish local map size: 64070
Publish local map size: 64397
Publish local map size: 64036
Publish local map size: 64177
 -- [MARSIM] Running FPS: 99.4623
Publish local map size: 64206
Publish local map size: 64021
Publish local map size: 64184
Publish local map size: 64314
Publish local map size: 64256
[33m -- [Fsm] Wait for goal.[0m
[32m -- [Fsm 5.025] Current state: INIT[0m
Publish local map size: 64368
Publish local map size: 64040
Publish local map size: 64121
Publish local map size: 64213
Publish local map size: 64366
 -- [MARSIM] Running FPS: 97.4536
Publish local map size: 64048
Publish local map size: 64195
Publish local map size: 64241
Publish local map size: 64218
Publish local map size: 64183
[33m -- [Fsm] Wait for goal.[0m
[32m -- [Fsm 6.035] Current state: INIT[0m
Publish local map size: 64362
Publish local map size: 64150
Publish local map size: 64084
Publish local map size: 64291
Publish local map size: 64265
 -- [MARSIM] Running FPS: 91.4427
Publish local map size: 64149
Publish local map size: 64121
Publish local map size: 64088
Publish local map size: 64146
Publish local map size: 64173
[33m -- [Fsm] Wait for goal.[0m
[32m -- [Fsm 7.045] Current state: INIT[0m
Publish local map size: 64094
Publish local map size: 64182
Publish local map size: 64160
Publish local map size: 64174
Publish local map size: 64362
Publish local map size: 64392
Publish local map size: 64206
 -- [MARSIM] Running FPS: 109.214
Publish local map size: 64144
Publish local map size: 64248
Publish local map size: 64231
[33m -- [Fsm] Wait for goal.[0m
[32m -- [Fsm 8.045] Current state: INIT[0m
Publish local map size: 64095
Publish local map size: 64397
Publish local map size: 64368
Publish local map size: 64392
[38;2;000;128;000m -- [Fsm]: [MainFsmCallback] change state from [INIT] to [WAIT_GOAL].
[0m -- [Fsm] MAP_READY accepted=21 committed=21 version=21 lag=0 span=8.205s cloud_age=0.213s committed_cloud_age=0.213s commit_age=0.205s in_progress=false
[32m -- [Fsm] Get goal at [0m 0.025 50.025  1.525
[32m -- [Fsm] Receive click goal at: [ 0.025 50.025  1.525]; goal yaw: 0.000 deg[0m
[INFO] [1785920965.619247973] [fsm_node]:  -- [SUPER] in [PlanFromRest] GenerateExpTrajectory SUCCESS.
[INFO] [1785920965.660745306] [fsm_node]:  -- [TRAJ_GUARD_COMMIT] phase=PlanFromRest/with_backup gen=1 map=21 samples=309 range=[0.046,3.124]
Publish local map size: 64174
Publish local map size: 64628
[INFO] [1785920965.822954602] [fsm_node]:  -- [TRAJ_GUARD_COMMIT] phase=ReplanOnce/with_backup gen=2 map=21 samples=371 range=[0.058,3.754]
[38;2;000;128;000m -- [Fsm]: [MainFsmCallback] change state from [WAIT_GOAL] to [GENERATE_TRAJ].
[0m -- [TRAJ_GUARD_CERT] trigger=poly_publish status=SAFE gen=1 map=21 map_age=0.284s samples=307 range=[0.069,3.124] collision_tt=-1.000 ttc=-1.000 p=[0.000,0.000,0.000]
[38;2;000;128;000m -- [Fsm]: [MainFsmCallback] change state from [GENERATE_TRAJ] to [FOLLOW_TRAJ].
[0m[32m -- [Fsm] ReplanOnce succeed.[0m
Publish local map size: 64865
[INFO] [1785920965.900038124] [fsm_node]:  -- [TRAJ_GUARD_COMMIT] phase=ReplanOnce/with_backup gen=3 map=21 samples=314 range=[0.031,3.152]
 -- [TRAJ_GUARD_CERT] trigger=poly_publish status=SAFE gen=2 map=21 map_age=0.447s samples=369 range=[0.081,3.754] collision_tt=-1.000 ttc=-1.000 p=[0.000,0.000,0.000]
[32m -- [Fsm] ReplanOnce succeed.[0m
Publish local map size: 65180
[INFO] [1785920966.003425784] [fsm_node]:  -- [TRAJ_GUARD_COMMIT] phase=ReplanOnce/with_backup gen=4 map=22 samples=289 range=[0.025,2.899]
 -- [TRAJ_GUARD_CERT] trigger=poly_publish status=SAFE gen=3 map=21 map_age=0.524s samples=311 range=[0.053,3.152] collision_tt=-1.000 ttc=-1.000 p=[0.000,0.000,0.000]
 -- [TRAJ_GUARD_CERT] trigger=main_pre status=SAFE gen=3 map=22 map_age=0.000s samples=308 range=[0.085,3.152] collision_tt=-1.000 ttc=-1.000 p=[0.000,0.000,0.000]
[32m -- [Fsm] ReplanOnce succeed.[0m
Publish local map size: 65134
[INFO] [1785920966.088983557] [fsm_node]:  -- [TRAJ_GUARD_COMMIT] phase=ReplanOnce/with_backup gen=5 map=22 samples=293 range=[0.044,2.960]
 -- [TRAJ_GUARD_CERT] trigger=poly_publish status=SAFE gen=4 map=22 map_age=0.072s samples=287 range=[0.047,2.899] collision_tt=-1.000 ttc=-1.000 p=[0.000,0.000,0.000]
[32m -- [Fsm] ReplanOnce succeed.[0m
[INFO] [1785920966.159890913] [fsm_node]:  -- [TRAJ_GUARD_COMMIT] phase=ReplanOnce/with_backup gen=6 map=22 samples=265 range=[0.026,2.663]
 -- [TRAJ_GUARD_CERT] trigger=poly_publish status=SAFE gen=5 map=22 map_age=0.157s samples=291 range=[0.067,2.960] collision_tt=-1.000 ttc=-1.000 p=[0.000,0.000,0.000]
[32m -- [Fsm] ReplanOnce succeed.[0m
 -- [MARSIM] Running FPS: 112.482
Publish local map size: 65177
[INFO] [1785920966.234059144] [fsm_node]:  -- [TRAJ_GUARD_COMMIT] phase=ReplanOnce/with_backup gen=7 map=22 samples=249 range=[0.029,2.506]
 -- [TRAJ_GUARD_CERT] trigger=poly_publish status=SAFE gen=6 map=22 map_age=0.228s samples=263 range=[0.048,2.663] collision_tt=-1.000 ttc=-1.000 p=[0.000,0.000,0.000]
[32m -- [Fsm] ReplanOnce succeed.[0m
 -- [TRAJ_GUARD_CERT] trigger=poly_publish status=SAFE gen=7 map=22 map_age=0.302s samples=247 range=[0.051,2.506] collision_tt=-1.000 ttc=-1.000 p=[0.000,0.000,0.000]
[32m -- [Fsm 9.070] Current state: FOLLOW_TRAJ[0m
Publish local map size: 65166
[INFO] [1785920966.301292943] [fsm_node]:  -- [TRAJ_GUARD_COMMIT] phase=ReplanOnce/with_backup gen=8 map=22 samples=237 range=[0.024,2.382]
[32m -- [Fsm] ReplanOnce succeed.[0m
Publish local map size: 65394
[INFO] [1785920966.366313846] [fsm_node]:  -- [TRAJ_GUARD_COMMIT] phase=ReplanOnce/with_backup gen=9 map=22 samples=241 range=[0.025,2.417]
 -- [TRAJ_GUARD_CERT] trigger=poly_publish status=SAFE gen=8 map=22 map_age=0.369s samples=235 range=[0.044,2.382] collision_tt=-1.000 ttc=-1.000 p=[0.000,0.000,0.000]
[32m -- [Fsm] ReplanOnce succeed.[0m
[INFO] [1785920966.439803698] [fsm_node]:  -- [TRAJ_GUARD_COMMIT] phase=ReplanOnce/with_backup gen=10 map=22 samples=276 range=[0.028,2.775]
 -- [TRAJ_GUARD_CERT] trigger=poly_publish status=SAFE gen=9 map=22 map_age=0.435s samples=238 range=[0.048,2.417] collision_tt=-1.000 ttc=-1.000 p=[0.000,0.000,0.000]
[32m -- [Fsm] ReplanOnce succeed.[0m
Publish local map size: 65535
[INFO] [1785920966.508332185] [fsm_node]:  -- [TRAJ_GUARD_COMMIT] phase=ReplanOnce/with_backup gen=11 map=22 samples=233 range=[0.024,2.340]
 -- [TRAJ_GUARD_CERT] trigger=poly_publish status=SAFE gen=10 map=22 map_age=0.508s samples=274 range=[0.051,2.775] collision_tt=-1.000 ttc=-1.000 p=[0.000,0.000,0.000]
[32m -- [Fsm] ReplanOnce succeed.[0m
Publish local map size: 66025
[INFO] [1785920966.607027108] [fsm_node]:  -- [TRAJ_GUARD_COMMIT] phase=ReplanOnce/with_backup gen=12 map=23 samples=258 range=[0.028,2.588]
 -- [TRAJ_GUARD_CERT] trigger=poly_publish status=SAFE gen=11 map=22 map_age=0.577s samples=231 range=[0.046,2.340] collision_tt=-1.000 ttc=-1.000 p=[0.000,0.000,0.000]
 -- [TRAJ_GUARD_CERT] trigger=main_pre status=SAFE gen=11 map=23 map_age=0.000s samples=228 range=[0.079,2.340] collision_tt=-1.000 ttc=-1.000 p=[0.000,0.000,0.000]
[32m -- [Fsm] ReplanOnce succeed.[0m
Publish local map size: 66066
[ERROR] [1785920966.680241996] [fsm_node]:  -- [TRAJ_GUARD_REJECT] phase=ReplanOnce/with_backup status=OCCUPIED gen=13 map=23 from_tt=0.028 collision_tt=1.768 collision_p=[1.601,-45.816,2.248] samples=175
[INFO] [1785920966.729298077] [fsm_node]:  -- [TRAJ_GUARD_COMMIT] phase=ReplanOnce/with_backup gen=13 map=23 samples=228 range=[0.025,2.290]
 -- [TRAJ_GUARD_CERT] trigger=poly_publish status=SAFE gen=12 map=23 map_age=0.067s samples=255 range=[0.050,2.588] collision_tt=-1.000 ttc=-1.000 p=[0.000,0.000,0.000]
[32m -- [Fsm] ReplanOnce succeed.[0m
Publish local map size: 66267
[INFO] [1785920966.797413744] [fsm_node]:  -- [TRAJ_GUARD_COMMIT] phase=ReplanOnce/with_backup gen=14 map=23 samples=222 range=[0.021,2.227]
 -- [TRAJ_GUARD_CERT] trigger=poly_publish status=SAFE gen=13 map=23 map_age=0.189s samples=226 range=[0.049,2.290] collision_tt=-1.000 ttc=-1.000 p=[0.000,0.000,0.000]
[32m -- [Fsm] ReplanOnce succeed.[0m
Publish local map size: 66131
[INFO] [1785920966.871975088] [fsm_node]:  -- [TRAJ_GUARD_COMMIT] phase=ReplanOnce/with_backup gen=15 map=23 samples=237 range=[0.028,2.384]
 -- [TRAJ_GUARD_CERT] trigger=poly_publish status=SAFE gen=14 map=23 map_age=0.257s samples=220 range=[0.045,2.227] collision_tt=-1.000 ttc=-1.000 p=[0.000,0.000,0.000]
[32m -- [Fsm] ReplanOnce succeed.[0m
Publish local map size: 66417
[INFO] [1785920966.986666410] [fsm_node]:  -- [TRAJ_GUARD_COMMIT] phase=ReplanOnce/with_backup gen=16 map=24 samples=202 range=[0.034,2.036]
 -- [TRAJ_GUARD_CERT] trigger=poly_publish status=SAFE gen=15 map=23 map_age=0.331s samples=235 range=[0.051,2.384] collision_tt=-1.000 ttc=-1.000 p=[0.000,0.000,0.000]
 -- [TRAJ_GUARD_CERT] trigger=main_pre status=SAFE gen=15 map=24 map_age=0.000s samples=231 range=[0.086,2.384] collision_tt=-1.000 ttc=-1.000 p=[0.000,0.000,0.000]
[32m -- [Fsm] ReplanOnce succeed.[0m
Publish local map size: 66228
[INFO] [1785920967.096056675] [fsm_node]:  -- [TRAJ_GUARD_COMMIT] phase=ReplanOnce/with_backup gen=17 map=25 samples=185 range=[0.035,1.872]
 -- [TRAJ_GUARD_CERT] trigger=poly_publish status=SAFE gen=16 map=24 map_age=0.080s samples=199 range=[0.057,2.036] collision_tt=-1.000 ttc=-1.000 p=[0.000,0.000,0.000]
 -- [TRAJ_GUARD_CERT] trigger=main_pre status=SAFE gen=16 map=25 map_age=0.000s samples=197 range=[0.085,2.036] collision_tt=-1.000 ttc=-1.000 p=[0.000,0.000,0.000]
[32m -- [Fsm] ReplanOnce succeed.[0m
Publish local map size: 66469
[INFO] [1785920967.200385368] [fsm_node]:  -- [TRAJ_GUARD_COMMIT] phase=ReplanOnce/with_backup gen=18 map=26 samples=163 range=[0.027,1.641]
 -- [TRAJ_GUARD_CERT] trigger=poly_publish status=SAFE gen=17 map=25 map_age=0.081s samples=183 range=[0.057,1.872] collision_tt=-1.000 ttc=-1.000 p=[0.000,0.000,0.000]
 -- [TRAJ_GUARD_CERT] trigger=main_pre status=SAFE gen=17 map=26 map_age=0.000s samples=180 range=[0.088,1.872] collision_tt=-1.000 ttc=-1.000 p=[0.000,0.000,0.000]
[32m -- [Fsm] ReplanOnce succeed.[0m
Publish local map size: 66522
[INFO] [1785920967.271018417] [fsm_node]:  -- [TRAJ_GUARD_COMMIT] phase=ReplanOnce/with_backup gen=19 map=26 samples=154 range=[0.024,1.548]
 -- [TRAJ_GUARD_CERT] trigger=poly_publish status=SAFE gen=18 map=26 map_age=0.073s samples=161 range=[0.049,1.641] collision_tt=-1.000 ttc=-1.000 p=[0.000,0.000,0.000]
[32m -- [Fsm] ReplanOnce succeed.[0m
 -- [TRAJ_GUARD_CERT] trigger=poly_publish status=SAFE gen=19 map=26 map_age=0.144s samples=152 range=[0.048,1.548] collision_tt=-1.000 ttc=-1.000 p=[0.000,0.000,0.000]
 -- [TRAJ_GUARD_CERT] trigger=main_pre status=SAFE gen=19 map=27 map_age=0.000s samples=148 range=[0.081,1.548] collision_tt=-1.000 ttc=-1.000 p=[0.000,0.000,0.000]
[32m -- [Fsm 10.142] Current state: FOLLOW_TRAJ[0m
Publish local map size: 66435
[INFO] [1785920967.375065476] [fsm_node]:  -- [TRAJ_GUARD_COMMIT] phase=ReplanOnce/with_backup gen=20 map=27 samples=154 range=[0.024,1.552]
[32m -- [Fsm] ReplanOnce succeed.[0m
[INFO] [1785920967.440697195] [fsm_node]:  -- [TRAJ_GUARD_COMMIT] phase=ReplanOnce/with_backup gen=21 map=27 samples=124 range=[0.021,1.249]
 -- [TRAJ_GUARD_CERT] trigger=poly_publish status=SAFE gen=20 map=27 map_age=0.071s samples=152 range=[0.046,1.552] collision_tt=-1.000 ttc=-1.000 p=[0.000,0.000,0.000]
[32m -- [Fsm] ReplanOnce succeed.[0m
Publish local map size: 66384
[INFO] [1785920967.522925919] [fsm_node]:  -- [TRAJ_GUARD_COMMIT] phase=ReplanOnce/with_backup gen=22 map=27 samples=194 range=[0.037,1.957]
 -- [TRAJ_GUARD_CERT] trigger=poly_publish status=SAFE gen=21 map=27 map_age=0.137s samples=122 range=[0.043,1.249] collision_tt=-1.000 ttc=-1.000 p=[0.000,0.000,0.000]
[32m -- [Fsm] ReplanOnce succeed.[0m
Publish local map size: 66507
[INFO] [1785920967.597009651] [fsm_node]:  -- [TRAJ_GUARD_COMMIT] phase=ReplanOnce/with_backup gen=23 map=27 samples=114 range=[0.033,1.158]
 -- [TRAJ_GUARD_CERT] trigger=poly_publish status=SAFE gen=22 map=27 map_age=0.219s samples=191 range=[0.059,1.957] collision_tt=-1.000 ttc=-1.000 p=[0.000,0.000,0.000]
[32m -- [Fsm] ReplanOnce succeed.[0m
 -- [MARSIM] Running FPS: 142.315
Publish local map size: 66735
[INFO] [1785920967.706565871] [fsm_node]:  -- [TRAJ_GUARD_COMMIT] phase=ReplanOnce/with_backup gen=24 map=27 samples=150 range=[0.062,1.542]
 -- [TRAJ_GUARD_CERT] trigger=poly_publish status=SAFE gen=23 map=27 map_age=0.293s samples=112 range=[0.056,1.158] collision_tt=-1.000 ttc=-1.000 p=[0.000,0.000,0.000]
[32m -- [Fsm] ReplanOnce succeed.[0m
Publish local map size: 67142
[ERROR] [1785920967.831041493] [fsm_node]:  -- [TRAJ_GUARD_REJECT] phase=ReplanOnce/with_backup status=OCCUPIED gen=25 map=28 from_tt=0.038 collision_tt=1.988 collision_p=[0.600,-43.185,1.776] samples=196
Publish local map size: 66952
[ERROR] [1785920967.883492696] [fsm_node]:  -- [TRAJ_GUARD_REJECT] phase=ReplanOnce/with_backup status=OCCUPIED gen=25 map=28 from_tt=0.031 collision_tt=1.791 collision_p=[0.573,-43.431,1.893] samples=177
[ERROR] [1785920967.930179910] [fsm_node]:  -- [TRAJ_GUARD_REJECT] phase=ReplanOnce/with_backup status=OCCUPIED gen=25 map=28 from_tt=0.022 collision_tt=1.732 collision_p=[0.597,-43.404,1.840] samples=172
Publish local map size: 67802
[ERROR] [1785920967.983097348] [fsm_node]:  -- [TRAJ_GUARD_REJECT] phase=ReplanOnce/with_backup status=OCCUPIED gen=25 map=28 from_tt=0.028 collision_tt=2.548 collision_p=[0.540,-42.197,1.538] samples=253
[INFO] [1785920968.039480095] [fsm_node]:  -- [TRAJ_GUARD_COMMIT] phase=ReplanOnce/with_backup gen=25 map=28 samples=259 range=[0.030,2.606]
 -- [TRAJ_GUARD_CERT] trigger=poly_publish status=SAFE gen=24 map=27 map_age=0.403s samples=147 range=[0.088,1.542] collision_tt=-1.000 ttc=-1.000 p=[0.000,0.000,0.000]
 -- [TRAJ_GUARD_CERT] trigger=main_pre status=SAFE gen=24 map=28 map_age=0.000s samples=143 range=[0.127,1.542] collision_tt=-1.000 ttc=-1.000 p=[0.000,0.000,0.000]
[32m -- [Fsm] ReplanOnce succeed.[0m
Publish local map size: 68234
[ERROR] [1785920968.110919779] [fsm_node]:  -- [TRAJ_GUARD_REJECT] phase=ReplanOnce/with_backup status=OCCUPIED gen=26 map=28 from_tt=0.023 collision_tt=1.923 collision_p=[0.413,-42.788,1.887] samples=191
Publish local map size: 68961
[INFO] [1785920968.172533220] [fsm_node]:  -- [TRAJ_GUARD_COMMIT] phase=ReplanOnce/with_backup gen=26 map=28 samples=208 range=[0.030,2.093]
 -- [TRAJ_GUARD_CERT] trigger=poly_publish status=SAFE gen=25 map=28 map_age=0.294s samples=257 range=[0.054,2.606] collision_tt=-1.000 ttc=-1.000 p=[0.000,0.000,0.000]
[32m -- [Fsm] ReplanOnce succeed.[0m
[ERROR] [1785920968.251467694] [fsm_node]:  -- [TRAJ_GUARD_REJECT] phase=ReplanOnce/with_backup status=OCCUPIED gen=27 map=28 from_tt=0.031 collision_tt=1.581 collision_p=[0.398,-43.186,2.026] samples=156
Publish local map size: 69207
[ERROR] [1785920968.307128058] [fsm_node]:  -- [TRAJ_GUARD_REJECT] phase=ReplanOnce/with_backup status=OCCUPIED gen=27 map=28 from_tt=0.030 collision_tt=1.350 collision_p=[0.694,-43.601,2.414] samples=133
Publish local map size: 70681
[INFO] [1785920968.365674868] [fsm_node]:  -- [TRAJ_GUARD_COMMIT] phase=ReplanOnce/with_backup gen=27 map=28 samples=218 range=[0.024,2.187]
 -- [TRAJ_GUARD_CERT] trigger=poly_publish status=SAFE gen=26 map=28 map_age=0.427s samples=205 range=[0.055,2.093] collision_tt=-1.000 ttc=-1.000 p=[0.000,0.000,0.000]
[32m -- [Fsm] ReplanOnce succeed.[0m
 -- [TRAJ_GUARD_CERT] trigger=poly_publish status=SAFE gen=27 map=28 map_age=0.620s samples=215 range=[0.050,2.187] collision_tt=-1.000 ttc=-1.000 p=[0.000,0.000,0.000]
 -- [TRAJ_GUARD_CERT] trigger=main_pre status=SAFE gen=27 map=29 map_age=0.000s samples=211 range=[0.088,2.187] collision_tt=-1.000 ttc=-1.000 p=[0.000,0.000,0.000]
[32m -- [Fsm 11.235] Current state: FOLLOW_TRAJ[0m
Publish local map size: 71166
[ERROR] [1785920968.467197202] [fsm_node]:  -- [TRAJ_GUARD_REJECT] phase=ReplanOnce/with_backup status=OCCUPIED gen=28 map=29 from_tt=0.021 collision_tt=1.641 collision_p=[0.408,-42.886,2.045] samples=163
[ERROR] [1785920968.519158997] [fsm_node]:  -- [TRAJ_GUARD_REJECT] phase=ReplanOnce/with_backup status=OCCUPIED gen=28 map=29 from_tt=0.027 collision_tt=1.937 collision_p=[0.403,-42.549,1.901] samples=192
Publish local map size: 71182
[ERROR] [1785920968.578757719] [fsm_node]:  -- [TRAJ_GUARD_REJECT] phase=ReplanOnce/with_backup status=OCCUPIED gen=28 map=29 from_tt=0.038 collision_tt=1.238 collision_p=[0.497,-43.310,1.981] samples=121
[ERROR] [1785920968.640730984] [fsm_node]:  -- [TRAJ_GUARD_REJECT] phase=ReplanOnce/with_backup status=OCCUPIED gen=28 map=29 from_tt=0.037 collision_tt=1.237 collision_p=[0.441,-43.217,1.997] samples=121
Publish local map size: 70550
[ERROR] [1785920968.689979801] [fsm_node]:  -- [TRAJ_GUARD_REJECT] phase=ReplanOnce/with_backup status=OCCUPIED gen=28 map=29 from_tt=0.021 collision_tt=1.141 collision_p=[0.478,-43.266,2.000] samples=113
Publish local map size: 69908
[ERROR] [1785920968.766361481] [fsm_node]:  -- [TRAJ_GUARD_REJECT] phase=ReplanOnce/with_backup status=OCCUPIED gen=28 map=29 from_tt=0.032 collision_tt=1.252 collision_p=[0.421,-42.896,2.137] samples=123
[ERROR] [1785920968.824856921] [fsm_node]:  -- [TRAJ_GUARD_REJECT] phase=ReplanOnce/with_backup status=OCCUPIED gen=28 map=29 from_tt=0.023 collision_tt=1.233 collision_p=[0.410,-42.888,2.011] samples=122
Publish local map size: 69456
[ERROR] [1785920968.888823760] [fsm_node]:  -- [TRAJ_GUARD_REJECT] phase=ReplanOnce/with_backup status=OCCUPIED gen=28 map=29 from_tt=0.021 collision_tt=1.001 collision_p=[0.396,-43.231,2.067] samples=99
[ERROR] [1785920968.956687941] [fsm_node]:  -- [TRAJ_GUARD_REJECT] phase=ReplanOnce/with_backup status=OCCUPIED gen=28 map=29 from_tt=0.024 collision_tt=0.874 collision_p=[0.498,-43.339,1.915] samples=86
Publish local map size: 68886
[ERROR] [1785920969.018407331] [fsm_node]:  -- [TRAJ_GUARD_BRAKE] trigger=main_pre_uncertified duration=0.400s speed0=1.972 max_acc=7.285 max_jerk=71.774 dynamics_ok=true path_status=SAFE stop=[1.131,-44.231,2.163]
 -- [MARSIM] Running FPS: 137.758
Publish local map size: 71095
Publish local map size: 71855
Publish local map size: 71312
Publish local map size: 69268
Publish local map size: 67492
Publish local map size: 67470
Publish local map size: 67565
Publish local map size: 67543
Publish local map size: 67551
 -- [MARSIM] Running FPS: 89.7935
Publish local map size: 67468
Publish local map size: 67426
Publish local map size: 67405
Publish local map size: 67423
Publish local map size: 67404
Publish local map size: 67424
Publish local map size: 67403
Publish local map size: 67435
Publish local map size: 67403
Publish local map size: 67441
 -- [MARSIM] Running FPS: 95.776
Publish local map size: 67422
Publish local map size: 67526
Publish local map size: 67421
Publish local map size: 67494
Publish local map size: 67465
Publish local map size: 67439
Publish local map size: 67415
Publish local map size: 67510
Publish local map size: 67541
Publish local map size: 67428
Publish local map size: 67434
Publish local map size: 67407
Publish local map size: 67448
Publish local map size: 67434
 -- [MARSIM] Running FPS: 132.243
Publish local map size: 67452
Publish local map size: 67433
Publish local map size: 67524
Publish local map size: 67406
Publish local map size: 67423
Publish local map size: 67442
Publish local map size: 67543
Publish local map size: 67560
Publish local map size: 67446
