[INFO] [launch]: All log files can be found below /root/.ros/log/2026-09-10-17-18-33-499708-livox-1906729
[INFO] [launch]: Default logging verbosity is set to INFO
[INFO] [waypoint_mission-1]: process started with pid [1906730]
[INFO] [perfect_drone_frontend_node-2]: process started with pid [1906732]
[INFO] [fsm_node-3]: process started with pid [1906734]
[waypoint_mission-1] [WARN] [1789028313.543587682] [waypoint_mission]:  -- [MissionPlanner] Load config by file name: /root/super_ws/src/SUPER/mission_planner/config/waypoint.yaml
[waypoint_mission-1] [WARN] [1789028313.543661098] [waypoint_mission]:  -- [MissionPlanner] Load data by file name: /root/super_ws/src/SUPER/mission_planner/data/blind_heading_fork.txt
[fsm_node-3]  -- [Bench] Use sim time is false, begin replay.
[fsm_node-3] Load config file: /root/super_ws/src/SUPER/super_planner/config/static_seedmaps_guard_viability_tight_v7_frontend_risk_enforce.yaml
[fsm_node-3] [0;32m Load param fsm/timer_en success: [0;0m1
[fsm_node-3] [0;32m Load param super_planner/detailed_log_en success: [0;0m0
[fsm_node-3] [0;32m Load param super_planner/detailed_log_max_entries success: [0;0m64
[fsm_node-3] [0;32m Load param fsm/click_goal_en success: [0;0m1
[fsm_node-3] [0;32m Load param fsm/click_yaw_en success: [0;0m1
[fsm_node-3] [0;32m Load param fsm/replan_rate success: [0;0m15
[fsm_node-3] [0;32m Load param fsm/click_height success: [0;0m1.5
[fsm_node-3] [0;32m Load param fsm/cmd_topic success: [0;0m/planning/pos_cmd
[fsm_node-3] [0;32m Load param fsm/mpc_cmd_topic success: [0;0m/planning_cmd/poly_traj
[fsm_node-3] [0;32m Load param fsm/click_goal_topic success: [0;0m/planning/click_goal
[fsm_node-3] [0;32m Load param fsm/map_readiness/enable success: [0;0m1
[fsm_node-3] [0;32m Load param fsm/map_readiness/min_accepted_scans success: [0;0m5
[fsm_node-3] [0;32m Load param fsm/map_readiness/min_committed_scans success: [0;0m5
[fsm_node-3] [0;32m Load param fsm/map_readiness/max_commit_lag_scans success: [0;0m5
[fsm_node-3] [0;32m Load param fsm/map_readiness/min_scan_span_s success: [0;0m1
[fsm_node-3] [0;32m Load param fsm/map_readiness/max_cloud_age_s success: [0;0m0.75
[fsm_node-3] [0;32m Load param fsm/map_readiness/max_map_age_s success: [0;0m0.55
[fsm_node-3] [0;32m Load param fsm/trajectory_guard/enable success: [0;0m1
[fsm_node-3] [0;33m Load param fsm/trajectory_guard/same_map_replan_coalesce_enable failed, use default value: [0;0m0
[fsm_node-3] [0;33m Load param fsm/trajectory_guard/same_map_replan_min_interval_s failed, use default value: [0;0m0
[fsm_node-3] [0;32m Load param fsm/trajectory_guard/shadow success: [0;0m0
[fsm_node-3] [0;32m Load param fsm/trajectory_guard/max_map_age_s success: [0;0m0.75
[fsm_node-3] [0;32m Load param fsm/trajectory_guard/brake_trigger_map_age_s success: [0;0m0.55
[fsm_node-3] [0;32m Load param fsm/trajectory_guard/brake_trigger_high_speed_map_age_s success: [0;0m0.5
[fsm_node-3] [0;32m Load param fsm/trajectory_guard/brake_trigger_low_speed_mps success: [0;0m2.5
[fsm_node-3] [0;32m Load param fsm/trajectory_guard/brake_trigger_high_speed_mps success: [0;0m3.5
[fsm_node-3] [0;32m Load param fsm/trajectory_guard/full_refresh_ack_sla_s success: [0;0m0.75
[fsm_node-3] [0;32m Load param fsm/trajectory_guard/raw_cloud/enable success: [0;0m0
[fsm_node-3] [0;32m Load param fsm/trajectory_guard/raw_cloud/source_topic success: [0;0m/cloud_guard_witness
[perfect_drone_frontend_node-2] [INFO] [1789028313.641427639] [native_sector_cpp]: adaptive mode, half-angle 45.0 deg, input /cloud_registered, publish cap 5.00 Hz, commit refresh 0.120 s, full-open extra budget 6000, guard witness disabled radius 0.00 m, direct input enabled, risk verdict /planning/trajectory_risk_verdict, body tier 0.200 m/0.150 s
[fsm_node-3] [0;32m Load param fsm/trajectory_guard/raw_cloud/max_age_s success: [0;0m0.75
[perfect_drone_frontend_node-2] [WARN] [1789028313.644072482] [perfect_tracking]:  -- [MissionPlanner] Load config by file name: /root/super_ws/src/SUPER/mars_uav_sim/perfect_drone_sim/config/shc4_deep_mirror_hazard.yaml
[fsm_node-3] [0;32m Load param fsm/trajectory_guard/raw_cloud/clearance_m success: [0;0m0.3
[fsm_node-3] [0;32m Load param fsm/trajectory_guard/validation_sample_dt_s success: [0;0m0.005
[fsm_node-3] [0;32m Load param fsm/trajectory_guard/shadow_min_interval_s success: [0;0m0
[fsm_node-3] [0;32m Load param fsm/trajectory_guard/additional_clearance_m success: [0;0m0
[fsm_node-3] [0;33m Load param fsm/trajectory_guard/brake_min_duration_s failed, use default value: [0;0m0.4
[fsm_node-3] [0;32m Load param fsm/trajectory_guard/brake_max_duration_s success: [0;0m3
[fsm_node-3] [0;32m Load param fsm/trajectory_guard/brake_max_acc_mps2 success: [0;0m20
[fsm_node-3] [0;32m Load param fsm/trajectory_guard/brake_max_jerk_mps3 success: [0;0m120
[fsm_node-3] [0;32m Load param fsm/trajectory_guard/brake_command_max_age_s success: [0;0m0.1
[fsm_node-3] [0;32m Load param fsm/trajectory_guard/brake_command_max_position_error_m success: [0;0m0.5
[fsm_node-3] [0;32m Load param fsm/trajectory_guard/brake_command_max_velocity_error_mps success: [0;0m2
[fsm_node-3] [0;32m Load param fsm/trajectory_guard/brake_retry_interval_s success: [0;0m0.1
[fsm_node-3] [0;32m Load param fsm/trajectory_guard/unknown_as_occupied success: [0;0m1
[fsm_node-3] [0;33m Load param fsm/trajectory_guard/raw_cloud/ciri_shadow_en failed, use default value: [0;0m0
[fsm_node-3] [0;32m Load param fsm/trajectory_guard/raw_cloud/accum_window_s success: [0;0m1.5
[fsm_node-3] [0;33m Load param fsm/trajectory_guard/raw_cloud/ciri_min_points failed, use default value: [0;0m200
[fsm_node-3] [0;33m Load param fsm/trajectory_guard/raw_cloud/ciri_voxel_m failed, use default value: [0;0m0.1
[fsm_node-3] [0;32m Load param fsm/trajectory_guard/raw_cloud/near_field_shadow_en success: [0;0m0
[fsm_node-3] [0;32m Load param fsm/trajectory_guard/raw_cloud/near_field_clearance_m success: [0;0m0.2
[fsm_node-3] [0;32m Load param fsm/trajectory_guard/raw_cloud/near_field_horizon_s success: [0;0m1
[fsm_node-3] [0;32m Load param fsm/trajectory_guard/raw_cloud/near_field_sample_dt_s success: [0;0m0.01
[fsm_node-3] [0;32m Load param fsm/trajectory_guard/raw_cloud/near_field_min_interval_s success: [0;0m0.1
[fsm_node-3] [0;32m Load param fsm/trajectory_guard/raw_cloud/near_field_min_points success: [0;0m200
[fsm_node-3] [0;32m Load param fsm/trajectory_guard/raw_cloud/near_field_voxel_m success: [0;0m0
[fsm_node-3] [0;32m Load param fsm/trajectory_guard/raw_cloud/near_field_test_replay_mode success: [0;0m0
[fsm_node-3] [0;32m Load param fsm/trajectory_guard/raw_cloud/near_field_enforce_en success: [0;0m0
[fsm_node-3] [0;32m Load param fsm/trajectory_guard/raw_cloud/near_field_result_max_age_s success: [0;0m0.2
[fsm_node-3] [0;32m Load param fsm/trajectory_guard/raw_cloud/near_field_max_sequence_lag success: [0;0m1
[fsm_node-3] [0;32m Load param fsm/trajectory_guard/raw_cloud/near_field_egress_tolerance_m success: [0;0m0.005
[fsm_node-3] [0;32m Load param fsm/trajectory_guard/raw_cloud/near_field_egress_min_progress_m success: [0;0m0.02
[fsm_node-3] [0;32m Load param fsm/trajectory_guard/frontend_risk/shadow_en success: [0;0m1
[fsm_node-3] [0;32m Load param fsm/trajectory_guard/frontend_risk/enforce_en success: [0;0m1
[fsm_node-3] [0;32m Load param fsm/trajectory_guard/frontend_risk/topic success: [0;0m/planning/trajectory_risk_verdict
[fsm_node-3] [0;32m Load param fsm/trajectory_guard/frontend_risk/result_max_age_s success: [0;0m0.2
[fsm_node-3] [0;32m Load param fsm/trajectory_guard/frontend_risk/source_max_age_s success: [0;0m0.75
[fsm_node-3] [0;32m Load param fsm/trajectory_guard/frontend_risk/current_body_enforce_en success: [0;0m1
[fsm_node-3] [0;32m Load param fsm/trajectory_guard/frontend_risk/current_body_result_max_age_s success: [0;0m0.15
[fsm_node-3] [0;32m Load param fsm/trajectory_guard/frontend_risk/current_body_source_max_age_s success: [0;0m0.2
[fsm_node-3] [0;32m Load param super_planner/yaw_dot_max success: [0;0m3
[fsm_node-3] [0;32m Load param super_planner/visualization_en success: [0;0m0
[fsm_node-3] [0;32m Load param rog_map/resolution success: [0;0m0.05
[fsm_node-3] Load config file: /root/super_ws/src/SUPER/super_planner/config/static_seedmaps_guard_viability_tight_v7_frontend_risk_enforce.yaml
[fsm_node-3] [0;32m Load param rog_map/esdf/resolution success: [0;0m0.1
[fsm_node-3] [0;32m Load param rog_map/esdf/enable success: [0;0m0
[fsm_node-3] [0;32m Load param rog_map/esdf/local_update_box success: [0;0m[5 5 3 ]
[fsm_node-3] [0;32m Load param rog_map/load_pcd_en success: [0;0m0
[fsm_node-3] [0;32m Load param rog_map/map_sliding/enable success: [0;0m0
[fsm_node-3] [0;32m Load param rog_map/map_sliding/threshold success: [0;0m3
[fsm_node-3] [0;32m Load param rog_map/fix_map_origin success: [0;0m[0 0 1.5 ]
[fsm_node-3] [0;32m Load param rog_map/frontier_extraction_en success: [0;0m0
[fsm_node-3] [0;32m Load param rog_map/ros_callback/enable success: [0;0m1
[fsm_node-3] [0;32m Load param rog_map/ros_callback/cloud_topic success: [0;0m/cloud_sector
[fsm_node-3] [0;32m Load param rog_map/ros_callback/cloud_reliable success: [0;0m1
[fsm_node-3] [0;32m Load param rog_map/ros_callback/odom_topic success: [0;0m/lidar_slam/odom
[fsm_node-3] [0;32m Load param rog_map/ros_callback/odom_timeout success: [0;0m2
[fsm_node-3] [0;32m Load param rog_map/visualization/enable success: [0;0m0
[fsm_node-3] [0;32m Load param rog_map/visualization/use_dynamic_reconfigure success: [0;0m0
[fsm_node-3] [0;32m Load param rog_map/visualization/pub_unknown_map_en success: [0;0m0
[fsm_node-3] [0;32m Load param rog_map/visualization/frame_id success: [0;0mworld
[fsm_node-3] [0;32m Load param rog_map/visualization/time_rate success: [0;0m2
[fsm_node-3] [0;32m Load param rog_map/visualization/frame_rate success: [0;0m0
[fsm_node-3] [0;32m Load param rog_map/visualization/range success: [0;0m[15 15 4 ]
[fsm_node-3] [0;32m Load param rog_map/resolution success: [0;0m0.05
[fsm_node-3] [0;32m Load param rog_map/inflation_resolution success: [0;0m0.1
[fsm_node-3] [0;32m Load param rog_map/unk_inflation_en success: [0;0m0
[fsm_node-3] [0;32m Load param rog_map/unk_inflation_step success: [0;0m1
[fsm_node-3] [0;32m Load param rog_map/inflation_step success: [0;0m3
[fsm_node-3] [0;32m Load param rog_map/intensity_thresh success: [0;0m-10
[fsm_node-3] [0;32m Load param rog_map/map_size success: [0;0m[70 70 6 ]
[fsm_node-3] [0;32m Load param rog_map/point_filt_num success: [0;0m1
[fsm_node-3] [0;32m Load param rog_map/raycasting/enable success: [0;0m0
[fsm_node-3] [0;32m Load param rog_map/raycasting/batch_update_size success: [0;0m1
[fsm_node-3] [0;32m Load param rog_map/raycasting/unk_thresh success: [0;0m1
[fsm_node-3] [0;32m Load param rog_map/raycasting/p_hit success: [0;0m0.9
[fsm_node-3] [0;32m Load param rog_map/raycasting/p_miss success: [0;0m0.49
[fsm_node-3] [0;32m Load param rog_map/raycasting/p_min success: [0;0m0.12
[fsm_node-3] [0;32m Load param rog_map/raycasting/p_max success: [0;0m0.98
[fsm_node-3] [0;32m Load param rog_map/raycasting/p_occ success: [0;0m0.85
[fsm_node-3] [0;32m Load param rog_map/raycasting/p_free success: [0;0m0.499
[fsm_node-3] [0;32m Load param rog_map/raycasting/p_free success: [0;0m0.499
[fsm_node-3] [0;32m Load param rog_map/raycasting/ray_range success: [0;0m[0.5 100 ]
[fsm_node-3] [0;33m Load param rog_map/raycasting/observed_mark_range_max failed, use default value: [0;0m10
[fsm_node-3] [0;32m Load param rog_map/raycasting/local_update_box success: [0;0m[100 100 5 ]
[fsm_node-3] [0;32m Load param rog_map/virtual_ground_height success: [0;0m-0.1
[fsm_node-3] [0;32m Load param rog_map/virtual_ceil_height success: [0;0m3.5
[fsm_node-3] [32m -- [RM-Config] inflation_resolution: 0.1[0m
[fsm_node-3]  -- [ROG-Map] Init, resetMapSize: ORIGIN_AT_CORNER.
[fsm_node-3]  -- [ROG-Map] Init, resetMapSize: virtual_ceil_height: 3.1500000000000004, virtual_ground_height: 0.25.
[fsm_node-3] [34m	[ROG] n_free: 1[0m
[fsm_node-3] [34m	[ROG] n_occ: 1[0m
[fsm_node-3] [34m	[ROG] l_hit: 2.19722[0m
[fsm_node-3] [34m	[ROG] l_miss: -0.0400053[0m
[fsm_node-3] [34m	[ROG] l_min: -1.99243[0m
[fsm_node-3] [34m	[ROG] l_max: 3.89182[0m
[fsm_node-3] [34m	[ROG] l_occ: 1.7346[0m
[fsm_node-3] [34m	[ROG] l_free: -0.00399995[0m
[perfect_drone_frontend_node-2] Failed to find match for field 'intensity'.
[perfect_drone_frontend_node-2] [WARN] [1789028314.004197505] [perfect_tracking]: SENSOR_BURST_DROPOUT armed before every cloud transport: warmup=1.000s period=2.000s duration=0.500s phase=0.600s env_override=1
[perfect_drone_frontend_node-2] [INFO] [1789028314.004272774] [perfect_drone_frontend_config]: raw DDS disabled: renderer -> native front-end uses direct SharedPtr handoff
[fsm_node-3] [33m -- [Inf-Map] Clear all local map.[0m
[fsm_node-3] [32m -- [CounterMap] Init successfully -- .[0m
[fsm_node-3] [32m	resolution: 0.1[0m
[fsm_node-3] [32m	map_sliding_en: 0[0m
[fsm_node-3] [32m	local_map_size_i: 709 709  69[0m
[fsm_node-3] [32m	local_map_size_d: 70.9 70.9  6.9[0m
[fsm_node-3] [33m -- [Inf-Map] Clear all local map.[0m
[fsm_node-3] [32m -- [InfMap] Init successfully -- .[0m
[fsm_node-3] [32m	resolution: 0.1[0m
[fsm_node-3] [32m	map_sliding_en: 0[0m
[fsm_node-3] [32m	local_map_size_i: 709 709  69[0m
[fsm_node-3] [32m	local_map_size_d: 70.9 70.9  6.9[0m
[fsm_node-3] [ProbMap] virtual_ceil_height: 3.15
[fsm_node-3] [ProbMap] virtual_ground_height: 0.25
[fsm_node-3] [33m -- [ProbMap] Map sliding disabled, set origin to [  0   0 1.5] -- [0m
[fsm_node-3] [33m -- [Prob-Map] Clear all local map.[0m
[fsm_node-3] [32m -- [ProbMap] Init successfully -- .[0m
[fsm_node-3] [32m	resolution: 0.05[0m
[fsm_node-3] [32m	map_sliding_en: 0[0m
[fsm_node-3] [32m	local_map_size_i: 1401 1401  121[0m
[fsm_node-3] [32m	local_map_size_d: 70.05 70.05  6.05[0m
[fsm_node-3] [38;2;000;128;000m -- [ROGMap] Immutable planner snapshot enabled (fixed occupancy-only map).
[fsm_node-3] [0mLoad config file: /root/super_ws/src/SUPER/super_planner/config/static_seedmaps_guard_viability_tight_v7_frontend_risk_enforce.yaml
[fsm_node-3] Load config file: /root/super_ws/src/SUPER/super_planner/config/static_seedmaps_guard_viability_tight_v7_frontend_risk_enforce.yaml
[fsm_node-3] [0;32m Load param traj_opt/switch/print_optimizer_log success: [0;0m0
[fsm_node-3] [0;32m Load param traj_opt/flatness/mass success: [0;0m1.64
[fsm_node-3] [0;32m Load param traj_opt/flatness/dh success: [0;0m0.35
[fsm_node-3] [0;32m Load param traj_opt/flatness/dv success: [0;0m0.35
[fsm_node-3] [0;32m Load param traj_opt/flatness/grav success: [0;0m9.81
[fsm_node-3] [0;32m Load param traj_opt/flatness/cp success: [0;0m0.001
[fsm_node-3] [0;32m Load param traj_opt/flatness/v_eps success: [0;0m0.0001
[fsm_node-3] [0;32m Load param traj_opt/switch/save_log_en success: [0;0m0
[fsm_node-3] [0;32m Load param traj_opt/exp_traj/pos_constraint_type success: [0;0m1
[fsm_node-3] [0;33m Load param traj_opt/exp_traj/piece_num failed, use default value: [0;0m1
[fsm_node-3] [0;33m Load param traj_opt/exp_traj/uniform_time_en failed, use default value: [0;0m0
[fsm_node-3] [0;32m Load param traj_opt/exp_traj/block_energy_cost success: [0;0m0
[fsm_node-3] [0;32m Load param traj_opt/exp_traj/opt_accuracy success: [0;0m5e-06
[fsm_node-3] [0;33m Load param traj_opt/exp_traj/max_iterations failed, use default value: [0;0m2048
[fsm_node-3] [0;32m Load param traj_opt/exp_traj/integral_reso success: [0;0m15
[fsm_node-3] [0;32m Load param traj_opt/exp_traj/smooth_eps success: [0;0m0.01
[fsm_node-3] [0;32m Load param traj_opt/boundary/max_vel success: [0;0m7
[fsm_node-3] [0;32m Load param traj_opt/boundary/max_acc success: [0;0m20
[fsm_node-3] [0;32m Load param traj_opt/boundary/max_jerk success: [0;0m120
[fsm_node-3] [0;32m Load param traj_opt/boundary/max_omg success: [0;0m2.5
[fsm_node-3] [0;32m Load param traj_opt/boundary/max_acc_thr success: [0;0m17
[fsm_node-3] [0;32m Load param traj_opt/boundary/min_acc_thr success: [0;0m6
[fsm_node-3] [0;32m Load param traj_opt/boundary/penna_margin success: [0;0m0.05
[fsm_node-3] [0;33m Load param traj_opt/exp_traj/penna_scale failed, use default value: [0;0m-1
[fsm_node-3] [0;32m Load param traj_opt/exp_traj/penna_t success: [0;0m1e+07
[fsm_node-3] [0;33m Load param traj_opt/exp_traj/penna_ts failed, use default value: [0;0m-1
[fsm_node-3] [0;32m Load param traj_opt/exp_traj/penna_pos success: [0;0m5e+09
[fsm_node-3] [0;32m Load param traj_opt/exp_traj/penna_clr success: [0;0m1e+06
[fsm_node-3] [0;32m Load param traj_opt/exp_traj/clearance_margin success: [0;0m0.1
[fsm_node-3] [0;32m Load param traj_opt/exp_traj/clearance_speed_gate success: [0;0m1.5
[fsm_node-3] [0;32m Load param traj_opt/exp_traj/clearance_speed_transition success: [0;0m0.5
[fsm_node-3] [0;33m Load param traj_opt/exp_traj/penna_passage_center failed, use default value: [0;0m-1
[fsm_node-3] [0;33m Load param traj_opt/exp_traj/passage_center_max_width failed, use default value: [0;0m0
[fsm_node-3] [0;33m Load param traj_opt/exp_traj/passage_center_min_opposition_cos failed, use default value: [0;0m0.9
[fsm_node-3] [0;33m Load param traj_opt/exp_traj/passage_center_min_horizontal_normal failed, use default value: [0;0m0.8
[fsm_node-3] [0;33m Load param traj_opt/exp_traj/passage_center_deadband failed, use default value: [0;0m0.15
[fsm_node-3] [0;33m Load param traj_opt/exp_traj/passage_center_log_en failed, use default value: [0;0m0
[fsm_node-3] [0;32m Load param traj_opt/exp_traj/penna_vel success: [0;0m5e+08
[fsm_node-3] [0;32m Load param traj_opt/exp_traj/penna_acc success: [0;0m5e+08
[fsm_node-3] [0;32m Load param traj_opt/exp_traj/penna_jerk success: [0;0m-5e+08
[fsm_node-3] [0;32m Load param traj_opt/exp_traj/penna_attract success: [0;0m5e+08
[fsm_node-3] [0;32m Load param traj_opt/exp_traj/penna_omg success: [0;0m-1
[fsm_node-3] [0;32m Load param traj_opt/exp_traj/penna_thr success: [0;0m-1
[fsm_node-3] Load config file: /root/super_ws/src/SUPER/super_planner/config/static_seedmaps_guard_viability_tight_v7_frontend_risk_enforce.yaml
[fsm_node-3] [0;32m Load param traj_opt/switch/print_optimizer_log success: [0;0m0
[fsm_node-3] [0;32m Load param traj_opt/flatness/mass success: [0;0m1.64
[fsm_node-3] [0;32m Load param traj_opt/flatness/dh success: [0;0m0.35
[fsm_node-3] [0;32m Load param traj_opt/flatness/dv success: [0;0m0.35
[fsm_node-3] [0;32m Load param traj_opt/flatness/grav success: [0;0m9.81
[fsm_node-3] [0;32m Load param traj_opt/flatness/cp success: [0;0m0.001
[fsm_node-3] [0;32m Load param traj_opt/flatness/v_eps success: [0;0m0.0001
[fsm_node-3] [0;32m Load param traj_opt/switch/save_log_en success: [0;0m0
[fsm_node-3] [0;32m Load param traj_opt/backup_traj/pos_constraint_type success: [0;0m2
[fsm_node-3] [0;32m Load param traj_opt/backup_traj/piece_num success: [0;0m2
[fsm_node-3] [0;32m Load param traj_opt/backup_traj/uniform_time_en success: [0;0m1
[fsm_node-3] [0;32m Load param traj_opt/backup_traj/block_energy_cost success: [0;0m1
[fsm_node-3] [0;32m Load param traj_opt/backup_traj/opt_accuracy success: [0;0m1e-05
[fsm_node-3] [0;33m Load param traj_opt/backup_traj/max_iterations failed, use default value: [0;0m2048
[fsm_node-3] [0;32m Load param traj_opt/backup_traj/integral_reso success: [0;0m12
[fsm_node-3] [0;32m Load param traj_opt/backup_traj/smooth_eps success: [0;0m0.01
[fsm_node-3] [0;32m Load param traj_opt/boundary/max_vel success: [0;0m7
[fsm_node-3] [0;32m Load param traj_opt/boundary/max_acc success: [0;0m20
[fsm_node-3] [0;32m Load param traj_opt/boundary/max_jerk success: [0;0m120
[fsm_node-3] [0;32m Load param traj_opt/boundary/max_omg success: [0;0m2.5
[fsm_node-3] [0;32m Load param traj_opt/boundary/max_acc_thr success: [0;0m17
[fsm_node-3] [0;32m Load param traj_opt/boundary/min_acc_thr success: [0;0m6
[fsm_node-3] [0;32m Load param traj_opt/boundary/penna_margin success: [0;0m0.05
[fsm_node-3] [0;33m Load param traj_opt/backup_traj/penna_scale failed, use default value: [0;0m-1
[fsm_node-3] [0;32m Load param traj_opt/backup_traj/penna_t success: [0;0m100
[fsm_node-3] [0;32m Load param traj_opt/backup_traj/penna_ts success: [0;0m1e+07
[fsm_node-3] [0;32m Load param traj_opt/backup_traj/penna_pos success: [0;0m1e+10
[fsm_node-3] [0;32m Load param traj_opt/backup_traj/penna_clr success: [0;0m1e+06
[fsm_node-3] [0;32m Load param traj_opt/backup_traj/clearance_margin success: [0;0m0.1
[fsm_node-3] [0;32m Load param traj_opt/backup_traj/clearance_speed_gate success: [0;0m1.5
[fsm_node-3] [0;32m Load param traj_opt/backup_traj/clearance_speed_transition success: [0;0m0.5
[fsm_node-3] [0;33m Load param traj_opt/backup_traj/penna_passage_center failed, use default value: [0;0m-1
[fsm_node-3] [0;33m Load param traj_opt/backup_traj/passage_center_max_width failed, use default value: [0;0m0
[fsm_node-3] [0;33m Load param traj_opt/backup_traj/passage_center_min_opposition_cos failed, use default value: [0;0m0.9
[fsm_node-3] [0;33m Load param traj_opt/backup_traj/passage_center_min_horizontal_normal failed, use default value: [0;0m0.8
[fsm_node-3] [0;33m Load param traj_opt/backup_traj/passage_center_deadband failed, use default value: [0;0m0.15
[fsm_node-3] [0;33m Load param traj_opt/backup_traj/passage_center_log_en failed, use default value: [0;0m0
[fsm_node-3] [0;32m Load param traj_opt/backup_traj/penna_vel success: [0;0m1e+08
[fsm_node-3] [0;32m Load param traj_opt/backup_traj/penna_acc success: [0;0m1e+08
[fsm_node-3] [0;32m Load param traj_opt/backup_traj/penna_jerk success: [0;0m-1e+06
[fsm_node-3] [0;33m Load param traj_opt/backup_traj/penna_attract failed, use default value: [0;0m-1
[fsm_node-3] [0;32m Load param traj_opt/backup_traj/penna_omg success: [0;0m-1
[fsm_node-3] [0;32m Load param traj_opt/backup_traj/penna_thr success: [0;0m-1
[fsm_node-3] [0;32m Load param super_planner/print_log success: [0;0m0
[fsm_node-3] [0;32m Load param super_planner/detailed_log_en success: [0;0m0
[fsm_node-3] [0;32m Load param super_planner/visualization_en success: [0;0m0
[fsm_node-3] [0;32m Load param super_planner/backup_traj_en success: [0;0m1
[fsm_node-3] [0;32m Load param super_planner/goal_vel_en success: [0;0m0
[fsm_node-3] [0;32m Load param super_planner/goal_yaw_en success: [0;0m0
[fsm_node-3] [0;32m Load param super_planner/visual_process success: [0;0m0
[fsm_node-3] [0;32m Load param super_planner/use_fov_cut success: [0;0m0
[fsm_node-3] [0;33m Load param super_planner/fov_horizontal_angle failed, use default value: [0;0m-1
[fsm_node-3] [0;33m Load param super_planner/fov_center_heading failed, use default value: [0;0m0
[fsm_node-3] [0;32m Load param super_planner/frontend_in_known_free success: [0;0m0
[fsm_node-3] [0;32m Load param fsm/trajectory_guard/enable success: [0;0m1
[fsm_node-3] [0;32m Load param fsm/trajectory_guard/shadow success: [0;0m0
[fsm_node-3] [0;32m Load param fsm/trajectory_guard/validation_sample_dt_s success: [0;0m0.005
[fsm_node-3] [0;32m Load param fsm/trajectory_guard/shadow_min_interval_s success: [0;0m0
[fsm_node-3] [0;32m Load param fsm/trajectory_guard/additional_clearance_m success: [0;0m0
[fsm_node-3] [0;32m Load param fsm/trajectory_guard/escape_max_duration_s success: [0;0m1
[fsm_node-3] [0;32m Load param fsm/trajectory_guard/unknown_as_occupied success: [0;0m1
[fsm_node-3] [0;32m Load param fsm/trajectory_guard/escape_entry_grace_s success: [0;0m0
[fsm_node-3] [0;32m Load param fsm/trajectory_guard/initial_footprint_egress_enable success: [0;0m1
[fsm_node-3] [0;32m Load param super_planner/safe_corridor_line_max_length success: [0;0m6
[fsm_node-3] [0;32m Load param super_planner/sensing_horizon success: [0;0m-1
[fsm_node-3] [0;32m Load param super_planner/obs_skip_num success: [0;0m2
[fsm_node-3] [0;32m Load param super_planner/replan_forward_dt success: [0;0m0.1
[fsm_node-3] [0;32m Load param super_planner/corridor_bound_dis success: [0;0m0.8
[fsm_node-3] [0;32m Load param super_planner/corridor_line_max_length success: [0;0m1
[fsm_node-3] [0;32m Load param super_planner/planning_horizon success: [0;0m7
[fsm_node-3] [0;32m Load param super_planner/receding_dis success: [0;0m1
[fsm_node-3] [0;32m Load param super_planner/robot_r success: [0;0m0.2
[fsm_node-3] [0;32m Load param super_planner/corridor_use_inflated_obstacles success: [0;0m0
[fsm_node-3] [0;32m Load param super_planner/corridor_use_inflated_seed_lines success: [0;0m0
[fsm_node-3] [0;32m Load param super_planner/corridor_guard_retry_inflated success: [0;0m1
[fsm_node-3] [0;32m Load param super_planner/guard_corridor_retry_alternate_every success: [0;0m4
[fsm_node-3] [0;32m Load param super_planner/guard_topology_reroute/enable success: [0;0m1
[fsm_node-3] [0;32m Load param super_planner/guard_topology_reroute/radius_m success: [0;0m0.8
[fsm_node-3] [0;32m Load param super_planner/guard_topology_reroute/growth_m success: [0;0m0
[fsm_node-3] [0;32m Load param super_planner/guard_topology_reroute/max_radius_m success: [0;0m0.8
[fsm_node-3] [0;32m Load param super_planner/guard_topology_reroute/max_zones success: [0;0m6
[fsm_node-3] [0;32m Load param super_planner/guard_topology_reroute/max_stop_speed_mps success: [0;0m0.2
[fsm_node-3] [0;32m Load param super_planner/guard_topology_reroute/escalate_every_rejects success: [0;0m3
[fsm_node-3] [0;32m Load param super_planner/guard_topology_reroute/collision_merge_m success: [0;0m0.5
[fsm_node-3] [0;32m Load param super_planner/guard_topology_reroute/start_clearance_m success: [0;0m0.3
[fsm_node-3] [0;32m Load param super_planner/guard_topology_reroute/block_spacing_m success: [0;0m1
[fsm_node-3] [0;32m Load param super_planner/guard_topology_reroute/direction_merge_angle_deg success: [0;0m30
[fsm_node-3] [0;32m Load param super_planner/guard_topology_reroute/no_path_reset_attempts success: [0;0m3
[fsm_node-3] [0;32m Load param super_planner/guard_topology_reroute/vertical_recovery_enable success: [0;0m1
[fsm_node-3] [0;32m Load param super_planner/guard_topology_reroute/vertical_recovery_lift_m success: [0;0m0.6
[fsm_node-3] [0;32m Load param super_planner/guard_topology_reroute/vertical_recovery_trigger_distance_m success: [0;0m0.75
[fsm_node-3] [0;32m Load param super_planner/guard_topology_reroute/local_escape_enable success: [0;0m1
[fsm_node-3] [0;32m Load param super_planner/guard_topology_reroute/local_escape_distance_m success: [0;0m0.6
[fsm_node-3] [0;32m Load param super_planner/guard_topology_reroute/local_escape_attempts success: [0;0m4
[fsm_node-3] [0;32m Load param super_planner/guard_topology_reroute/episode_progress_reset_m success: [0;0m2
[fsm_node-3] [0;32m Load param super_planner/guard_topology_reroute/saturation_vertical_attempts success: [0;0m1
[fsm_node-3] [0;32m Load param super_planner/guard_topology_reroute/base_no_path_vertical_attempts success: [0;0m1
[fsm_node-3] [0;32m Load param super_planner/guard_direct_goal_fallback/enable success: [0;0m1
[fsm_node-3] [0;32m Load param super_planner/guard_direct_goal_fallback/max_distance_m success: [0;0m3
[fsm_node-3] [0;32m Load param super_planner/guard_direct_goal_fallback/min_duration_s success: [0;0m1
[fsm_node-3] [0;32m Load param super_planner/guard_viability/enable success: [0;0m1
[fsm_node-3] [0;32m Load param super_planner/guard_viability/horizon_s success: [0;0m2
[fsm_node-3] [0;32m Load param super_planner/guard_viability/sample_dt_s success: [0;0m0.3
[fsm_node-3] [0;32m Load param super_planner/guard_viability/brake_max_acc_mps2 success: [0;0m20
[fsm_node-3] [0;32m Load param super_planner/guard_viability/brake_max_jerk_mps3 success: [0;0m120
[fsm_node-3] [0;32m Load param super_planner/guard_viability/brake_min_duration_s success: [0;0m0.4
[fsm_node-3] [0;32m Load param super_planner/guard_viability/brake_max_duration_s success: [0;0m3
[fsm_node-3] [0;32m Load param super_planner/guard_viability/brake_attempts success: [0;0m12
[fsm_node-3] [0;32m Load param super_planner/guard_viability/speed_scale_step success: [0;0m1.25
[fsm_node-3] [0;32m Load param super_planner/guard_viability/speed_scale_max success: [0;0m3
[fsm_node-3] [0;32m Load param super_planner/guard_viability/max_retries success: [0;0m4
[fsm_node-3] [0;32m Load param super_planner/corridor_min_margin success: [0;0m0.2
[fsm_node-3] [0;32m Load param super_planner/corridor_pref_margin success: [0;0m0.3
[fsm_node-3] [0;32m Load param super_planner/iris_iter_num success: [0;0m2
[fsm_node-3] [0;32m Load param super_planner/yaw_mode success: [0;0m1
[fsm_node-3] [0;32m Load param super_planner/mpc_horizon success: [0;0m15
[fsm_node-3] [0;32m Load param super_planner/yaw_dot_max success: [0;0m3
[fsm_node-3] [0;32m Load param rog_map/resolution success: [0;0m0.05
[fsm_node-3] [INFO] [1789028315.060035857] [fsm_node]:  -- [TRAJ_GUARD] mode=enforce sample_dt=0.0050s shadow_min_interval=0.000s inflation_radius=0.300m robot_r=0.200m additional_clearance=0.000m hard_clearance=0.300m clearance_offsets=0
[fsm_node-3] [38;2;050;205;050m -- [Viz] Set resolution_ to 0.05
[fsm_node-3] [0m[38;2;050;205;050m -- [Viz] Set visualization_en_ to false
[fsm_node-3] [0mLoad config file: /root/super_ws/src/SUPER/super_planner/config/static_seedmaps_guard_viability_tight_v7_frontend_risk_enforce.yaml
[fsm_node-3] [0;32m Load param astar/map_voxel_num success: [0;0m[500 500 100 ]
[fsm_node-3] [0;32m Load param astar/allow_diag success: [0;0m1
[fsm_node-3] [0;32m Load param astar/debug_visualization_en success: [0;0m0
[fsm_node-3] [0;32m Load param astar/heu_type success: [0;0m2
[fsm_node-3] [0;32m Load param astar/visual_process success: [0;0m0
[fsm_node-3] [32m -- [RM] Init Astar-map.[0m
[fsm_node-3] [34m	map index size: 250 250  50[0m
[fsm_node-3] [34m	map vox_num: 501 501 101[0m
[fsm_node-3] [INFO] [1789028316.669319425] [fsm_node]:  -- [FULL_REFRESH_ACK_GATE] listening sla=0.750s
[fsm_node-3] [INFO] [1789028316.670169673] [fsm_node]:  -- [FRONTEND_RISK] listening topic=/planning/trajectory_risk_verdict result_max_age=0.200s source_max_age=0.750s enforce=true body_result_max_age=0.150s body_source_max_age=0.200s body_enforce=true
[fsm_node-3] [33m -- [Fsm] CLICKGOAL ENABLE.[0m
[fsm_node-3] [INFO] [1789028316.671136746] [fsm_node]: [32m -- [Fsm-Test] Begin.[0m
[fsm_node-3] [38;2;000;128;000m -- [Fsm]: [MainFsmCallback] change state from [INIT] to [WAIT_GOAL].
[fsm_node-3] [0m -- [Fsm] MAP_NOT_READY reason=scan_span accepted=6 committed=6 version=6 lag=0 span=0.845s cloud_age=0.065s committed_cloud_age=0.065s commit_age=0.029s in_progress=false
[fsm_node-3] [32m -- [Fsm 1.000] Current state: WAIT_GOAL[0m
[fsm_node-3]  -- [Fsm] MAP_READY accepted=7 committed=7 version=7 lag=0 span=1.648s cloud_age=0.032s committed_cloud_age=0.032s commit_age=0.007s in_progress=false
[fsm_node-3] [32m -- [Fsm] Get goal at [0m24.525 20.025  1.525
[fsm_node-3] [32m -- [Fsm] Receive click goal at: [24.525 20.025  1.525]; goal yaw: 0.000 deg[0m
[fsm_node-3] [INFO] [1789028318.445620860] [fsm_node]:  -- [OPTIMIZER_PHASE_MEMORY] optimizer=exp event=begin call=1 rss_mib=3102.859 swap_mib=0.000 variables=17 pieces=5
[fsm_node-3] [INFO] [1789028318.453452361] [fsm_node]:  -- [OPTIMIZER_PHASE_MEMORY] optimizer=exp event=end call=1 duration_ms=7.879 iterations=414 ret=1 rss_mib=3102.883 swap_mib=0.000 rss_delta_mib=0.023
[fsm_node-3] [INFO] [1789028318.453515279] [fsm_node]:  -- [SUPER] in [PlanFromRest] GenerateExpTrajectory SUCCESS.
[fsm_node-3] [INFO] [1789028318.473032148] [fsm_node]:  -- [OPTIMIZER_PHASE_MEMORY] optimizer=backup event=begin call=1 rss_mib=3102.961 swap_mib=0.000 variables=58 pieces=2
[fsm_node-3] [INFO] [1789028318.476815202] [fsm_node]:  -- [OPTIMIZER_PHASE_MEMORY] optimizer=backup event=end call=1 duration_ms=3.807 iterations=169 ret=1 rss_mib=3103.016 swap_mib=0.000 rss_delta_mib=0.055
[fsm_node-3] [INFO] [1789028318.477011069] [fsm_node]:  -- [OPTIMIZER_PHASE_MEMORY] optimizer=backup event=begin call=2 rss_mib=3103.027 swap_mib=0.000 variables=58 pieces=2
[fsm_node-3] [INFO] [1789028318.481731405] [fsm_node]:  -- [OPTIMIZER_PHASE_MEMORY] optimizer=backup event=end call=2 duration_ms=4.709 iterations=210 ret=1 rss_mib=3103.199 swap_mib=0.000 rss_delta_mib=0.172
[fsm_node-3] [INFO] [1789028318.481978127] [fsm_node]:  -- [TRAJ_GUARD_COMMIT] phase=PlanFromRest/with_backup gen=1 map=7 samples=159 range=[0.121,0.903] escape=false footprint_egress=false escape_done_tt=-1.000
[fsm_node-3] [38;2;000;128;000m -- [Fsm]: [MainFsmCallback] change state from [WAIT_GOAL] to [GENERATE_TRAJ].
[fsm_node-3] [0m -- [TRAJ_GUARD_CERT] trigger=poly_publish status=SAFE gen=1 map=7 map_age=0.138s map_age_limit=0.550s motion_speed=0.518mps samples=158 range=[0.121,0.903] collision_tt=-1.000 ttc=-1.000 p=[0.000,0.000,0.000]
[fsm_node-3] [38;2;000;128;000m -- [Fsm]: [MainFsmCallback] change state from [GENERATE_TRAJ] to [FOLLOW_TRAJ].
[fsm_node-3] [0m -- [TRAJ_GUARD_CERT] trigger=replan_post status=SAFE gen=1 map=8 map_age=0.007s map_age_limit=0.550s motion_speed=0.881mps samples=150 range=[0.158,0.903] collision_tt=-1.000 ttc=-1.000 p=[0.000,0.000,0.000]
[fsm_node-3] [32m -- [Fsm] Get goal at [0m24.525000000000002 20.025000000000002  1.525000000000000
[fsm_node-3] [32m -- [Fsm] Receive click goal at: [24.525000000000002 20.025000000000002  1.525000000000000]; goal yaw: 0.000000000000000 deg[0m
[fsm_node-3] [INFO] [1789028318.606692782] [fsm_node]:  -- [OPTIMIZER_PHASE_MEMORY] optimizer=exp event=begin call=2 rss_mib=3103.215 swap_mib=0.000 variables=13 pieces=4
[fsm_node-3] [INFO] [1789028318.609211670] [fsm_node]:  -- [OPTIMIZER_PHASE_MEMORY] optimizer=exp event=end call=2 duration_ms=2.590 iterations=238 ret=1 rss_mib=3103.215 swap_mib=0.000 rss_delta_mib=0.000
[fsm_node-3] [INFO] [1789028318.623205682] [fsm_node]:  -- [OPTIMIZER_PHASE_MEMORY] optimizer=backup event=begin call=3 rss_mib=3103.215 swap_mib=0.000 variables=54 pieces=2
[fsm_node-3] [INFO] [1789028318.630357156] [fsm_node]:  -- [OPTIMIZER_PHASE_MEMORY] optimizer=backup event=end call=3 duration_ms=7.165 iterations=470 ret=1 rss_mib=3103.215 swap_mib=0.000 rss_delta_mib=0.000
[fsm_node-3] [INFO] [1789028318.630534904] [fsm_node]:  -- [OPTIMIZER_PHASE_MEMORY] optimizer=backup event=begin call=4 rss_mib=3103.215 swap_mib=0.000 variables=54 pieces=2
[fsm_node-3] [INFO] [1789028318.632466503] [fsm_node]:  -- [OPTIMIZER_PHASE_MEMORY] optimizer=backup event=end call=4 duration_ms=1.932 iterations=134 ret=1 rss_mib=3103.215 swap_mib=0.000 rss_delta_mib=0.000
[fsm_node-3] [INFO] [1789028318.632669692] [fsm_node]:  -- [TRAJ_GUARD_COMMIT] phase=ReplanOnce/with_backup gen=2 map=8 samples=126 range=[0.047,0.665] escape=false footprint_egress=false escape_done_tt=-1.000
[fsm_node-3] [32m -- [Fsm] ReplanOnce succeed.[0m
[perfect_drone_frontend_node-2] [INFO] [1789028318.642263377] [native_sector_cpp]: frames=35 published=18 kept 16.1% (3419/21246 pts/input-frame)
[fsm_node-3] [INFO] [1789028318.664157803] [fsm_node]:  -- [OPTIMIZER_PHASE_MEMORY] optimizer=exp event=begin call=3 rss_mib=3103.348 swap_mib=0.000 variables=13 pieces=4
[fsm_node-3] [INFO] [1789028318.668875300] [fsm_node]:  -- [OPTIMIZER_PHASE_MEMORY] optimizer=exp event=end call=3 duration_ms=4.754 iterations=370 ret=1 rss_mib=3103.379 swap_mib=0.000 rss_delta_mib=0.031
[fsm_node-3] [INFO] [1789028318.687586797] [fsm_node]:  -- [OPTIMIZER_PHASE_MEMORY] optimizer=backup event=begin call=5 rss_mib=3103.449 swap_mib=0.000 variables=60 pieces=2
[fsm_node-3]  -- [TRAJ_GUARD_CERT] trigger=poly_publish status=SAFE gen=2 map=8 map_age=0.120s map_age_limit=0.522s motion_speed=3.056mps samples=125 range=[0.048,0.665] collision_tt=-1.000 ttc=-1.000 p=[0.000,0.000,0.000]
[fsm_node-3] [32m -- [Fsm 2.010] Current state: FOLLOW_TRAJ[0m
[fsm_node-3] [INFO] [1789028318.697534067] [fsm_node]:  -- [OPTIMIZER_PHASE_MEMORY] optimizer=backup event=end call=5 duration_ms=9.954 iterations=327 ret=1 rss_mib=3103.504 swap_mib=0.000 rss_delta_mib=0.055
[fsm_node-3] [INFO] [1789028318.697881428] [fsm_node]:  -- [OPTIMIZER_PHASE_MEMORY] optimizer=backup event=begin call=6 rss_mib=3103.516 swap_mib=0.000 variables=60 pieces=2
[fsm_node-3] [INFO] [1789028318.707542929] [fsm_node]:  -- [OPTIMIZER_PHASE_MEMORY] optimizer=backup event=end call=6 duration_ms=9.617 iterations=355 ret=1 rss_mib=3103.652 swap_mib=0.000 rss_delta_mib=0.137
[fsm_node-3] [INFO] [1789028318.707872124] [fsm_node]:  -- [TRAJ_GUARD_COMMIT] phase=ReplanOnce/with_backup gen=3 map=8 samples=125 range=[0.056,0.668] escape=false footprint_egress=false escape_done_tt=-1.000
[fsm_node-3] [32m -- [Fsm] ReplanOnce succeed.[0m
[fsm_node-3] [INFO] [1789028318.732419886] [fsm_node]:  -- [OPTIMIZER_PHASE_MEMORY] optimizer=exp event=begin call=4 rss_mib=3103.852 swap_mib=0.000 variables=17 pieces=5
[fsm_node-3] [INFO] [1789028318.738178793] [fsm_node]:  -- [OPTIMIZER_PHASE_MEMORY] optimizer=exp event=end call=4 duration_ms=5.816 iterations=404 ret=1 rss_mib=3103.852 swap_mib=0.000 rss_delta_mib=0.000
[fsm_node-3] [INFO] [1789028318.753699468] [fsm_node]:  -- [OPTIMIZER_PHASE_MEMORY] optimizer=backup event=begin call=7 rss_mib=3103.852 swap_mib=0.000 variables=62 pieces=2
[fsm_node-3] [INFO] [1789028318.760711348] [fsm_node]:  -- [OPTIMIZER_PHASE_MEMORY] optimizer=backup event=end call=7 duration_ms=7.026 iterations=215 ret=1 rss_mib=3103.852 swap_mib=0.000 rss_delta_mib=0.000
[fsm_node-3] [INFO] [1789028318.761047354] [fsm_node]:  -- [OPTIMIZER_PHASE_MEMORY] optimizer=backup event=begin call=8 rss_mib=3103.852 swap_mib=0.000 variables=62 pieces=2
[fsm_node-3] [INFO] [1789028318.770462394] [fsm_node]:  -- [OPTIMIZER_PHASE_MEMORY] optimizer=backup event=end call=8 duration_ms=9.396 iterations=297 ret=1 rss_mib=3103.852 swap_mib=0.000 rss_delta_mib=0.000
[fsm_node-3] [INFO] [1789028318.770667600] [fsm_node]:  -- [TRAJ_GUARD_COMMIT] phase=ReplanOnce/with_backup gen=4 map=9 samples=118 range=[0.053,0.629] escape=false footprint_egress=false escape_done_tt=-1.000
[fsm_node-3]  -- [TRAJ_GUARD_CERT] trigger=poly_publish status=SAFE gen=3 map=8 map_age=0.196s map_age_limit=0.500s motion_speed=4.365mps samples=124 range=[0.057,0.668] collision_tt=-1.000 ttc=-1.000 p=[0.000,0.000,0.000]
[fsm_node-3]  -- [TRAJ_GUARD_CERT] trigger=main_pre status=SAFE gen=3 map=9 map_age=0.005s map_age_limit=0.500s motion_speed=4.532mps samples=121 range=[0.070,0.668] collision_tt=-1.000 ttc=-1.000 p=[0.000,0.000,0.000]
[fsm_node-3] [32m -- [Fsm] ReplanOnce succeed.[0m
[fsm_node-3] [INFO] [1789028318.800529937] [fsm_node]:  -- [OPTIMIZER_PHASE_MEMORY] optimizer=exp event=begin call=5 rss_mib=3103.988 swap_mib=0.000 variables=17 pieces=5
[fsm_node-3] [INFO] [1789028318.811455017] [fsm_node]:  -- [OPTIMIZER_PHASE_MEMORY] optimizer=exp event=end call=5 duration_ms=10.930 iterations=641 ret=1 rss_mib=3104.039 swap_mib=0.000 rss_delta_mib=0.051
[fsm_node-3] [INFO] [1789028318.824377465] [fsm_node]:  -- [OPTIMIZER_PHASE_MEMORY] optimizer=backup event=begin call=9 rss_mib=3104.141 swap_mib=0.000 variables=72 pieces=2
[fsm_node-3] [INFO] [1789028318.851035886] [fsm_node]:  -- [OPTIMIZER_PHASE_MEMORY] optimizer=backup event=end call=9 duration_ms=26.650 iterations=845 ret=1 rss_mib=3104.391 swap_mib=0.000 rss_delta_mib=0.250
[fsm_node-3] [INFO] [1789028318.851362116] [fsm_node]:  -- [OPTIMIZER_PHASE_MEMORY] optimizer=backup event=begin call=10 rss_mib=3104.402 swap_mib=0.000 variables=72 pieces=2
[fsm_node-3] [INFO] [1789028318.855360004] [fsm_node]:  -- [OPTIMIZER_PHASE_MEMORY] optimizer=backup event=end call=10 duration_ms=3.999 iterations=163 ret=1 rss_mib=3104.402 swap_mib=0.000 rss_delta_mib=0.000
[fsm_node-3] [INFO] [1789028318.855558417] [fsm_node]:  -- [TRAJ_GUARD_COMMIT] phase=ReplanOnce/with_backup gen=5 map=9 samples=101 range=[0.072,0.565] escape=false footprint_egress=false escape_done_tt=-1.000
[fsm_node-3]  -- [TRAJ_GUARD_CERT] trigger=poly_publish status=SAFE gen=4 map=9 map_age=0.054s map_age_limit=0.500s motion_speed=5.268mps samples=117 range=[0.054,0.629] collision_tt=-1.000 ttc=-1.000 p=[0.000,0.000,0.000]
[fsm_node-3] [32m -- [Fsm] ReplanOnce succeed.[0m
[fsm_node-3] [INFO] [1789028318.872925495] [fsm_node]:  -- [OPTIMIZER_PHASE_MEMORY] optimizer=exp event=begin call=6 rss_mib=3104.402 swap_mib=0.000 variables=13 pieces=4
[fsm_node-3] [INFO] [1789028318.875238151] [fsm_node]:  -- [OPTIMIZER_PHASE_MEMORY] optimizer=exp event=end call=6 duration_ms=2.367 iterations=210 ret=1 rss_mib=3104.402 swap_mib=0.000 rss_delta_mib=0.000
[fsm_node-3] [INFO] [1789028318.886968133] [fsm_node]:  -- [OPTIMIZER_PHASE_MEMORY] optimizer=backup event=begin call=11 rss_mib=3104.402 swap_mib=0.000 variables=62 pieces=2
[fsm_node-3] [INFO] [1789028318.904569380] [fsm_node]:  -- [OPTIMIZER_PHASE_MEMORY] optimizer=backup event=end call=11 duration_ms=17.584 iterations=1106 ret=1 rss_mib=3104.574 swap_mib=0.000 rss_delta_mib=0.172
[fsm_node-3] [INFO] [1789028318.904833336] [fsm_node]:  -- [OPTIMIZER_PHASE_MEMORY] optimizer=backup event=begin call=12 rss_mib=3104.574 swap_mib=0.000 variables=62 pieces=2
[fsm_node-3] [INFO] [1789028318.912128915] [fsm_node]:  -- [OPTIMIZER_PHASE_MEMORY] optimizer=backup event=end call=12 duration_ms=7.269 iterations=523 ret=1 rss_mib=3105.133 swap_mib=0.000 rss_delta_mib=0.559
[fsm_node-3] [INFO] [1789028318.912418208] [fsm_node]:  -- [TRAJ_GUARD_COMMIT] phase=ReplanOnce/with_backup gen=6 map=9 samples=135 range=[0.056,0.720] escape=false footprint_egress=false escape_done_tt=-1.000
[fsm_node-3]  -- [TRAJ_GUARD_CERT] trigger=poly_publish status=SAFE gen=5 map=9 map_age=0.139s map_age_limit=0.500s motion_speed=6.138mps samples=100 range=[0.072,0.565] collision_tt=-1.000 ttc=-1.000 p=[0.000,0.000,0.000]
[fsm_node-3] [32m -- [Fsm] ReplanOnce succeed.[0m
[fsm_node-3] [INFO] [1789028318.936579737] [fsm_node]:  -- [OPTIMIZER_PHASE_MEMORY] optimizer=exp event=begin call=7 rss_mib=3105.156 swap_mib=0.000 variables=13 pieces=4
[fsm_node-3] [INFO] [1789028318.938498061] [fsm_node]:  -- [OPTIMIZER_PHASE_MEMORY] optimizer=exp event=end call=7 duration_ms=1.974 iterations=225 ret=1 rss_mib=3105.156 swap_mib=0.000 rss_delta_mib=0.000
[fsm_node-3] [INFO] [1789028318.960081838] [fsm_node]:  -- [OPTIMIZER_PHASE_MEMORY] optimizer=backup event=begin call=13 rss_mib=3105.156 swap_mib=0.000 variables=52 pieces=2
[fsm_node-3] [INFO] [1789028318.961461020] [fsm_node]:  -- [OPTIMIZER_PHASE_MEMORY] optimizer=backup event=end call=13 duration_ms=1.425 iterations=99 ret=1 rss_mib=3105.156 swap_mib=0.000 rss_delta_mib=0.000
[fsm_node-3] [INFO] [1789028318.961602461] [fsm_node]:  -- [OPTIMIZER_PHASE_MEMORY] optimizer=backup event=begin call=14 rss_mib=3105.156 swap_mib=0.000 variables=52 pieces=2
[fsm_node-3] [INFO] [1789028318.965465704] [fsm_node]:  -- [OPTIMIZER_PHASE_MEMORY] optimizer=backup event=end call=14 duration_ms=3.854 iterations=291 ret=1 rss_mib=3105.156 swap_mib=0.000 rss_delta_mib=0.000
[fsm_node-3] [INFO] [1789028318.965696588] [fsm_node]:  -- [TRAJ_GUARD_COMMIT] phase=ReplanOnce/with_backup gen=7 map=10 samples=167 range=[0.050,0.872] escape=false footprint_egress=false escape_done_tt=-1.000
[fsm_node-3]  -- [TRAJ_GUARD_CERT] trigger=poly_publish status=SAFE gen=6 map=9 map_age=0.196s map_age_limit=0.500s motion_speed=6.346mps samples=134 range=[0.057,0.720] collision_tt=-1.000 ttc=-1.000 p=[0.000,0.000,0.000]
[fsm_node-3]  -- [TRAJ_GUARD_CERT] trigger=main_pre status=SAFE gen=6 map=10 map_age=0.002s map_age_limit=0.500s motion_speed=6.346mps samples=132 range=[0.065,0.720] collision_tt=-1.000 ttc=-1.000 p=[0.000,0.000,0.000]
[fsm_node-3] [32m -- [Fsm] ReplanOnce succeed.[0m
[fsm_node-3] [INFO] [1789028319.000441734] [fsm_node]:  -- [OPTIMIZER_PHASE_MEMORY] optimizer=exp event=begin call=8 rss_mib=3105.156 swap_mib=0.000 variables=13 pieces=4
[fsm_node-3] [INFO] [1789028319.002942631] [fsm_node]:  -- [OPTIMIZER_PHASE_MEMORY] optimizer=exp event=end call=8 duration_ms=2.562 iterations=303 ret=1 rss_mib=3105.164 swap_mib=0.000 rss_delta_mib=0.008
[perfect_drone_frontend_node-2] [INFO] [1789028319.009056379] [perfect_tracking]: [SENSOR_CADENCE_SUMMARY] frames=50 span_s=4.898854 hz=10.002339 raw_published=0 direct_handoffs=39 payload_bytes=28464832 side_entry_v1_enabled=0 side_entry_v1_spawned=0 side_entry_v1_injected_frames=0
[perfect_drone_frontend_node-2] [INFO] [1789028319.009120290] [perfect_tracking]: [SENSOR_BURST_DROPOUT_SUMMARY] enabled=1 warmup_s=1.000000 period_s=2.000000 duration_s=0.500000 phase_s=0.600000 phase_env_override=1 rendered=50 delivered=39 dropped=11 bursts=2 max_consecutive_dropped=6 max_delivered_gap_s=0.699564 dropped_payload_bytes=7296512
[fsm_node-3] [INFO] [1789028319.119462898] [fsm_node]:  -- [OPTIMIZER_PHASE_MEMORY] optimizer=backup event=begin call=15 rss_mib=3105.598 swap_mib=0.000 variables=34 pieces=2
[fsm_node-3] [INFO] [1789028319.121692875] [fsm_node]:  -- [OPTIMIZER_PHASE_MEMORY] optimizer=backup event=end call=15 duration_ms=2.254 iterations=356 ret=1 rss_mib=3106.922 swap_mib=0.000 rss_delta_mib=1.324
[fsm_node-3] [INFO] [1789028319.121819514] [fsm_node]:  -- [OPTIMIZER_PHASE_MEMORY] optimizer=backup event=begin call=16 rss_mib=3106.934 swap_mib=0.000 variables=34 pieces=2
[fsm_node-3] [INFO] [1789028319.122617627] [fsm_node]:  -- [OPTIMIZER_PHASE_MEMORY] optimizer=backup event=end call=16 duration_ms=0.802 iterations=161 ret=1 rss_mib=3106.988 swap_mib=0.000 rss_delta_mib=0.055
[fsm_node-3] [WARN] [1789028319.122644384] [fsm_node]:  -- [SUPER] in [ReplanOnce]: Replan overtime, check parameters, replan dt = 0.141220943.
[fsm_node-3] [INFO] [1789028319.146836192] [fsm_node]:  -- [OPTIMIZER_PHASE_MEMORY] optimizer=exp event=begin call=9 rss_mib=3106.988 swap_mib=0.000 variables=13 pieces=4
[fsm_node-3] [INFO] [1789028319.150292409] [fsm_node]:  -- [OPTIMIZER_PHASE_MEMORY] optimizer=exp event=end call=9 duration_ms=3.508 iterations=379 ret=1 rss_mib=3106.988 swap_mib=0.000 rss_delta_mib=0.000
[fsm_node-3] [INFO] [1789028319.254840547] [fsm_node]:  -- [OPTIMIZER_PHASE_MEMORY] optimizer=backup event=begin call=17 rss_mib=3106.988 swap_mib=0.000 variables=18 pieces=2
[fsm_node-3] [INFO] [1789028319.255817022] [fsm_node]:  -- [OPTIMIZER_PHASE_MEMORY] optimizer=backup event=end call=17 duration_ms=1.030 iterations=235 ret=1 rss_mib=3106.988 swap_mib=0.000 rss_delta_mib=0.000
[fsm_node-3] [INFO] [1789028319.255893003] [fsm_node]:  -- [OPTIMIZER_PHASE_MEMORY] optimizer=backup event=begin call=18 rss_mib=3106.988 swap_mib=0.000 variables=18 pieces=2
[fsm_node-3] [INFO] [1789028319.257020789] [fsm_node]:  -- [OPTIMIZER_PHASE_MEMORY] optimizer=backup event=end call=18 duration_ms=1.128 iterations=247 ret=1 rss_mib=3106.988 swap_mib=0.000 rss_delta_mib=0.000
[fsm_node-3] [WARN] [1789028319.257052789] [fsm_node]:  -- [SUPER] in [ReplanOnce]: Replan overtime, check parameters, replan dt = 0.134262952.
[fsm_node-3] [INFO] [1789028319.276658794] [fsm_node]:  -- [OPTIMIZER_PHASE_MEMORY] optimizer=exp event=begin call=10 rss_mib=3106.988 swap_mib=0.000 variables=13 pieces=4
[fsm_node-3] [INFO] [1789028319.280787093] [fsm_node]:  -- [OPTIMIZER_PHASE_MEMORY] optimizer=exp event=end call=10 duration_ms=4.182 iterations=472 ret=1 rss_mib=3106.996 swap_mib=0.000 rss_delta_mib=0.008
[fsm_node-3] [INFO] [1789028319.373981808] [fsm_node]:  -- [OPTIMIZER_PHASE_MEMORY] optimizer=backup event=begin call=19 rss_mib=3107.594 swap_mib=0.000 variables=18 pieces=2
[fsm_node-3] [INFO] [1789028319.376051488] [fsm_node]:  -- [OPTIMIZER_PHASE_MEMORY] optimizer=backup event=end call=19 duration_ms=2.121 iterations=463 ret=1 rss_mib=3107.594 swap_mib=0.000 rss_delta_mib=0.000
[fsm_node-3] [INFO] [1789028319.376137390] [fsm_node]:  -- [OPTIMIZER_PHASE_MEMORY] optimizer=backup event=begin call=20 rss_mib=3107.605 swap_mib=0.000 variables=18 pieces=2
[fsm_node-3] [INFO] [1789028319.377009127] [fsm_node]:  -- [OPTIMIZER_PHASE_MEMORY] optimizer=backup event=end call=20 duration_ms=0.873 iterations=243 ret=1 rss_mib=3107.605 swap_mib=0.000 rss_delta_mib=0.000
[fsm_node-3] [WARN] [1789028319.377034909] [fsm_node]:  -- [SUPER] in [ReplanOnce]: Replan overtime, check parameters, replan dt = 0.119813952.
[fsm_node-3] [INFO] [1789028319.397569428] [fsm_node]:  -- [OPTIMIZER_PHASE_MEMORY] optimizer=exp event=begin call=11 rss_mib=3107.605 swap_mib=0.000 variables=13 pieces=4
[fsm_node-3] [INFO] [1789028319.399490228] [fsm_node]:  -- [OPTIMIZER_PHASE_MEMORY] optimizer=exp event=end call=11 duration_ms=1.954 iterations=211 ret=1 rss_mib=3107.629 swap_mib=0.000 rss_delta_mib=0.023
[fsm_node-3] [INFO] [1789028319.477788140] [fsm_node]:  -- [OPTIMIZER_PHASE_MEMORY] optimizer=backup event=begin call=21 rss_mib=3107.629 swap_mib=0.000 variables=18 pieces=2
[fsm_node-3] [INFO] [1789028319.478666971] [fsm_node]:  -- [OPTIMIZER_PHASE_MEMORY] optimizer=backup event=end call=21 duration_ms=0.937 iterations=209 ret=1 rss_mib=3107.637 swap_mib=0.000 rss_delta_mib=0.008
[fsm_node-3] [INFO] [1789028319.478738014] [fsm_node]:  -- [OPTIMIZER_PHASE_MEMORY] optimizer=backup event=begin call=22 rss_mib=3107.648 swap_mib=0.000 variables=18 pieces=2
[fsm_node-3] [INFO] [1789028319.480348793] [fsm_node]:  -- [OPTIMIZER_PHASE_MEMORY] optimizer=backup event=end call=22 duration_ms=1.611 iterations=385 ret=1 rss_mib=3107.676 swap_mib=0.000 rss_delta_mib=0.027
[fsm_node-3] [WARN] [1789028319.480375538] [fsm_node]:  -- [SUPER] in [ReplanOnce]: Replan overtime, check parameters, replan dt = 0.103056272.
[fsm_node-3] [INFO] [1789028319.504838252] [fsm_node]:  -- [OPTIMIZER_PHASE_MEMORY] optimizer=exp event=begin call=12 rss_mib=3107.676 swap_mib=0.000 variables=13 pieces=4
[fsm_node-3] [INFO] [1789028319.506255330] [fsm_node]:  -- [OPTIMIZER_PHASE_MEMORY] optimizer=exp event=end call=12 duration_ms=1.475 iterations=172 ret=1 rss_mib=3107.684 swap_mib=0.000 rss_delta_mib=0.008
[fsm_node-3]  -- [TRAJ_GUARD_CERT] trigger=poly_publish status=SAFE gen=7 map=10 map_age=0.046s map_age_limit=0.500s motion_speed=5.926mps samples=166 range=[0.051,0.872] collision_tt=-1.000 ttc=-1.000 p=[0.000,0.000,0.000]
[fsm_node-3]  -- [TRAJ_GUARD_CERT] trigger=main_pre status=SAFE gen=7 map=11 map_age=0.010s map_age_limit=0.500s motion_speed=3.725mps samples=131 range=[0.226,0.872] collision_tt=-1.000 ttc=-1.000 p=[0.000,0.000,0.000]
[fsm_node-3]  -- [TRAJ_GUARD_CERT] trigger=main_pre status=SAFE gen=7 map=12 map_age=0.003s map_age_limit=0.500s motion_speed=5.577mps samples=91 range=[0.426,0.872] collision_tt=-1.000 ttc=-1.000 p=[0.000,0.000,0.000]
[fsm_node-3]  -- [TRAJ_GUARD_CERT] trigger=main_pre status=SAFE gen=7 map=13 map_age=0.010s map_age_limit=0.500s motion_speed=3.568mps samples=49 range=[0.636,0.872] collision_tt=-1.000 ttc=-1.000 p=[0.000,0.000,0.000]
[fsm_node-3] [32m -- [Fsm] Get goal at [0m24.525000000000002 20.025000000000002  1.525000000000000
[fsm_node-3] [32m -- [Fsm] Receive click goal at: [24.525000000000002 20.025000000000002  1.525000000000000]; goal yaw: 0.000000000000000 deg[0m
[fsm_node-3] [INFO] [1789028319.588255526] [fsm_node]:  -- [OPTIMIZER_PHASE_MEMORY] optimizer=backup event=begin call=23 rss_mib=3109.555 swap_mib=0.000 variables=18 pieces=2
[fsm_node-3] [INFO] [1789028319.591953514] [fsm_node]:  -- [OPTIMIZER_PHASE_MEMORY] optimizer=backup event=end call=23 duration_ms=3.758 iterations=679 ret=1 rss_mib=3109.555 swap_mib=0.000 rss_delta_mib=0.000
[fsm_node-3] [INFO] [1789028319.592029953] [fsm_node]:  -- [OPTIMIZER_PHASE_MEMORY] optimizer=backup event=begin call=24 rss_mib=3109.566 swap_mib=0.000 variables=18 pieces=2
[fsm_node-3] [INFO] [1789028319.596135835] [fsm_node]:  -- [OPTIMIZER_PHASE_MEMORY] optimizer=backup event=end call=24 duration_ms=4.103 iterations=739 ret=1 rss_mib=3109.566 swap_mib=0.000 rss_delta_mib=0.000
[fsm_node-3] [WARN] [1789028319.596166661] [fsm_node]:  -- [SUPER] in [ReplanOnce]: Replan overtime, check parameters, replan dt = 0.115509542.
[fsm_node-3] [INFO] [1789028319.619650365] [fsm_node]:  -- [OPTIMIZER_PHASE_MEMORY] optimizer=exp event=begin call=13 rss_mib=3109.566 swap_mib=0.000 variables=13 pieces=4
[fsm_node-3] [INFO] [1789028319.621669640] [fsm_node]:  -- [OPTIMIZER_PHASE_MEMORY] optimizer=exp event=end call=13 duration_ms=2.076 iterations=243 ret=1 rss_mib=3109.566 swap_mib=0.000 rss_delta_mib=0.000
[fsm_node-3] [32m -- [Fsm 3.010] Current state: FOLLOW_TRAJ[0m
[fsm_node-3] [INFO] [1789028319.700061612] [fsm_node]:  -- [OPTIMIZER_PHASE_MEMORY] optimizer=backup event=begin call=25 rss_mib=3109.566 swap_mib=0.000 variables=18 pieces=2
[fsm_node-3] [INFO] [1789028319.702991476] [fsm_node]:  -- [OPTIMIZER_PHASE_MEMORY] optimizer=backup event=end call=25 duration_ms=2.965 iterations=571 ret=1 rss_mib=3109.566 swap_mib=0.000 rss_delta_mib=0.000
[fsm_node-3] [INFO] [1789028319.703057444] [fsm_node]:  -- [OPTIMIZER_PHASE_MEMORY] optimizer=backup event=begin call=26 rss_mib=3109.566 swap_mib=0.000 variables=18 pieces=2
[fsm_node-3] [INFO] [1789028319.704428467] [fsm_node]:  -- [OPTIMIZER_PHASE_MEMORY] optimizer=backup event=end call=26 duration_ms=1.369 iterations=317 ret=1 rss_mib=3109.566 swap_mib=0.000 rss_delta_mib=0.000
[fsm_node-3] [WARN] [1789028319.704460812] [fsm_node]:  -- [SUPER] in [ReplanOnce]: Replan overtime, check parameters, replan dt = 0.108037316.
[fsm_node-3] [INFO] [1789028319.745456884] [fsm_node]:  -- [TRAJ_GUARD_COMMIT] phase=ReplanOnce/no_backup gen=8 map=14 samples=156 range=[0.830,1.596] escape=false footprint_egress=false escape_done_tt=-1.000
[fsm_node-3]  -- [TRAJ_GUARD_CERT] trigger=main_pre status=SAFE gen=7 map=14 map_age=0.007s map_age_limit=0.550s motion_speed=0.368mps samples=13 range=[0.816,0.872] collision_tt=-1.000 ttc=-1.000 p=[0.000,0.000,0.000]
[fsm_node-3] [32m -- [Fsm] ReplanOnce succeed.[0m
[fsm_node-3] [INFO] [1789028319.765441404] [fsm_node]:  -- [OPTIMIZER_PHASE_MEMORY] optimizer=exp event=begin call=14 rss_mib=3109.590 swap_mib=0.000 variables=13 pieces=4
[fsm_node-3] [INFO] [1789028319.767981229] [fsm_node]:  -- [OPTIMIZER_PHASE_MEMORY] optimizer=exp event=end call=14 duration_ms=2.583 iterations=281 ret=1 rss_mib=3109.590 swap_mib=0.000 rss_delta_mib=0.000
[fsm_node-3] [INFO] [1789028319.842366939] [fsm_node]:  -- [OPTIMIZER_PHASE_MEMORY] optimizer=backup event=begin call=27 rss_mib=3109.590 swap_mib=0.000 variables=22 pieces=2
[fsm_node-3] [INFO] [1789028319.843012936] [fsm_node]:  -- [OPTIMIZER_PHASE_MEMORY] optimizer=backup event=end call=27 duration_ms=0.686 iterations=162 ret=1 rss_mib=3109.590 swap_mib=0.000 rss_delta_mib=0.000
[fsm_node-3] [INFO] [1789028319.843075405] [fsm_node]:  -- [OPTIMIZER_PHASE_MEMORY] optimizer=backup event=begin call=28 rss_mib=3109.590 swap_mib=0.000 variables=22 pieces=2
[fsm_node-3] [INFO] [1789028319.846980160] [fsm_node]:  -- [OPTIMIZER_PHASE_MEMORY] optimizer=backup event=end call=28 duration_ms=3.901 iterations=703 ret=1 rss_mib=3109.590 swap_mib=0.000 rss_delta_mib=0.000
[fsm_node-3] [WARN] [1789028319.847011727] [fsm_node]:  -- [SUPER] in [ReplanOnce]: Replan overtime, check parameters, replan dt = 0.101210714.
[fsm_node-3] [INFO] [1789028319.869713390] [fsm_node]:  -- [OPTIMIZER_PHASE_MEMORY] optimizer=exp event=begin call=15 rss_mib=3109.590 swap_mib=0.000 variables=17 pieces=5
[fsm_node-3] [INFO] [1789028319.873877808] [fsm_node]:  -- [OPTIMIZER_PHASE_MEMORY] optimizer=exp event=end call=15 duration_ms=4.209 iterations=376 ret=1 rss_mib=3109.590 swap_mib=0.000 rss_delta_mib=0.000
[fsm_node-3] [INFO] [1789028319.950756252] [fsm_node]:  -- [OPTIMIZER_PHASE_MEMORY] optimizer=backup event=begin call=29 rss_mib=3109.590 swap_mib=0.000 variables=26 pieces=2
[fsm_node-3] [INFO] [1789028319.951588823] [fsm_node]:  -- [OPTIMIZER_PHASE_MEMORY] optimizer=backup event=end call=29 duration_ms=0.872 iterations=199 ret=1 rss_mib=3109.590 swap_mib=0.000 rss_delta_mib=0.000
[fsm_node-3] [INFO] [1789028319.951667192] [fsm_node]:  -- [OPTIMIZER_PHASE_MEMORY] optimizer=backup event=begin call=30 rss_mib=3109.590 swap_mib=0.000 variables=26 pieces=2
[fsm_node-3] [INFO] [1789028319.952516540] [fsm_node]:  -- [OPTIMIZER_PHASE_MEMORY] optimizer=backup event=end call=30 duration_ms=0.849 iterations=194 ret=1 rss_mib=3109.590 swap_mib=0.000 rss_delta_mib=0.000
[fsm_node-3] [WARN] [1789028319.952544757] [fsm_node]:  -- [SUPER] in [ReplanOnce]: Replan overtime, check parameters, replan dt = 0.105318614.
[fsm_node-3] [INFO] [1789028319.985732008] [fsm_node]:  -- [OPTIMIZER_PHASE_MEMORY] optimizer=exp event=begin call=16 rss_mib=3109.590 swap_mib=0.000 variables=13 pieces=4
[fsm_node-3] [INFO] [1789028319.991727220] [fsm_node]:  -- [OPTIMIZER_PHASE_MEMORY] optimizer=exp event=end call=16 duration_ms=6.005 iterations=437 ret=1 rss_mib=3109.590 swap_mib=0.000 rss_delta_mib=0.000
[fsm_node-3] [INFO] [1789028320.089472773] [fsm_node]:  -- [OPTIMIZER_PHASE_MEMORY] optimizer=backup event=begin call=31 rss_mib=3109.590 swap_mib=0.000 variables=22 pieces=2
[fsm_node-3] [INFO] [1789028320.091101040] [fsm_node]:  -- [OPTIMIZER_PHASE_MEMORY] optimizer=backup event=end call=31 duration_ms=1.693 iterations=320 ret=1 rss_mib=3109.590 swap_mib=0.000 rss_delta_mib=0.000
[fsm_node-3] [INFO] [1789028320.091208969] [fsm_node]:  -- [OPTIMIZER_PHASE_MEMORY] optimizer=backup event=begin call=32 rss_mib=3109.590 swap_mib=0.000 variables=22 pieces=2
[fsm_node-3] [INFO] [1789028320.095372736] [fsm_node]:  -- [OPTIMIZER_PHASE_MEMORY] optimizer=backup event=end call=32 duration_ms=4.162 iterations=626 ret=1 rss_mib=3109.590 swap_mib=0.000 rss_delta_mib=0.000
[fsm_node-3] [WARN] [1789028320.095401415] [fsm_node]:  -- [SUPER] in [ReplanOnce]: Replan overtime, check parameters, replan dt = 0.142635761.
[fsm_node-3] [INFO] [1789028320.123604507] [fsm_node]:  -- [OPTIMIZER_PHASE_MEMORY] optimizer=exp event=begin call=17 rss_mib=3109.590 swap_mib=0.000 variables=17 pieces=5
[fsm_node-3] [INFO] [1789028320.128290953] [fsm_node]:  -- [OPTIMIZER_PHASE_MEMORY] optimizer=exp event=end call=17 duration_ms=4.743 iterations=418 ret=1 rss_mib=3109.590 swap_mib=0.000 rss_delta_mib=0.000
[fsm_node-3] [INFO] [1789028320.209087699] [fsm_node]:  -- [OPTIMIZER_PHASE_MEMORY] optimizer=backup event=begin call=33 rss_mib=3109.590 swap_mib=0.000 variables=26 pieces=2
[fsm_node-3] [INFO] [1789028320.209823939] [fsm_node]:  -- [OPTIMIZER_PHASE_MEMORY] optimizer=backup event=end call=33 duration_ms=0.778 iterations=165 ret=1 rss_mib=3109.590 swap_mib=0.000 rss_delta_mib=0.000
[fsm_node-3] [INFO] [1789028320.209888078] [fsm_node]:  -- [OPTIMIZER_PHASE_MEMORY] optimizer=backup event=begin call=34 rss_mib=3109.590 swap_mib=0.000 variables=26 pieces=2
[fsm_node-3] [INFO] [1789028320.210960338] [fsm_node]:  -- [OPTIMIZER_PHASE_MEMORY] optimizer=backup event=end call=34 duration_ms=1.071 iterations=261 ret=1 rss_mib=3109.590 swap_mib=0.000 rss_delta_mib=0.000
[fsm_node-3] [WARN] [1789028320.210993068] [fsm_node]:  -- [SUPER] in [ReplanOnce]: Replan overtime, check parameters, replan dt = 0.115376595.
[fsm_node-3] [INFO] [1789028320.281401438] [fsm_node]:  -- [FULL_REFRESH_RECOVERY_GATE_ARM] min_request_seq=2
[fsm_node-3] [INFO] [1789028320.281549460] [fsm_node]:  -- [TRAJ_GUARD_RECOVERY_SIGNAL] active=true
[fsm_node-3] [ERROR] [1789028320.283192718] [fsm_node]:  -- [TRAJ_GUARD_BRAKE_REJECTED] trigger=main_pre_uncertified searched=[0.400,3.000]s speed0=2.304 initial_source=fresh_command cmd_age=0.010s cmd_pos_err=0.000 cmd_vel_err=inf motion_speed=inf motion_dt=infs motion_pose_speed=inf motion_twist_speed=2.304 motion_disagreement=inf motion_source=none motion_gen=8/0 motion_gen_continuous=false last_dynamics_ok=true max_vel=6.937 vel_limit=7.000 max_acc=19.333 max_jerk=24.247 last_path_status=UNOBSERVED last_map=14 map_age=0.559s raw_status=DISABLED raw_cloud=0 raw_age=0.000s ciri_shadow=DISABLED ciri_shadow_result=0 ciri_shadow_queued=0 ciri_shadow_age=infs; no brake command published
[fsm_node-3] [ERROR] [1789028320.291334050] [fsm_node]:  -- [TRAJ_GUARD_BRAKE_REJECTED] trigger=emergency_stop_retry searched=[0.400,3.000]s speed0=0.000 initial_source=position_difference cmd_age=0.020s cmd_pos_err=0.000 cmd_vel_err=2.304 motion_speed=0.000 motion_dt=0.010s motion_pose_speed=0.000 motion_twist_speed=2.304 motion_disagreement=2.304 motion_source=position_difference motion_gen=8/8 motion_gen_continuous=true last_dynamics_ok=true max_vel=0.000 vel_limit=7.000 max_acc=0.000 max_jerk=0.000 last_path_status=UNOBSERVED last_map=14 map_age=0.567s raw_status=DISABLED raw_cloud=0 raw_age=infs ciri_shadow=DISABLED ciri_shadow_result=0 ciri_shadow_queued=0 ciri_shadow_age=infs; no brake command published
[fsm_node-3] [INFO] [1789028320.310716375] [fsm_node]:  -- [FULL_REFRESH_RECOVERY_TARGET] request_seq=2 stamp_ns=1789028320309837167 already_acked=false map=0
[fsm_node-3] [INFO] [1789028320.350720813] [fsm_node]:  -- [FULL_REFRESH_RECOVERY_ACK] request_seq=2 stamp_ns=1789028320309837167 map=15 committed=1
[fsm_node-3] [ERROR] [1789028320.401387835] [fsm_node]:  -- [TRAJ_GUARD_BRAKE_REJECTED] trigger=emergency_stop_retry searched=[0.400,3.000]s speed0=0.000 initial_source=position_difference cmd_age=0.130s cmd_pos_err=0.000 cmd_vel_err=2.304 motion_speed=0.000 motion_dt=0.110s motion_pose_speed=0.000 motion_twist_speed=2.304 motion_disagreement=2.304 motion_source=position_difference motion_gen=8/8 motion_gen_continuous=true last_dynamics_ok=true max_vel=0.000 vel_limit=7.000 max_acc=0.000 max_jerk=0.000 last_path_status=UNOBSERVED last_map=15 map_age=0.053s raw_status=DISABLED raw_cloud=0 raw_age=infs ciri_shadow=DISABLED ciri_shadow_result=0 ciri_shadow_queued=0 ciri_shadow_age=infs; no brake command published
[fsm_node-3] [ERROR] [1789028320.511394489] [fsm_node]:  -- [TRAJ_GUARD_BRAKE_REJECTED] trigger=emergency_stop_retry searched=[0.400,3.000]s speed0=0.000 initial_source=position_difference cmd_age=0.240s cmd_pos_err=0.000 cmd_vel_err=2.304 motion_speed=0.000 motion_dt=0.110s motion_pose_speed=0.000 motion_twist_speed=2.304 motion_disagreement=2.304 motion_source=position_difference motion_gen=8/8 motion_gen_continuous=true last_dynamics_ok=true max_vel=0.000 vel_limit=7.000 max_acc=0.000 max_jerk=0.000 last_path_status=UNOBSERVED last_map=16 map_age=0.077s raw_status=DISABLED raw_cloud=0 raw_age=infs ciri_shadow=DISABLED ciri_shadow_result=0 ciri_shadow_queued=0 ciri_shadow_age=infs; no brake command published
[fsm_node-3] [WARN] [1789028320.621513540] [fsm_node]:  -- [TRAJ_GUARD_STATIONARY_HOLD] trigger=emergency_stop_retry stable_for=0.330s displacement=0.000m action=publish_certified_hold
[fsm_node-3] [ERROR] [1789028320.621635538] [fsm_node]:  -- [TRAJ_GUARD_BRAKE] trigger=emergency_stop_retry duration=0.400s speed0=0.000 initial_source=position_difference cmd_age=0.350s cmd_pos_err=0.000 cmd_vel_err=2.304 motion_speed=0.000 motion_dt=0.110s motion_pose_speed=0.000 motion_twist_speed=2.304 motion_disagreement=2.304 motion_source=position_difference motion_gen=8/8 motion_gen_continuous=true max_vel=0.000 vel_limit=7.000 max_acc=0.000 max_jerk=0.000 dynamics_ok=true path_status=SAFE map=17 map_age=0.089s raw_status=DISABLED raw_cloud=0 raw_age=0.000s ciri_shadow=DISABLED ciri_shadow_result=0 ciri_shadow_queued=0 ciri_shadow_age=infs stop=[27.313,7.798,1.391]
[fsm_node-3]  -- [TRAJ_GUARD_CERT] trigger=poly_publish status=SAFE gen=8 map=14 map_age=0.022s map_age_limit=0.550s motion_speed=0.150mps samples=155 range=[0.830,1.596] collision_tt=-1.000 ttc=-1.000 p=[0.000,0.000,0.000]
[fsm_node-3]  -- [TRAJ_GUARD_CERT] trigger=main_pre status=MAP_STALE gen=8 map=14 map_age=0.558s map_age_limit=0.550s motion_speed=2.304mps samples=0 range=[0.000,0.000] collision_tt=-1.000 ttc=-1.000 p=[0.000,0.000,0.000]
[fsm_node-3] [38;2;000;128;000m -- [Fsm]: [TrajectoryGuardFailClosed] change state from [FOLLOW_TRAJ] to [EMER_STOP].
[fsm_node-3] [0m[38;2;000;128;000m -- [Fsm]: [TrajectoryGuard] change state from [EMER_STOP] to [EMER_STOP].
[fsm_node-3] [0m[38;2;000;128;000m -- [Fsm]: [TrajectoryGuardRecovery] change state from [EMER_STOP] to [GENERATE_TRAJ].
[fsm_node-3] [0m[32m -- [Fsm] Get goal at [0m24.525000000000002 20.025000000000002  1.525000000000000
[fsm_node-3] [32m -- [Fsm] Receive click goal at: [24.525000000000002 20.025000000000002  1.525000000000000]; goal yaw: 0.000000000000000 deg[0m
[fsm_node-3] [WARN] [1789028320.631400873] [fsm_node]:  -- [TRAJ_GUARD_RECOVERY_EPISODE_RESET] reason=horizontal_progress progress=8.290m threshold=2.000m prior_local=0 prior_vertical=0 prior_base=0
[fsm_node-3] [INFO] [1789028320.664944141] [fsm_node]:  -- [OPTIMIZER_PHASE_MEMORY] optimizer=exp event=begin call=18 rss_mib=3112.992 swap_mib=0.000 variables=17 pieces=5
[fsm_node-3] [INFO] [1789028320.671125528] [fsm_node]:  -- [OPTIMIZER_PHASE_MEMORY] optimizer=exp event=end call=18 duration_ms=6.248 iterations=581 ret=1 rss_mib=3112.992 swap_mib=0.000 rss_delta_mib=0.000
[fsm_node-3] [INFO] [1789028320.671172876] [fsm_node]:  -- [SUPER] in [PlanFromRest] GenerateExpTrajectory SUCCESS.
[fsm_node-3] [INFO] [1789028320.753312978] [fsm_node]:  -- [OPTIMIZER_PHASE_MEMORY] optimizer=backup event=begin call=35 rss_mib=3113.020 swap_mib=0.000 variables=18 pieces=2
[fsm_node-3] [INFO] [1789028320.764260228] [fsm_node]:  -- [OPTIMIZER_PHASE_MEMORY] optimizer=backup event=end call=35 duration_ms=10.971 iterations=1646 ret=1 rss_mib=3113.020 swap_mib=0.000 rss_delta_mib=0.000
[fsm_node-3] [INFO] [1789028320.764333476] [fsm_node]:  -- [OPTIMIZER_PHASE_MEMORY] optimizer=backup event=begin call=36 rss_mib=3113.020 swap_mib=0.000 variables=18 pieces=2
[fsm_node-3] [INFO] [1789028320.775230077] [fsm_node]:  -- [OPTIMIZER_PHASE_MEMORY] optimizer=backup event=end call=36 duration_ms=10.889 iterations=1491 ret=1 rss_mib=3113.020 swap_mib=0.000 rss_delta_mib=0.000
[fsm_node-3] [INFO] [1789028320.775533651] [fsm_node]:  -- [TRAJ_GUARD_COMMIT] phase=PlanFromRest/with_backup gen=9 map=18 samples=281 range=[0.144,1.537] escape=false footprint_egress=false escape_done_tt=-1.000
[fsm_node-3] [INFO] [1789028320.775685931] [fsm_node]:  -- [TRAJ_GUARD_RECOVERY_SIGNAL] active=false
[fsm_node-3] [INFO] [1789028320.775691460] [fsm_node]:  -- [TRAJ_GUARD_RECOVERED] trigger=emergency_stop_retry gen=9 map=17
[fsm_node-3]  -- [TRAJ_GUARD_CERT] trigger=poly_publish status=SAFE gen=9 map=18 map_age=0.054s map_age_limit=0.550s motion_speed=0.000mps samples=280 range=[0.144,1.537] collision_tt=-1.000 ttc=-1.000 p=[0.000,0.000,0.000]
[fsm_node-3] [38;2;000;128;000m -- [Fsm]: [MainFsmCallback] change state from [GENERATE_TRAJ] to [FOLLOW_TRAJ].
[fsm_node-3] [0m[32m -- [Fsm 4.095] Current state: FOLLOW_TRAJ[0m
[fsm_node-3] [INFO] [1789028320.922191139] [fsm_node]:  -- [OPTIMIZER_PHASE_MEMORY] optimizer=exp event=begin call=19 rss_mib=3113.207 swap_mib=0.000 variables=17 pieces=5
[fsm_node-3] [INFO] [1789028320.927403415] [fsm_node]:  -- [OPTIMIZER_PHASE_MEMORY] optimizer=exp event=end call=19 duration_ms=5.280 iterations=478 ret=1 rss_mib=3113.207 swap_mib=0.000 rss_delta_mib=0.000
[fsm_node-3] [INFO] [1789028321.016128212] [fsm_node]:  -- [OPTIMIZER_PHASE_MEMORY] optimizer=backup event=begin call=37 rss_mib=3113.207 swap_mib=0.000 variables=18 pieces=2
[fsm_node-3] [INFO] [1789028321.018243407] [fsm_node]:  -- [OPTIMIZER_PHASE_MEMORY] optimizer=backup event=end call=37 duration_ms=2.168 iterations=429 ret=1 rss_mib=3113.207 swap_mib=0.000 rss_delta_mib=0.000
[fsm_node-3] [INFO] [1789028321.018311980] [fsm_node]:  -- [OPTIMIZER_PHASE_MEMORY] optimizer=backup event=begin call=38 rss_mib=3113.207 swap_mib=0.000 variables=18 pieces=2
[fsm_node-3] [INFO] [1789028321.020716884] [fsm_node]:  -- [OPTIMIZER_PHASE_MEMORY] optimizer=backup event=end call=38 duration_ms=2.401 iterations=456 ret=1 rss_mib=3113.207 swap_mib=0.000 rss_delta_mib=0.000
[fsm_node-3] [WARN] [1789028321.020773745] [fsm_node]:  -- [SUPER] in [ReplanOnce]: Replan overtime, check parameters, replan dt = 0.125544781.
[fsm_node-3] [INFO] [1789028321.048485451] [fsm_node]:  -- [OPTIMIZER_PHASE_MEMORY] optimizer=exp event=begin call=20 rss_mib=3113.207 swap_mib=0.000 variables=17 pieces=5
[fsm_node-3] [INFO] [1789028321.055396629] [fsm_node]:  -- [OPTIMIZER_PHASE_MEMORY] optimizer=exp event=end call=20 duration_ms=6.954 iterations=542 ret=1 rss_mib=3113.207 swap_mib=0.000 rss_delta_mib=0.000
[fsm_node-3] [INFO] [1789028321.145200385] [fsm_node]:  -- [OPTIMIZER_PHASE_MEMORY] optimizer=backup event=begin call=39 rss_mib=3114.137 swap_mib=0.000 variables=18 pieces=2
[fsm_node-3] [INFO] [1789028321.149703960] [fsm_node]:  -- [OPTIMIZER_PHASE_MEMORY] optimizer=backup event=end call=39 duration_ms=4.560 iterations=691 ret=1 rss_mib=3114.137 swap_mib=0.000 rss_delta_mib=0.000
[fsm_node-3] [INFO] [1789028321.149795432] [fsm_node]:  -- [OPTIMIZER_PHASE_MEMORY] optimizer=backup event=begin call=40 rss_mib=3114.137 swap_mib=0.000 variables=18 pieces=2
[fsm_node-3] [INFO] [1789028321.150300034] [fsm_node]:  -- [OPTIMIZER_PHASE_MEMORY] optimizer=backup event=end call=40 duration_ms=0.506 iterations=114 ret=1 rss_mib=3114.137 swap_mib=0.000 rss_delta_mib=0.000
[fsm_node-3] [WARN] [1789028321.150330823] [fsm_node]:  -- [SUPER] in [ReplanOnce]: Replan overtime, check parameters, replan dt = 0.129313163.
[fsm_node-3] [INFO] [1789028321.172907681] [fsm_node]:  -- [OPTIMIZER_PHASE_MEMORY] optimizer=exp event=begin call=21 rss_mib=3114.137 swap_mib=0.000 variables=17 pieces=5
[fsm_node-3] [INFO] [1789028321.191281744] [fsm_node]:  -- [OPTIMIZER_PHASE_MEMORY] optimizer=exp event=end call=21 duration_ms=18.365 iterations=1219 ret=1 rss_mib=3114.137 swap_mib=0.000 rss_delta_mib=0.000
[fsm_node-3] [INFO] [1789028321.277678270] [fsm_node]:  -- [OPTIMIZER_PHASE_MEMORY] optimizer=backup event=begin call=41 rss_mib=3114.461 swap_mib=0.000 variables=22 pieces=2
[fsm_node-3] [INFO] [1789028321.278710390] [fsm_node]:  -- [OPTIMIZER_PHASE_MEMORY] optimizer=backup event=end call=41 duration_ms=1.083 iterations=198 ret=1 rss_mib=3114.461 swap_mib=0.000 rss_delta_mib=0.000
[fsm_node-3] [INFO] [1789028321.278797564] [fsm_node]:  -- [OPTIMIZER_PHASE_MEMORY] optimizer=backup event=begin call=42 rss_mib=3114.461 swap_mib=0.000 variables=22 pieces=2
[fsm_node-3] [INFO] [1789028321.278947618] [fsm_node]:  -- [OPTIMIZER_PHASE_MEMORY] optimizer=backup event=end call=42 duration_ms=0.151 iterations=26 ret=1 rss_mib=3114.461 swap_mib=0.000 rss_delta_mib=0.000
[fsm_node-3] [WARN] [1789028321.278979051] [fsm_node]:  -- [SUPER] in [ReplanOnce]: Replan overtime, check parameters, replan dt = 0.128334767.
[fsm_node-3] [INFO] [1789028321.303902867] [fsm_node]:  -- [OPTIMIZER_PHASE_MEMORY] optimizer=exp event=begin call=22 rss_mib=3114.461 swap_mib=0.000 variables=17 pieces=5
[fsm_node-3] [INFO] [1789028321.328417988] [fsm_node]:  -- [OPTIMIZER_PHASE_MEMORY] optimizer=exp event=end call=22 duration_ms=24.543 iterations=1649 ret=1 rss_mib=3114.574 swap_mib=0.000 rss_delta_mib=0.113
[fsm_node-3] [INFO] [1789028321.422930139] [fsm_node]:  -- [OPTIMIZER_PHASE_MEMORY] optimizer=backup event=begin call=43 rss_mib=3114.574 swap_mib=0.000 variables=22 pieces=2
[fsm_node-3] [INFO] [1789028321.425052662] [fsm_node]:  -- [OPTIMIZER_PHASE_MEMORY] optimizer=backup event=end call=43 duration_ms=2.165 iterations=396 ret=1 rss_mib=3114.574 swap_mib=0.000 rss_delta_mib=0.000
[fsm_node-3] [INFO] [1789028321.425135375] [fsm_node]:  -- [OPTIMIZER_PHASE_MEMORY] optimizer=backup event=begin call=44 rss_mib=3114.574 swap_mib=0.000 variables=22 pieces=2
[fsm_node-3] [INFO] [1789028321.426680483] [fsm_node]:  -- [OPTIMIZER_PHASE_MEMORY] optimizer=backup event=end call=44 duration_ms=1.546 iterations=287 ret=1 rss_mib=3114.574 swap_mib=0.000 rss_delta_mib=0.000
[fsm_node-3] [WARN] [1789028321.426710083] [fsm_node]:  -- [SUPER] in [ReplanOnce]: Replan overtime, check parameters, replan dt = 0.147500175.
[fsm_node-3] [INFO] [1789028321.454540732] [fsm_node]:  -- [OPTIMIZER_PHASE_MEMORY] optimizer=exp event=begin call=23 rss_mib=3114.574 swap_mib=0.000 variables=17 pieces=5
[fsm_node-3] [INFO] [1789028321.466953145] [fsm_node]:  -- [OPTIMIZER_PHASE_MEMORY] optimizer=exp event=end call=23 duration_ms=12.426 iterations=764 ret=1 rss_mib=3114.574 swap_mib=0.000 rss_delta_mib=0.000
[fsm_node-3] [INFO] [1789028321.573553982] [fsm_node]:  -- [OPTIMIZER_PHASE_MEMORY] optimizer=backup event=begin call=45 rss_mib=3115.316 swap_mib=0.000 variables=122 pieces=2
[fsm_node-3]  -- [TRAJ_GUARD_CERT] trigger=main_pre status=SAFE gen=9 map=19 map_age=0.003s map_age_limit=0.500s motion_speed=3.633mps samples=247 range=[0.310,1.537] collision_tt=-1.000 ttc=-1.000 p=[0.000,0.000,0.000]
[fsm_node-3]  -- [TRAJ_GUARD_CERT] trigger=replan_post status=SAFE gen=9 map=20 map_age=0.002s map_age_limit=0.500s motion_speed=6.585mps samples=205 range=[0.519,1.537] collision_tt=-1.000 ttc=-1.000 p=[0.000,0.000,0.000]
[fsm_node-3]  -- [TRAJ_GUARD_CERT] trigger=main_pre status=SAFE gen=9 map=21 map_age=0.008s map_age_limit=0.500s motion_speed=6.928mps samples=165 range=[0.720,1.537] collision_tt=-1.000 ttc=-1.000 p=[0.000,0.000,0.000]
[fsm_node-3]  -- [TRAJ_GUARD_CERT] trigger=main_pre status=SAFE gen=9 map=22 map_age=0.007s map_age_limit=0.500s motion_speed=6.914mps samples=127 range=[0.910,1.537] collision_tt=-1.000 ttc=-1.000 p=[0.000,0.000,0.000]
[fsm_node-3] [32m -- [Fsm] Get goal at [0m24.525000000000002 20.025000000000002  1.525000000000000
[fsm_node-3] [32m -- [Fsm] Receive click goal at: [24.525000000000002 20.025000000000002  1.525000000000000]; goal yaw: 0.000000000000000 deg[0m
[fsm_node-3] [INFO] [1789028321.581522677] [fsm_node]:  -- [OPTIMIZER_PHASE_MEMORY] optimizer=backup event=end call=45 duration_ms=8.013 iterations=199 ret=1 rss_mib=3115.324 swap_mib=0.000 rss_delta_mib=0.008
[fsm_node-3] [WARN] [1789028321.581535470] [fsm_node]:  -- [BackOpt] Opt failed, Omg or thr or Pos violation.
[fsm_node-3] [33m -- [MINCO] TrajOpt failed, (unknown)[0m
[fsm_node-3] [33m -- [SUPER] Minco backup_traj opt failed.[0m
[fsm_node-3] [INFO] [1789028321.581921964] [fsm_node]:  -- [OPTIMIZER_PHASE_MEMORY] optimizer=backup event=begin call=46 rss_mib=3115.324 swap_mib=0.000 variables=122 pieces=2
[fsm_node-3] [INFO] [1789028321.602334911] [fsm_node]:  -- [OPTIMIZER_PHASE_MEMORY] optimizer=backup event=end call=46 duration_ms=20.401 iterations=460 ret=1 rss_mib=3115.406 swap_mib=0.000 rss_delta_mib=0.082
[fsm_node-3] [WARN] [1789028321.602346832] [fsm_node]:  -- [BackOpt] Opt failed, Omg or thr or Pos violation.
[fsm_node-3] [WARN] [1789028321.602355982] [fsm_node]:  -- [SUPER] OptimizationBakTrajInPolytopes failed, force return
[fsm_node-3] [WARN] [1789028321.602365764] [fsm_node]:  -- [SUPER] in [ReplanOnce]: Replan overtime, check parameters, replan dt = 0.175434958.
[fsm_node-3] [33m -- [MINCO] TrajOpt failed, (unknown)[0m
[fsm_node-3] [33m -- [SUPER] Minco backup_traj opt failed.[0m
[fsm_node-3] [INFO] [1789028321.637131779] [fsm_node]:  -- [OPTIMIZER_PHASE_MEMORY] optimizer=exp event=begin call=24 rss_mib=3115.406 swap_mib=0.000 variables=13 pieces=4
[fsm_node-3] [INFO] [1789028321.640812330] [fsm_node]:  -- [OPTIMIZER_PHASE_MEMORY] optimizer=exp event=end call=24 duration_ms=3.739 iterations=316 ret=1 rss_mib=3115.406 swap_mib=0.000 rss_delta_mib=0.000
[fsm_node-3] [INFO] [1789028321.760408158] [fsm_node]:  -- [OPTIMIZER_PHASE_MEMORY] optimizer=backup event=begin call=47 rss_mib=3117.027 swap_mib=0.000 variables=44 pieces=2
[fsm_node-3] [INFO] [1789028321.770027395] [fsm_node]:  -- [OPTIMIZER_PHASE_MEMORY] optimizer=backup event=end call=47 duration_ms=9.665 iterations=564 ret=1 rss_mib=3117.027 swap_mib=0.000 rss_delta_mib=0.000
[fsm_node-3] [INFO] [1789028321.770191516] [fsm_node]:  -- [OPTIMIZER_PHASE_MEMORY] optimizer=backup event=begin call=48 rss_mib=3117.027 swap_mib=0.000 variables=44 pieces=2
[fsm_node-3] [INFO] [1789028321.774220036] [fsm_node]:  -- [OPTIMIZER_PHASE_MEMORY] optimizer=backup event=end call=48 duration_ms=4.028 iterations=291 ret=1 rss_mib=3117.027 swap_mib=0.000 rss_delta_mib=0.000
[fsm_node-3] [WARN] [1789028321.774262900] [fsm_node]:  -- [SUPER] in [ReplanOnce]: Replan overtime, check parameters, replan dt = 0.171637932.
[fsm_node-3]  -- [TRAJ_GUARD_CERT] trigger=main_pre status=SAFE gen=9 map=23 map_age=0.011s map_age_limit=0.500s motion_speed=6.459mps samples=85 range=[1.120,1.537] collision_tt=-1.000 ttc=-1.000 p=[0.000,0.000,0.000]
[fsm_node-3] [32m -- [Fsm 5.100] Current state: FOLLOW_TRAJ[0m
[fsm_node-3] [INFO] [1789028321.810967249] [fsm_node]:  -- [OPTIMIZER_PHASE_MEMORY] optimizer=exp event=begin call=25 rss_mib=3117.027 swap_mib=0.000 variables=13 pieces=4
[fsm_node-3] [INFO] [1789028321.814096323] [fsm_node]:  -- [OPTIMIZER_PHASE_MEMORY] optimizer=exp event=end call=25 duration_ms=3.191 iterations=267 ret=1 rss_mib=3117.027 swap_mib=0.000 rss_delta_mib=0.000
[fsm_node-3] [INFO] [1789028321.899513083] [fsm_node]:  -- [OPTIMIZER_PHASE_MEMORY] optimizer=backup event=begin call=49 rss_mib=3117.027 swap_mib=0.000 variables=44 pieces=2
[fsm_node-3] [32m -- [Fsm] Traj finish.[0m
[fsm_node-3] [INFO] [1789028322.180040914] [fsm_node]:  -- [OPTIMIZER_PHASE_MEMORY] optimizer=backup event=end call=49 duration_ms=280.525 iterations=1610 ret=1 rss_mib=3117.027 swap_mib=0.000 rss_delta_mib=0.000
[fsm_node-3] [INFO] [1789028322.184860371] [fsm_node]:  -- [OPTIMIZER_PHASE_MEMORY] optimizer=backup event=begin call=50 rss_mib=3117.027 swap_mib=0.000 variables=44 pieces=2
[fsm_node-3] [INFO] [1789028322.330597399] [fsm_node]:  -- [OPTIMIZER_PHASE_MEMORY] optimizer=backup event=end call=50 duration_ms=145.701 iterations=819 ret=1 rss_mib=3118.656 swap_mib=0.000 rss_delta_mib=1.629
[fsm_node-3] [WARN] [1789028322.330677338] [fsm_node]:  -- [SUPER] in [ReplanOnce]: Replan overtime, check parameters, replan dt = 0.556156062.
[fsm_node-3] [WARN] [1789028322.330829888] [fsm_node]:  -- [TRAJ_GUARD_RECOVERY_EPISODE_RESET] reason=horizontal_progress progress=6.669m threshold=2.000m prior_local=0 prior_vertical=0 prior_base=0
[fsm_node-3] [INFO] [1789028322.374693528] [fsm_node]:  -- [OPTIMIZER_PHASE_MEMORY] optimizer=exp event=begin call=26 rss_mib=3118.656 swap_mib=0.000 variables=13 pieces=4
[fsm_node-3] [INFO] [1789028322.388698619] [fsm_node]:  -- [OPTIMIZER_PHASE_MEMORY] optimizer=exp event=end call=26 duration_ms=14.038 iterations=918 ret=1 rss_mib=3118.656 swap_mib=0.000 rss_delta_mib=0.000
[fsm_node-3] [INFO] [1789028322.388825509] [fsm_node]:  -- [SUPER] in [PlanFromRest] GenerateExpTrajectory SUCCESS.
[fsm_node-3] [INFO] [1789028322.428740396] [fsm_node]:  -- [OPTIMIZER_PHASE_MEMORY] optimizer=backup event=begin call=51 rss_mib=3118.660 swap_mib=0.000 variables=36 pieces=2
[fsm_node-3] [INFO] [1789028322.430722257] [fsm_node]:  -- [OPTIMIZER_PHASE_MEMORY] optimizer=backup event=end call=51 duration_ms=2.035 iterations=279 ret=1 rss_mib=3118.660 swap_mib=0.000 rss_delta_mib=0.000
[fsm_node-3] [INFO] [1789028322.430902144] [fsm_node]:  -- [OPTIMIZER_PHASE_MEMORY] optimizer=backup event=begin call=52 rss_mib=3118.660 swap_mib=0.000 variables=36 pieces=2
[fsm_node-3] [INFO] [1789028322.457357427] [fsm_node]:  -- [OPTIMIZER_PHASE_MEMORY] optimizer=backup event=end call=52 duration_ms=26.437 iterations=2147 ret=1 rss_mib=3118.660 swap_mib=0.000 rss_delta_mib=0.000
[fsm_node-3] [INFO] [1789028322.457718714] [fsm_node]:  -- [TRAJ_GUARD_COMMIT] phase=PlanFromRest/with_backup gen=10 map=24 samples=184 range=[0.127,1.034] escape=false footprint_egress=false escape_done_tt=-1.000
[fsm_node-3] [INFO] [1789028322.575635762] [fsm_node]:  -- [OPTIMIZER_PHASE_MEMORY] optimizer=exp event=begin call=27 rss_mib=3118.727 swap_mib=0.000 variables=13 pieces=4
[fsm_node-3] [INFO] [1789028322.579092693] [fsm_node]:  -- [OPTIMIZER_PHASE_MEMORY] optimizer=exp event=end call=27 duration_ms=3.501 iterations=262 ret=1 rss_mib=3118.727 swap_mib=0.000 rss_delta_mib=0.000
[fsm_node-3] [38;2;000;128;000m -- [Fsm]: [PubCmdCallback] change state from [FOLLOW_TRAJ] to [GENERATE_TRAJ].
[fsm_node-3] [0m -- [TRAJ_GUARD_CERT] trigger=poly_publish status=SAFE gen=10 map=24 map_age=0.122s map_age_limit=0.550s motion_speed=0.000mps samples=183 range=[0.127,1.034] collision_tt=-1.000 ttc=-1.000 p=[0.000,0.000,0.000]
[fsm_node-3] [38;2;000;128;000m -- [Fsm]: [MainFsmCallback] change state from [GENERATE_TRAJ] to [FOLLOW_TRAJ].
[fsm_node-3] [0m -- [TRAJ_GUARD_CERT] trigger=main_pre status=SAFE gen=10 map=25 map_age=0.010s map_age_limit=0.550s motion_speed=1.707mps samples=166 range=[0.210,1.034] collision_tt=-1.000 ttc=-1.000 p=[0.000,0.000,0.000]
[fsm_node-3] [32m -- [Fsm] Get goal at [0m24.525000000000002 20.025000000000002  1.525000000000000
[fsm_node-3] [32m -- [Fsm] Receive click goal at: [24.525000000000002 20.025000000000002  1.525000000000000]; goal yaw: 0.000000000000000 deg[0m
[fsm_node-3] [INFO] [1789028322.615252404] [fsm_node]:  -- [OPTIMIZER_PHASE_MEMORY] optimizer=backup event=begin call=53 rss_mib=3118.727 swap_mib=0.000 variables=66 pieces=2
[fsm_node-3] [INFO] [1789028322.639960351] [fsm_node]:  -- [OPTIMIZER_PHASE_MEMORY] optimizer=backup event=end call=53 duration_ms=24.714 iterations=1170 ret=1 rss_mib=3118.727 swap_mib=0.000 rss_delta_mib=0.000
[fsm_node-3] [INFO] [1789028322.640253036] [fsm_node]:  -- [OPTIMIZER_PHASE_MEMORY] optimizer=backup event=begin call=54 rss_mib=3118.727 swap_mib=0.000 variables=66 pieces=2
[fsm_node-3] [INFO] [1789028322.644654205] [fsm_node]:  -- [OPTIMIZER_PHASE_MEMORY] optimizer=backup event=end call=54 duration_ms=4.368 iterations=309 ret=1 rss_mib=3118.727 swap_mib=0.000 rss_delta_mib=0.000
[fsm_node-3] [WARN] [1789028322.644728139] [fsm_node]:  -- [SUPER] in [ReplanOnce]: Replan overtime, check parameters, replan dt = 0.099503306.
[fsm_node-3] [INFO] [1789028322.683131548] [fsm_node]:  -- [OPTIMIZER_PHASE_MEMORY] optimizer=exp event=begin call=28 rss_mib=3118.727 swap_mib=0.000 variables=9 pieces=3
[fsm_node-3] [INFO] [1789028322.684081975] [fsm_node]:  -- [OPTIMIZER_PHASE_MEMORY] optimizer=exp event=end call=28 duration_ms=1.024 iterations=94 ret=1 rss_mib=3118.727 swap_mib=0.000 rss_delta_mib=0.000
[fsm_node-3] [INFO] [1789028322.707379869] [fsm_node]:  -- [OPTIMIZER_PHASE_MEMORY] optimizer=backup event=begin call=55 rss_mib=3118.727 swap_mib=0.000 variables=70 pieces=2
[fsm_node-3] [INFO] [1789028322.750209914] [fsm_node]:  -- [OPTIMIZER_PHASE_MEMORY] optimizer=backup event=end call=55 duration_ms=42.846 iterations=1186 ret=1 rss_mib=3118.727 swap_mib=0.000 rss_delta_mib=0.000
[fsm_node-3] [INFO] [1789028322.750587864] [fsm_node]:  -- [OPTIMIZER_PHASE_MEMORY] optimizer=backup event=begin call=56 rss_mib=3118.727 swap_mib=0.000 variables=70 pieces=2
[fsm_node-3] [INFO] [1789028322.754988854] [fsm_node]:  -- [OPTIMIZER_PHASE_MEMORY] optimizer=backup event=end call=56 duration_ms=4.387 iterations=174 ret=1 rss_mib=3118.727 swap_mib=0.000 rss_delta_mib=0.000
[fsm_node-3] [WARN] [1789028322.755053641] [fsm_node]:  -- [SUPER] in [ReplanOnce]: Replan overtime, check parameters, replan dt = 0.110122555.
[fsm_node-3]  -- [TRAJ_GUARD_CERT] trigger=main_pre status=SAFE gen=10 map=26 map_age=0.008s map_age_limit=0.500s motion_speed=5.144mps samples=128 range=[0.400,1.034] collision_tt=-1.000 ttc=-1.000 p=[0.000,0.000,0.000]
[fsm_node-3] [32m -- [Fsm 6.100] Current state: FOLLOW_TRAJ[0m
[fsm_node-3] [INFO] [1789028322.786254143] [fsm_node]:  -- [OPTIMIZER_PHASE_MEMORY] optimizer=exp event=begin call=29 rss_mib=3118.727 swap_mib=0.000 variables=9 pieces=3
[fsm_node-3] [INFO] [1789028322.787956737] [fsm_node]:  -- [OPTIMIZER_PHASE_MEMORY] optimizer=exp event=end call=29 duration_ms=1.758 iterations=184 ret=1 rss_mib=3118.727 swap_mib=0.000 rss_delta_mib=0.000
[fsm_node-3] [INFO] [1789028322.834737531] [fsm_node]:  -- [OPTIMIZER_PHASE_MEMORY] optimizer=backup event=begin call=57 rss_mib=3118.762 swap_mib=0.000 variables=42 pieces=2
[fsm_node-3] [INFO] [1789028322.851783070] [fsm_node]:  -- [OPTIMIZER_PHASE_MEMORY] optimizer=backup event=end call=57 duration_ms=17.054 iterations=534 ret=1 rss_mib=3118.762 swap_mib=0.000 rss_delta_mib=0.000
[fsm_node-3] [INFO] [1789028322.852144906] [fsm_node]:  -- [OPTIMIZER_PHASE_MEMORY] optimizer=backup event=begin call=58 rss_mib=3118.762 swap_mib=0.000 variables=42 pieces=2
[fsm_node-3] [INFO] [1789028322.870244449] [fsm_node]:  -- [OPTIMIZER_PHASE_MEMORY] optimizer=backup event=end call=58 duration_ms=18.051 iterations=552 ret=1 rss_mib=3118.762 swap_mib=0.000 rss_delta_mib=0.000
[fsm_node-3] [WARN] [1789028322.870332961] [fsm_node]:  -- [SUPER] in [ReplanOnce]: Replan overtime, check parameters, replan dt = 0.115005653.
[fsm_node-3] [INFO] [1789028322.892478402] [fsm_node]:  -- [OPTIMIZER_PHASE_MEMORY] optimizer=exp event=begin call=30 rss_mib=3118.762 swap_mib=0.000 variables=9 pieces=3
[fsm_node-3] [INFO] [1789028322.893911793] [fsm_node]:  -- [OPTIMIZER_PHASE_MEMORY] optimizer=exp event=end call=30 duration_ms=1.498 iterations=152 ret=1 rss_mib=3118.762 swap_mib=0.000 rss_delta_mib=0.000
[fsm_node-3] [WARN] [1789028322.975402367] [fsm_node]:  -- [SUPER] in [ReplanOnce]: Replan overtime, check parameters, replan dt = 0.104705081.
[fsm_node-3] [INFO] [1789028322.993250521] [fsm_node]:  -- [OPTIMIZER_PHASE_MEMORY] optimizer=exp event=begin call=31 rss_mib=3118.762 swap_mib=0.000 variables=5 pieces=2
[fsm_node-3] [INFO] [1789028322.994151701] [fsm_node]:  -- [OPTIMIZER_PHASE_MEMORY] optimizer=exp event=end call=31 duration_ms=0.972 iterations=140 ret=1 rss_mib=3118.762 swap_mib=0.000 rss_delta_mib=0.000
[fsm_node-3] [INFO] [1789028323.062283340] [fsm_node]:  -- [TRAJ_GUARD_COMMIT] phase=ReplanOnce/no_backup gen=11 map=28 samples=210 range=[0.086,1.125] escape=false footprint_egress=false escape_done_tt=-1.000
[fsm_node-3]  -- [TRAJ_GUARD_CERT] trigger=main_pre status=SAFE gen=10 map=27 map_age=0.007s map_age_limit=0.500s motion_speed=6.148mps samples=104 range=[0.520,1.034] collision_tt=-1.000 ttc=-1.000 p=[0.000,0.000,0.000]
[fsm_node-3]  -- [TRAJ_GUARD_CERT] trigger=main_pre status=SAFE gen=10 map=28 map_age=0.005s map_age_limit=0.500s motion_speed=4.961mps samples=66 range=[0.710,1.034] collision_tt=-1.000 ttc=-1.000 p=[0.000,0.000,0.000]
[fsm_node-3] [32m -- [Fsm] ReplanOnce succeed.[0m
[fsm_node-3] [INFO] [1789028323.083159898] [fsm_node]:  -- [OPTIMIZER_PHASE_MEMORY] optimizer=exp event=begin call=32 rss_mib=3118.762 swap_mib=0.000 variables=5 pieces=2
[fsm_node-3] [INFO] [1789028323.085721429] [fsm_node]:  -- [OPTIMIZER_PHASE_MEMORY] optimizer=exp event=end call=32 duration_ms=2.629 iterations=348 ret=1 rss_mib=3118.762 swap_mib=0.000 rss_delta_mib=0.000
[fsm_node-3] [INFO] [1789028323.142378286] [fsm_node]:  -- [TRAJ_GUARD_COMMIT] phase=ReplanOnce/no_backup gen=12 map=28 samples=198 range=[0.079,1.057] escape=false footprint_egress=false escape_done_tt=-1.000
[fsm_node-3]  -- [TRAJ_GUARD_CERT] trigger=poly_publish status=SAFE gen=11 map=28 map_age=0.026s map_age_limit=0.500s motion_speed=4.447mps samples=209 range=[0.087,1.125] collision_tt=-1.000 ttc=-1.000 p=[0.000,0.000,0.000]
[fsm_node-3] [32m -- [Fsm] ReplanOnce succeed.[0m
[fsm_node-3] [INFO] [1789028323.157506146] [fsm_node]:  -- [OPTIMIZER_PHASE_MEMORY] optimizer=exp event=begin call=33 rss_mib=3118.762 swap_mib=0.000 variables=5 pieces=2
[fsm_node-3] [INFO] [1789028323.162440322] [fsm_node]:  -- [OPTIMIZER_PHASE_MEMORY] optimizer=exp event=end call=33 duration_ms=5.009 iterations=577 ret=1 rss_mib=3118.762 swap_mib=0.000 rss_delta_mib=0.000
[fsm_node-3] [INFO] [1789028323.208623312] [fsm_node]:  -- [TRAJ_GUARD_COMMIT] phase=ReplanOnce/no_backup gen=13 map=28 samples=184 range=[0.066,0.972] escape=false footprint_egress=false escape_done_tt=-1.000
[fsm_node-3]  -- [TRAJ_GUARD_CERT] trigger=poly_publish status=SAFE gen=12 map=28 map_age=0.106s map_age_limit=0.513s motion_speed=3.235mps samples=197 range=[0.080,1.057] collision_tt=-1.000 ttc=-1.000 p=[0.000,0.000,0.000]
[fsm_node-3] [32m -- [Fsm] ReplanOnce succeed.[0m
[fsm_node-3] [INFO] [1789028323.225206981] [fsm_node]:  -- [OPTIMIZER_PHASE_MEMORY] optimizer=exp event=begin call=34 rss_mib=3118.762 swap_mib=0.000 variables=1 pieces=1
[fsm_node-3] [INFO] [1789028323.225487960] [fsm_node]:  -- [OPTIMIZER_PHASE_MEMORY] optimizer=exp event=end call=34 duration_ms=0.357 iterations=63 ret=1 rss_mib=3118.762 swap_mib=0.000 rss_delta_mib=0.000
[fsm_node-3] [INFO] [1789028323.266864223] [fsm_node]:  -- [TRAJ_GUARD_COMMIT] phase=ReplanOnce/no_backup gen=14 map=29 samples=173 range=[0.058,0.908] escape=false footprint_egress=false escape_done_tt=-1.000
[fsm_node-3]  -- [TRAJ_GUARD_CERT] trigger=poly_publish status=SAFE gen=13 map=28 map_age=0.172s map_age_limit=0.532s motion_speed=2.864mps samples=183 range=[0.066,0.972] collision_tt=-1.000 ttc=-1.000 p=[0.000,0.000,0.000]
[fsm_node-3]  -- [TRAJ_GUARD_CERT] trigger=main_pre status=SAFE gen=13 map=29 map_age=0.005s map_age_limit=0.531s motion_speed=2.884mps samples=176 range=[0.098,0.972] collision_tt=-1.000 ttc=-1.000 p=[0.000,0.000,0.000]
[fsm_node-3] [32m -- [Fsm] ReplanOnce succeed.[0m
[fsm_node-3] [INFO] [1789028323.309068402] [fsm_node]:  -- [TRAJ_GUARD_COMMIT] phase=ReplanOnce/no_backup gen=15 map=29 samples=164 range=[0.100,0.908] escape=false footprint_egress=false escape_done_tt=-1.000
[fsm_node-3]  -- [TRAJ_GUARD_CERT] trigger=poly_publish status=SAFE gen=14 map=29 map_age=0.031s map_age_limit=0.524s motion_speed=3.023mps samples=171 range=[0.058,0.908] collision_tt=-1.000 ttc=-1.000 p=[0.000,0.000,0.000]
[fsm_node-3] [32m -- [Fsm] ReplanOnce succeed.[0m
[fsm_node-3] [INFO] [1789028323.370048924] [fsm_node]:  -- [TRAJ_GUARD_COMMIT] phase=ReplanOnce/no_backup gen=16 map=29 samples=152 range=[0.161,0.908] escape=false footprint_egress=false escape_done_tt=-1.000
[fsm_node-3]  -- [TRAJ_GUARD_CERT] trigger=poly_publish status=SAFE gen=15 map=29 map_age=0.073s map_age_limit=0.507s motion_speed=3.354mps samples=163 range=[0.100,0.908] collision_tt=-1.000 ttc=-1.000 p=[0.000,0.000,0.000]
[fsm_node-3] [32m -- [Fsm] ReplanOnce succeed.[0m
[fsm_node-3] [INFO] [1789028323.435908809] [fsm_node]:  -- [TRAJ_GUARD_COMMIT] phase=ReplanOnce/no_backup gen=17 map=30 samples=139 range=[0.227,0.908] escape=false footprint_egress=false escape_done_tt=-1.000
[fsm_node-3]  -- [TRAJ_GUARD_CERT] trigger=poly_publish status=SAFE gen=16 map=29 map_age=0.134s map_age_limit=0.500s motion_speed=4.045mps samples=151 range=[0.161,0.908] collision_tt=-1.000 ttc=-1.000 p=[0.000,0.000,0.000]
[fsm_node-3]  -- [TRAJ_GUARD_CERT] trigger=main_pre status=SAFE gen=16 map=30 map_age=0.004s map_age_limit=0.500s motion_speed=4.700mps samples=141 range=[0.212,0.908] collision_tt=-1.000 ttc=-1.000 p=[0.000,0.000,0.000]
[fsm_node-3] [32m -- [Fsm] ReplanOnce succeed.[0m
[fsm_node-3] [INFO] [1789028323.492446982] [fsm_node]:  -- [TRAJ_GUARD_COMMIT] phase=ReplanOnce/no_backup gen=18 map=30 samples=127 range=[0.283,0.908] escape=false footprint_egress=false escape_done_tt=-1.000
[fsm_node-3]  -- [TRAJ_GUARD_CERT] trigger=poly_publish status=SAFE gen=17 map=30 map_age=0.019s map_age_limit=0.500s motion_speed=4.960mps samples=138 range=[0.227,0.908] collision_tt=-1.000 ttc=-1.000 p=[0.000,0.000,0.000]
[fsm_node-3] [32m -- [Fsm] ReplanOnce succeed.[0m
[fsm_node-3] [INFO] [1789028323.550645302] [fsm_node]:  -- [TRAJ_GUARD_COMMIT] phase=ReplanOnce/no_backup gen=19 map=30 samples=116 range=[0.341,0.908] escape=false footprint_egress=false escape_done_tt=-1.000
[fsm_node-3]  -- [TRAJ_GUARD_CERT] trigger=poly_publish status=SAFE gen=18 map=30 map_age=0.075s map_age_limit=0.500s motion_speed=5.643mps samples=126 range=[0.284,0.908] collision_tt=-1.000 ttc=-1.000 p=[0.000,0.000,0.000]
[fsm_node-3] [32m -- [Fsm] ReplanOnce succeed.[0m
[fsm_node-3]  -- [TRAJ_GUARD_CERT] trigger=poly_publish status=SAFE gen=19 map=30 map_age=0.134s map_age_limit=0.500s motion_speed=6.020mps samples=115 range=[0.342,0.908] collision_tt=-1.000 ttc=-1.000 p=[0.000,0.000,0.000]
[fsm_node-3] [32m -- [Fsm] Get goal at [0m24.525000000000002 20.025000000000002  1.525000000000000
[fsm_node-3] [32m -- [Fsm] Receive click goal at: [24.525000000000002 20.025000000000002  1.525000000000000]; goal yaw: 0.000000000000000 deg[0m
[fsm_node-3] [INFO] [1789028323.605542202] [fsm_node]:  -- [OPTIMIZER_PHASE_MEMORY] optimizer=exp event=begin call=35 rss_mib=3118.762 swap_mib=0.000 variables=1 pieces=1
[fsm_node-3] [INFO] [1789028323.605820517] [fsm_node]:  -- [OPTIMIZER_PHASE_MEMORY] optimizer=exp event=end call=35 duration_ms=0.388 iterations=54 ret=1 rss_mib=3118.762 swap_mib=0.000 rss_delta_mib=0.000
[fsm_node-3] [INFO] [1789028323.615344380] [fsm_node]:  -- [TRAJ_GUARD_COMMIT] phase=ReplanOnce/no_backup gen=20 map=30 samples=131 range=[0.014,0.657] escape=false footprint_egress=false escape_done_tt=-1.000
[fsm_node-3] [32m -- [Fsm] ReplanOnce succeed.[0m
[perfect_drone_frontend_node-2] [INFO] [1789028323.642307251] [native_sector_cpp]: frames=75 published=41 kept 36.7% (12690/34567 pts/input-frame)
[fsm_node-3] [INFO] [1789028323.672899352] [fsm_node]:  -- [TRAJ_GUARD_COMMIT] phase=ReplanOnce/no_backup gen=21 map=31 samples=120 range=[0.071,0.657] escape=false footprint_egress=false escape_done_tt=-1.000
[fsm_node-3]  -- [TRAJ_GUARD_CERT] trigger=poly_publish status=SAFE gen=20 map=30 map_age=0.198s map_age_limit=0.500s motion_speed=6.117mps samples=130 range=[0.014,0.657] collision_tt=-1.000 ttc=-1.000 p=[0.000,0.000,0.000]
[fsm_node-3]  -- [TRAJ_GUARD_CERT] trigger=main_pre status=SAFE gen=20 map=31 map_age=0.004s map_age_limit=0.500s motion_speed=6.117mps samples=129 range=[0.020,0.657] collision_tt=-1.000 ttc=-1.000 p=[0.000,0.000,0.000]
[fsm_node-3] [32m -- [Fsm] ReplanOnce succeed.[0m
[fsm_node-3] [INFO] [1789028323.739346624] [fsm_node]:  -- [TRAJ_GUARD_COMMIT] phase=ReplanOnce/no_backup gen=22 map=31 samples=106 range=[0.138,0.657] escape=false footprint_egress=false escape_done_tt=-1.000
[fsm_node-3]  -- [TRAJ_GUARD_CERT] trigger=poly_publish status=SAFE gen=21 map=31 map_age=0.056s map_age_limit=0.500s motion_speed=5.746mps samples=119 range=[0.072,0.657] collision_tt=-1.000 ttc=-1.000 p=[0.000,0.000,0.000]
[fsm_node-3] [32m -- [Fsm] ReplanOnce succeed.[0m
[fsm_node-3]  -- [TRAJ_GUARD_CERT] trigger=poly_publish status=SAFE gen=22 map=31 map_age=0.123s map_age_limit=0.500s motion_speed=4.977mps samples=105 range=[0.138,0.657] collision_tt=-1.000 ttc=-1.000 p=[0.000,0.000,0.000]
[fsm_node-3] [32m -- [Fsm 7.100] Current state: FOLLOW_TRAJ[0m
[fsm_node-3] [INFO] [1789028323.802216293] [fsm_node]:  -- [TRAJ_GUARD_COMMIT] phase=ReplanOnce/no_backup gen=23 map=31 samples=94 range=[0.201,0.657] escape=false footprint_egress=false escape_done_tt=-1.000
[fsm_node-3] [32m -- [Fsm] ReplanOnce succeed.[0m
[fsm_node-3] [INFO] [1789028323.866736507] [fsm_node]:  -- [TRAJ_GUARD_COMMIT] phase=ReplanOnce/no_backup gen=24 map=31 samples=81 range=[0.265,0.657] escape=false footprint_egress=false escape_done_tt=-1.000
[fsm_node-3]  -- [TRAJ_GUARD_CERT] trigger=poly_publish status=SAFE gen=23 map=31 map_age=0.186s map_age_limit=0.500s motion_speed=3.711mps samples=93 range=[0.201,0.657] collision_tt=-1.000 ttc=-1.000 p=[0.000,0.000,0.000]
[fsm_node-3] [32m -- [Fsm] ReplanOnce succeed.[0m
[fsm_node-3] [INFO] [1789028323.932484861] [fsm_node]:  -- [TRAJ_GUARD_COMMIT] phase=ReplanOnce/no_backup gen=25 map=31 samples=68 range=[0.331,0.657] escape=false footprint_egress=false escape_done_tt=-1.000
[fsm_node-3]  -- [TRAJ_GUARD_CERT] trigger=poly_publish status=SAFE gen=24 map=31 map_age=0.250s map_age_limit=0.549s motion_speed=2.513mps samples=80 range=[0.265,0.657] collision_tt=-1.000 ttc=-1.000 p=[0.000,0.000,0.000]
[fsm_node-3] [32m -- [Fsm] ReplanOnce succeed.[0m
[perfect_drone_frontend_node-2] [INFO] [1789028324.010457360] [perfect_tracking]: [SENSOR_CADENCE_SUMMARY] frames=100 span_s=9.900261 hz=9.999736 raw_published=0 direct_handoffs=75 payload_bytes=82960864 side_entry_v1_enabled=0 side_entry_v1_spawned=0 side_entry_v1_injected_frames=0
[perfect_drone_frontend_node-2] [INFO] [1789028324.010558953] [perfect_tracking]: [SENSOR_BURST_DROPOUT_SUMMARY] enabled=1 warmup_s=1.000000 period_s=2.000000 duration_s=0.500000 phase_s=0.600000 phase_env_override=1 rendered=100 delivered=75 dropped=25 bursts=5 max_consecutive_dropped=6 max_delivered_gap_s=0.699564 dropped_payload_bytes=29791968
[fsm_node-3] [INFO] [1789028324.171439638] [fsm_node]:  -- [FULL_REFRESH_RECOVERY_GATE_ARM] min_request_seq=4
[fsm_node-3] [INFO] [1789028324.171619766] [fsm_node]:  -- [TRAJ_GUARD_RECOVERY_SIGNAL] active=true
[fsm_node-3] [ERROR] [1789028324.171802531] [fsm_node]:  -- [TRAJ_GUARD_BRAKE_REJECTED] trigger=main_pre_uncertified searched=[0.400,3.000]s speed0=0.035 initial_source=fresh_command cmd_age=0.010s cmd_pos_err=0.000 cmd_vel_err=inf motion_speed=inf motion_dt=infs motion_pose_speed=inf motion_twist_speed=0.035 motion_disagreement=inf motion_source=none motion_gen=25/8 motion_gen_continuous=false last_dynamics_ok=true max_vel=0.035 vel_limit=7.000 max_acc=0.532 max_jerk=3.998 last_path_status=SAFE last_map=31 map_age=0.555s raw_status=DISABLED raw_cloud=0 raw_age=infs ciri_shadow=DISABLED ciri_shadow_result=0 ciri_shadow_queued=0 ciri_shadow_age=infs; no brake command published
[fsm_node-3] [ERROR] [1789028324.181590936] [fsm_node]:  -- [TRAJ_GUARD_BRAKE_REJECTED] trigger=emergency_stop_retry searched=[0.400,3.000]s speed0=0.035 initial_source=fresh_command cmd_age=0.020s cmd_pos_err=0.000 cmd_vel_err=0.000 motion_speed=0.035 motion_dt=0.006s motion_pose_speed=0.000 motion_twist_speed=0.035 motion_disagreement=0.035 motion_source=odom_twist motion_gen=25/25 motion_gen_continuous=true last_dynamics_ok=true max_vel=0.035 vel_limit=7.000 max_acc=0.532 max_jerk=3.998 last_path_status=SAFE last_map=31 map_age=0.565s raw_status=DISABLED raw_cloud=0 raw_age=infs ciri_shadow=DISABLED ciri_shadow_result=0 ciri_shadow_queued=0 ciri_shadow_age=infs; no brake command published
[fsm_node-3] [INFO] [1789028324.211157184] [fsm_node]:  -- [FULL_REFRESH_RECOVERY_TARGET] request_seq=4 stamp_ns=1789028324210236318 already_acked=false map=0
[fsm_node-3] [INFO] [1789028324.245370298] [fsm_node]:  -- [FULL_REFRESH_RECOVERY_ACK] request_seq=4 stamp_ns=1789028324210236318 map=32 committed=1
[fsm_node-3] [ERROR] [1789028324.281623068] [fsm_node]:  -- [TRAJ_GUARD_BRAKE_REJECTED] trigger=emergency_stop_retry searched=[0.400,3.000]s speed0=0.035 initial_source=odom_twist cmd_age=0.120s cmd_pos_err=0.000 cmd_vel_err=0.000 motion_speed=0.035 motion_dt=0.007s motion_pose_speed=0.000 motion_twist_speed=0.035 motion_disagreement=0.035 motion_source=odom_twist motion_gen=25/25 motion_gen_continuous=true last_dynamics_ok=true max_vel=0.035 vel_limit=7.000 max_acc=0.132 max_jerk=1.322 last_path_status=SAFE last_map=32 map_age=0.039s raw_status=DISABLED raw_cloud=0 raw_age=infs ciri_shadow=DISABLED ciri_shadow_result=0 ciri_shadow_queued=0 ciri_shadow_age=infs; no brake command published
[fsm_node-3] [ERROR] [1789028324.391323208] [fsm_node]:  -- [TRAJ_GUARD_BRAKE_REJECTED] trigger=emergency_stop_retry searched=[0.400,3.000]s speed0=0.035 initial_source=odom_twist cmd_age=0.230s cmd_pos_err=0.000 cmd_vel_err=0.000 motion_speed=0.035 motion_dt=0.006s motion_pose_speed=0.000 motion_twist_speed=0.035 motion_disagreement=0.035 motion_source=odom_twist motion_gen=25/25 motion_gen_continuous=true last_dynamics_ok=true max_vel=0.035 vel_limit=7.000 max_acc=0.132 max_jerk=1.322 last_path_status=SAFE last_map=33 map_age=0.066s raw_status=DISABLED raw_cloud=0 raw_age=infs ciri_shadow=DISABLED ciri_shadow_result=0 ciri_shadow_queued=0 ciri_shadow_age=infs; no brake command published
