[INFO] [launch]: All log files can be found below /root/.ros/log/2026-09-09-19-57-28-280677-livox-1065028
[INFO] [launch]: Default logging verbosity is set to INFO
[INFO] [waypoint_mission-1]: process started with pid [1065029]
[INFO] [perfect_drone_frontend_node-2]: process started with pid [1065031]
[INFO] [fsm_node-3]: process started with pid [1065033]
[waypoint_mission-1] [WARN] [1788951448.322133746] [waypoint_mission]:  -- [MissionPlanner] Load config by file name: /root/super_ws/src/SUPER/mission_planner/config/waypoint.yaml
[waypoint_mission-1] [WARN] [1788951448.322206704] [waypoint_mission]:  -- [MissionPlanner] Load data by file name: /root/super_ws/src/SUPER/mission_planner/data/blind_heading_mismatch_west.txt
[fsm_node-3]  -- [Bench] Use sim time is false, begin replay.
[fsm_node-3] Load config file: /root/super_ws/src/SUPER/super_planner/config/static_seedmaps_guard_viability_tight_v7_filtered_reliable.yaml
[fsm_node-3] [0;32m Load param fsm/timer_en success: [0;0m1
[fsm_node-3] [0;32m Load param super_planner/detailed_log_en success: [0;0m0
[fsm_node-3] [0;32m Load param super_planner/detailed_log_max_entries success: [0;0m64
[fsm_node-3] [0;32m Load param fsm/click_goal_en success: [0;0m1
[fsm_node-3] [0;32m Load param fsm/click_yaw_en success: [0;0m1
[fsm_node-3] [0;32m Load param fsm/replan_rate success: [0;0m15
[fsm_node-3] [0;32m Load param fsm/click_height success: [0;0m1.5
[fsm_node-3] [0;32m Load param fsm/cmd_topic success: [0;0m/planning/pos_cmd
[fsm_node-3] [0;32m Load param fsm/mpc_cmd_topic success: [0;0m/planning_cmd/poly_traj
[fsm_node-3] [0;32m Load param fsm/click_goal_topic success: [0;0m/planning/click_goal
[fsm_node-3] [0;32m Load param fsm/map_readiness/enable success: [0;0m1
[fsm_node-3] [0;32m Load param fsm/map_readiness/min_accepted_scans success: [0;0m5
[fsm_node-3] [0;32m Load param fsm/map_readiness/min_committed_scans success: [0;0m5
[fsm_node-3] [0;32m Load param fsm/map_readiness/max_commit_lag_scans success: [0;0m5
[fsm_node-3] [0;32m Load param fsm/map_readiness/min_scan_span_s success: [0;0m1
[fsm_node-3] [0;32m Load param fsm/map_readiness/max_cloud_age_s success: [0;0m0.75
[fsm_node-3] [0;32m Load param fsm/map_readiness/max_map_age_s success: [0;0m0.55
[fsm_node-3] [0;32m Load param fsm/trajectory_guard/enable success: [0;0m1
[fsm_node-3] [0;33m Load param fsm/trajectory_guard/same_map_replan_coalesce_enable failed, use default value: [0;0m0
[fsm_node-3] [0;33m Load param fsm/trajectory_guard/same_map_replan_min_interval_s failed, use default value: [0;0m0
[fsm_node-3] [0;32m Load param fsm/trajectory_guard/shadow success: [0;0m0
[fsm_node-3] [0;32m Load param fsm/trajectory_guard/max_map_age_s success: [0;0m0.75
[fsm_node-3] [0;32m Load param fsm/trajectory_guard/brake_trigger_map_age_s success: [0;0m0.55
[fsm_node-3] [0;32m Load param fsm/trajectory_guard/brake_trigger_high_speed_map_age_s success: [0;0m0.5
[fsm_node-3] [0;32m Load param fsm/trajectory_guard/brake_trigger_low_speed_mps success: [0;0m2.5
[fsm_node-3] [0;32m Load param fsm/trajectory_guard/brake_trigger_high_speed_mps success: [0;0m3.5
[fsm_node-3] [0;32m Load param fsm/trajectory_guard/full_refresh_ack_sla_s success: [0;0m0.75
[fsm_node-3] [0;32m Load param fsm/trajectory_guard/raw_cloud/enable success: [0;0m0
[fsm_node-3] [0;33m Load param fsm/trajectory_guard/raw_cloud/source_topic failed, use default value: [0;0m
[fsm_node-3] [0;32m Load param fsm/trajectory_guard/raw_cloud/max_age_s success: [0;0m0.75
[fsm_node-3] [0;32m Load param fsm/trajectory_guard/raw_cloud/clearance_m success: [0;0m0.3
[fsm_node-3] [0;32m Load param fsm/trajectory_guard/validation_sample_dt_s success: [0;0m0.005
[fsm_node-3] [0;32m Load param fsm/trajectory_guard/shadow_min_interval_s success: [0;0m0
[fsm_node-3] [0;32m Load param fsm/trajectory_guard/additional_clearance_m success: [0;0m0
[fsm_node-3] [0;33m Load param fsm/trajectory_guard/brake_min_duration_s failed, use default value: [0;0m0.4
[fsm_node-3] [0;32m Load param fsm/trajectory_guard/brake_max_duration_s success: [0;0m3
[perfect_drone_frontend_node-2] [INFO] [1788951448.427207262] [native_sector_cpp]: sector mode, half-angle 45.0 deg, input /cloud_registered, publish cap 0.00 Hz, commit refresh 0.120 s, full-open extra budget 6000, guard witness disabled radius 0.00 m, direct input enabled, risk verdict disabled, body tier 0.000 m/0.150 s
[fsm_node-3] [0;32m Load param fsm/trajectory_guard/brake_max_acc_mps2 success: [0;0m20
[perfect_drone_frontend_node-2] [WARN] [1788951448.429622632] [perfect_tracking]:  -- [MissionPlanner] Load config by file name: /root/super_ws/src/SUPER/mars_uav_sim/perfect_drone_sim/config/shm1_h3_clear.yaml
[fsm_node-3] [0;32m Load param fsm/trajectory_guard/brake_max_jerk_mps3 success: [0;0m120
[fsm_node-3] [0;32m Load param fsm/trajectory_guard/brake_command_max_age_s success: [0;0m0.1
[fsm_node-3] [0;32m Load param fsm/trajectory_guard/brake_command_max_position_error_m success: [0;0m0.5
[fsm_node-3] [0;32m Load param fsm/trajectory_guard/brake_command_max_velocity_error_mps success: [0;0m2
[fsm_node-3] [0;32m Load param fsm/trajectory_guard/brake_retry_interval_s success: [0;0m0.1
[fsm_node-3] [0;32m Load param fsm/trajectory_guard/unknown_as_occupied success: [0;0m1
[fsm_node-3] [0;33m Load param fsm/trajectory_guard/raw_cloud/ciri_shadow_en failed, use default value: [0;0m0
[fsm_node-3] [0;33m Load param fsm/trajectory_guard/raw_cloud/accum_window_s failed, use default value: [0;0m1.5
[fsm_node-3] [0;33m Load param fsm/trajectory_guard/raw_cloud/ciri_min_points failed, use default value: [0;0m200
[fsm_node-3] [0;33m Load param fsm/trajectory_guard/raw_cloud/ciri_voxel_m failed, use default value: [0;0m0.1
[fsm_node-3] [0;33m Load param fsm/trajectory_guard/raw_cloud/near_field_shadow_en failed, use default value: [0;0m0
[fsm_node-3] [0;33m Load param fsm/trajectory_guard/raw_cloud/near_field_clearance_m failed, use default value: [0;0m0.2
[fsm_node-3] [0;33m Load param fsm/trajectory_guard/raw_cloud/near_field_horizon_s failed, use default value: [0;0m1
[fsm_node-3] [0;33m Load param fsm/trajectory_guard/raw_cloud/near_field_sample_dt_s failed, use default value: [0;0m0.01
[fsm_node-3] [0;33m Load param fsm/trajectory_guard/raw_cloud/near_field_min_interval_s failed, use default value: [0;0m0.1
[fsm_node-3] [0;33m Load param fsm/trajectory_guard/raw_cloud/near_field_min_points failed, use default value: [0;0m200
[fsm_node-3] [0;33m Load param fsm/trajectory_guard/raw_cloud/near_field_voxel_m failed, use default value: [0;0m0
[fsm_node-3] [0;33m Load param fsm/trajectory_guard/raw_cloud/near_field_test_replay_mode failed, use default value: [0;0m0
[fsm_node-3] [0;33m Load param fsm/trajectory_guard/raw_cloud/near_field_enforce_en failed, use default value: [0;0m0
[fsm_node-3] [0;33m Load param fsm/trajectory_guard/raw_cloud/near_field_result_max_age_s failed, use default value: [0;0m0.2
[fsm_node-3] [0;33m Load param fsm/trajectory_guard/raw_cloud/near_field_max_sequence_lag failed, use default value: [0;0m1
[fsm_node-3] [0;33m Load param fsm/trajectory_guard/raw_cloud/near_field_egress_tolerance_m failed, use default value: [0;0m0.005
[fsm_node-3] [0;33m Load param fsm/trajectory_guard/raw_cloud/near_field_egress_min_progress_m failed, use default value: [0;0m0.02
[fsm_node-3] [0;33m Load param fsm/trajectory_guard/frontend_risk/shadow_en failed, use default value: [0;0m0
[fsm_node-3] [0;33m Load param fsm/trajectory_guard/frontend_risk/enforce_en failed, use default value: [0;0m0
[fsm_node-3] [0;33m Load param fsm/trajectory_guard/frontend_risk/topic failed, use default value: [0;0m/planning/trajectory_risk_verdict
[fsm_node-3] [0;33m Load param fsm/trajectory_guard/frontend_risk/result_max_age_s failed, use default value: [0;0m0.2
[fsm_node-3] [0;33m Load param fsm/trajectory_guard/frontend_risk/source_max_age_s failed, use default value: [0;0m0.75
[fsm_node-3] [0;33m Load param fsm/trajectory_guard/frontend_risk/current_body_enforce_en failed, use default value: [0;0m0
[fsm_node-3] [0;33m Load param fsm/trajectory_guard/frontend_risk/current_body_result_max_age_s failed, use default value: [0;0m0.15
[fsm_node-3] [0;33m Load param fsm/trajectory_guard/frontend_risk/current_body_source_max_age_s failed, use default value: [0;0m0.2
[fsm_node-3] [0;32m Load param super_planner/yaw_dot_max success: [0;0m3
[fsm_node-3] [0;32m Load param super_planner/visualization_en success: [0;0m0
[fsm_node-3] [0;32m Load param rog_map/resolution success: [0;0m0.05
[fsm_node-3] Load config file: /root/super_ws/src/SUPER/super_planner/config/static_seedmaps_guard_viability_tight_v7_filtered_reliable.yaml
[fsm_node-3] [0;32m Load param rog_map/esdf/resolution success: [0;0m0.1
[fsm_node-3] [0;32m Load param rog_map/esdf/enable success: [0;0m0
[fsm_node-3] [0;32m Load param rog_map/esdf/local_update_box success: [0;0m[5 5 3 ]
[fsm_node-3] [0;32m Load param rog_map/load_pcd_en success: [0;0m0
[fsm_node-3] [0;32m Load param rog_map/map_sliding/enable success: [0;0m0
[fsm_node-3] [0;32m Load param rog_map/map_sliding/threshold success: [0;0m3
[fsm_node-3] [0;32m Load param rog_map/fix_map_origin success: [0;0m[0 0 1.5 ]
[fsm_node-3] [0;32m Load param rog_map/frontier_extraction_en success: [0;0m0
[fsm_node-3] [0;32m Load param rog_map/ros_callback/enable success: [0;0m1
[fsm_node-3] [0;32m Load param rog_map/ros_callback/cloud_topic success: [0;0m/cloud_sector
[fsm_node-3] [0;32m Load param rog_map/ros_callback/cloud_reliable success: [0;0m1
[fsm_node-3] [0;32m Load param rog_map/ros_callback/odom_topic success: [0;0m/lidar_slam/odom
[fsm_node-3] [0;32m Load param rog_map/ros_callback/odom_timeout success: [0;0m2
[fsm_node-3] [0;32m Load param rog_map/visualization/enable success: [0;0m0
[fsm_node-3] [0;32m Load param rog_map/visualization/use_dynamic_reconfigure success: [0;0m0
[fsm_node-3] [0;32m Load param rog_map/visualization/pub_unknown_map_en success: [0;0m0
[fsm_node-3] [0;32m Load param rog_map/visualization/frame_id success: [0;0mworld
[fsm_node-3] [0;32m Load param rog_map/visualization/time_rate success: [0;0m2
[fsm_node-3] [0;32m Load param rog_map/visualization/frame_rate success: [0;0m0
[fsm_node-3] [0;32m Load param rog_map/visualization/range success: [0;0m[15 15 4 ]
[fsm_node-3] [0;32m Load param rog_map/resolution success: [0;0m0.05
[fsm_node-3] [0;32m Load param rog_map/inflation_resolution success: [0;0m0.1
[fsm_node-3] [0;32m Load param rog_map/unk_inflation_en success: [0;0m0
[fsm_node-3] [0;32m Load param rog_map/unk_inflation_step success: [0;0m1
[fsm_node-3] [0;32m Load param rog_map/inflation_step success: [0;0m3
[fsm_node-3] [0;32m Load param rog_map/intensity_thresh success: [0;0m-10
[fsm_node-3] [0;32m Load param rog_map/map_size success: [0;0m[70 70 6 ]
[fsm_node-3] [0;32m Load param rog_map/point_filt_num success: [0;0m1
[fsm_node-3] [0;32m Load param rog_map/raycasting/enable success: [0;0m0
[fsm_node-3] [0;32m Load param rog_map/raycasting/batch_update_size success: [0;0m1
[fsm_node-3] [0;32m Load param rog_map/raycasting/unk_thresh success: [0;0m1
[fsm_node-3] [0;32m Load param rog_map/raycasting/p_hit success: [0;0m0.9
[fsm_node-3] [0;32m Load param rog_map/raycasting/p_miss success: [0;0m0.49
[fsm_node-3] [0;32m Load param rog_map/raycasting/p_min success: [0;0m0.12
[fsm_node-3] [0;32m Load param rog_map/raycasting/p_max success: [0;0m0.98
[fsm_node-3] [0;32m Load param rog_map/raycasting/p_occ success: [0;0m0.85
[fsm_node-3] [0;32m Load param rog_map/raycasting/p_free success: [0;0m0.499
[fsm_node-3] [0;32m Load param rog_map/raycasting/p_free success: [0;0m0.499
[fsm_node-3] [0;32m Load param rog_map/raycasting/ray_range success: [0;0m[0.5 100 ]
[fsm_node-3] [0;33m Load param rog_map/raycasting/observed_mark_range_max failed, use default value: [0;0m10
[fsm_node-3] [0;32m Load param rog_map/raycasting/local_update_box success: [0;0m[100 100 5 ]
[fsm_node-3] [0;32m Load param rog_map/virtual_ground_height success: [0;0m-0.1
[fsm_node-3] [0;32m Load param rog_map/virtual_ceil_height success: [0;0m3.5
[fsm_node-3] [32m -- [RM-Config] inflation_resolution: 0.1[0m
[fsm_node-3]  -- [ROG-Map] Init, resetMapSize: ORIGIN_AT_CORNER.
[fsm_node-3]  -- [ROG-Map] Init, resetMapSize: virtual_ceil_height: 3.1500000000000004, virtual_ground_height: 0.25.
[fsm_node-3] [34m	[ROG] n_free: 1[0m
[fsm_node-3] [34m	[ROG] n_occ: 1[0m
[fsm_node-3] [34m	[ROG] l_hit: 2.19722[0m
[fsm_node-3] [34m	[ROG] l_miss: -0.0400053[0m
[fsm_node-3] [34m	[ROG] l_min: -1.99243[0m
[fsm_node-3] [34m	[ROG] l_max: 3.89182[0m
[fsm_node-3] [34m	[ROG] l_occ: 1.7346[0m
[fsm_node-3] [34m	[ROG] l_free: -0.00399995[0m
[perfect_drone_frontend_node-2] Failed to find match for field 'intensity'.
[perfect_drone_frontend_node-2] [INFO] [1788951448.761904731] [perfect_drone_frontend_config]: raw DDS disabled: renderer -> native front-end uses direct SharedPtr handoff
[fsm_node-3] [33m -- [Inf-Map] Clear all local map.[0m
[fsm_node-3] [32m -- [CounterMap] Init successfully -- .[0m
[fsm_node-3] [32m	resolution: 0.1[0m
[fsm_node-3] [32m	map_sliding_en: 0[0m
[fsm_node-3] [32m	local_map_size_i: 709 709  69[0m
[fsm_node-3] [32m	local_map_size_d: 70.9 70.9  6.9[0m
[fsm_node-3] [33m -- [Inf-Map] Clear all local map.[0m
[fsm_node-3] [32m -- [InfMap] Init successfully -- .[0m
[fsm_node-3] [32m	resolution: 0.1[0m
[fsm_node-3] [32m	map_sliding_en: 0[0m
[fsm_node-3] [32m	local_map_size_i: 709 709  69[0m
[fsm_node-3] [32m	local_map_size_d: 70.9 70.9  6.9[0m
[fsm_node-3] [ProbMap] virtual_ceil_height: 3.15
[fsm_node-3] [ProbMap] virtual_ground_height: 0.25
[fsm_node-3] [33m -- [ProbMap] Map sliding disabled, set origin to [  0   0 1.5] -- [0m
[fsm_node-3] [33m -- [Prob-Map] Clear all local map.[0m
[fsm_node-3] [32m -- [ProbMap] Init successfully -- .[0m
[fsm_node-3] [32m	resolution: 0.05[0m
[fsm_node-3] [32m	map_sliding_en: 0[0m
[fsm_node-3] [32m	local_map_size_i: 1401 1401  121[0m
[fsm_node-3] [32m	local_map_size_d: 70.05 70.05  6.05[0m
[fsm_node-3] [38;2;000;128;000m -- [ROGMap] Immutable planner snapshot enabled (fixed occupancy-only map).
[fsm_node-3] [0mLoad config file: /root/super_ws/src/SUPER/super_planner/config/static_seedmaps_guard_viability_tight_v7_filtered_reliable.yaml
[fsm_node-3] Load config file: /root/super_ws/src/SUPER/super_planner/config/static_seedmaps_guard_viability_tight_v7_filtered_reliable.yaml
[fsm_node-3] [0;32m Load param traj_opt/switch/print_optimizer_log success: [0;0m0
[fsm_node-3] [0;32m Load param traj_opt/flatness/mass success: [0;0m1.64
[fsm_node-3] [0;32m Load param traj_opt/flatness/dh success: [0;0m0.35
[fsm_node-3] [0;32m Load param traj_opt/flatness/dv success: [0;0m0.35
[fsm_node-3] [0;32m Load param traj_opt/flatness/grav success: [0;0m9.81
[fsm_node-3] [0;32m Load param traj_opt/flatness/cp success: [0;0m0.001
[fsm_node-3] [0;32m Load param traj_opt/flatness/v_eps success: [0;0m0.0001
[fsm_node-3] [0;32m Load param traj_opt/switch/save_log_en success: [0;0m0
[fsm_node-3] [0;32m Load param traj_opt/exp_traj/pos_constraint_type success: [0;0m1
[fsm_node-3] [0;33m Load param traj_opt/exp_traj/piece_num failed, use default value: [0;0m1
[fsm_node-3] [0;33m Load param traj_opt/exp_traj/uniform_time_en failed, use default value: [0;0m0
[fsm_node-3] [0;32m Load param traj_opt/exp_traj/block_energy_cost success: [0;0m0
[fsm_node-3] [0;32m Load param traj_opt/exp_traj/opt_accuracy success: [0;0m5e-06
[fsm_node-3] [0;33m Load param traj_opt/exp_traj/max_iterations failed, use default value: [0;0m2048
[fsm_node-3] [0;32m Load param traj_opt/exp_traj/integral_reso success: [0;0m15
[fsm_node-3] [0;32m Load param traj_opt/exp_traj/smooth_eps success: [0;0m0.01
[fsm_node-3] [0;32m Load param traj_opt/boundary/max_vel success: [0;0m7
[fsm_node-3] [0;32m Load param traj_opt/boundary/max_acc success: [0;0m20
[fsm_node-3] [0;32m Load param traj_opt/boundary/max_jerk success: [0;0m120
[fsm_node-3] [0;32m Load param traj_opt/boundary/max_omg success: [0;0m2.5
[fsm_node-3] [0;32m Load param traj_opt/boundary/max_acc_thr success: [0;0m17
[fsm_node-3] [0;32m Load param traj_opt/boundary/min_acc_thr success: [0;0m6
[fsm_node-3] [0;32m Load param traj_opt/boundary/penna_margin success: [0;0m0.05
[fsm_node-3] [0;33m Load param traj_opt/exp_traj/penna_scale failed, use default value: [0;0m-1
[fsm_node-3] [0;32m Load param traj_opt/exp_traj/penna_t success: [0;0m1e+07
[fsm_node-3] [0;33m Load param traj_opt/exp_traj/penna_ts failed, use default value: [0;0m-1
[fsm_node-3] [0;32m Load param traj_opt/exp_traj/penna_pos success: [0;0m5e+09
[fsm_node-3] [0;32m Load param traj_opt/exp_traj/penna_clr success: [0;0m1e+06
[fsm_node-3] [0;32m Load param traj_opt/exp_traj/clearance_margin success: [0;0m0.1
[fsm_node-3] [0;32m Load param traj_opt/exp_traj/clearance_speed_gate success: [0;0m1.5
[fsm_node-3] [0;32m Load param traj_opt/exp_traj/clearance_speed_transition success: [0;0m0.5
[fsm_node-3] [0;33m Load param traj_opt/exp_traj/penna_passage_center failed, use default value: [0;0m-1
[fsm_node-3] [0;33m Load param traj_opt/exp_traj/passage_center_max_width failed, use default value: [0;0m0
[fsm_node-3] [0;33m Load param traj_opt/exp_traj/passage_center_min_opposition_cos failed, use default value: [0;0m0.9
[fsm_node-3] [0;33m Load param traj_opt/exp_traj/passage_center_min_horizontal_normal failed, use default value: [0;0m0.8
[fsm_node-3] [0;33m Load param traj_opt/exp_traj/passage_center_deadband failed, use default value: [0;0m0.15
[fsm_node-3] [0;33m Load param traj_opt/exp_traj/passage_center_log_en failed, use default value: [0;0m0
[fsm_node-3] [0;32m Load param traj_opt/exp_traj/penna_vel success: [0;0m5e+08
[fsm_node-3] [0;32m Load param traj_opt/exp_traj/penna_acc success: [0;0m5e+08
[fsm_node-3] [0;32m Load param traj_opt/exp_traj/penna_jerk success: [0;0m-5e+08
[fsm_node-3] [0;32m Load param traj_opt/exp_traj/penna_attract success: [0;0m5e+08
[fsm_node-3] [0;32m Load param traj_opt/exp_traj/penna_omg success: [0;0m-1
[fsm_node-3] [0;32m Load param traj_opt/exp_traj/penna_thr success: [0;0m-1
[fsm_node-3] Load config file: /root/super_ws/src/SUPER/super_planner/config/static_seedmaps_guard_viability_tight_v7_filtered_reliable.yaml
[fsm_node-3] [0;32m Load param traj_opt/switch/print_optimizer_log success: [0;0m0
[fsm_node-3] [0;32m Load param traj_opt/flatness/mass success: [0;0m1.64
[fsm_node-3] [0;32m Load param traj_opt/flatness/dh success: [0;0m0.35
[fsm_node-3] [0;32m Load param traj_opt/flatness/dv success: [0;0m0.35
[fsm_node-3] [0;32m Load param traj_opt/flatness/grav success: [0;0m9.81
[fsm_node-3] [0;32m Load param traj_opt/flatness/cp success: [0;0m0.001
[fsm_node-3] [0;32m Load param traj_opt/flatness/v_eps success: [0;0m0.0001
[fsm_node-3] [0;32m Load param traj_opt/switch/save_log_en success: [0;0m0
[fsm_node-3] [0;32m Load param traj_opt/backup_traj/pos_constraint_type success: [0;0m2
[fsm_node-3] [0;32m Load param traj_opt/backup_traj/piece_num success: [0;0m2
[fsm_node-3] [0;32m Load param traj_opt/backup_traj/uniform_time_en success: [0;0m1
[fsm_node-3] [0;32m Load param traj_opt/backup_traj/block_energy_cost success: [0;0m1
[fsm_node-3] [0;32m Load param traj_opt/backup_traj/opt_accuracy success: [0;0m1e-05
[fsm_node-3] [0;33m Load param traj_opt/backup_traj/max_iterations failed, use default value: [0;0m2048
[fsm_node-3] [0;32m Load param traj_opt/backup_traj/integral_reso success: [0;0m12
[fsm_node-3] [0;32m Load param traj_opt/backup_traj/smooth_eps success: [0;0m0.01
[fsm_node-3] [0;32m Load param traj_opt/boundary/max_vel success: [0;0m7
[fsm_node-3] [0;32m Load param traj_opt/boundary/max_acc success: [0;0m20
[fsm_node-3] [0;32m Load param traj_opt/boundary/max_jerk success: [0;0m120
[fsm_node-3] [0;32m Load param traj_opt/boundary/max_omg success: [0;0m2.5
[fsm_node-3] [0;32m Load param traj_opt/boundary/max_acc_thr success: [0;0m17
[fsm_node-3] [0;32m Load param traj_opt/boundary/min_acc_thr success: [0;0m6
[fsm_node-3] [0;32m Load param traj_opt/boundary/penna_margin success: [0;0m0.05
[fsm_node-3] [0;33m Load param traj_opt/backup_traj/penna_scale failed, use default value: [0;0m-1
[fsm_node-3] [0;32m Load param traj_opt/backup_traj/penna_t success: [0;0m100
[fsm_node-3] [0;32m Load param traj_opt/backup_traj/penna_ts success: [0;0m1e+07
[fsm_node-3] [0;32m Load param traj_opt/backup_traj/penna_pos success: [0;0m1e+10
[fsm_node-3] [0;32m Load param traj_opt/backup_traj/penna_clr success: [0;0m1e+06
[fsm_node-3] [0;32m Load param traj_opt/backup_traj/clearance_margin success: [0;0m0.1
[fsm_node-3] [0;32m Load param traj_opt/backup_traj/clearance_speed_gate success: [0;0m1.5
[fsm_node-3] [0;32m Load param traj_opt/backup_traj/clearance_speed_transition success: [0;0m0.5
[fsm_node-3] [0;33m Load param traj_opt/backup_traj/penna_passage_center failed, use default value: [0;0m-1
[fsm_node-3] [0;33m Load param traj_opt/backup_traj/passage_center_max_width failed, use default value: [0;0m0
[fsm_node-3] [0;33m Load param traj_opt/backup_traj/passage_center_min_opposition_cos failed, use default value: [0;0m0.9
[fsm_node-3] [0;33m Load param traj_opt/backup_traj/passage_center_min_horizontal_normal failed, use default value: [0;0m0.8
[fsm_node-3] [0;33m Load param traj_opt/backup_traj/passage_center_deadband failed, use default value: [0;0m0.15
[fsm_node-3] [0;33m Load param traj_opt/backup_traj/passage_center_log_en failed, use default value: [0;0m0
[fsm_node-3] [0;32m Load param traj_opt/backup_traj/penna_vel success: [0;0m1e+08
[fsm_node-3] [0;32m Load param traj_opt/backup_traj/penna_acc success: [0;0m1e+08
[fsm_node-3] [0;32m Load param traj_opt/backup_traj/penna_jerk success: [0;0m-1e+06
[fsm_node-3] [0;33m Load param traj_opt/backup_traj/penna_attract failed, use default value: [0;0m-1
[fsm_node-3] [0;32m Load param traj_opt/backup_traj/penna_omg success: [0;0m-1
[fsm_node-3] [0;32m Load param traj_opt/backup_traj/penna_thr success: [0;0m-1
[fsm_node-3] [0;32m Load param super_planner/print_log success: [0;0m0
[fsm_node-3] [0;32m Load param super_planner/detailed_log_en success: [0;0m0
[fsm_node-3] [0;32m Load param super_planner/visualization_en success: [0;0m0
[fsm_node-3] [0;32m Load param super_planner/backup_traj_en success: [0;0m1
[fsm_node-3] [0;32m Load param super_planner/goal_vel_en success: [0;0m0
[fsm_node-3] [0;32m Load param super_planner/goal_yaw_en success: [0;0m0
[fsm_node-3] [0;32m Load param super_planner/visual_process success: [0;0m0
[fsm_node-3] [0;32m Load param super_planner/use_fov_cut success: [0;0m0
[fsm_node-3] [0;33m Load param super_planner/fov_horizontal_angle failed, use default value: [0;0m-1
[fsm_node-3] [0;33m Load param super_planner/fov_center_heading failed, use default value: [0;0m0
[fsm_node-3] [0;32m Load param super_planner/frontend_in_known_free success: [0;0m0
[fsm_node-3] [0;32m Load param fsm/trajectory_guard/enable success: [0;0m1
[fsm_node-3] [0;32m Load param fsm/trajectory_guard/shadow success: [0;0m0
[fsm_node-3] [0;32m Load param fsm/trajectory_guard/validation_sample_dt_s success: [0;0m0.005
[fsm_node-3] [0;32m Load param fsm/trajectory_guard/shadow_min_interval_s success: [0;0m0
[fsm_node-3] [0;32m Load param fsm/trajectory_guard/additional_clearance_m success: [0;0m0
[fsm_node-3] [0;32m Load param fsm/trajectory_guard/escape_max_duration_s success: [0;0m1
[fsm_node-3] [0;32m Load param fsm/trajectory_guard/unknown_as_occupied success: [0;0m1
[fsm_node-3] [0;32m Load param fsm/trajectory_guard/escape_entry_grace_s success: [0;0m0
[fsm_node-3] [0;32m Load param fsm/trajectory_guard/initial_footprint_egress_enable success: [0;0m1
[fsm_node-3] [0;32m Load param super_planner/safe_corridor_line_max_length success: [0;0m6
[fsm_node-3] [0;32m Load param super_planner/sensing_horizon success: [0;0m-1
[fsm_node-3] [0;32m Load param super_planner/obs_skip_num success: [0;0m2
[fsm_node-3] [0;32m Load param super_planner/replan_forward_dt success: [0;0m0.1
[fsm_node-3] [0;32m Load param super_planner/corridor_bound_dis success: [0;0m0.8
[fsm_node-3] [0;32m Load param super_planner/corridor_line_max_length success: [0;0m1
[fsm_node-3] [0;32m Load param super_planner/planning_horizon success: [0;0m7
[fsm_node-3] [0;32m Load param super_planner/receding_dis success: [0;0m1
[fsm_node-3] [0;32m Load param super_planner/robot_r success: [0;0m0.2
[fsm_node-3] [0;32m Load param super_planner/corridor_use_inflated_obstacles success: [0;0m0
[fsm_node-3] [0;32m Load param super_planner/corridor_use_inflated_seed_lines success: [0;0m0
[fsm_node-3] [0;32m Load param super_planner/corridor_guard_retry_inflated success: [0;0m1
[fsm_node-3] [0;32m Load param super_planner/guard_corridor_retry_alternate_every success: [0;0m4
[fsm_node-3] [0;32m Load param super_planner/guard_topology_reroute/enable success: [0;0m1
[fsm_node-3] [0;32m Load param super_planner/guard_topology_reroute/radius_m success: [0;0m0.8
[fsm_node-3] [0;32m Load param super_planner/guard_topology_reroute/growth_m success: [0;0m0
[fsm_node-3] [0;32m Load param super_planner/guard_topology_reroute/max_radius_m success: [0;0m0.8
[fsm_node-3] [0;32m Load param super_planner/guard_topology_reroute/max_zones success: [0;0m6
[fsm_node-3] [0;32m Load param super_planner/guard_topology_reroute/max_stop_speed_mps success: [0;0m0.2
[fsm_node-3] [0;32m Load param super_planner/guard_topology_reroute/escalate_every_rejects success: [0;0m3
[fsm_node-3] [0;32m Load param super_planner/guard_topology_reroute/collision_merge_m success: [0;0m0.5
[fsm_node-3] [0;32m Load param super_planner/guard_topology_reroute/start_clearance_m success: [0;0m0.3
[fsm_node-3] [0;32m Load param super_planner/guard_topology_reroute/block_spacing_m success: [0;0m1
[fsm_node-3] [0;32m Load param super_planner/guard_topology_reroute/direction_merge_angle_deg success: [0;0m30
[fsm_node-3] [0;32m Load param super_planner/guard_topology_reroute/no_path_reset_attempts success: [0;0m3
[fsm_node-3] [0;32m Load param super_planner/guard_topology_reroute/vertical_recovery_enable success: [0;0m1
[fsm_node-3] [0;32m Load param super_planner/guard_topology_reroute/vertical_recovery_lift_m success: [0;0m0.6
[fsm_node-3] [0;32m Load param super_planner/guard_topology_reroute/vertical_recovery_trigger_distance_m success: [0;0m0.75
[fsm_node-3] [0;32m Load param super_planner/guard_topology_reroute/local_escape_enable success: [0;0m1
[fsm_node-3] [0;32m Load param super_planner/guard_topology_reroute/local_escape_distance_m success: [0;0m0.6
[fsm_node-3] [0;32m Load param super_planner/guard_topology_reroute/local_escape_attempts success: [0;0m4
[fsm_node-3] [0;32m Load param super_planner/guard_topology_reroute/episode_progress_reset_m success: [0;0m2
[fsm_node-3] [0;32m Load param super_planner/guard_topology_reroute/saturation_vertical_attempts success: [0;0m1
[fsm_node-3] [0;32m Load param super_planner/guard_topology_reroute/base_no_path_vertical_attempts success: [0;0m1
[fsm_node-3] [0;32m Load param super_planner/guard_direct_goal_fallback/enable success: [0;0m1
[fsm_node-3] [0;32m Load param super_planner/guard_direct_goal_fallback/max_distance_m success: [0;0m3
[fsm_node-3] [0;32m Load param super_planner/guard_direct_goal_fallback/min_duration_s success: [0;0m1
[fsm_node-3] [0;32m Load param super_planner/guard_viability/enable success: [0;0m1
[fsm_node-3] [0;32m Load param super_planner/guard_viability/horizon_s success: [0;0m2
[fsm_node-3] [0;32m Load param super_planner/guard_viability/sample_dt_s success: [0;0m0.3
[fsm_node-3] [0;32m Load param super_planner/guard_viability/brake_max_acc_mps2 success: [0;0m20
[fsm_node-3] [0;32m Load param super_planner/guard_viability/brake_max_jerk_mps3 success: [0;0m120
[fsm_node-3] [0;32m Load param super_planner/guard_viability/brake_min_duration_s success: [0;0m0.4
[fsm_node-3] [0;32m Load param super_planner/guard_viability/brake_max_duration_s success: [0;0m3
[fsm_node-3] [0;32m Load param super_planner/guard_viability/brake_attempts success: [0;0m12
[fsm_node-3] [0;32m Load param super_planner/guard_viability/speed_scale_step success: [0;0m1.25
[fsm_node-3] [0;32m Load param super_planner/guard_viability/speed_scale_max success: [0;0m3
[fsm_node-3] [0;32m Load param super_planner/guard_viability/max_retries success: [0;0m4
[fsm_node-3] [0;32m Load param super_planner/corridor_min_margin success: [0;0m0.2
[fsm_node-3] [0;32m Load param super_planner/corridor_pref_margin success: [0;0m0.3
[fsm_node-3] [0;32m Load param super_planner/iris_iter_num success: [0;0m2
[fsm_node-3] [0;32m Load param super_planner/yaw_mode success: [0;0m1
[fsm_node-3] [0;32m Load param super_planner/mpc_horizon success: [0;0m15
[fsm_node-3] [0;32m Load param super_planner/yaw_dot_max success: [0;0m3
[fsm_node-3] [0;32m Load param rog_map/resolution success: [0;0m0.05
[fsm_node-3] [INFO] [1788951449.679211823] [fsm_node]:  -- [TRAJ_GUARD] mode=enforce sample_dt=0.0050s shadow_min_interval=0.000s inflation_radius=0.300m robot_r=0.200m additional_clearance=0.000m hard_clearance=0.300m clearance_offsets=0
[fsm_node-3] [38;2;050;205;050m -- [Viz] Set resolution_ to 0.05
[fsm_node-3] [0m[38;2;050;205;050m -- [Viz] Set visualization_en_ to false
[fsm_node-3] [0mLoad config file: /root/super_ws/src/SUPER/super_planner/config/static_seedmaps_guard_viability_tight_v7_filtered_reliable.yaml
[fsm_node-3] [0;32m Load param astar/map_voxel_num success: [0;0m[500 500 100 ]
[fsm_node-3] [0;32m Load param astar/allow_diag success: [0;0m1
[fsm_node-3] [0;32m Load param astar/debug_visualization_en success: [0;0m0
[fsm_node-3] [0;32m Load param astar/heu_type success: [0;0m2
[fsm_node-3] [0;32m Load param astar/visual_process success: [0;0m0
[fsm_node-3] [32m -- [RM] Init Astar-map.[0m
[fsm_node-3] [34m	map index size: 250 250  50[0m
[fsm_node-3] [34m	map vox_num: 501 501 101[0m
[fsm_node-3] [INFO] [1788951451.439138106] [fsm_node]:  -- [FULL_REFRESH_ACK_GATE] listening sla=0.750s
[fsm_node-3] [33m -- [Fsm] CLICKGOAL ENABLE.[0m
[fsm_node-3] [INFO] [1788951451.440629800] [fsm_node]: [32m -- [Fsm-Test] Begin.[0m
[fsm_node-3] [38;2;000;128;000m -- [Fsm]: [MainFsmCallback] change state from [INIT] to [WAIT_GOAL].
[fsm_node-3] [0m -- [Fsm] MAP_NOT_READY reason=scan_span accepted=10 committed=10 version=10 lag=0 span=0.826s cloud_age=0.094s committed_cloud_age=0.094s commit_age=0.086s in_progress=false
[fsm_node-3] [32m -- [Fsm 1.000] Current state: WAIT_GOAL[0m
[fsm_node-3]  -- [Fsm] MAP_READY accepted=12 committed=11 version=11 lag=1 span=1.026s cloud_age=0.003s committed_cloud_age=0.099s commit_age=0.086s in_progress=true
[fsm_node-3] [32m -- [Fsm] Get goal at [0m24.025 20.025  1.525
[fsm_node-3] [32m -- [Fsm] Receive click goal at: [24.025 20.025  1.525]; goal yaw: 0.000 deg[0m
[fsm_node-3] [INFO] [1788951452.495442815] [fsm_node]:  -- [OPTIMIZER_PHASE_MEMORY] optimizer=exp event=begin call=1 rss_mib=3095.367 swap_mib=0.000 variables=17 pieces=5
[fsm_node-3] [INFO] [1788951452.509243082] [fsm_node]:  -- [OPTIMIZER_PHASE_MEMORY] optimizer=exp event=end call=1 duration_ms=13.843 iterations=1047 ret=1 rss_mib=3095.375 swap_mib=0.000 rss_delta_mib=0.008
[fsm_node-3] [INFO] [1788951452.509304692] [fsm_node]:  -- [SUPER] in [PlanFromRest] GenerateExpTrajectory SUCCESS.
[fsm_node-3] [INFO] [1788951452.598240350] [fsm_node]:  -- [OPTIMIZER_PHASE_MEMORY] optimizer=backup event=begin call=1 rss_mib=3095.469 swap_mib=0.000 variables=18 pieces=2
[fsm_node-3] [INFO] [1788951452.608994353] [fsm_node]:  -- [OPTIMIZER_PHASE_MEMORY] optimizer=backup event=end call=1 duration_ms=10.765 iterations=1380 ret=1 rss_mib=3095.469 swap_mib=0.000 rss_delta_mib=0.000
[fsm_node-3] [INFO] [1788951452.609089026] [fsm_node]:  -- [OPTIMIZER_PHASE_MEMORY] optimizer=backup event=begin call=2 rss_mib=3095.480 swap_mib=0.000 variables=18 pieces=2
[fsm_node-3] [INFO] [1788951452.609726864] [fsm_node]:  -- [OPTIMIZER_PHASE_MEMORY] optimizer=backup event=end call=2 duration_ms=0.638 iterations=141 ret=1 rss_mib=3095.488 swap_mib=0.000 rss_delta_mib=0.008
[fsm_node-3] [INFO] [1788951452.610090915] [fsm_node]:  -- [TRAJ_GUARD_COMMIT] phase=PlanFromRest/with_backup gen=1 map=13 samples=279 range=[0.129,1.510] escape=false footprint_egress=false escape_done_tt=-1.000
[fsm_node-3] [INFO] [1788951452.714440686] [fsm_node]:  -- [OPTIMIZER_PHASE_MEMORY] optimizer=exp event=begin call=2 rss_mib=3095.828 swap_mib=0.000 variables=17 pieces=5
[fsm_node-3] [INFO] [1788951452.718645098] [fsm_node]:  -- [OPTIMIZER_PHASE_MEMORY] optimizer=exp event=end call=2 duration_ms=4.270 iterations=379 ret=1 rss_mib=3095.836 swap_mib=0.000 rss_delta_mib=0.008
[fsm_node-3] [INFO] [1788951452.814577765] [fsm_node]:  -- [OPTIMIZER_PHASE_MEMORY] optimizer=backup event=begin call=3 rss_mib=3096.066 swap_mib=0.000 variables=18 pieces=2
[fsm_node-3] [INFO] [1788951452.816795152] [fsm_node]:  -- [OPTIMIZER_PHASE_MEMORY] optimizer=backup event=end call=3 duration_ms=2.282 iterations=396 ret=1 rss_mib=3096.066 swap_mib=0.000 rss_delta_mib=0.000
[fsm_node-3] [INFO] [1788951452.816874970] [fsm_node]:  -- [OPTIMIZER_PHASE_MEMORY] optimizer=backup event=begin call=4 rss_mib=3096.078 swap_mib=0.000 variables=18 pieces=2
[fsm_node-3] [INFO] [1788951452.817305290] [fsm_node]:  -- [OPTIMIZER_PHASE_MEMORY] optimizer=backup event=end call=4 duration_ms=0.432 iterations=102 ret=1 rss_mib=3096.078 swap_mib=0.000 rss_delta_mib=0.000
[fsm_node-3] [WARN] [1788951452.817333053] [fsm_node]:  -- [SUPER] in [ReplanOnce]: Replan overtime, check parameters, replan dt = 0.122669889.
[fsm_node-3] [INFO] [1788951452.848814818] [fsm_node]:  -- [OPTIMIZER_PHASE_MEMORY] optimizer=exp event=begin call=3 rss_mib=3096.078 swap_mib=0.000 variables=17 pieces=5
[fsm_node-3] [INFO] [1788951452.855062173] [fsm_node]:  -- [OPTIMIZER_PHASE_MEMORY] optimizer=exp event=end call=3 duration_ms=6.281 iterations=477 ret=1 rss_mib=3096.086 swap_mib=0.000 rss_delta_mib=0.008
[fsm_node-3] [INFO] [1788951452.952382243] [fsm_node]:  -- [OPTIMIZER_PHASE_MEMORY] optimizer=backup event=begin call=5 rss_mib=3096.316 swap_mib=0.000 variables=18 pieces=2
[fsm_node-3] [INFO] [1788951452.955730038] [fsm_node]:  -- [OPTIMIZER_PHASE_MEMORY] optimizer=backup event=end call=5 duration_ms=3.412 iterations=565 ret=1 rss_mib=3096.332 swap_mib=0.000 rss_delta_mib=0.016
[fsm_node-3] [INFO] [1788951452.955841973] [fsm_node]:  -- [OPTIMIZER_PHASE_MEMORY] optimizer=backup event=begin call=6 rss_mib=3096.344 swap_mib=0.000 variables=18 pieces=2
[fsm_node-3] [INFO] [1788951452.958270468] [fsm_node]:  -- [OPTIMIZER_PHASE_MEMORY] optimizer=backup event=end call=6 duration_ms=2.421 iterations=419 ret=1 rss_mib=3096.344 swap_mib=0.000 rss_delta_mib=0.000
[fsm_node-3] [WARN] [1788951452.958313473] [fsm_node]:  -- [SUPER] in [ReplanOnce]: Replan overtime, check parameters, replan dt = 0.140739564.
[fsm_node-3] [INFO] [1788951452.979596768] [fsm_node]:  -- [OPTIMIZER_PHASE_MEMORY] optimizer=exp event=begin call=4 rss_mib=3096.344 swap_mib=0.000 variables=17 pieces=5
[fsm_node-3] [INFO] [1788951452.985944515] [fsm_node]:  -- [OPTIMIZER_PHASE_MEMORY] optimizer=exp event=end call=4 duration_ms=6.411 iterations=441 ret=1 rss_mib=3096.344 swap_mib=0.000 rss_delta_mib=0.000
[fsm_node-3] [INFO] [1788951453.077470435] [fsm_node]:  -- [OPTIMIZER_PHASE_MEMORY] optimizer=backup event=begin call=7 rss_mib=3096.344 swap_mib=0.000 variables=18 pieces=2
[fsm_node-3] [INFO] [1788951453.081695061] [fsm_node]:  -- [OPTIMIZER_PHASE_MEMORY] optimizer=backup event=end call=7 duration_ms=4.251 iterations=686 ret=1 rss_mib=3096.438 swap_mib=0.000 rss_delta_mib=0.094
[fsm_node-3] [INFO] [1788951453.081775940] [fsm_node]:  -- [OPTIMIZER_PHASE_MEMORY] optimizer=backup event=begin call=8 rss_mib=3096.438 swap_mib=0.000 variables=18 pieces=2
[fsm_node-3] [INFO] [1788951453.082898430] [fsm_node]:  -- [OPTIMIZER_PHASE_MEMORY] optimizer=backup event=end call=8 duration_ms=1.121 iterations=235 ret=1 rss_mib=3096.438 swap_mib=0.000 rss_delta_mib=0.000
[fsm_node-3] [WARN] [1788951453.082928085] [fsm_node]:  -- [SUPER] in [ReplanOnce]: Replan overtime, check parameters, replan dt = 0.124296861.
[fsm_node-3] [INFO] [1788951453.101397222] [fsm_node]:  -- [OPTIMIZER_PHASE_MEMORY] optimizer=exp event=begin call=5 rss_mib=3096.438 swap_mib=0.000 variables=17 pieces=5
[fsm_node-3] [INFO] [1788951453.106731760] [fsm_node]:  -- [OPTIMIZER_PHASE_MEMORY] optimizer=exp event=end call=5 duration_ms=5.384 iterations=427 ret=1 rss_mib=3096.438 swap_mib=0.000 rss_delta_mib=0.000
[fsm_node-3] [INFO] [1788951453.187994751] [fsm_node]:  -- [OPTIMIZER_PHASE_MEMORY] optimizer=backup event=begin call=9 rss_mib=3096.512 swap_mib=0.000 variables=18 pieces=2
[fsm_node-3] [INFO] [1788951453.188730534] [fsm_node]:  -- [OPTIMIZER_PHASE_MEMORY] optimizer=backup event=end call=9 duration_ms=0.771 iterations=161 ret=1 rss_mib=3096.512 swap_mib=0.000 rss_delta_mib=0.000
[fsm_node-3] [INFO] [1788951453.188798027] [fsm_node]:  -- [OPTIMIZER_PHASE_MEMORY] optimizer=backup event=begin call=10 rss_mib=3096.512 swap_mib=0.000 variables=18 pieces=2
[fsm_node-3] [INFO] [1788951453.191395816] [fsm_node]:  -- [OPTIMIZER_PHASE_MEMORY] optimizer=backup event=end call=10 duration_ms=2.597 iterations=510 ret=1 rss_mib=3096.512 swap_mib=0.000 rss_delta_mib=0.000
[fsm_node-3] [WARN] [1788951453.191430870] [fsm_node]:  -- [SUPER] in [ReplanOnce]: Replan overtime, check parameters, replan dt = 0.108307062.
[fsm_node-3] [INFO] [1788951453.208111491] [fsm_node]:  -- [OPTIMIZER_PHASE_MEMORY] optimizer=exp event=begin call=6 rss_mib=3096.512 swap_mib=0.000 variables=17 pieces=5
[fsm_node-3] [INFO] [1788951453.233935081] [fsm_node]:  -- [OPTIMIZER_PHASE_MEMORY] optimizer=exp event=end call=6 duration_ms=25.845 iterations=1907 ret=1 rss_mib=3096.520 swap_mib=0.000 rss_delta_mib=0.008
[fsm_node-3] [INFO] [1788951453.319321280] [fsm_node]:  -- [OPTIMIZER_PHASE_MEMORY] optimizer=backup event=begin call=11 rss_mib=3096.617 swap_mib=0.000 variables=18 pieces=2
[fsm_node-3] [INFO] [1788951453.323228894] [fsm_node]:  -- [OPTIMIZER_PHASE_MEMORY] optimizer=backup event=end call=11 duration_ms=3.929 iterations=652 ret=1 rss_mib=3096.617 swap_mib=0.000 rss_delta_mib=0.000
[fsm_node-3] [INFO] [1788951453.323308967] [fsm_node]:  -- [OPTIMIZER_PHASE_MEMORY] optimizer=backup event=begin call=12 rss_mib=3096.629 swap_mib=0.000 variables=18 pieces=2
[fsm_node-3] [INFO] [1788951453.325265949] [fsm_node]:  -- [OPTIMIZER_PHASE_MEMORY] optimizer=backup event=end call=12 duration_ms=1.957 iterations=427 ret=1 rss_mib=3096.629 swap_mib=0.000 rss_delta_mib=0.000
[fsm_node-3] [WARN] [1788951453.325292594] [fsm_node]:  -- [SUPER] in [ReplanOnce]: Replan overtime, check parameters, replan dt = 0.133708693.
[fsm_node-3] [INFO] [1788951453.340810055] [fsm_node]:  -- [OPTIMIZER_PHASE_MEMORY] optimizer=exp event=begin call=7 rss_mib=3096.629 swap_mib=0.000 variables=17 pieces=5
[fsm_node-3] [INFO] [1788951453.349315240] [fsm_node]:  -- [OPTIMIZER_PHASE_MEMORY] optimizer=exp event=end call=7 duration_ms=8.542 iterations=642 ret=1 rss_mib=3096.637 swap_mib=0.000 rss_delta_mib=0.008
[fsm_node-3] [38;2;000;128;000m -- [Fsm]: [MainFsmCallback] change state from [WAIT_GOAL] to [GENERATE_TRAJ].
[fsm_node-3] [0m -- [TRAJ_GUARD_CERT] trigger=poly_publish status=SAFE gen=1 map=13 map_age=0.033s map_age_limit=0.550s motion_speed=0.621mps samples=278 range=[0.129,1.510] collision_tt=-1.000 ttc=-1.000 p=[0.000,0.000,0.000]
[fsm_node-3] [38;2;000;128;000m -- [Fsm]: [MainFsmCallback] change state from [GENERATE_TRAJ] to [FOLLOW_TRAJ].
[fsm_node-3] [0m -- [TRAJ_GUARD_CERT] trigger=main_pre status=SAFE gen=1 map=14 map_age=0.004s map_age_limit=0.550s motion_speed=1.526mps samples=263 range=[0.200,1.510] collision_tt=-1.000 ttc=-1.000 p=[0.000,0.000,0.000]
[fsm_node-3]  -- [TRAJ_GUARD_CERT] trigger=main_pre status=SAFE gen=1 map=15 map_age=0.006s map_age_limit=0.501s motion_speed=3.470mps samples=243 range=[0.300,1.510] collision_tt=-1.000 ttc=-1.000 p=[0.000,0.000,0.000]
[fsm_node-3]  -- [TRAJ_GUARD_CERT] trigger=main_pre status=SAFE gen=1 map=16 map_age=0.004s map_age_limit=0.500s motion_speed=5.378mps samples=221 range=[0.410,1.510] collision_tt=-1.000 ttc=-1.000 p=[0.000,0.000,0.000]
[fsm_node-3]  -- [TRAJ_GUARD_CERT] trigger=main_pre status=SAFE gen=1 map=17 map_age=0.003s map_age_limit=0.500s motion_speed=6.353mps samples=203 range=[0.500,1.510] collision_tt=-1.000 ttc=-1.000 p=[0.000,0.000,0.000]
[fsm_node-3]  -- [TRAJ_GUARD_CERT] trigger=main_pre status=SAFE gen=1 map=18 map_age=0.004s map_age_limit=0.500s motion_speed=6.861mps samples=183 range=[0.600,1.510] collision_tt=-1.000 ttc=-1.000 p=[0.000,0.000,0.000]
[fsm_node-3]  -- [TRAJ_GUARD_CERT] trigger=main_pre status=SAFE gen=1 map=19 map_age=0.008s map_age_limit=0.500s motion_speed=6.998mps samples=161 range=[0.710,1.510] collision_tt=-1.000 ttc=-1.000 p=[0.000,0.000,0.000]
[fsm_node-3]  -- [TRAJ_GUARD_CERT] trigger=main_pre status=SAFE gen=1 map=20 map_age=0.003s map_age_limit=0.500s motion_speed=6.991mps samples=143 range=[0.800,1.510] collision_tt=-1.000 ttc=-1.000 p=[0.000,0.000,0.000]
[fsm_node-3] [32m -- [Fsm] Get goal at [0m24.025000000000002 20.025000000000002  1.525000000000000
[fsm_node-3] [32m -- [Fsm] Receive click goal at: [24.025000000000002 20.025000000000002  1.525000000000000]; goal yaw: 0.000000000000000 deg[0m
[fsm_node-3] [INFO] [1788951453.425844430] [fsm_node]:  -- [OPTIMIZER_PHASE_MEMORY] optimizer=backup event=begin call=13 rss_mib=3096.637 swap_mib=0.000 variables=18 pieces=2
[fsm_node-3] [INFO] [1788951453.426915500] [fsm_node]:  -- [OPTIMIZER_PHASE_MEMORY] optimizer=backup event=end call=13 duration_ms=1.141 iterations=228 ret=1 rss_mib=3096.641 swap_mib=0.000 rss_delta_mib=0.004
[fsm_node-3] [INFO] [1788951453.426990035] [fsm_node]:  -- [OPTIMIZER_PHASE_MEMORY] optimizer=backup event=begin call=14 rss_mib=3096.652 swap_mib=0.000 variables=18 pieces=2
[fsm_node-3] [INFO] [1788951453.427434009] [fsm_node]:  -- [OPTIMIZER_PHASE_MEMORY] optimizer=backup event=end call=14 duration_ms=0.445 iterations=111 ret=1 rss_mib=3096.652 swap_mib=0.000 rss_delta_mib=0.000
[fsm_node-3] [WARN] [1788951453.427462436] [fsm_node]:  -- [SUPER] in [ReplanOnce]: Replan overtime, check parameters, replan dt = 0.101956765.
[perfect_drone_frontend_node-2] [INFO] [1788951453.427944717] [native_sector_cpp]: frames=46 published=46 kept 39.8% (6695/16812 pts/input-frame)
[fsm_node-3] [INFO] [1788951453.440607851] [fsm_node]:  -- [OPTIMIZER_PHASE_MEMORY] optimizer=exp event=begin call=8 rss_mib=3096.652 swap_mib=0.000 variables=17 pieces=5
[fsm_node-3] [INFO] [1788951453.449895775] [fsm_node]:  -- [OPTIMIZER_PHASE_MEMORY] optimizer=exp event=end call=8 duration_ms=9.323 iterations=701 ret=1 rss_mib=3096.660 swap_mib=0.000 rss_delta_mib=0.008
[fsm_node-3]  -- [TRAJ_GUARD_CERT] trigger=main_pre status=SAFE gen=1 map=21 map_age=0.003s map_age_limit=0.500s motion_speed=6.983mps samples=123 range=[0.900,1.510] collision_tt=-1.000 ttc=-1.000 p=[0.000,0.000,0.000]
[fsm_node-3] [32m -- [Fsm 2.010] Current state: FOLLOW_TRAJ[0m
[fsm_node-3] [INFO] [1788951453.536118859] [fsm_node]:  -- [OPTIMIZER_PHASE_MEMORY] optimizer=backup event=begin call=15 rss_mib=3096.734 swap_mib=0.000 variables=18 pieces=2
[fsm_node-3] [INFO] [1788951453.537778175] [fsm_node]:  -- [OPTIMIZER_PHASE_MEMORY] optimizer=backup event=end call=15 duration_ms=1.718 iterations=381 ret=1 rss_mib=3096.742 swap_mib=0.000 rss_delta_mib=0.008
[fsm_node-3] [INFO] [1788951453.537856003] [fsm_node]:  -- [OPTIMIZER_PHASE_MEMORY] optimizer=backup event=begin call=16 rss_mib=3096.754 swap_mib=0.000 variables=18 pieces=2
[fsm_node-3] [INFO] [1788951453.540391495] [fsm_node]:  -- [OPTIMIZER_PHASE_MEMORY] optimizer=backup event=end call=16 duration_ms=2.535 iterations=493 ret=1 rss_mib=3096.754 swap_mib=0.000 rss_delta_mib=0.000
[fsm_node-3] [WARN] [1788951453.540426090] [fsm_node]:  -- [SUPER] in [ReplanOnce]: Replan overtime, check parameters, replan dt = 0.112698631.
[fsm_node-3] [INFO] [1788951453.553935770] [fsm_node]:  -- [OPTIMIZER_PHASE_MEMORY] optimizer=exp event=begin call=9 rss_mib=3096.754 swap_mib=0.000 variables=17 pieces=5
[fsm_node-3] [INFO] [1788951453.561392107] [fsm_node]:  -- [OPTIMIZER_PHASE_MEMORY] optimizer=exp event=end call=9 duration_ms=7.504 iterations=594 ret=1 rss_mib=3096.754 swap_mib=0.000 rss_delta_mib=0.000
[fsm_node-3] [INFO] [1788951453.639188099] [fsm_node]:  -- [OPTIMIZER_PHASE_MEMORY] optimizer=backup event=begin call=17 rss_mib=3096.754 swap_mib=0.000 variables=18 pieces=2
[fsm_node-3] [INFO] [1788951453.644572705] [fsm_node]:  -- [OPTIMIZER_PHASE_MEMORY] optimizer=backup event=end call=17 duration_ms=5.436 iterations=853 ret=1 rss_mib=3096.754 swap_mib=0.000 rss_delta_mib=0.000
[fsm_node-3] [INFO] [1788951453.644646416] [fsm_node]:  -- [OPTIMIZER_PHASE_MEMORY] optimizer=backup event=begin call=18 rss_mib=3096.754 swap_mib=0.000 variables=18 pieces=2
[fsm_node-3] [INFO] [1788951453.647776176] [fsm_node]:  -- [OPTIMIZER_PHASE_MEMORY] optimizer=backup event=end call=18 duration_ms=3.128 iterations=564 ret=1 rss_mib=3096.754 swap_mib=0.000 rss_delta_mib=0.000
[fsm_node-3] [WARN] [1788951453.647824163] [fsm_node]:  -- [SUPER] in [ReplanOnce]: Replan overtime, check parameters, replan dt = 0.107093823.
[fsm_node-3] [INFO] [1788951453.660658143] [fsm_node]:  -- [OPTIMIZER_PHASE_MEMORY] optimizer=exp event=begin call=10 rss_mib=3096.754 swap_mib=0.000 variables=13 pieces=4
[fsm_node-3] [INFO] [1788951453.662281163] [fsm_node]:  -- [OPTIMIZER_PHASE_MEMORY] optimizer=exp event=end call=10 duration_ms=1.660 iterations=180 ret=1 rss_mib=3096.754 swap_mib=0.000 rss_delta_mib=0.000
[fsm_node-3] [INFO] [1788951453.743471087] [fsm_node]:  -- [OPTIMIZER_PHASE_MEMORY] optimizer=backup event=begin call=19 rss_mib=3096.852 swap_mib=0.000 variables=18 pieces=2
[fsm_node-3] [INFO] [1788951453.745241291] [fsm_node]:  -- [OPTIMIZER_PHASE_MEMORY] optimizer=backup event=end call=19 duration_ms=1.802 iterations=411 ret=1 rss_mib=3096.883 swap_mib=0.000 rss_delta_mib=0.031
[fsm_node-3] [INFO] [1788951453.745310227] [fsm_node]:  -- [OPTIMIZER_PHASE_MEMORY] optimizer=backup event=begin call=20 rss_mib=3096.883 swap_mib=0.000 variables=18 pieces=2
[fsm_node-3] [INFO] [1788951453.745824270] [fsm_node]:  -- [OPTIMIZER_PHASE_MEMORY] optimizer=backup event=end call=20 duration_ms=0.515 iterations=125 ret=1 rss_mib=3096.883 swap_mib=0.000 rss_delta_mib=0.000
[fsm_node-3] [WARN] [1788951453.745878840] [fsm_node]:  -- [SUPER] in [ReplanOnce]: Replan overtime, check parameters, replan dt = 0.097737319.
[fsm_node-3] [INFO] [1788951453.758290704] [fsm_node]:  -- [OPTIMIZER_PHASE_MEMORY] optimizer=exp event=begin call=11 rss_mib=3096.883 swap_mib=0.000 variables=13 pieces=4
[fsm_node-3] [INFO] [1788951453.761128881] [fsm_node]:  -- [OPTIMIZER_PHASE_MEMORY] optimizer=exp event=end call=11 duration_ms=2.891 iterations=302 ret=1 rss_mib=3096.883 swap_mib=0.000 rss_delta_mib=0.000
[fsm_node-3] [WARN] [1788951453.761135663] [fsm_node]:  -- [ExpOpt] Opt failed, Omg or thr or Pos violation.
[fsm_node-3] [WARN] [1788951453.761160132] [fsm_node]:  -- [SUPER] OptimizationExpTrajInPolytopes for new path failed
[fsm_node-3] [WARN] [1788951453.761167036] [fsm_node]:  -- [SUPER] in [ReplanOnce]: GenerateExpTrajectory failed, force return
[fsm_node-3]  -- [TRAJ_GUARD_CERT] trigger=main_pre status=SAFE gen=1 map=22 map_age=0.004s map_age_limit=0.500s motion_speed=6.950mps samples=103 range=[1.000,1.510] collision_tt=-1.000 ttc=-1.000 p=[0.000,0.000,0.000]
[fsm_node-3]  -- [TRAJ_GUARD_CERT] trigger=main_pre status=SAFE gen=1 map=23 map_age=0.003s map_age_limit=0.500s motion_speed=6.571mps samples=83 range=[1.100,1.510] collision_tt=-1.000 ttc=-1.000 p=[0.000,0.000,0.000]
[fsm_node-3]  -- [TRAJ_GUARD_CERT] trigger=main_pre status=SAFE gen=1 map=24 map_age=0.004s map_age_limit=0.500s motion_speed=4.871mps samples=63 range=[1.200,1.510] collision_tt=-1.000 ttc=-1.000 p=[0.000,0.000,0.000]
[fsm_node-3] [33m -- [MINCO] TrajOpt failed, (unknown)[0m
[fsm_node-3] [33m -- [SUPER] Minco exp_traj opt failed.[0m
[perfect_drone_frontend_node-2] [INFO] [1788951453.766394606] [perfect_tracking]: [SENSOR_CADENCE_SUMMARY] frames=50 span_s=4.898556 hz=10.002948 raw_published=0 direct_handoffs=50 payload_bytes=27653920 side_entry_v1_enabled=0 side_entry_v1_spawned=0 side_entry_v1_injected_frames=0
[fsm_node-3] [INFO] [1788951453.775043691] [fsm_node]:  -- [OPTIMIZER_PHASE_MEMORY] optimizer=exp event=begin call=12 rss_mib=3096.984 swap_mib=0.000 variables=17 pieces=5
[fsm_node-3] [INFO] [1788951453.780161436] [fsm_node]:  -- [OPTIMIZER_PHASE_MEMORY] optimizer=exp event=end call=12 duration_ms=5.163 iterations=424 ret=1 rss_mib=3096.984 swap_mib=0.000 rss_delta_mib=0.000
[fsm_node-3] [INFO] [1788951453.868400137] [fsm_node]:  -- [OPTIMIZER_PHASE_MEMORY] optimizer=backup event=begin call=21 rss_mib=3097.027 swap_mib=0.000 variables=18 pieces=2
[fsm_node-3] [INFO] [1788951453.869576033] [fsm_node]:  -- [OPTIMIZER_PHASE_MEMORY] optimizer=backup event=end call=21 duration_ms=1.212 iterations=238 ret=1 rss_mib=3097.027 swap_mib=0.000 rss_delta_mib=0.000
[fsm_node-3] [INFO] [1788951453.869654535] [fsm_node]:  -- [OPTIMIZER_PHASE_MEMORY] optimizer=backup event=begin call=22 rss_mib=3097.027 swap_mib=0.000 variables=18 pieces=2
[fsm_node-3] [INFO] [1788951453.870285889] [fsm_node]:  -- [OPTIMIZER_PHASE_MEMORY] optimizer=backup event=end call=22 duration_ms=0.632 iterations=136 ret=1 rss_mib=3097.027 swap_mib=0.000 rss_delta_mib=0.000
[fsm_node-3] [WARN] [1788951453.870319571] [fsm_node]:  -- [SUPER] in [ReplanOnce]: Replan overtime, check parameters, replan dt = 0.108875222.
[fsm_node-3] [INFO] [1788951453.884572285] [fsm_node]:  -- [OPTIMIZER_PHASE_MEMORY] optimizer=exp event=begin call=13 rss_mib=3097.027 swap_mib=0.000 variables=17 pieces=5
[fsm_node-3] [INFO] [1788951453.892769218] [fsm_node]:  -- [OPTIMIZER_PHASE_MEMORY] optimizer=exp event=end call=13 duration_ms=8.236 iterations=587 ret=1 rss_mib=3097.035 swap_mib=0.000 rss_delta_mib=0.008
[fsm_node-3] [INFO] [1788951453.984265624] [fsm_node]:  -- [OPTIMIZER_PHASE_MEMORY] optimizer=backup event=begin call=23 rss_mib=3099.738 swap_mib=0.000 variables=18 pieces=2
[fsm_node-3] [INFO] [1788951453.985197249] [fsm_node]:  -- [OPTIMIZER_PHASE_MEMORY] optimizer=backup event=end call=23 duration_ms=0.989 iterations=181 ret=1 rss_mib=3099.746 swap_mib=0.000 rss_delta_mib=0.008
[fsm_node-3] [INFO] [1788951453.985275237] [fsm_node]:  -- [OPTIMIZER_PHASE_MEMORY] optimizer=backup event=begin call=24 rss_mib=3099.758 swap_mib=0.000 variables=18 pieces=2
[fsm_node-3] [INFO] [1788951453.985653450] [fsm_node]:  -- [OPTIMIZER_PHASE_MEMORY] optimizer=backup event=end call=24 duration_ms=0.379 iterations=84 ret=1 rss_mib=3099.758 swap_mib=0.000 rss_delta_mib=0.000
[fsm_node-3] [WARN] [1788951453.985682882] [fsm_node]:  -- [SUPER] in [ReplanOnce]: Replan overtime, check parameters, replan dt = 0.115080798.
[fsm_node-3] [INFO] [1788951453.986630025] [fsm_node]:  -- [TRAJ_GUARD_COMMIT] phase=ReplanOnce/no_backup gen=2 map=27 samples=31 range=[1.506,1.646] escape=false footprint_egress=false escape_done_tt=-1.000
[fsm_node-3]  -- [TRAJ_GUARD_CERT] trigger=main_pre status=SAFE gen=1 map=25 map_age=0.006s map_age_limit=0.522s motion_speed=3.061mps samples=43 range=[1.300,1.510] collision_tt=-1.000 ttc=-1.000 p=[0.000,0.000,0.000]
[fsm_node-3]  -- [TRAJ_GUARD_CERT] trigger=main_pre status=SAFE gen=1 map=26 map_age=0.052s map_age_limit=0.550s motion_speed=0.357mps samples=13 range=[1.450,1.510] collision_tt=-1.000 ttc=-1.000 p=[0.000,0.000,0.000]
[fsm_node-3]  -- [TRAJ_GUARD_CERT] trigger=main_pre status=SAFE gen=1 map=27 map_age=0.004s map_age_limit=0.550s motion_speed=0.012mps samples=3 range=[1.500,1.510] collision_tt=-1.000 ttc=-1.000 p=[0.000,0.000,0.000]
[fsm_node-3] [32m -- [Fsm] ReplanOnce succeed.[0m
[fsm_node-3] [INFO] [1788951454.026388249] [fsm_node]:  -- [OPTIMIZER_PHASE_MEMORY] optimizer=exp event=begin call=14 rss_mib=3099.766 swap_mib=0.000 variables=17 pieces=5
[fsm_node-3] [INFO] [1788951454.031522270] [fsm_node]:  -- [OPTIMIZER_PHASE_MEMORY] optimizer=exp event=end call=14 duration_ms=5.167 iterations=437 ret=1 rss_mib=3099.766 swap_mib=0.000 rss_delta_mib=0.000
[fsm_node-3] [INFO] [1788951454.114670820] [fsm_node]:  -- [OPTIMIZER_PHASE_MEMORY] optimizer=backup event=begin call=25 rss_mib=3099.953 swap_mib=0.000 variables=18 pieces=2
[fsm_node-3] [INFO] [1788951454.120953540] [fsm_node]:  -- [OPTIMIZER_PHASE_MEMORY] optimizer=backup event=end call=25 duration_ms=6.300 iterations=959 ret=1 rss_mib=3099.953 swap_mib=0.000 rss_delta_mib=0.000
[fsm_node-3] [INFO] [1788951454.121075241] [fsm_node]:  -- [OPTIMIZER_PHASE_MEMORY] optimizer=backup event=begin call=26 rss_mib=3099.953 swap_mib=0.000 variables=18 pieces=2
[fsm_node-3] [INFO] [1788951454.121637409] [fsm_node]:  -- [OPTIMIZER_PHASE_MEMORY] optimizer=backup event=end call=26 duration_ms=0.560 iterations=140 ret=1 rss_mib=3099.953 swap_mib=0.000 rss_delta_mib=0.000
[fsm_node-3] [WARN] [1788951454.121668474] [fsm_node]:  -- [SUPER] in [ReplanOnce]: Replan overtime, check parameters, replan dt = 0.106968339.
[fsm_node-3]  -- [TRAJ_GUARD_CERT] trigger=poly_publish status=SAFE gen=2 map=27 map_age=0.010s map_age_limit=0.550s motion_speed=0.002mps samples=30 range=[1.506,1.646] collision_tt=-1.000 ttc=-1.000 p=[0.000,0.000,0.000]
[fsm_node-3]  -- [TRAJ_GUARD_CERT] trigger=main_pre status=SAFE gen=2 map=28 map_age=0.004s map_age_limit=0.550s motion_speed=0.063mps samples=11 range=[1.600,1.646] collision_tt=-1.000 ttc=-1.000 p=[0.000,0.000,0.000]
[fsm_node-3] [32m -- [Fsm] ReplanOnce succeed.[0m
[fsm_node-3] [32m -- [Fsm] Traj finish.[0m
[fsm_node-3] [WARN] [1788951454.140718061] [fsm_node]:  -- [TRAJ_GUARD_RECOVERY_EPISODE_RESET] reason=horizontal_progress progress=7.150m threshold=2.000m prior_local=0 prior_vertical=0 prior_base=0
[fsm_node-3] [INFO] [1788951454.152777122] [fsm_node]:  -- [OPTIMIZER_PHASE_MEMORY] optimizer=exp event=begin call=15 rss_mib=3099.957 swap_mib=0.000 variables=17 pieces=5
[fsm_node-3] [INFO] [1788951454.158997194] [fsm_node]:  -- [OPTIMIZER_PHASE_MEMORY] optimizer=exp event=end call=15 duration_ms=6.282 iterations=545 ret=1 rss_mib=3099.957 swap_mib=0.000 rss_delta_mib=0.000
[fsm_node-3] [INFO] [1788951454.159045770] [fsm_node]:  -- [SUPER] in [PlanFromRest] GenerateExpTrajectory SUCCESS.
[fsm_node-3] [INFO] [1788951454.239172613] [fsm_node]:  -- [OPTIMIZER_PHASE_MEMORY] optimizer=backup event=begin call=27 rss_mib=3099.957 swap_mib=0.000 variables=18 pieces=2
[fsm_node-3] [INFO] [1788951454.240464228] [fsm_node]:  -- [OPTIMIZER_PHASE_MEMORY] optimizer=backup event=end call=27 duration_ms=1.312 iterations=306 ret=1 rss_mib=3099.973 swap_mib=0.000 rss_delta_mib=0.016
[fsm_node-3] [INFO] [1788951454.240525640] [fsm_node]:  -- [OPTIMIZER_PHASE_MEMORY] optimizer=backup event=begin call=28 rss_mib=3099.973 swap_mib=0.000 variables=18 pieces=2
[fsm_node-3] [INFO] [1788951454.240920346] [fsm_node]:  -- [OPTIMIZER_PHASE_MEMORY] optimizer=backup event=end call=28 duration_ms=0.395 iterations=89 ret=1 rss_mib=3099.992 swap_mib=0.000 rss_delta_mib=0.020
[fsm_node-3] [INFO] [1788951454.241324609] [fsm_node]:  -- [TRAJ_GUARD_COMMIT] phase=PlanFromRest/with_backup gen=3 map=29 samples=502 range=[0.100,2.596] escape=false footprint_egress=false escape_done_tt=-1.000
[fsm_node-3] [38;2;000;128;000m -- [Fsm]: [PubCmdCallback] change state from [FOLLOW_TRAJ] to [GENERATE_TRAJ].
[fsm_node-3] [0m -- [TRAJ_GUARD_CERT] trigger=poly_publish status=SAFE gen=3 map=29 map_age=0.066s map_age_limit=0.550s motion_speed=0.000mps samples=501 range=[0.101,2.596] collision_tt=-1.000 ttc=-1.000 p=[0.000,0.000,0.000]
[fsm_node-3] [38;2;000;128;000m -- [Fsm]: [MainFsmCallback] change state from [GENERATE_TRAJ] to [FOLLOW_TRAJ].
[fsm_node-3] [0m -- [TRAJ_GUARD_CERT] trigger=replan_post status=SAFE gen=3 map=30 map_age=0.004s map_age_limit=0.550s motion_speed=0.647mps samples=493 range=[0.138,2.596] collision_tt=-1.000 ttc=-1.000 p=[0.000,0.000,0.000]
[fsm_node-3] [32m -- [Fsm] Get goal at [0m24.025000000000002 20.025000000000002  1.525000000000000
[fsm_node-3] [32m -- [Fsm] Receive click goal at: [24.025000000000002 20.025000000000002  1.525000000000000]; goal yaw: 0.000000000000000 deg[0m
[fsm_node-3] [INFO] [1788951454.364318736] [fsm_node]:  -- [OPTIMIZER_PHASE_MEMORY] optimizer=exp event=begin call=16 rss_mib=3100.016 swap_mib=0.000 variables=13 pieces=4
[fsm_node-3] [INFO] [1788951454.372699213] [fsm_node]:  -- [OPTIMIZER_PHASE_MEMORY] optimizer=exp event=end call=16 duration_ms=8.422 iterations=885 ret=1 rss_mib=3100.145 swap_mib=0.000 rss_delta_mib=0.129
[fsm_node-3] [WARN] [1788951454.454105551] [fsm_node]:  -- [SUPER] in [ReplanOnce]: Replan overtime, check parameters, replan dt = 0.109412059.
[fsm_node-3]  -- [TRAJ_GUARD_CERT] trigger=main_pre status=SAFE gen=3 map=31 map_age=0.006s map_age_limit=0.550s motion_speed=2.306mps samples=473 range=[0.240,2.596] collision_tt=-1.000 ttc=-1.000 p=[0.000,0.000,0.000]
[fsm_node-3] [32m -- [Fsm 3.010] Current state: FOLLOW_TRAJ[0m
[fsm_node-3] [INFO] [1788951454.471517938] [fsm_node]:  -- [OPTIMIZER_PHASE_MEMORY] optimizer=exp event=begin call=17 rss_mib=3100.148 swap_mib=0.000 variables=17 pieces=5
[fsm_node-3] [INFO] [1788951454.485371411] [fsm_node]:  -- [OPTIMIZER_PHASE_MEMORY] optimizer=exp event=end call=17 duration_ms=13.900 iterations=1019 ret=1 rss_mib=3100.148 swap_mib=0.000 rss_delta_mib=0.000
[fsm_node-3] [INFO] [1788951454.570970279] [fsm_node]:  -- [OPTIMIZER_PHASE_MEMORY] optimizer=backup event=begin call=29 rss_mib=3100.152 swap_mib=0.000 variables=18 pieces=2
[fsm_node-3] [INFO] [1788951454.571857123] [fsm_node]:  -- [OPTIMIZER_PHASE_MEMORY] optimizer=backup event=end call=29 duration_ms=0.959 iterations=194 ret=1 rss_mib=3100.152 swap_mib=0.000 rss_delta_mib=0.000
[fsm_node-3] [INFO] [1788951454.571928878] [fsm_node]:  -- [OPTIMIZER_PHASE_MEMORY] optimizer=backup event=begin call=30 rss_mib=3100.152 swap_mib=0.000 variables=18 pieces=2
[fsm_node-3] [INFO] [1788951454.574047843] [fsm_node]:  -- [OPTIMIZER_PHASE_MEMORY] optimizer=backup event=end call=30 duration_ms=2.119 iterations=453 ret=1 rss_mib=3100.152 swap_mib=0.000 rss_delta_mib=0.000
[fsm_node-3] [WARN] [1788951454.574077549] [fsm_node]:  -- [SUPER] in [ReplanOnce]: Replan overtime, check parameters, replan dt = 0.119706449.
[fsm_node-3] [INFO] [1788951454.588416520] [fsm_node]:  -- [OPTIMIZER_PHASE_MEMORY] optimizer=exp event=begin call=18 rss_mib=3100.152 swap_mib=0.000 variables=17 pieces=5
[fsm_node-3] [INFO] [1788951454.605961077] [fsm_node]:  -- [OPTIMIZER_PHASE_MEMORY] optimizer=exp event=end call=18 duration_ms=17.576 iterations=1291 ret=1 rss_mib=3100.152 swap_mib=0.000 rss_delta_mib=0.000
[fsm_node-3] [INFO] [1788951454.690097506] [fsm_node]:  -- [OPTIMIZER_PHASE_MEMORY] optimizer=backup event=begin call=31 rss_mib=3100.652 swap_mib=0.000 variables=18 pieces=2
[fsm_node-3] [INFO] [1788951454.690857771] [fsm_node]:  -- [OPTIMIZER_PHASE_MEMORY] optimizer=backup event=end call=31 duration_ms=0.799 iterations=157 ret=1 rss_mib=3100.656 swap_mib=0.000 rss_delta_mib=0.004
[fsm_node-3] [INFO] [1788951454.690928999] [fsm_node]:  -- [OPTIMIZER_PHASE_MEMORY] optimizer=backup event=begin call=32 rss_mib=3100.656 swap_mib=0.000 variables=18 pieces=2
[fsm_node-3] [INFO] [1788951454.693913347] [fsm_node]:  -- [OPTIMIZER_PHASE_MEMORY] optimizer=backup event=end call=32 duration_ms=2.983 iterations=464 ret=1 rss_mib=3100.656 swap_mib=0.000 rss_delta_mib=0.000
[fsm_node-3] [WARN] [1788951454.693945642] [fsm_node]:  -- [SUPER] in [ReplanOnce]: Replan overtime, check parameters, replan dt = 0.119645906.
[fsm_node-3] [INFO] [1788951454.710570489] [fsm_node]:  -- [OPTIMIZER_PHASE_MEMORY] optimizer=exp event=begin call=19 rss_mib=3100.656 swap_mib=0.000 variables=17 pieces=5
[fsm_node-3] [INFO] [1788951454.723133402] [fsm_node]:  -- [OPTIMIZER_PHASE_MEMORY] optimizer=exp event=end call=19 duration_ms=12.599 iterations=950 ret=1 rss_mib=3100.656 swap_mib=0.000 rss_delta_mib=0.000
[fsm_node-3] [INFO] [1788951454.811705237] [fsm_node]:  -- [OPTIMIZER_PHASE_MEMORY] optimizer=backup event=begin call=33 rss_mib=3100.910 swap_mib=0.000 variables=18 pieces=2
[fsm_node-3] [INFO] [1788951454.813473042] [fsm_node]:  -- [OPTIMIZER_PHASE_MEMORY] optimizer=backup event=end call=33 duration_ms=1.814 iterations=373 ret=1 rss_mib=3100.910 swap_mib=0.000 rss_delta_mib=0.000
[fsm_node-3] [INFO] [1788951454.813531948] [fsm_node]:  -- [OPTIMIZER_PHASE_MEMORY] optimizer=backup event=begin call=34 rss_mib=3100.910 swap_mib=0.000 variables=18 pieces=2
[fsm_node-3] [INFO] [1788951454.814847463] [fsm_node]:  -- [OPTIMIZER_PHASE_MEMORY] optimizer=backup event=end call=34 duration_ms=1.315 iterations=290 ret=1 rss_mib=3100.910 swap_mib=0.000 rss_delta_mib=0.000
[fsm_node-3] [WARN] [1788951454.814874482] [fsm_node]:  -- [SUPER] in [ReplanOnce]: Replan overtime, check parameters, replan dt = 0.120642847.
[fsm_node-3] [INFO] [1788951454.828419068] [fsm_node]:  -- [OPTIMIZER_PHASE_MEMORY] optimizer=exp event=begin call=20 rss_mib=3100.910 swap_mib=0.000 variables=17 pieces=5
[fsm_node-3] [INFO] [1788951454.838564299] [fsm_node]:  -- [OPTIMIZER_PHASE_MEMORY] optimizer=exp event=end call=20 duration_ms=10.192 iterations=759 ret=1 rss_mib=3100.910 swap_mib=0.000 rss_delta_mib=0.000
[fsm_node-3] [INFO] [1788951454.923639752] [fsm_node]:  -- [OPTIMIZER_PHASE_MEMORY] optimizer=backup event=begin call=35 rss_mib=3100.977 swap_mib=0.000 variables=18 pieces=2
[fsm_node-3] [INFO] [1788951454.931326612] [fsm_node]:  -- [OPTIMIZER_PHASE_MEMORY] optimizer=backup event=end call=35 duration_ms=7.746 iterations=1133 ret=1 rss_mib=3100.977 swap_mib=0.000 rss_delta_mib=0.000
[fsm_node-3] [INFO] [1788951454.931407420] [fsm_node]:  -- [OPTIMIZER_PHASE_MEMORY] optimizer=backup event=begin call=36 rss_mib=3100.977 swap_mib=0.000 variables=18 pieces=2
[fsm_node-3] [INFO] [1788951454.934463295] [fsm_node]:  -- [OPTIMIZER_PHASE_MEMORY] optimizer=backup event=end call=36 duration_ms=3.054 iterations=545 ret=1 rss_mib=3100.977 swap_mib=0.000 rss_delta_mib=0.000
[fsm_node-3] [WARN] [1788951454.934494026] [fsm_node]:  -- [SUPER] in [ReplanOnce]: Replan overtime, check parameters, replan dt = 0.119468318.
[fsm_node-3] [INFO] [1788951454.949521280] [fsm_node]:  -- [OPTIMIZER_PHASE_MEMORY] optimizer=exp event=begin call=21 rss_mib=3100.977 swap_mib=0.000 variables=17 pieces=5
[fsm_node-3] [INFO] [1788951454.967013635] [fsm_node]:  -- [OPTIMIZER_PHASE_MEMORY] optimizer=exp event=end call=21 duration_ms=17.518 iterations=1278 ret=1 rss_mib=3100.977 swap_mib=0.000 rss_delta_mib=0.000
[fsm_node-3] [INFO] [1788951455.051022535] [fsm_node]:  -- [OPTIMIZER_PHASE_MEMORY] optimizer=backup event=begin call=37 rss_mib=3101.043 swap_mib=0.000 variables=18 pieces=2
[fsm_node-3] [INFO] [1788951455.052243560] [fsm_node]:  -- [OPTIMIZER_PHASE_MEMORY] optimizer=backup event=end call=37 duration_ms=1.294 iterations=264 ret=1 rss_mib=3101.043 swap_mib=0.000 rss_delta_mib=0.000
[fsm_node-3] [INFO] [1788951455.052342390] [fsm_node]:  -- [OPTIMIZER_PHASE_MEMORY] optimizer=backup event=begin call=38 rss_mib=3101.043 swap_mib=0.000 variables=18 pieces=2
[fsm_node-3] [INFO] [1788951455.054961872] [fsm_node]:  -- [OPTIMIZER_PHASE_MEMORY] optimizer=backup event=end call=38 duration_ms=2.620 iterations=475 ret=1 rss_mib=3101.043 swap_mib=0.000 rss_delta_mib=0.000
[fsm_node-3] [WARN] [1788951455.054995313] [fsm_node]:  -- [SUPER] in [ReplanOnce]: Replan overtime, check parameters, replan dt = 0.120338506.
[fsm_node-3] [INFO] [1788951455.068672141] [fsm_node]:  -- [OPTIMIZER_PHASE_MEMORY] optimizer=exp event=begin call=22 rss_mib=3101.043 swap_mib=0.000 variables=17 pieces=5
[fsm_node-3] [INFO] [1788951455.076458381] [fsm_node]:  -- [OPTIMIZER_PHASE_MEMORY] optimizer=exp event=end call=22 duration_ms=7.834 iterations=593 ret=1 rss_mib=3101.043 swap_mib=0.000 rss_delta_mib=0.000
[fsm_node-3] [INFO] [1788951455.160242431] [fsm_node]:  -- [OPTIMIZER_PHASE_MEMORY] optimizer=backup event=begin call=39 rss_mib=3101.047 swap_mib=0.000 variables=18 pieces=2
[fsm_node-3] [INFO] [1788951455.161394628] [fsm_node]:  -- [OPTIMIZER_PHASE_MEMORY] optimizer=backup event=end call=39 duration_ms=1.185 iterations=260 ret=1 rss_mib=3101.047 swap_mib=0.000 rss_delta_mib=0.000
[fsm_node-3] [INFO] [1788951455.161464214] [fsm_node]:  -- [OPTIMIZER_PHASE_MEMORY] optimizer=backup event=begin call=40 rss_mib=3101.047 swap_mib=0.000 variables=18 pieces=2
[fsm_node-3] [INFO] [1788951455.164242468] [fsm_node]:  -- [OPTIMIZER_PHASE_MEMORY] optimizer=backup event=end call=40 duration_ms=2.769 iterations=510 ret=1 rss_mib=3101.047 swap_mib=0.000 rss_delta_mib=0.000
[fsm_node-3] [WARN] [1788951455.164283361] [fsm_node]:  -- [SUPER] in [ReplanOnce]: Replan overtime, check parameters, replan dt = 0.109071665.
[fsm_node-3] [INFO] [1788951455.181153283] [fsm_node]:  -- [OPTIMIZER_PHASE_MEMORY] optimizer=exp event=begin call=23 rss_mib=3101.051 swap_mib=0.000 variables=9 pieces=3
[fsm_node-3] [INFO] [1788951455.182964862] [fsm_node]:  -- [OPTIMIZER_PHASE_MEMORY] optimizer=exp event=end call=23 duration_ms=1.872 iterations=256 ret=1 rss_mib=3101.051 swap_mib=0.000 rss_delta_mib=0.000
[fsm_node-3] [WARN] [1788951455.254904512] [fsm_node]:  -- [TRAJ_GUARD_VIABILITY_SLOWDOWN] phase=ReplanOnce/no_backup gen=4 scale=1.250 retries=1
[fsm_node-3] [INFO] [1788951455.254921877] [fsm_node]:  -- [TRAJ_GUARD_COMMIT] phase=ReplanOnce/no_backup gen=4 map=39 samples=301 range=[0.090,1.584] escape=false footprint_egress=false escape_done_tt=-1.000
[fsm_node-3]  -- [TRAJ_GUARD_CERT] trigger=main_pre status=SAFE gen=3 map=32 map_age=0.005s map_age_limit=0.500s motion_speed=4.253mps samples=453 range=[0.340,2.596] collision_tt=-1.000 ttc=-1.000 p=[0.000,0.000,0.000]
[fsm_node-3]  -- [TRAJ_GUARD_CERT] trigger=main_pre status=SAFE gen=3 map=33 map_age=0.002s map_age_limit=0.500s motion_speed=5.780mps samples=433 range=[0.440,2.596] collision_tt=-1.000 ttc=-1.000 p=[0.000,0.000,0.000]
[fsm_node-3]  -- [TRAJ_GUARD_CERT] trigger=main_pre status=SAFE gen=3 map=34 map_age=0.004s map_age_limit=0.500s motion_speed=6.642mps samples=413 range=[0.540,2.596] collision_tt=-1.000 ttc=-1.000 p=[0.000,0.000,0.000]
[fsm_node-3]  -- [TRAJ_GUARD_CERT] trigger=main_pre status=SAFE gen=3 map=35 map_age=0.004s map_age_limit=0.500s motion_speed=6.966mps samples=393 range=[0.640,2.596] collision_tt=-1.000 ttc=-1.000 p=[0.000,0.000,0.000]
[fsm_node-3]  -- [TRAJ_GUARD_CERT] trigger=main_pre status=SAFE gen=3 map=36 map_age=0.005s map_age_limit=0.500s motion_speed=6.987mps samples=373 range=[0.740,2.596] collision_tt=-1.000 ttc=-1.000 p=[0.000,0.000,0.000]
[fsm_node-3]  -- [TRAJ_GUARD_CERT] trigger=main_pre status=SAFE gen=3 map=37 map_age=0.003s map_age_limit=0.500s motion_speed=6.938mps samples=353 range=[0.840,2.596] collision_tt=-1.000 ttc=-1.000 p=[0.000,0.000,0.000]
[fsm_node-3]  -- [TRAJ_GUARD_CERT] trigger=main_pre status=SAFE gen=3 map=38 map_age=0.004s map_age_limit=0.500s motion_speed=6.967mps samples=333 range=[0.940,2.596] collision_tt=-1.000 ttc=-1.000 p=[0.000,0.000,0.000]
[fsm_node-3]  -- [TRAJ_GUARD_CERT] trigger=main_pre status=SAFE gen=3 map=39 map_age=0.008s map_age_limit=0.500s motion_speed=6.735mps samples=313 range=[1.040,2.596] collision_tt=-1.000 ttc=-1.000 p=[0.000,0.000,0.000]
[fsm_node-3] [32m -- [Fsm] ReplanOnce succeed.[0m
[fsm_node-3] [INFO] [1788951455.272426950] [fsm_node]:  -- [OPTIMIZER_PHASE_MEMORY] optimizer=exp event=begin call=24 rss_mib=3101.086 swap_mib=0.000 variables=17 pieces=5
[fsm_node-3] [INFO] [1788951455.276125616] [fsm_node]:  -- [OPTIMIZER_PHASE_MEMORY] optimizer=exp event=end call=24 duration_ms=3.770 iterations=317 ret=1 rss_mib=3101.086 swap_mib=0.000 rss_delta_mib=0.000
[fsm_node-3] [INFO] [1788951455.354213848] [fsm_node]:  -- [OPTIMIZER_PHASE_MEMORY] optimizer=backup event=begin call=41 rss_mib=3101.090 swap_mib=0.000 variables=18 pieces=2
[fsm_node-3] [INFO] [1788951455.358017502] [fsm_node]:  -- [OPTIMIZER_PHASE_MEMORY] optimizer=backup event=end call=41 duration_ms=3.835 iterations=621 ret=1 rss_mib=3101.090 swap_mib=0.000 rss_delta_mib=0.000
[fsm_node-3] [INFO] [1788951455.358073283] [fsm_node]:  -- [OPTIMIZER_PHASE_MEMORY] optimizer=backup event=begin call=42 rss_mib=3101.090 swap_mib=0.000 variables=18 pieces=2
[fsm_node-3] [INFO] [1788951455.360261428] [fsm_node]:  -- [OPTIMIZER_PHASE_MEMORY] optimizer=backup event=end call=42 duration_ms=2.187 iterations=440 ret=1 rss_mib=3101.090 swap_mib=0.000 rss_delta_mib=0.000
[fsm_node-3] [WARN] [1788951455.360290563] [fsm_node]:  -- [SUPER] in [ReplanOnce]: Replan overtime, check parameters, replan dt = 0.104983069.
[fsm_node-3]  -- [TRAJ_GUARD_CERT] trigger=poly_publish status=SAFE gen=4 map=39 map_age=0.082s map_age_limit=0.500s motion_speed=6.045mps samples=300 range=[0.090,1.584] collision_tt=-1.000 ttc=-1.000 p=[0.000,0.000,0.000]
[fsm_node-3]  -- [TRAJ_GUARD_CERT] trigger=main_pre status=SAFE gen=4 map=40 map_age=0.007s map_age_limit=0.500s motion_speed=4.849mps samples=295 range=[0.116,1.584] collision_tt=-1.000 ttc=-1.000 p=[0.000,0.000,0.000]
[fsm_node-3] [32m -- [Fsm] Get goal at [0m24.025000000000002 20.025000000000002  1.525000000000000
[fsm_node-3] [32m -- [Fsm] Receive click goal at: [24.025000000000002 20.025000000000002  1.525000000000000]; goal yaw: 0.000000000000000 deg[0m
[fsm_node-3] [INFO] [1788951455.377116053] [fsm_node]:  -- [OPTIMIZER_PHASE_MEMORY] optimizer=exp event=begin call=25 rss_mib=3101.090 swap_mib=0.000 variables=17 pieces=5
[fsm_node-3] [INFO] [1788951455.379309497] [fsm_node]:  -- [OPTIMIZER_PHASE_MEMORY] optimizer=exp event=end call=25 duration_ms=2.254 iterations=192 ret=1 rss_mib=3101.090 swap_mib=0.000 rss_delta_mib=0.000
[fsm_node-3] [INFO] [1788951455.465998832] [fsm_node]:  -- [OPTIMIZER_PHASE_MEMORY] optimizer=backup event=begin call=43 rss_mib=3101.090 swap_mib=0.000 variables=18 pieces=2
[fsm_node-3]  -- [TRAJ_GUARD_CERT] trigger=main_pre status=SAFE gen=4 map=41 map_age=0.006s map_age_limit=0.500s motion_speed=4.042mps samples=275 range=[0.216,1.584] collision_tt=-1.000 ttc=-1.000 p=[0.000,0.000,0.000]
[fsm_node-3] [32m -- [Fsm 4.020] Current state: FOLLOW_TRAJ[0m
[fsm_node-3] [INFO] [1788951455.470936727] [fsm_node]:  -- [OPTIMIZER_PHASE_MEMORY] optimizer=backup event=end call=43 duration_ms=4.969 iterations=744 ret=1 rss_mib=3101.109 swap_mib=0.000 rss_delta_mib=0.020
[fsm_node-3] [INFO] [1788951455.471014147] [fsm_node]:  -- [OPTIMIZER_PHASE_MEMORY] optimizer=backup event=begin call=44 rss_mib=3101.109 swap_mib=0.000 variables=18 pieces=2
[fsm_node-3] [INFO] [1788951455.471922195] [fsm_node]:  -- [OPTIMIZER_PHASE_MEMORY] optimizer=backup event=end call=44 duration_ms=0.907 iterations=208 ret=1 rss_mib=3101.109 swap_mib=0.000 rss_delta_mib=0.000
[fsm_node-3] [WARN] [1788951455.471954397] [fsm_node]:  -- [SUPER] in [ReplanOnce]: Replan overtime, check parameters, replan dt = 0.111521236.
[fsm_node-3] [INFO] [1788951455.490619179] [fsm_node]:  -- [OPTIMIZER_PHASE_MEMORY] optimizer=exp event=begin call=26 rss_mib=3101.109 swap_mib=0.000 variables=17 pieces=5
[fsm_node-3] [INFO] [1788951455.495792512] [fsm_node]:  -- [OPTIMIZER_PHASE_MEMORY] optimizer=exp event=end call=26 duration_ms=5.210 iterations=419 ret=1 rss_mib=3101.109 swap_mib=0.000 rss_delta_mib=0.000
[fsm_node-3] [INFO] [1788951455.575231552] [fsm_node]:  -- [OPTIMIZER_PHASE_MEMORY] optimizer=backup event=begin call=45 rss_mib=3101.125 swap_mib=0.000 variables=18 pieces=2
[fsm_node-3] [INFO] [1788951455.576934535] [fsm_node]:  -- [OPTIMIZER_PHASE_MEMORY] optimizer=backup event=end call=45 duration_ms=1.763 iterations=363 ret=1 rss_mib=3101.125 swap_mib=0.000 rss_delta_mib=0.000
[fsm_node-3] [INFO] [1788951455.577005172] [fsm_node]:  -- [OPTIMIZER_PHASE_MEMORY] optimizer=backup event=begin call=46 rss_mib=3101.125 swap_mib=0.000 variables=18 pieces=2
[fsm_node-3] [INFO] [1788951455.595016693] [fsm_node]:  -- [OPTIMIZER_PHASE_MEMORY] optimizer=backup event=end call=46 duration_ms=18.001 iterations=2255 ret=1 rss_mib=3101.125 swap_mib=0.000 rss_delta_mib=0.000
[fsm_node-3] [WARN] [1788951455.595055578] [fsm_node]:  -- [SUPER] in [ReplanOnce]: Replan overtime, check parameters, replan dt = 0.122914883.
[fsm_node-3] [INFO] [1788951455.612937965] [fsm_node]:  -- [OPTIMIZER_PHASE_MEMORY] optimizer=exp event=begin call=27 rss_mib=3101.125 swap_mib=0.000 variables=13 pieces=4
[fsm_node-3] [INFO] [1788951455.622893441] [fsm_node]:  -- [OPTIMIZER_PHASE_MEMORY] optimizer=exp event=end call=27 duration_ms=10.010 iterations=952 ret=1 rss_mib=3101.125 swap_mib=0.000 rss_delta_mib=0.000
[fsm_node-3] [WARN] [1788951455.720792280] [fsm_node]:  -- [SUPER] in [ReplanOnce]: Replan overtime, check parameters, replan dt = 0.125497452.
[fsm_node-3] [INFO] [1788951455.739765588] [fsm_node]:  -- [OPTIMIZER_PHASE_MEMORY] optimizer=exp event=begin call=28 rss_mib=3101.129 swap_mib=0.000 variables=13 pieces=4
[fsm_node-3] [INFO] [1788951455.767386683] [fsm_node]:  -- [OPTIMIZER_PHASE_MEMORY] optimizer=exp event=end call=28 duration_ms=27.632 iterations=2558 ret=1 rss_mib=3101.133 swap_mib=0.000 rss_delta_mib=0.004
[fsm_node-3] [WARN] [1788951455.839833342] [fsm_node]:  -- [SUPER] in [ReplanOnce]: Replan overtime, check parameters, replan dt = 0.118874433.
[fsm_node-3] [INFO] [1788951455.854637218] [fsm_node]:  -- [OPTIMIZER_PHASE_MEMORY] optimizer=exp event=begin call=29 rss_mib=3101.156 swap_mib=0.000 variables=9 pieces=3
[fsm_node-3] [INFO] [1788951455.856760652] [fsm_node]:  -- [OPTIMIZER_PHASE_MEMORY] optimizer=exp event=end call=29 duration_ms=2.184 iterations=328 ret=1 rss_mib=3101.172 swap_mib=0.000 rss_delta_mib=0.016
[fsm_node-3] [INFO] [1788951455.913014736] [fsm_node]:  -- [TRAJ_GUARD_COMMIT] phase=ReplanOnce/no_backup gen=5 map=46 samples=212 range=[0.073,1.121] escape=false footprint_egress=false escape_done_tt=-1.000
[fsm_node-3]  -- [TRAJ_GUARD_CERT] trigger=main_pre status=SAFE gen=4 map=42 map_age=0.007s map_age_limit=0.500s motion_speed=3.636mps samples=255 range=[0.316,1.584] collision_tt=-1.000 ttc=-1.000 p=[0.000,0.000,0.000]
[fsm_node-3]  -- [TRAJ_GUARD_CERT] trigger=main_pre status=SAFE gen=4 map=43 map_age=0.007s map_age_limit=0.500s motion_speed=3.879mps samples=235 range=[0.416,1.584] collision_tt=-1.000 ttc=-1.000 p=[0.000,0.000,0.000]
[fsm_node-3]  -- [TRAJ_GUARD_CERT] trigger=main_pre status=SAFE gen=4 map=44 map_age=0.008s map_age_limit=0.500s motion_speed=4.498mps samples=215 range=[0.516,1.584] collision_tt=-1.000 ttc=-1.000 p=[0.000,0.000,0.000]
[fsm_node-3]  -- [TRAJ_GUARD_CERT] trigger=main_pre status=SAFE gen=4 map=45 map_age=0.008s map_age_limit=0.500s motion_speed=5.105mps samples=195 range=[0.616,1.584] collision_tt=-1.000 ttc=-1.000 p=[0.000,0.000,0.000]
[fsm_node-3]  -- [TRAJ_GUARD_CERT] trigger=main_pre status=SAFE gen=4 map=46 map_age=0.009s map_age_limit=0.500s motion_speed=5.491mps samples=175 range=[0.716,1.584] collision_tt=-1.000 ttc=-1.000 p=[0.000,0.000,0.000]
[fsm_node-3] [32m -- [Fsm] ReplanOnce succeed.[0m
[fsm_node-3] [INFO] [1788951455.927103105] [fsm_node]:  -- [OPTIMIZER_PHASE_MEMORY] optimizer=exp event=begin call=30 rss_mib=3101.188 swap_mib=0.000 variables=9 pieces=3
[fsm_node-3] [INFO] [1788951455.931993789] [fsm_node]:  -- [OPTIMIZER_PHASE_MEMORY] optimizer=exp event=end call=30 duration_ms=4.946 iterations=605 ret=1 rss_mib=3101.188 swap_mib=0.000 rss_delta_mib=0.000
[fsm_node-3] [INFO] [1788951455.983526902] [fsm_node]:  -- [TRAJ_GUARD_COMMIT] phase=ReplanOnce/no_backup gen=6 map=47 samples=221 range=[0.070,1.161] escape=false footprint_egress=false escape_done_tt=-1.000
[fsm_node-3]  -- [TRAJ_GUARD_CERT] trigger=poly_publish status=SAFE gen=5 map=46 map_age=0.041s map_age_limit=0.500s motion_speed=5.568mps samples=211 range=[0.073,1.121] collision_tt=-1.000 ttc=-1.000 p=[0.000,0.000,0.000]
[fsm_node-3]  -- [TRAJ_GUARD_CERT] trigger=main_pre status=SAFE gen=5 map=47 map_age=0.010s map_age_limit=0.500s motion_speed=5.602mps samples=198 range=[0.141,1.121] collision_tt=-1.000 ttc=-1.000 p=[0.000,0.000,0.000]
[fsm_node-3] [32m -- [Fsm] ReplanOnce succeed.[0m
[fsm_node-3] [INFO] [1788951455.998457162] [fsm_node]:  -- [OPTIMIZER_PHASE_MEMORY] optimizer=exp event=begin call=31 rss_mib=3101.191 swap_mib=0.000 variables=9 pieces=3
[fsm_node-3] [INFO] [1788951456.000392185] [fsm_node]:  -- [OPTIMIZER_PHASE_MEMORY] optimizer=exp event=end call=31 duration_ms=2.012 iterations=258 ret=1 rss_mib=3101.191 swap_mib=0.000 rss_delta_mib=0.000
[fsm_node-3] [INFO] [1788951456.049700604] [fsm_node]:  -- [TRAJ_GUARD_COMMIT] phase=ReplanOnce/no_backup gen=7 map=47 samples=191 range=[0.066,1.007] escape=false footprint_egress=false escape_done_tt=-1.000
[fsm_node-3]  -- [TRAJ_GUARD_CERT] trigger=poly_publish status=SAFE gen=6 map=47 map_age=0.013s map_age_limit=0.500s motion_speed=5.602mps samples=220 range=[0.070,1.161] collision_tt=-1.000 ttc=-1.000 p=[0.000,0.000,0.000]
[fsm_node-3] [32m -- [Fsm] ReplanOnce succeed.[0m
[fsm_node-3] [INFO] [1788951456.064209105] [fsm_node]:  -- [OPTIMIZER_PHASE_MEMORY] optimizer=exp event=begin call=32 rss_mib=3101.191 swap_mib=0.000 variables=9 pieces=3
[fsm_node-3] [INFO] [1788951456.069710163] [fsm_node]:  -- [OPTIMIZER_PHASE_MEMORY] optimizer=exp event=end call=32 duration_ms=5.570 iterations=608 ret=1 rss_mib=3101.191 swap_mib=0.000 rss_delta_mib=0.000
[fsm_node-3] [INFO] [1788951456.109347795] [fsm_node]:  -- [TRAJ_GUARD_COMMIT] phase=ReplanOnce/no_backup gen=8 map=48 samples=180 range=[0.059,0.945] escape=false footprint_egress=false escape_done_tt=-1.000
[fsm_node-3]  -- [TRAJ_GUARD_CERT] trigger=poly_publish status=SAFE gen=7 map=47 map_age=0.079s map_age_limit=0.500s motion_speed=5.625mps samples=190 range=[0.066,1.007] collision_tt=-1.000 ttc=-1.000 p=[0.000,0.000,0.000]
[fsm_node-3]  -- [TRAJ_GUARD_CERT] trigger=main_pre status=SAFE gen=7 map=48 map_age=0.010s map_age_limit=0.500s motion_speed=5.664mps samples=184 range=[0.097,1.007] collision_tt=-1.000 ttc=-1.000 p=[0.000,0.000,0.000]
[fsm_node-3] [32m -- [Fsm] ReplanOnce succeed.[0m
[fsm_node-3] [INFO] [1788951456.122115326] [fsm_node]:  -- [OPTIMIZER_PHASE_MEMORY] optimizer=exp event=begin call=33 rss_mib=3101.195 swap_mib=0.000 variables=9 pieces=3
[fsm_node-3] [INFO] [1788951456.132689861] [fsm_node]:  -- [OPTIMIZER_PHASE_MEMORY] optimizer=exp event=end call=33 duration_ms=10.613 iterations=1162 ret=1 rss_mib=3101.195 swap_mib=0.000 rss_delta_mib=0.000
[fsm_node-3] [INFO] [1788951456.163623593] [fsm_node]:  -- [TRAJ_GUARD_COMMIT] phase=ReplanOnce/no_backup gen=9 map=48 samples=169 range=[0.054,0.888] escape=false footprint_egress=false escape_done_tt=-1.000
[fsm_node-3]  -- [TRAJ_GUARD_CERT] trigger=poly_publish status=SAFE gen=8 map=48 map_age=0.039s map_age_limit=0.500s motion_speed=5.723mps samples=179 range=[0.059,0.945] collision_tt=-1.000 ttc=-1.000 p=[0.000,0.000,0.000]
[fsm_node-3] [32m -- [Fsm] ReplanOnce succeed.[0m
[fsm_node-3] [INFO] [1788951456.174318239] [fsm_node]:  -- [OPTIMIZER_PHASE_MEMORY] optimizer=exp event=begin call=34 rss_mib=3101.199 swap_mib=0.000 variables=5 pieces=2
[fsm_node-3] [INFO] [1788951456.174803396] [fsm_node]:  -- [OPTIMIZER_PHASE_MEMORY] optimizer=exp event=end call=34 duration_ms=0.539 iterations=89 ret=1 rss_mib=3101.199 swap_mib=0.000 rss_delta_mib=0.000
[fsm_node-3] [INFO] [1788951456.203138952] [fsm_node]:  -- [TRAJ_GUARD_COMMIT] phase=ReplanOnce/no_backup gen=10 map=49 samples=160 range=[0.039,0.828] escape=false footprint_egress=false escape_done_tt=-1.000
[fsm_node-3]  -- [TRAJ_GUARD_CERT] trigger=poly_publish status=SAFE gen=9 map=48 map_age=0.093s map_age_limit=0.500s motion_speed=5.893mps samples=168 range=[0.054,0.888] collision_tt=-1.000 ttc=-1.000 p=[0.000,0.000,0.000]
[fsm_node-3]  -- [TRAJ_GUARD_CERT] trigger=main_pre status=SAFE gen=9 map=49 map_age=0.001s map_age_limit=0.500s motion_speed=5.893mps samples=167 range=[0.061,0.888] collision_tt=-1.000 ttc=-1.000 p=[0.000,0.000,0.000]
[fsm_node-3] [32m -- [Fsm] ReplanOnce succeed.[0m
[fsm_node-3] [INFO] [1788951456.214085993] [fsm_node]:  -- [OPTIMIZER_PHASE_MEMORY] optimizer=exp event=begin call=35 rss_mib=3101.199 swap_mib=0.000 variables=5 pieces=2
[fsm_node-3] [INFO] [1788951456.214498230] [fsm_node]:  -- [OPTIMIZER_PHASE_MEMORY] optimizer=exp event=end call=35 duration_ms=0.467 iterations=78 ret=1 rss_mib=3101.199 swap_mib=0.000 rss_delta_mib=0.000
[fsm_node-3] [INFO] [1788951456.237810668] [fsm_node]:  -- [TRAJ_GUARD_COMMIT] phase=ReplanOnce/no_backup gen=11 map=49 samples=153 range=[0.034,0.788] escape=false footprint_egress=false escape_done_tt=-1.000
[fsm_node-3]  -- [TRAJ_GUARD_CERT] trigger=poly_publish status=SAFE gen=10 map=49 map_age=0.033s map_age_limit=0.500s motion_speed=6.059mps samples=159 range=[0.039,0.828] collision_tt=-1.000 ttc=-1.000 p=[0.000,0.000,0.000]
[fsm_node-3] [32m -- [Fsm] ReplanOnce succeed.[0m
[fsm_node-3] [INFO] [1788951456.266074869] [fsm_node]:  -- [OPTIMIZER_PHASE_MEMORY] optimizer=exp event=begin call=36 rss_mib=3101.203 swap_mib=0.000 variables=5 pieces=2
[fsm_node-3] [INFO] [1788951456.266441020] [fsm_node]:  -- [OPTIMIZER_PHASE_MEMORY] optimizer=exp event=end call=36 duration_ms=0.436 iterations=63 ret=1 rss_mib=3101.203 swap_mib=0.000 rss_delta_mib=0.000
[fsm_node-3] [INFO] [1788951456.285496689] [fsm_node]:  -- [TRAJ_GUARD_COMMIT] phase=ReplanOnce/no_backup gen=12 map=50 samples=144 range=[0.026,0.732] escape=false footprint_egress=false escape_done_tt=-1.000
[fsm_node-3]  -- [TRAJ_GUARD_CERT] trigger=poly_publish status=SAFE gen=11 map=49 map_age=0.068s map_age_limit=0.500s motion_speed=6.196mps samples=152 range=[0.034,0.788] collision_tt=-1.000 ttc=-1.000 p=[0.000,0.000,0.000]
[fsm_node-3]  -- [TRAJ_GUARD_CERT] trigger=main_pre status=SAFE gen=11 map=50 map_age=0.010s map_age_limit=0.500s motion_speed=6.349mps samples=144 range=[0.077,0.788] collision_tt=-1.000 ttc=-1.000 p=[0.000,0.000,0.000]
[fsm_node-3] [32m -- [Fsm] ReplanOnce succeed.[0m
[fsm_node-3] [INFO] [1788951456.330148507] [fsm_node]:  -- [OPTIMIZER_PHASE_MEMORY] optimizer=exp event=begin call=37 rss_mib=3101.203 swap_mib=0.000 variables=5 pieces=2
[fsm_node-3] [INFO] [1788951456.330994698] [fsm_node]:  -- [OPTIMIZER_PHASE_MEMORY] optimizer=exp event=end call=37 duration_ms=0.911 iterations=193 ret=1 rss_mib=3101.203 swap_mib=0.000 rss_delta_mib=0.000
[fsm_node-3] [INFO] [1788951456.343667401] [fsm_node]:  -- [TRAJ_GUARD_COMMIT] phase=ReplanOnce/no_backup gen=13 map=50 samples=132 range=[0.019,0.666] escape=false footprint_egress=false escape_done_tt=-1.000
[fsm_node-3]  -- [TRAJ_GUARD_CERT] trigger=poly_publish status=SAFE gen=12 map=50 map_age=0.015s map_age_limit=0.500s motion_speed=6.349mps samples=143 range=[0.027,0.732] collision_tt=-1.000 ttc=-1.000 p=[0.000,0.000,0.000]
[fsm_node-3] [32m -- [Fsm] ReplanOnce succeed.[0m
[fsm_node-3] [INFO] [1788951456.394186927] [fsm_node]:  -- [OPTIMIZER_PHASE_MEMORY] optimizer=exp event=begin call=38 rss_mib=3101.207 swap_mib=0.000 variables=5 pieces=2
[fsm_node-3] [INFO] [1788951456.394861586] [fsm_node]:  -- [OPTIMIZER_PHASE_MEMORY] optimizer=exp event=end call=38 duration_ms=0.735 iterations=153 ret=1 rss_mib=3101.207 swap_mib=0.000 rss_delta_mib=0.000
[fsm_node-3] [INFO] [1788951456.403824065] [fsm_node]:  -- [TRAJ_GUARD_COMMIT] phase=ReplanOnce/no_backup gen=14 map=51 samples=119 range=[0.013,0.596] escape=false footprint_egress=false escape_done_tt=-1.000
[fsm_node-3]  -- [TRAJ_GUARD_CERT] trigger=poly_publish status=SAFE gen=13 map=50 map_age=0.073s map_age_limit=0.500s motion_speed=6.452mps samples=131 range=[0.019,0.666] collision_tt=-1.000 ttc=-1.000 p=[0.000,0.000,0.000]
[fsm_node-3]  -- [TRAJ_GUARD_CERT] trigger=main_pre status=SAFE gen=13 map=51 map_age=0.002s map_age_limit=0.500s motion_speed=6.438mps samples=125 range=[0.046,0.666] collision_tt=-1.000 ttc=-1.000 p=[0.000,0.000,0.000]
[fsm_node-3] [32m -- [Fsm] ReplanOnce succeed.[0m
[fsm_node-3] [INFO] [1788951456.460056747] [fsm_node]:  -- [OPTIMIZER_PHASE_MEMORY] optimizer=exp event=begin call=39 rss_mib=3101.211 swap_mib=0.000 variables=1 pieces=1
[fsm_node-3] [INFO] [1788951456.460191535] [fsm_node]:  -- [OPTIMIZER_PHASE_MEMORY] optimizer=exp event=end call=39 duration_ms=0.199 iterations=28 ret=1 rss_mib=3101.211 swap_mib=0.000 rss_delta_mib=0.000
[fsm_node-3] [INFO] [1788951456.466902098] [fsm_node]:  -- [TRAJ_GUARD_COMMIT] phase=ReplanOnce/no_backup gen=15 map=51 samples=106 range=[0.010,0.529] escape=false footprint_egress=false escape_done_tt=-1.000
[fsm_node-3]  -- [TRAJ_GUARD_CERT] trigger=poly_publish status=SAFE gen=14 map=51 map_age=0.035s map_age_limit=0.500s motion_speed=6.365mps samples=118 range=[0.013,0.596] collision_tt=-1.000 ttc=-1.000 p=[0.000,0.000,0.000]
[fsm_node-3] [32m -- [Fsm] ReplanOnce succeed.[0m
[fsm_node-3]  -- [TRAJ_GUARD_CERT] trigger=poly_publish status=SAFE gen=15 map=51 map_age=0.098s map_age_limit=0.500s motion_speed=6.161mps samples=105 range=[0.010,0.529] collision_tt=-1.000 ttc=-1.000 p=[0.000,0.000,0.000]
[fsm_node-3]  -- [TRAJ_GUARD_CERT] trigger=main_pre status=SAFE gen=15 map=52 map_age=0.001s map_age_limit=0.500s motion_speed=6.161mps samples=104 range=[0.014,0.529] collision_tt=-1.000 ttc=-1.000 p=[0.000,0.000,0.000]
[fsm_node-3] [32m -- [Fsm 5.020] Current state: FOLLOW_TRAJ[0m
[fsm_node-3] [INFO] [1788951456.527796146] [fsm_node]:  -- [TRAJ_GUARD_COMMIT] phase=ReplanOnce/no_backup gen=16 map=52 samples=94 range=[0.071,0.529] escape=false footprint_egress=false escape_done_tt=-1.000
[fsm_node-3] [32m -- [Fsm] ReplanOnce succeed.[0m
[fsm_node-3] [INFO] [1788951456.594936767] [fsm_node]:  -- [TRAJ_GUARD_COMMIT] phase=ReplanOnce/no_backup gen=17 map=53 samples=81 range=[0.138,0.529] escape=false footprint_egress=false escape_done_tt=-1.000
[fsm_node-3]  -- [TRAJ_GUARD_CERT] trigger=poly_publish status=SAFE gen=16 map=52 map_age=0.058s map_age_limit=0.500s motion_speed=5.816mps samples=93 range=[0.071,0.529] collision_tt=-1.000 ttc=-1.000 p=[0.000,0.000,0.000]
[fsm_node-3]  -- [TRAJ_GUARD_CERT] trigger=main_pre status=SAFE gen=16 map=53 map_age=0.009s map_age_limit=0.500s motion_speed=5.400mps samples=82 range=[0.124,0.529] collision_tt=-1.000 ttc=-1.000 p=[0.000,0.000,0.000]
[fsm_node-3] [32m -- [Fsm] ReplanOnce succeed.[0m
[fsm_node-3] [INFO] [1788951456.657041140] [fsm_node]:  -- [TRAJ_GUARD_COMMIT] phase=ReplanOnce/no_backup gen=18 map=53 samples=68 range=[0.200,0.529] escape=false footprint_egress=false escape_done_tt=-1.000
[fsm_node-3]  -- [TRAJ_GUARD_CERT] trigger=poly_publish status=SAFE gen=17 map=53 map_age=0.023s map_age_limit=0.500s motion_speed=5.187mps samples=80 range=[0.138,0.529] collision_tt=-1.000 ttc=-1.000 p=[0.000,0.000,0.000]
[fsm_node-3] [32m -- [Fsm] ReplanOnce succeed.[0m
[fsm_node-3] [INFO] [1788951456.721528098] [fsm_node]:  -- [TRAJ_GUARD_COMMIT] phase=ReplanOnce/no_backup gen=19 map=54 samples=55 range=[0.265,0.529] escape=false footprint_egress=false escape_done_tt=-1.000
[fsm_node-3]  -- [TRAJ_GUARD_CERT] trigger=poly_publish status=SAFE gen=18 map=53 map_age=0.086s map_age_limit=0.500s motion_speed=4.371mps samples=67 range=[0.200,0.529] collision_tt=-1.000 ttc=-1.000 p=[0.000,0.000,0.000]
[fsm_node-3]  -- [TRAJ_GUARD_CERT] trigger=main_pre status=SAFE gen=18 map=54 map_age=0.007s map_age_limit=0.500s motion_speed=4.039mps samples=62 range=[0.224,0.529] collision_tt=-1.000 ttc=-1.000 p=[0.000,0.000,0.000]
[fsm_node-3] [32m -- [Fsm] ReplanOnce succeed.[0m
[fsm_node-3] [INFO] [1788951456.788123903] [fsm_node]:  -- [TRAJ_GUARD_COMMIT] phase=ReplanOnce/no_backup gen=20 map=55 samples=42 range=[0.331,0.529] escape=false footprint_egress=false escape_done_tt=-1.000
[fsm_node-3]  -- [TRAJ_GUARD_CERT] trigger=poly_publish status=SAFE gen=19 map=54 map_age=0.048s map_age_limit=0.520s motion_speed=3.108mps samples=54 range=[0.265,0.529] collision_tt=-1.000 ttc=-1.000 p=[0.000,0.000,0.000]
[fsm_node-3]  -- [TRAJ_GUARD_CERT] trigger=main_pre status=SAFE gen=19 map=55 map_age=0.009s map_age_limit=0.550s motion_speed=2.119mps samples=42 range=[0.324,0.529] collision_tt=-1.000 ttc=-1.000 p=[0.000,0.000,0.000]
[fsm_node-3] [32m -- [Fsm] ReplanOnce succeed.[0m
[fsm_node-3] [INFO] [1788951456.853677463] [fsm_node]:  -- [TRAJ_GUARD_COMMIT] phase=ReplanOnce/no_backup gen=21 map=55 samples=29 range=[0.397,0.529] escape=false footprint_egress=false escape_done_tt=-1.000
[fsm_node-3]  -- [TRAJ_GUARD_CERT] trigger=poly_publish status=SAFE gen=20 map=55 map_age=0.016s map_age_limit=0.550s motion_speed=1.924mps samples=41 range=[0.331,0.529] collision_tt=-1.000 ttc=-1.000 p=[0.000,0.000,0.000]
[fsm_node-3] [32m -- [Fsm] ReplanOnce succeed.[0m
[fsm_node-3] [INFO] [1788951456.919534584] [fsm_node]:  -- [TRAJ_GUARD_COMMIT] phase=ReplanOnce/no_backup gen=22 map=56 samples=16 range=[0.463,0.529] escape=false footprint_egress=false escape_done_tt=-1.000
[fsm_node-3]  -- [TRAJ_GUARD_CERT] trigger=poly_publish status=SAFE gen=21 map=55 map_age=0.082s map_age_limit=0.550s motion_speed=0.752mps samples=28 range=[0.397,0.529] collision_tt=-1.000 ttc=-1.000 p=[0.000,0.000,0.000]
[fsm_node-3]  -- [TRAJ_GUARD_CERT] trigger=main_pre status=SAFE gen=21 map=56 map_age=0.010s map_age_limit=0.550s motion_speed=0.507mps samples=22 range=[0.424,0.529] collision_tt=-1.000 ttc=-1.000 p=[0.000,0.000,0.000]
[fsm_node-3] [32m -- [Fsm] ReplanOnce succeed.[0m
[fsm_node-3]  -- [TRAJ_GUARD_CERT] trigger=poly_publish status=SAFE gen=22 map=56 map_age=0.049s map_age_limit=0.550s motion_speed=0.165mps samples=15 range=[0.463,0.529] collision_tt=-1.000 ttc=-1.000 p=[0.000,0.000,0.000]
[fsm_node-3]  -- [TRAJ_GUARD_CERT] trigger=main_pre status=SAFE gen=22 map=57 map_age=0.008s map_age_limit=0.550s motion_speed=0.002mps samples=2 range=[0.524,0.529] collision_tt=-1.000 ttc=-1.000 p=[0.000,0.000,0.000]
[fsm_node-3] [32m -- [Fsm] ReplanOnce succeed.[0m
[fsm_node-3] [32m -- [Fsm] Traj finish.[0m
