[INFO] [1789561413.222314068] [perfect_drone_full_config]: [COMMON_EXECUTOR_SETTINGS] side_threads=2 default_threads=10
[INFO] [1789561413.222498647] [perfect_drone_full_config]: [STATIC_PC_EXECUTOR_SETTINGS] dedicated=1 single_thread=1 timer_geometry_qos_unchanged=1
Load config file: /root/super_ws/install/super_planner/share/super_planner/config/static_seedmaps_guard_viability_tight_v7.yaml
[0;32m Load param fsm/timer_en success: [0;0m1
[0;32m Load param super_planner/detailed_log_en success: [0;0m0
[0;32m Load param super_planner/detailed_log_max_entries success: [0;0m64
[0;32m Load param fsm/click_goal_en success: [0;0m1
[0;32m Load param fsm/click_yaw_en success: [0;0m1
[0;32m Load param fsm/replan_rate success: [0;0m15
[0;32m Load param fsm/click_height success: [0;0m1.5
[0;32m Load param fsm/cmd_topic success: [0;0m/planning/pos_cmd
[0;32m Load param fsm/mpc_cmd_topic success: [0;0m/planning_cmd/poly_traj
[0;32m Load param fsm/click_goal_topic success: [0;0m/planning/click_goal
[0;32m Load param fsm/map_readiness/enable success: [0;0m1
[0;32m Load param fsm/map_readiness/min_accepted_scans success: [0;0m5
[0;32m Load param fsm/map_readiness/min_committed_scans success: [0;0m5
[0;32m Load param fsm/map_readiness/max_commit_lag_scans success: [0;0m5
[0;32m Load param fsm/map_readiness/min_scan_span_s success: [0;0m1
[0;32m Load param fsm/map_readiness/max_cloud_age_s success: [0;0m0.75
[0;32m Load param fsm/map_readiness/max_map_age_s success: [0;0m0.55
[0;32m Load param fsm/trajectory_guard/enable success: [0;0m1
[0;33m Load param fsm/event_recovery/enable failed, use default value: [0;0m0
[0;33m Load param fsm/trajectory_guard/same_map_replan_coalesce_enable failed, use default value: [0;0m0
[0;33m Load param fsm/trajectory_guard/same_map_replan_min_interval_s failed, use default value: [0;0m0
[0;32m Load param fsm/trajectory_guard/shadow success: [0;0m0
[0;32m Load param fsm/trajectory_guard/max_map_age_s success: [0;0m0.75
[0;32m Load param fsm/trajectory_guard/brake_trigger_map_age_s success: [0;0m0.55
[0;32m Load param fsm/trajectory_guard/brake_trigger_high_speed_map_age_s success: [0;0m0.5
[0;32m Load param fsm/trajectory_guard/brake_trigger_low_speed_mps success: [0;0m2.5
[0;32m Load param fsm/trajectory_guard/brake_trigger_high_speed_mps success: [0;0m3.5
[0;33m Load param fsm/trajectory_guard/full_refresh_ack_sla_s failed, use default value: [0;0m0
[0;32m Load param fsm/trajectory_guard/raw_cloud/enable success: [0;0m0
[0;33m Load param fsm/trajectory_guard/raw_cloud/source_topic failed, use default value: [0;0m
[0;32m Load param fsm/trajectory_guard/raw_cloud/max_age_s success: [0;0m0.75
[0;32m Load param fsm/trajectory_guard/raw_cloud/clearance_m success: [0;0m0.3
[0;32m Load param fsm/trajectory_guard/validation_sample_dt_s success: [0;0m0.005
[0;32m Load param fsm/trajectory_guard/shadow_min_interval_s success: [0;0m0
[0;32m Load param fsm/trajectory_guard/additional_clearance_m success: [0;0m0
[0;33m Load param fsm/trajectory_guard/brake_min_duration_s failed, use default value: [0;0m0.4
[0;32m Load param fsm/trajectory_guard/brake_max_duration_s success: [0;0m3
[0;32m Load param fsm/trajectory_guard/brake_max_acc_mps2 success: [0;0m20
[0;32m Load param fsm/trajectory_guard/brake_max_jerk_mps3 success: [0;0m120
[0;32m Load param fsm/trajectory_guard/brake_command_max_age_s success: [0;0m0.1
[0;32m Load param fsm/trajectory_guard/brake_command_max_position_error_m success: [0;0m0.5
[0;32m Load param fsm/trajectory_guard/brake_command_max_velocity_error_mps success: [0;0m2
[0;32m Load param fsm/trajectory_guard/brake_retry_interval_s success: [0;0m0.1
[0;32m Load param fsm/trajectory_guard/unknown_as_occupied success: [0;0m1
[0;33m Load param fsm/trajectory_guard/raw_cloud/ciri_shadow_en failed, use default value: [0;0m0
[0;33m Load param fsm/trajectory_guard/raw_cloud/accum_window_s failed, use default value: [0;0m1.5
[0;33m Load param fsm/trajectory_guard/raw_cloud/ciri_min_points failed, use default value: [0;0m200
[0;33m Load param fsm/trajectory_guard/raw_cloud/ciri_voxel_m failed, use default value: [0;0m0.1
[0;33m Load param fsm/trajectory_guard/raw_cloud/near_field_shadow_en failed, use default value: [0;0m0
[0;33m Load param fsm/trajectory_guard/raw_cloud/near_field_clearance_m failed, use default value: [0;0m0.2
[0;33m Load param fsm/trajectory_guard/raw_cloud/near_field_horizon_s failed, use default value: [0;0m1
[0;33m Load param fsm/trajectory_guard/raw_cloud/near_field_sample_dt_s failed, use default value: [0;0m0.01
[0;33m Load param fsm/trajectory_guard/raw_cloud/near_field_min_interval_s failed, use default value: [0;0m0.1
[0;33m Load param fsm/trajectory_guard/raw_cloud/near_field_min_points failed, use default value: [0;0m200
[0;33m Load param fsm/trajectory_guard/raw_cloud/near_field_voxel_m failed, use default value: [0;0m0
[0;33m Load param fsm/trajectory_guard/raw_cloud/near_field_test_replay_mode failed, use default value: [0;0m0
[0;33m Load param fsm/trajectory_guard/raw_cloud/near_field_enforce_en failed, use default value: [0;0m0
[0;33m Load param fsm/trajectory_guard/raw_cloud/near_field_result_max_age_s failed, use default value: [0;0m0.2
[0;33m Load param fsm/trajectory_guard/raw_cloud/near_field_max_sequence_lag failed, use default value: [0;0m1
[0;33m Load param fsm/trajectory_guard/raw_cloud/near_field_egress_tolerance_m failed, use default value: [0;0m0.005
[0;33m Load param fsm/trajectory_guard/raw_cloud/near_field_egress_min_progress_m failed, use default value: [0;0m0.02
[0;33m Load param fsm/trajectory_guard/frontend_risk/shadow_en failed, use default value: [0;0m0
[0;33m Load param fsm/trajectory_guard/frontend_risk/enforce_en failed, use default value: [0;0m0
[0;33m Load param fsm/trajectory_guard/frontend_risk/topic failed, use default value: [0;0m/planning/trajectory_risk_verdict
[0;33m Load param fsm/trajectory_guard/frontend_risk/result_max_age_s failed, use default value: [0;0m0.2
[0;33m Load param fsm/trajectory_guard/frontend_risk/source_max_age_s failed, use default value: [0;0m0.75
[0;33m Load param fsm/trajectory_guard/frontend_risk/current_body_enforce_en failed, use default value: [0;0m0
[0;33m Load param fsm/trajectory_guard/frontend_risk/current_body_result_max_age_s failed, use default value: [0;0m0.15
[0;33m Load param fsm/trajectory_guard/frontend_risk/current_body_source_max_age_s failed, use default value: [0;0m0.2
[0;32m Load param super_planner/yaw_dot_max success: [0;0m3
[0;32m Load param super_planner/visualization_en success: [0;0m0
[0;32m Load param rog_map/resolution success: [0;0m0.05
Load config file: /root/super_ws/install/super_planner/share/super_planner/config/static_seedmaps_guard_viability_tight_v7.yaml
[0;32m Load param rog_map/esdf/resolution success: [0;0m0.1
[0;32m Load param rog_map/esdf/enable success: [0;0m0
[0;32m Load param rog_map/esdf/local_update_box success: [0;0m[5 5 3 ]
[0;32m Load param rog_map/load_pcd_en success: [0;0m0
[0;32m Load param rog_map/map_sliding/enable success: [0;0m0
[0;32m Load param rog_map/map_sliding/threshold success: [0;0m3
[0;32m Load param rog_map/fix_map_origin success: [0;0m[0 0 1.5 ]
[0;32m Load param rog_map/frontier_extraction_en success: [0;0m0
[0;32m Load param rog_map/ros_callback/enable success: [0;0m1
[0;32m Load param rog_map/ros_callback/cloud_topic success: [0;0m/cloud_registered
[0;33m Load param rog_map/ros_callback/cloud_reliable failed, use default value: [0;0m0
[0;32m Load param rog_map/ros_callback/odom_topic success: [0;0m/lidar_slam/odom
[0;32m Load param rog_map/ros_callback/odom_timeout success: [0;0m2
[0;32m Load param rog_map/visualization/enable success: [0;0m0
[0;32m Load param rog_map/visualization/use_dynamic_reconfigure success: [0;0m0
[0;32m Load param rog_map/visualization/pub_unknown_map_en success: [0;0m0
[0;32m Load param rog_map/visualization/frame_id success: [0;0mworld
[0;32m Load param rog_map/visualization/time_rate success: [0;0m2
[0;32m Load param rog_map/visualization/frame_rate success: [0;0m0
[0;32m Load param rog_map/visualization/range success: [0;0m[15 15 4 ]
[0;32m Load param rog_map/resolution success: [0;0m0.05
[0;32m Load param rog_map/inflation_resolution success: [0;0m0.1
[0;32m Load param rog_map/unk_inflation_en success: [0;0m0
[0;32m Load param rog_map/unk_inflation_step success: [0;0m1
[0;32m Load param rog_map/inflation_step success: [0;0m3
[0;32m Load param rog_map/intensity_thresh success: [0;0m-10
[0;32m Load param rog_map/map_size success: [0;0m[70 70 6 ]
[0;32m Load param rog_map/point_filt_num success: [0;0m1
[0;32m Load param rog_map/raycasting/enable success: [0;0m0
[0;32m Load param rog_map/raycasting/batch_update_size success: [0;0m1
[0;32m Load param rog_map/raycasting/unk_thresh success: [0;0m1
[0;32m Load param rog_map/raycasting/p_hit success: [0;0m0.9
[0;32m Load param rog_map/raycasting/p_miss success: [0;0m0.49
[0;32m Load param rog_map/raycasting/p_min success: [0;0m0.12
[0;32m Load param rog_map/raycasting/p_max success: [0;0m0.98
[0;32m Load param rog_map/raycasting/p_occ success: [0;0m0.85
[0;32m Load param rog_map/raycasting/p_free success: [0;0m0.499
[0;32m Load param rog_map/raycasting/p_free success: [0;0m0.499
[0;32m Load param rog_map/raycasting/ray_range success: [0;0m[0.5 100 ]
[0;33m Load param rog_map/raycasting/observed_mark_range_max failed, use default value: [0;0m10
[0;32m Load param rog_map/raycasting/local_update_box success: [0;0m[100 100 5 ]
[0;32m Load param rog_map/virtual_ground_height success: [0;0m-0.1
[0;32m Load param rog_map/virtual_ceil_height success: [0;0m3.5
[32m -- [RM-Config] inflation_resolution: 0.1[0m
 -- [ROG-Map] Init, resetMapSize: ORIGIN_AT_CORNER.
 -- [ROG-Map] Init, resetMapSize: virtual_ceil_height: 3.1500000000000004, virtual_ground_height: 0.25.
[34m	[ROG] n_free: 1[0m
[34m	[ROG] n_occ: 1[0m
[34m	[ROG] l_hit: 2.19722[0m
[34m	[ROG] l_miss: -0.0400053[0m
[34m	[ROG] l_min: -1.99243[0m
[34m	[ROG] l_max: 3.89182[0m
[34m	[ROG] l_occ: 1.7346[0m
[34m	[ROG] l_free: -0.00399995[0m
[33m -- [Inf-Map] Clear all local map.[0m
[32m -- [CounterMap] Init successfully -- .[0m
[32m	resolution: 0.1[0m
[32m	map_sliding_en: 0[0m
[32m	local_map_size_i: 709 709  69[0m
[32m	local_map_size_d: 70.9 70.9  6.9[0m
[33m -- [Inf-Map] Clear all local map.[0m
[32m -- [InfMap] Init successfully -- .[0m
[32m	resolution: 0.1[0m
[32m	map_sliding_en: 0[0m
[32m	local_map_size_i: 709 709  69[0m
[32m	local_map_size_d: 70.9 70.9  6.9[0m
[ProbMap] virtual_ceil_height: 3.15
[ProbMap] virtual_ground_height: 0.25
[33m -- [ProbMap] Map sliding disabled, set origin to [  0   0 1.5] -- [0m
[33m -- [Prob-Map] Clear all local map.[0m
[32m -- [ProbMap] Init successfully -- .[0m
[32m	resolution: 0.05[0m
[32m	map_sliding_en: 0[0m
[32m	local_map_size_i: 1401 1401  121[0m
[32m	local_map_size_d: 70.05 70.05  6.05[0m
[38;2;000;128;000m -- [ROGMap] Immutable planner snapshot enabled (fixed occupancy-only map).
[0m -- [ROG_MAP_OCCUPIED_BOX_SCAN] fast=false compare=false immutable=true comparison_overhead=false
 -- [ROG_MAP_SNAPSHOT_LINE_QUERY] enabled=false immutable=true active=false changed_publication=reject
 -- [ROG_MAP_SNAPSHOT_NEIGHBOR_CACHE] enabled=false immutable=true line_query=false active=false entries=4096 max_neighbors=512 bytes_per_thread=88136 publication_check=required
Load config file: /root/super_ws/install/super_planner/share/super_planner/config/static_seedmaps_guard_viability_tight_v7.yaml
Load config file: /root/super_ws/install/super_planner/share/super_planner/config/static_seedmaps_guard_viability_tight_v7.yaml
[0;32m Load param traj_opt/switch/print_optimizer_log success: [0;0m0
[0;32m Load param traj_opt/flatness/mass success: [0;0m1.64
[0;32m Load param traj_opt/flatness/dh success: [0;0m0.35
[0;32m Load param traj_opt/flatness/dv success: [0;0m0.35
[0;32m Load param traj_opt/flatness/grav success: [0;0m9.81
[0;32m Load param traj_opt/flatness/cp success: [0;0m0.001
[0;32m Load param traj_opt/flatness/v_eps success: [0;0m0.0001
[0;32m Load param traj_opt/switch/save_log_en success: [0;0m0
[0;32m Load param traj_opt/exp_traj/pos_constraint_type success: [0;0m1
[0;33m Load param traj_opt/exp_traj/piece_num failed, use default value: [0;0m1
[0;33m Load param traj_opt/exp_traj/uniform_time_en failed, use default value: [0;0m0
[0;32m Load param traj_opt/exp_traj/block_energy_cost success: [0;0m0
[0;32m Load param traj_opt/exp_traj/opt_accuracy success: [0;0m5e-06
[0;33m Load param traj_opt/exp_traj/max_iterations failed, use default value: [0;0m2048
[0;32m Load param traj_opt/exp_traj/integral_reso success: [0;0m15
[0;32m Load param traj_opt/exp_traj/smooth_eps success: [0;0m0.01
[0;32m Load param traj_opt/boundary/max_vel success: [0;0m7
[0;32m Load param traj_opt/boundary/max_acc success: [0;0m20
[0;32m Load param traj_opt/boundary/max_jerk success: [0;0m120
[0;32m Load param traj_opt/boundary/max_omg success: [0;0m2.5
[0;32m Load param traj_opt/boundary/max_acc_thr success: [0;0m17
[0;32m Load param traj_opt/boundary/min_acc_thr success: [0;0m6
[0;32m Load param traj_opt/boundary/penna_margin success: [0;0m0.05
[0;33m Load param traj_opt/exp_traj/penna_scale failed, use default value: [0;0m-1
[0;32m Load param traj_opt/exp_traj/penna_t success: [0;0m1e+07
[0;33m Load param traj_opt/exp_traj/penna_ts failed, use default value: [0;0m-1
[0;32m Load param traj_opt/exp_traj/penna_pos success: [0;0m5e+09
[0;32m Load param traj_opt/exp_traj/penna_clr success: [0;0m1e+06
[0;32m Load param traj_opt/exp_traj/clearance_margin success: [0;0m0.1
[0;32m Load param traj_opt/exp_traj/clearance_speed_gate success: [0;0m1.5
[0;32m Load param traj_opt/exp_traj/clearance_speed_transition success: [0;0m0.5
[0;33m Load param traj_opt/exp_traj/penna_passage_center failed, use default value: [0;0m-1
[0;33m Load param traj_opt/exp_traj/passage_center_max_width failed, use default value: [0;0m0
[0;33m Load param traj_opt/exp_traj/passage_center_min_opposition_cos failed, use default value: [0;0m0.9
[0;33m Load param traj_opt/exp_traj/passage_center_min_horizontal_normal failed, use default value: [0;0m0.8
[0;33m Load param traj_opt/exp_traj/passage_center_deadband failed, use default value: [0;0m0.15
[0;33m Load param traj_opt/exp_traj/passage_center_log_en failed, use default value: [0;0m0
[0;32m Load param traj_opt/exp_traj/penna_vel success: [0;0m5e+08
[0;32m Load param traj_opt/exp_traj/penna_acc success: [0;0m5e+08
[0;32m Load param traj_opt/exp_traj/penna_jerk success: [0;0m-5e+08
[0;32m Load param traj_opt/exp_traj/penna_attract success: [0;0m5e+08
[0;32m Load param traj_opt/exp_traj/penna_omg success: [0;0m-1
[0;32m Load param traj_opt/exp_traj/penna_thr success: [0;0m-1
Load config file: /root/super_ws/install/super_planner/share/super_planner/config/static_seedmaps_guard_viability_tight_v7.yaml
[0;32m Load param traj_opt/switch/print_optimizer_log success: [0;0m0
[0;32m Load param traj_opt/flatness/mass success: [0;0m1.64
[0;32m Load param traj_opt/flatness/dh success: [0;0m0.35
[0;32m Load param traj_opt/flatness/dv success: [0;0m0.35
[0;32m Load param traj_opt/flatness/grav success: [0;0m9.81
[0;32m Load param traj_opt/flatness/cp success: [0;0m0.001
[0;32m Load param traj_opt/flatness/v_eps success: [0;0m0.0001
[0;32m Load param traj_opt/switch/save_log_en success: [0;0m0
[0;32m Load param traj_opt/backup_traj/pos_constraint_type success: [0;0m2
[0;32m Load param traj_opt/backup_traj/piece_num success: [0;0m2
[0;32m Load param traj_opt/backup_traj/uniform_time_en success: [0;0m1
[0;32m Load param traj_opt/backup_traj/block_energy_cost success: [0;0m1
[0;32m Load param traj_opt/backup_traj/opt_accuracy success: [0;0m1e-05
[0;33m Load param traj_opt/backup_traj/max_iterations failed, use default value: [0;0m2048
[0;32m Load param traj_opt/backup_traj/integral_reso success: [0;0m12
[0;32m Load param traj_opt/backup_traj/smooth_eps success: [0;0m0.01
[0;32m Load param traj_opt/boundary/max_vel success: [0;0m7
[0;32m Load param traj_opt/boundary/max_acc success: [0;0m20
[0;32m Load param traj_opt/boundary/max_jerk success: [0;0m120
[0;32m Load param traj_opt/boundary/max_omg success: [0;0m2.5
[0;32m Load param traj_opt/boundary/max_acc_thr success: [0;0m17
[0;32m Load param traj_opt/boundary/min_acc_thr success: [0;0m6
[0;32m Load param traj_opt/boundary/penna_margin success: [0;0m0.05
[0;33m Load param traj_opt/backup_traj/penna_scale failed, use default value: [0;0m-1
[0;32m Load param traj_opt/backup_traj/penna_t success: [0;0m100
[0;32m Load param traj_opt/backup_traj/penna_ts success: [0;0m1e+07
[0;32m Load param traj_opt/backup_traj/penna_pos success: [0;0m1e+10
[0;32m Load param traj_opt/backup_traj/penna_clr success: [0;0m1e+06
[0;32m Load param traj_opt/backup_traj/clearance_margin success: [0;0m0.1
[0;32m Load param traj_opt/backup_traj/clearance_speed_gate success: [0;0m1.5
[0;32m Load param traj_opt/backup_traj/clearance_speed_transition success: [0;0m0.5
[0;33m Load param traj_opt/backup_traj/penna_passage_center failed, use default value: [0;0m-1
[0;33m Load param traj_opt/backup_traj/passage_center_max_width failed, use default value: [0;0m0
[0;33m Load param traj_opt/backup_traj/passage_center_min_opposition_cos failed, use default value: [0;0m0.9
[0;33m Load param traj_opt/backup_traj/passage_center_min_horizontal_normal failed, use default value: [0;0m0.8
[0;33m Load param traj_opt/backup_traj/passage_center_deadband failed, use default value: [0;0m0.15
[0;33m Load param traj_opt/backup_traj/passage_center_log_en failed, use default value: [0;0m0
[0;32m Load param traj_opt/backup_traj/penna_vel success: [0;0m1e+08
[0;32m Load param traj_opt/backup_traj/penna_acc success: [0;0m1e+08
[0;32m Load param traj_opt/backup_traj/penna_jerk success: [0;0m-1e+06
[0;33m Load param traj_opt/backup_traj/penna_attract failed, use default value: [0;0m-1
[0;32m Load param traj_opt/backup_traj/penna_omg success: [0;0m-1
[0;32m Load param traj_opt/backup_traj/penna_thr success: [0;0m-1
[0;32m Load param super_planner/print_log success: [0;0m0
[0;32m Load param super_planner/detailed_log_en success: [0;0m0
[0;32m Load param super_planner/visualization_en success: [0;0m0
[0;32m Load param super_planner/backup_traj_en success: [0;0m1
[0;32m Load param super_planner/goal_vel_en success: [0;0m0
[0;32m Load param super_planner/goal_yaw_en success: [0;0m0
[0;32m Load param super_planner/visual_process success: [0;0m0
[0;32m Load param super_planner/use_fov_cut success: [0;0m0
[0;33m Load param super_planner/fov_horizontal_angle failed, use default value: [0;0m-1
[0;33m Load param super_planner/fov_center_heading failed, use default value: [0;0m0
[0;32m Load param super_planner/frontend_in_known_free success: [0;0m0
[0;32m Load param fsm/trajectory_guard/enable success: [0;0m1
[0;32m Load param fsm/trajectory_guard/shadow success: [0;0m0
[0;32m Load param fsm/trajectory_guard/validation_sample_dt_s success: [0;0m0.005
[0;32m Load param fsm/trajectory_guard/shadow_min_interval_s success: [0;0m0
[0;32m Load param fsm/trajectory_guard/additional_clearance_m success: [0;0m0
[0;32m Load param fsm/trajectory_guard/escape_max_duration_s success: [0;0m1
[0;32m Load param fsm/trajectory_guard/unknown_as_occupied success: [0;0m1
[0;32m Load param fsm/trajectory_guard/escape_entry_grace_s success: [0;0m0
[0;32m Load param fsm/trajectory_guard/initial_footprint_egress_enable success: [0;0m1
[0;32m Load param super_planner/safe_corridor_line_max_length success: [0;0m6
[0;32m Load param super_planner/sensing_horizon success: [0;0m-1
[0;32m Load param super_planner/obs_skip_num success: [0;0m2
[0;32m Load param super_planner/replan_forward_dt success: [0;0m0.1
[0;32m Load param super_planner/corridor_bound_dis success: [0;0m0.8
[0;32m Load param super_planner/corridor_line_max_length success: [0;0m1
[0;32m Load param super_planner/planning_horizon success: [0;0m7
[0;32m Load param super_planner/receding_dis success: [0;0m1
[0;32m Load param super_planner/robot_r success: [0;0m0.2
[0;32m Load param super_planner/corridor_use_inflated_obstacles success: [0;0m0
[0;32m Load param super_planner/corridor_use_inflated_seed_lines success: [0;0m0
[0;32m Load param super_planner/corridor_guard_retry_inflated success: [0;0m1
[0;32m Load param super_planner/guard_corridor_retry_alternate_every success: [0;0m4
[0;32m Load param super_planner/guard_topology_reroute/enable success: [0;0m1
[0;32m Load param super_planner/guard_topology_reroute/radius_m success: [0;0m0.8
[0;32m Load param super_planner/guard_topology_reroute/growth_m success: [0;0m0
[0;32m Load param super_planner/guard_topology_reroute/max_radius_m success: [0;0m0.8
[0;32m Load param super_planner/guard_topology_reroute/max_zones success: [0;0m6
[0;32m Load param super_planner/guard_topology_reroute/max_stop_speed_mps success: [0;0m0.2
[0;32m Load param super_planner/guard_topology_reroute/escalate_every_rejects success: [0;0m3
[0;32m Load param super_planner/guard_topology_reroute/collision_merge_m success: [0;0m0.5
[0;32m Load param super_planner/guard_topology_reroute/start_clearance_m success: [0;0m0.3
[0;32m Load param super_planner/guard_topology_reroute/block_spacing_m success: [0;0m1
[0;32m Load param super_planner/guard_topology_reroute/direction_merge_angle_deg success: [0;0m30
[0;32m Load param super_planner/guard_topology_reroute/no_path_reset_attempts success: [0;0m3
[0;32m Load param super_planner/guard_topology_reroute/vertical_recovery_enable success: [0;0m1
[0;32m Load param super_planner/guard_topology_reroute/vertical_recovery_lift_m success: [0;0m0.6
[0;32m Load param super_planner/guard_topology_reroute/vertical_recovery_trigger_distance_m success: [0;0m0.75
[0;32m Load param super_planner/guard_topology_reroute/local_escape_enable success: [0;0m1
[0;32m Load param super_planner/guard_topology_reroute/local_escape_distance_m success: [0;0m0.6
[0;32m Load param super_planner/guard_topology_reroute/local_escape_attempts success: [0;0m4
[0;32m Load param super_planner/guard_topology_reroute/episode_progress_reset_m success: [0;0m2
[0;32m Load param super_planner/guard_topology_reroute/saturation_vertical_attempts success: [0;0m1
[0;32m Load param super_planner/guard_topology_reroute/base_no_path_vertical_attempts success: [0;0m1
[0;32m Load param super_planner/guard_direct_goal_fallback/enable success: [0;0m1
[0;32m Load param super_planner/guard_direct_goal_fallback/max_distance_m success: [0;0m3
[0;32m Load param super_planner/guard_direct_goal_fallback/min_duration_s success: [0;0m1
[0;32m Load param super_planner/guard_viability/enable success: [0;0m1
[0;32m Load param super_planner/guard_viability/horizon_s success: [0;0m2
[0;32m Load param super_planner/guard_viability/sample_dt_s success: [0;0m0.3
[0;32m Load param super_planner/guard_viability/brake_max_acc_mps2 success: [0;0m20
[0;32m Load param super_planner/guard_viability/brake_max_jerk_mps3 success: [0;0m120
[0;32m Load param super_planner/guard_viability/brake_min_duration_s success: [0;0m0.4
[0;32m Load param super_planner/guard_viability/brake_max_duration_s success: [0;0m3
[0;32m Load param super_planner/guard_viability/brake_attempts success: [0;0m12
[0;32m Load param super_planner/guard_viability/speed_scale_step success: [0;0m1.25
[0;32m Load param super_planner/guard_viability/speed_scale_max success: [0;0m3
[0;32m Load param super_planner/guard_viability/max_retries success: [0;0m4
[0;32m Load param super_planner/corridor_min_margin success: [0;0m0.2
[0;32m Load param super_planner/corridor_pref_margin success: [0;0m0.3
[0;32m Load param super_planner/iris_iter_num success: [0;0m2
[0;32m Load param super_planner/yaw_mode success: [0;0m1
[0;32m Load param super_planner/mpc_horizon success: [0;0m15
[0;32m Load param super_planner/yaw_dot_max success: [0;0m3
[0;32m Load param rog_map/resolution success: [0;0m0.05
[INFO] [1789561414.537692887] [fsm_node]: [OPT_CLEARANCE_GATE_FIRST] optimizer=exp enabled=0 objective_unchanged=1
[INFO] [1789561414.537783599] [fsm_node]: [OPT_CLEARANCE_GATE_FIRST] optimizer=backup enabled=0 objective_unchanged=1
[INFO] [1789561414.537819631] [fsm_node]:  -- [TRAJ_GUARD] mode=enforce sample_dt=0.0050s shadow_min_interval=0.000s inflation_radius=0.300m robot_r=0.200m additional_clearance=0.000m hard_clearance=0.300m clearance_offsets=0
[38;2;050;205;050m -- [Viz] Set resolution_ to 0.05
[0m[38;2;050;205;050m -- [Viz] Set visualization_en_ to false
[0mLoad config file: /root/super_ws/install/super_planner/share/super_planner/config/static_seedmaps_guard_viability_tight_v7.yaml
[0;32m Load param astar/map_voxel_num success: [0;0m[500 500 100 ]
[0;32m Load param astar/allow_diag success: [0;0m1
[0;32m Load param astar/debug_visualization_en success: [0;0m0
[0;32m Load param astar/heu_type success: [0;0m2
[0;32m Load param astar/visual_process success: [0;0m0
[32m -- [RM] Init Astar-map.[0m
[34m	map index size: 250 250  50[0m
[34m	map vox_num: 501 501 101[0m
[33m -- [Fsm] CLICKGOAL ENABLE.[0m
[WARN] [1789561416.105913802] [perfect_tracking]:  -- [MissionPlanner] Load config by file name: /root/super_ws/src/SUPER/mars_uav_sim/perfect_drone_sim/config/seed3.yaml
Load config file: /root/super_ws/src/SUPER/mars_uav_sim/perfect_drone_sim/config/seed3.yaml
[0;32m Load param mesh_resource success: [0;0mpackage://perfect_drone_sim/meshes/yunque-M.dae
[0;32m Load param init_position/x success: [0;0m0
[0;32m Load param init_position/y success: [0;0m0
[0;32m Load param init_position/z success: [0;0m1.5
[0;32m Load param init_yaw success: [0;0m0
[0;32m Load param sensing_rate success: [0;0m10
Load config file: /root/super_ws/src/SUPER/mars_uav_sim/perfect_drone_sim/config/seed3.yaml
[0;33m Load param side_entry_v1/enabled failed, use default value: [0;0m0
[0;33m Load param side_entry_v2/enabled failed, use default value: [0;0m0
[0;33m Load param side_entry_v3/enabled failed, use default value: [0;0m0
[0;33m Load param side_entry_v4/enabled failed, use default value: [0;0m0
[0;33m Load param side_entry_v5/enabled failed, use default value: [0;0m0
[0;33m Load param side_entry_v6/enabled failed, use default value: [0;0m0
[0;33m Load param side_entry_v7/enabled failed, use default value: [0;0m0
[0;33m Load param side_entry_v0/speed_min_mps failed, use default value: [0;0m2
[0;33m Load param side_entry_v0/yaw_velocity_mismatch_min_deg failed, use default value: [0;0m50
[0;33m Load param side_entry_v0/require_yaw_velocity_mismatch failed, use default value: [0;0m1
[0;33m Load param side_entry_v0/hold_s failed, use default value: [0;0m0.02
[0;33m Load param side_entry_v0/qualifying_samples failed, use default value: [0;0m0
[0;33m Load param side_entry_v0/prediction_s failed, use default value: [0;0m0.8
[0;33m Load param side_entry_v0/require_velocity_inside failed, use default value: [0;0m1
[0;33m Load param side_entry_v0/fixed_center_enabled failed, use default value: [0;0m0
[0;33m Load param side_entry_v0/fixed_center_x failed, use default value: [0;0m22.5
[0;33m Load param side_entry_v0/fixed_center_y failed, use default value: [0;0m23
[0;33m Load param side_entry_v0/trigger_distance_min_m failed, use default value: [0;0m0.8
[0;33m Load param side_entry_v0/trigger_distance_max_m failed, use default value: [0;0m3.5
[0;33m Load param side_entry_v0/trigger_waypoint_x failed, use default value: [0;0m24
[0;33m Load param side_entry_v0/trigger_waypoint_y failed, use default value: [0;0m24
[0;33m Load param side_entry_v0/trigger_waypoint_radius_m failed, use default value: [0;0m2
[0;33m Load param side_entry_v0/trap_waypoint_radius_m failed, use default value: [0;0m2
[0;33m Load param side_entry_v0/sector_half_angle_deg failed, use default value: [0;0m45
[0;33m Load param side_entry_v0/angular_margin_deg failed, use default value: [0;0m2
[0;33m Load param side_entry_v0/max_nudge_deg failed, use default value: [0;0m20
[0;33m Load param side_entry_v0/radius_m failed, use default value: [0;0m0.25
[0;33m Load param side_entry_v0/height_m failed, use default value: [0;0m3
[0;33m Load param side_entry_v0/point_spacing_m failed, use default value: [0;0m0.05
[0;33m Load param side_entry_v0/z_spacing_m failed, use default value: [0;0m0.1
[0;33m Load param side_entry_v0/sensing_horizon_m failed, use default value: [0;0m15
[0;33m Load param side_entry_v0/intensity failed, use default value: [0;0m14545
Load config file: /root/super_ws/src/SUPER/mars_uav_sim/perfect_drone_sim/config/seed3.yaml
[0;33m Load param sensor_burst_dropout/enabled failed, use default value: [0;0m0
[0;33m Load param sensor_burst_dropout/warmup_s failed, use default value: [0;0m1
[0;33m Load param sensor_burst_dropout/period_s failed, use default value: [0;0m2
[0;33m Load param sensor_burst_dropout/duration_s failed, use default value: [0;0m0.5
[0;33m Load param sensor_burst_dropout/phase_s failed, use default value: [0;0m0
Load config file: /root/super_ws/src/SUPER/mars_uav_sim/perfect_drone_sim/config/seed3.yaml
[0;32m Load param sensing_blind success: [0;0m0.1
[0;32m Load param sensing_horizon success: [0;0m15
[0;32m Load param sensing_rate success: [0;0m10
[0;32m Load param lidar_type success: [0;0m2
[0;32m Load param pcd_name success: [0;0mseed_maps/seed3.pcd
[0;32m Load param is_360lidar success: [0;0m1
[0;32m Load param polar_resolution success: [0;0m0.4
[0;33m Load param fx failed, use default value: [0;0m250
[0;33m Load param fy failed, use default value: [0;0m250
[0;33m Load param line_number failed, use default value: [0;0m64
[0;32m Load param downsample_res success: [0;0m0.1
[0;33m Load param yaw_fov failed, use default value: [0;0m360
[0;32m Load param vertical_fov success: [0;0m178
[0;32m Load param depth_image_en success: [0;0m0
[0;33m Load param inf_point_en failed, use default value: [0;0m0
[0;32m Load param print_time_consumption success: [0;0m0
GLAD init success
Load shader frome: /root/super_ws/src/SUPER/mars_uav_sim/marsim_render/config/pattern/360camera.vs
Now initing the point cloud data: 
Number of points = 44.485X 10000
Load data finish 
========== OpenGL Info ==========
Vendor: NVIDIA Corporation
Renderer: NVIDIA GeForce RTX 3050 Ti Laptop GPU/PCIe/SSE2
OpenGL Version: 3.3.0 NVIDIA 550.144.03
GLSL Version: 3.30 NVIDIA via Cg compiler
========== OpenGL Info ==========
[INFO] [1789561416.668533676] [perfect_tracking]: [STATIC_PC_DURABLE_SETTINGS] enabled=1 actual_qos=1 reliability=reliable durability=transient_local history=keep_last depth=1 intra_process=disabled publication_schedule=latched_once other_qos_unchanged=1
[INFO] [1789561416.668593189] [perfect_tracking]: [STATIC_PC_POLL_SETTINGS] poll_ms=0 bootstrap_once=1 complete_geometry=1 qos_unchanged=0
[INFO] [1789561416.682900648] [perfect_tracking]: [STATIC_PC_LATCHED_SERIALIZATION] point_step=32 tail_zeroed_bytes=12 declared_fields_and_homogeneous_bytes_unchanged=1
[INFO] [1789561416.689934959] [perfect_tracking]: [STATIC_PC_LATCHED_PUBLICATION] publications=1 points=444850 bytes=14235200 stamp_ns=1789561416681111788 timers_created=0 poll_callbacks=0 complete_geometry=1
[INFO] [1789561416.690005149] [perfect_drone_full_config]: [HEADLESS_PARAMETER_SETTINGS] enabled=1 mode=full nodes=3 parameter_services_nodes=0 parameter_event_publisher_nodes=0 local_parameters_preserved=1 default_off=1
[INFO] [1789561416.690016298] [perfect_drone_full_config]: Full raw DDS disabled: renderer -> ROG-Map uses direct latest-only SharedPtr handoff
[INFO] [1789561416.690101228] [perfect_drone_full_config]: [STATIC_PC_EXECUTOR_KIND] cached_entities=0 executor=single callbacks_qos_cadence_unchanged=1 mode=full
[INFO] [1789561416.776303175] [perfect_tracking]: [SENSOR_ACQUISITION_FRAME] frame=1 cycle=0 full=1 stamp_ns=1789561416768713086 width=900 height=445 readback_pixels=801000 conversion_rays=115200 generated_points=13980 bytes=447360 half_angle_deg=45.000
Publish local map size: 13980
[INFO] [1789561416.871706788] [perfect_tracking]: [SENSOR_ACQUISITION_FRAME] frame=2 cycle=0 full=1 stamp_ns=1789561416868799355 width=900 height=445 readback_pixels=801000 conversion_rays=115200 generated_points=13970 bytes=447040 half_angle_deg=45.000
Publish local map size: 13970
[INFO] [1789561416.974327783] [perfect_tracking]: [SENSOR_ACQUISITION_FRAME] frame=3 cycle=0 full=1 stamp_ns=1789561416968909566 width=900 height=445 readback_pixels=801000 conversion_rays=115200 generated_points=13970 bytes=447040 half_angle_deg=45.000
Publish local map size: 13970
[INFO] [1789561417.070796683] [perfect_tracking]: [SENSOR_ACQUISITION_FRAME] frame=4 cycle=0 full=1 stamp_ns=1789561417068665774 width=900 height=445 readback_pixels=801000 conversion_rays=115200 generated_points=13995 bytes=447840 half_angle_deg=45.000
Publish local map size: 13995
[INFO] [1789561417.173717972] [perfect_tracking]: [SENSOR_ACQUISITION_FRAME] frame=5 cycle=0 full=1 stamp_ns=1789561417168843304 width=900 height=445 readback_pixels=801000 conversion_rays=115200 generated_points=13943 bytes=446176 half_angle_deg=45.000
Publish local map size: 13943
[INFO] [1789561417.273505371] [perfect_tracking]: [SENSOR_ACQUISITION_FRAME] frame=6 cycle=0 full=1 stamp_ns=1789561417268691524 width=900 height=445 readback_pixels=801000 conversion_rays=115200 generated_points=13989 bytes=447648 half_angle_deg=45.000
Publish local map size: 13989
[INFO] [1789561417.372868304] [perfect_tracking]: [SENSOR_ACQUISITION_FRAME] frame=7 cycle=0 full=1 stamp_ns=1789561417368660697 width=900 height=445 readback_pixels=801000 conversion_rays=115200 generated_points=13981 bytes=447392 half_angle_deg=45.000
Publish local map size: 13981
[INFO] [1789561417.474061942] [perfect_tracking]: [SENSOR_ACQUISITION_FRAME] frame=8 cycle=0 full=1 stamp_ns=1789561417468857965 width=900 height=445 readback_pixels=801000 conversion_rays=115200 generated_points=13980 bytes=447360 half_angle_deg=45.000
Publish local map size: 13980
[INFO] [1789561417.574502324] [perfect_tracking]: [SENSOR_ACQUISITION_FRAME] frame=9 cycle=0 full=1 stamp_ns=1789561417568911453 width=900 height=445 readback_pixels=801000 conversion_rays=115200 generated_points=13959 bytes=446688 half_angle_deg=45.000
Publish local map size: 13959
[INFO] [1789561417.674029066] [perfect_tracking]: [SENSOR_ACQUISITION_FRAME] frame=10 cycle=0 full=1 stamp_ns=1789561417668690777 width=900 height=445 readback_pixels=801000 conversion_rays=115200 generated_points=13951 bytes=446432 half_angle_deg=45.000
Publish local map size: 13951
[33m -- [Fsm] Wait for goal.[0m
[32m -- [Fsm 1.005] Current state: INIT[0m
[INFO] [1789561417.774092694] [perfect_tracking]: [SENSOR_ACQUISITION_FRAME] frame=11 cycle=0 full=1 stamp_ns=1789561417768700996 width=900 height=445 readback_pixels=801000 conversion_rays=115200 generated_points=13990 bytes=447680 half_angle_deg=45.000
Publish local map size: 13990
[INFO] [1789561417.874436413] [perfect_tracking]: [SENSOR_ACQUISITION_FRAME] frame=12 cycle=0 full=1 stamp_ns=1789561417868793467 width=900 height=445 readback_pixels=801000 conversion_rays=115200 generated_points=13951 bytes=446432 half_angle_deg=45.000
Publish local map size: 13951
[INFO] [1789561417.976506117] [perfect_tracking]: [SENSOR_ACQUISITION_FRAME] frame=13 cycle=0 full=1 stamp_ns=1789561417968820978 width=900 height=445 readback_pixels=801000 conversion_rays=115200 generated_points=13995 bytes=447840 half_angle_deg=45.000
Publish local map size: 13995
[INFO] [1789561418.072302602] [perfect_tracking]: [SENSOR_ACQUISITION_FRAME] frame=14 cycle=0 full=1 stamp_ns=1789561418068682060 width=900 height=445 readback_pixels=801000 conversion_rays=115200 generated_points=13944 bytes=446208 half_angle_deg=45.000
Publish local map size: 13944
[INFO] [1789561418.174272423] [perfect_tracking]: [SENSOR_ACQUISITION_FRAME] frame=15 cycle=0 full=1 stamp_ns=1789561418168690772 width=900 height=445 readback_pixels=801000 conversion_rays=115200 generated_points=13958 bytes=446656 half_angle_deg=45.000
Publish local map size: 13958
[INFO] [1789561418.274607486] [perfect_tracking]: [SENSOR_ACQUISITION_FRAME] frame=16 cycle=0 full=1 stamp_ns=1789561418268701313 width=900 height=445 readback_pixels=801000 conversion_rays=115200 generated_points=13971 bytes=447072 half_angle_deg=45.000
Publish local map size: 13971
[INFO] [1789561418.372335674] [perfect_tracking]: [SENSOR_ACQUISITION_FRAME] frame=17 cycle=0 full=1 stamp_ns=1789561418368744735 width=900 height=445 readback_pixels=801000 conversion_rays=115200 generated_points=13945 bytes=446240 half_angle_deg=45.000
Publish local map size: 13945
[INFO] [1789561418.473697447] [perfect_tracking]: [SENSOR_ACQUISITION_FRAME] frame=18 cycle=0 full=1 stamp_ns=1789561418468681875 width=900 height=445 readback_pixels=801000 conversion_rays=115200 generated_points=13943 bytes=446176 half_angle_deg=45.000
Publish local map size: 13943
 -- [MARSIM] Running FPS: 186.294
[INFO] [1789561418.575042013] [perfect_tracking]: [SENSOR_ACQUISITION_FRAME] frame=19 cycle=0 full=1 stamp_ns=1789561418568879001 width=900 height=445 readback_pixels=801000 conversion_rays=115200 generated_points=13941 bytes=446112 half_angle_deg=45.000
Publish local map size: 13941
[INFO] [1789561418.674072753] [perfect_tracking]: [SENSOR_ACQUISITION_FRAME] frame=20 cycle=0 full=1 stamp_ns=1789561418668764600 width=900 height=445 readback_pixels=801000 conversion_rays=115200 generated_points=13980 bytes=447360 half_angle_deg=45.000
Publish local map size: 13980
[33m -- [Fsm] Wait for goal.[0m
[32m -- [Fsm 2.015] Current state: INIT[0m
[INFO] [1789561418.774385305] [perfect_tracking]: [SENSOR_ACQUISITION_FRAME] frame=21 cycle=0 full=1 stamp_ns=1789561418768681722 width=900 height=445 readback_pixels=801000 conversion_rays=115200 generated_points=13988 bytes=447616 half_angle_deg=45.000
Publish local map size: 13988
[INFO] [1789561418.873655210] [perfect_tracking]: [SENSOR_ACQUISITION_FRAME] frame=22 cycle=0 full=1 stamp_ns=1789561418868744438 width=900 height=445 readback_pixels=801000 conversion_rays=115200 generated_points=13992 bytes=447744 half_angle_deg=45.000
Publish local map size: 13992
[INFO] [1789561418.974468705] [perfect_tracking]: [SENSOR_ACQUISITION_FRAME] frame=23 cycle=0 full=1 stamp_ns=1789561418968648957 width=900 height=445 readback_pixels=801000 conversion_rays=115200 generated_points=13988 bytes=447616 half_angle_deg=45.000
Publish local map size: 13988
[INFO] [1789561419.075199432] [perfect_tracking]: [SENSOR_ACQUISITION_FRAME] frame=24 cycle=0 full=1 stamp_ns=1789561419068855547 width=900 height=445 readback_pixels=801000 conversion_rays=115200 generated_points=13975 bytes=447200 half_angle_deg=45.000
Publish local map size: 13975
[INFO] [1789561419.172745781] [perfect_tracking]: [SENSOR_ACQUISITION_FRAME] frame=25 cycle=0 full=1 stamp_ns=1789561419168664874 width=900 height=445 readback_pixels=801000 conversion_rays=115200 generated_points=13995 bytes=447840 half_angle_deg=45.000
Publish local map size: 13995
[INFO] [1789561419.274497759] [perfect_tracking]: [SENSOR_ACQUISITION_FRAME] frame=26 cycle=0 full=1 stamp_ns=1789561419268679338 width=900 height=445 readback_pixels=801000 conversion_rays=115200 generated_points=13988 bytes=447616 half_angle_deg=45.000
Publish local map size: 13988
[INFO] [1789561419.374606139] [perfect_tracking]: [SENSOR_ACQUISITION_FRAME] frame=27 cycle=0 full=1 stamp_ns=1789561419368773016 width=900 height=445 readback_pixels=801000 conversion_rays=115200 generated_points=13983 bytes=447456 half_angle_deg=45.000
Publish local map size: 13983
[INFO] [1789561419.473607802] [perfect_tracking]: [SENSOR_ACQUISITION_FRAME] frame=28 cycle=0 full=1 stamp_ns=1789561419468632799 width=900 height=445 readback_pixels=801000 conversion_rays=115200 generated_points=13980 bytes=447360 half_angle_deg=45.000
Publish local map size: 13980
[INFO] [1789561419.574731395] [perfect_tracking]: [SENSOR_ACQUISITION_FRAME] frame=29 cycle=0 full=1 stamp_ns=1789561419568654373 width=900 height=445 readback_pixels=801000 conversion_rays=115200 generated_points=13958 bytes=446656 half_angle_deg=45.000
Publish local map size: 13958
[INFO] [1789561419.673217981] [perfect_tracking]: [SENSOR_ACQUISITION_FRAME] frame=30 cycle=0 full=1 stamp_ns=1789561419668731980 width=900 height=445 readback_pixels=801000 conversion_rays=115200 generated_points=13973 bytes=447136 half_angle_deg=45.000
Publish local map size: 13973
[33m -- [Fsm] Wait for goal.[0m
[32m -- [Fsm 3.025] Current state: INIT[0m
[INFO] [1789561419.773320145] [perfect_tracking]: [SENSOR_ACQUISITION_FRAME] frame=31 cycle=0 full=1 stamp_ns=1789561419768619481 width=900 height=445 readback_pixels=801000 conversion_rays=115200 generated_points=13957 bytes=446624 half_angle_deg=45.000
Publish local map size: 13957
[INFO] [1789561419.873577277] [perfect_tracking]: [SENSOR_ACQUISITION_FRAME] frame=32 cycle=0 full=1 stamp_ns=1789561419868662062 width=900 height=445 readback_pixels=801000 conversion_rays=115200 generated_points=13937 bytes=445984 half_angle_deg=45.000
Publish local map size: 13937
[INFO] [1789561419.974093999] [perfect_tracking]: [SENSOR_ACQUISITION_FRAME] frame=33 cycle=0 full=1 stamp_ns=1789561419968660751 width=900 height=445 readback_pixels=801000 conversion_rays=115200 generated_points=13988 bytes=447616 half_angle_deg=45.000
Publish local map size: 13988
[INFO] [1789561420.075325740] [perfect_tracking]: [SENSOR_ACQUISITION_FRAME] frame=34 cycle=0 full=1 stamp_ns=1789561420068817270 width=900 height=445 readback_pixels=801000 conversion_rays=115200 generated_points=13978 bytes=447296 half_angle_deg=45.000
Publish local map size: 13978
[INFO] [1789561420.173124236] [perfect_tracking]: [SENSOR_ACQUISITION_FRAME] frame=35 cycle=0 full=1 stamp_ns=1789561420168767670 width=900 height=445 readback_pixels=801000 conversion_rays=115200 generated_points=13957 bytes=446624 half_angle_deg=45.000
Publish local map size: 13957
[INFO] [1789561420.275755005] [perfect_tracking]: [SENSOR_ACQUISITION_FRAME] frame=36 cycle=0 full=1 stamp_ns=1789561420268727480 width=900 height=445 readback_pixels=801000 conversion_rays=115200 generated_points=13991 bytes=447712 half_angle_deg=45.000
Publish local map size: 13991
[INFO] [1789561420.374170839] [perfect_tracking]: [SENSOR_ACQUISITION_FRAME] frame=37 cycle=0 full=1 stamp_ns=1789561420368674323 width=900 height=445 readback_pixels=801000 conversion_rays=115200 generated_points=13951 bytes=446432 half_angle_deg=45.000
Publish local map size: 13951
[INFO] [1789561420.472658574] [perfect_tracking]: [SENSOR_ACQUISITION_FRAME] frame=38 cycle=0 full=1 stamp_ns=1789561420468598584 width=900 height=445 readback_pixels=801000 conversion_rays=115200 generated_points=13991 bytes=447712 half_angle_deg=45.000
Publish local map size: 13991
 -- [MARSIM] Running FPS: 188.756
[INFO] [1789561420.575202501] [perfect_tracking]: [SENSOR_ACQUISITION_FRAME] frame=39 cycle=0 full=1 stamp_ns=1789561420568642150 width=900 height=445 readback_pixels=801000 conversion_rays=115200 generated_points=13955 bytes=446560 half_angle_deg=45.000
Publish local map size: 13955
[INFO] [1789561420.674491048] [perfect_tracking]: [SENSOR_ACQUISITION_FRAME] frame=40 cycle=0 full=1 stamp_ns=1789561420668823879 width=900 height=445 readback_pixels=801000 conversion_rays=115200 generated_points=13951 bytes=446432 half_angle_deg=45.000
Publish local map size: 13951
[33m -- [Fsm] Wait for goal.[0m
[32m -- [Fsm 4.035] Current state: INIT[0m
[INFO] [1789561420.774865594] [perfect_tracking]: [SENSOR_ACQUISITION_FRAME] frame=41 cycle=0 full=1 stamp_ns=1789561420768781104 width=900 height=445 readback_pixels=801000 conversion_rays=115200 generated_points=13973 bytes=447136 half_angle_deg=45.000
Publish local map size: 13973
[INFO] [1789561420.873565351] [perfect_tracking]: [SENSOR_ACQUISITION_FRAME] frame=42 cycle=0 full=1 stamp_ns=1789561420868759521 width=900 height=445 readback_pixels=801000 conversion_rays=115200 generated_points=13990 bytes=447680 half_angle_deg=45.000
Publish local map size: 13990
[INFO] [1789561420.974130984] [perfect_tracking]: [SENSOR_ACQUISITION_FRAME] frame=43 cycle=0 full=1 stamp_ns=1789561420968767304 width=900 height=445 readback_pixels=801000 conversion_rays=115200 generated_points=13964 bytes=446848 half_angle_deg=45.000
Publish local map size: 13964
[INFO] [1789561421.073993395] [perfect_tracking]: [SENSOR_ACQUISITION_FRAME] frame=44 cycle=0 full=1 stamp_ns=1789561421068741721 width=900 height=445 readback_pixels=801000 conversion_rays=115200 generated_points=13941 bytes=446112 half_angle_deg=45.000
Publish local map size: 13941
[INFO] [1789561421.172860298] [perfect_tracking]: [SENSOR_ACQUISITION_FRAME] frame=45 cycle=0 full=1 stamp_ns=1789561421168758216 width=900 height=445 readback_pixels=801000 conversion_rays=115200 generated_points=13980 bytes=447360 half_angle_deg=45.000
Publish local map size: 13980
[INFO] [1789561421.274643558] [perfect_tracking]: [SENSOR_ACQUISITION_FRAME] frame=46 cycle=0 full=1 stamp_ns=1789561421268763426 width=900 height=445 readback_pixels=801000 conversion_rays=115200 generated_points=13980 bytes=447360 half_angle_deg=45.000
Publish local map size: 13980
[INFO] [1789561421.374901777] [perfect_tracking]: [SENSOR_ACQUISITION_FRAME] frame=47 cycle=0 full=1 stamp_ns=1789561421368742954 width=900 height=445 readback_pixels=801000 conversion_rays=115200 generated_points=13941 bytes=446112 half_angle_deg=45.000
Publish local map size: 13941
[INFO] [1789561421.474364081] [perfect_tracking]: [SENSOR_ACQUISITION_FRAME] frame=48 cycle=0 full=1 stamp_ns=1789561421468723787 width=900 height=445 readback_pixels=801000 conversion_rays=115200 generated_points=13990 bytes=447680 half_angle_deg=45.000
Publish local map size: 13990
[INFO] [1789561421.574115693] [perfect_tracking]: [SENSOR_ACQUISITION_FRAME] frame=49 cycle=0 full=1 stamp_ns=1789561421568704789 width=900 height=445 readback_pixels=801000 conversion_rays=115200 generated_points=13980 bytes=447360 half_angle_deg=45.000
Publish local map size: 13980
[INFO] [1789561421.672817480] [perfect_tracking]: [SENSOR_ACQUISITION_FRAME] frame=50 cycle=0 full=1 stamp_ns=1789561421668589864 width=900 height=445 readback_pixels=801000 conversion_rays=115200 generated_points=13975 bytes=447200 half_angle_deg=45.000
Publish local map size: 13975
[INFO] [1789561421.672987706] [perfect_tracking]: [STATIC_PC_LATCHED_SUMMARY] enabled=1 publications=1 points=444850 bytes=14235200 stamp_ns=1789561416681111788 timers_created=0 poll_callbacks=0
[INFO] [1789561421.673000409] [perfect_tracking]: [SENSOR_CADENCE_SUMMARY] frames=50 span_s=4.896515 hz=10.007117 raw_published=0 direct_handoffs=50 payload_bytes=22352832 side_entry_v1_enabled=0 side_entry_v1_spawned=0 side_entry_v1_injected_frames=0
[INFO] [1789561421.673012759] [perfect_tracking]: [SENSOR_BURST_DROPOUT_SUMMARY] enabled=0 warmup_s=1.000000 period_s=2.000000 duration_s=0.500000 phase_s=0.000000 phase_env_override=0 rendered=50 delivered=50 dropped=0 bursts=0 max_consecutive_dropped=0 max_delivered_gap_s=0.102920 dropped_payload_bytes=0
[33m -- [Fsm] Wait for goal.[0m
[32m -- [Fsm 5.035] Current state: INIT[0m
[INFO] [1789561421.772954657] [perfect_tracking]: [SENSOR_ACQUISITION_FRAME] frame=51 cycle=0 full=1 stamp_ns=1789561421768640626 width=900 height=445 readback_pixels=801000 conversion_rays=115200 generated_points=13995 bytes=447840 half_angle_deg=45.000
Publish local map size: 13995
[INFO] [1789561421.872497165] [perfect_tracking]: [SENSOR_ACQUISITION_FRAME] frame=52 cycle=0 full=1 stamp_ns=1789561421868606944 width=900 height=445 readback_pixels=801000 conversion_rays=115200 generated_points=13995 bytes=447840 half_angle_deg=45.000
Publish local map size: 13995
[INFO] [1789561421.974422767] [perfect_tracking]: [SENSOR_ACQUISITION_FRAME] frame=53 cycle=0 full=1 stamp_ns=1789561421968704854 width=900 height=445 readback_pixels=801000 conversion_rays=115200 generated_points=13959 bytes=446688 half_angle_deg=45.000
Publish local map size: 13959
[INFO] [1789561422.074497948] [perfect_tracking]: [SENSOR_ACQUISITION_FRAME] frame=54 cycle=0 full=1 stamp_ns=1789561422068688888 width=900 height=445 readback_pixels=801000 conversion_rays=115200 generated_points=13990 bytes=447680 half_angle_deg=45.000
Publish local map size: 13990
[INFO] [1789561422.174526697] [perfect_tracking]: [SENSOR_ACQUISITION_FRAME] frame=55 cycle=0 full=1 stamp_ns=1789561422168697270 width=900 height=445 readback_pixels=801000 conversion_rays=115200 generated_points=13991 bytes=447712 half_angle_deg=45.000
Publish local map size: 13991
[INFO] [1789561422.274766361] [perfect_tracking]: [SENSOR_ACQUISITION_FRAME] frame=56 cycle=0 full=1 stamp_ns=1789561422268721097 width=900 height=445 readback_pixels=801000 conversion_rays=115200 generated_points=13971 bytes=447072 half_angle_deg=45.000
Publish local map size: 13971
[INFO] [1789561422.374394941] [perfect_tracking]: [SENSOR_ACQUISITION_FRAME] frame=57 cycle=0 full=1 stamp_ns=1789561422368593029 width=900 height=445 readback_pixels=801000 conversion_rays=115200 generated_points=13975 bytes=447200 half_angle_deg=45.000
Publish local map size: 13975
[INFO] [1789561422.472805422] [perfect_tracking]: [SENSOR_ACQUISITION_FRAME] frame=58 cycle=0 full=1 stamp_ns=1789561422468593104 width=900 height=445 readback_pixels=801000 conversion_rays=115200 generated_points=13970 bytes=447040 half_angle_deg=45.000
Publish local map size: 13970
 -- [MARSIM] Running FPS: 195.149
[INFO] [1789561422.573269181] [perfect_tracking]: [SENSOR_ACQUISITION_FRAME] frame=59 cycle=0 full=1 stamp_ns=1789561422568592283 width=900 height=445 readback_pixels=801000 conversion_rays=115200 generated_points=13969 bytes=447008 half_angle_deg=45.000
Publish local map size: 13969
[INFO] [1789561422.673189024] [perfect_tracking]: [SENSOR_ACQUISITION_FRAME] frame=60 cycle=0 full=1 stamp_ns=1789561422668602219 width=900 height=445 readback_pixels=801000 conversion_rays=115200 generated_points=13936 bytes=445952 half_angle_deg=45.000
Publish local map size: 13936
[33m -- [Fsm] Wait for goal.[0m
[32m -- [Fsm 6.045] Current state: INIT[0m
[INFO] [1789561422.774895309] [perfect_tracking]: [SENSOR_ACQUISITION_FRAME] frame=61 cycle=0 full=1 stamp_ns=1789561422768613494 width=900 height=445 readback_pixels=801000 conversion_rays=115200 generated_points=13955 bytes=446560 half_angle_deg=45.000
Publish local map size: 13955
[INFO] [1789561422.872962638] [perfect_tracking]: [SENSOR_ACQUISITION_FRAME] frame=62 cycle=0 full=1 stamp_ns=1789561422868600224 width=900 height=445 readback_pixels=801000 conversion_rays=115200 generated_points=13949 bytes=446368 half_angle_deg=45.000
Publish local map size: 13949
[INFO] [1789561422.972482328] [perfect_tracking]: [SENSOR_ACQUISITION_FRAME] frame=63 cycle=0 full=1 stamp_ns=1789561422968547915 width=900 height=445 readback_pixels=801000 conversion_rays=115200 generated_points=13949 bytes=446368 half_angle_deg=45.000
Publish local map size: 13949
[INFO] [1789561423.074472377] [perfect_tracking]: [SENSOR_ACQUISITION_FRAME] frame=64 cycle=0 full=1 stamp_ns=1789561423068633802 width=900 height=445 readback_pixels=801000 conversion_rays=115200 generated_points=13990 bytes=447680 half_angle_deg=45.000
Publish local map size: 13990
[INFO] [1789561423.174239224] [perfect_tracking]: [SENSOR_ACQUISITION_FRAME] frame=65 cycle=0 full=1 stamp_ns=1789561423168675848 width=900 height=445 readback_pixels=801000 conversion_rays=115200 generated_points=13958 bytes=446656 half_angle_deg=45.000
Publish local map size: 13958
[INFO] [1789561423.273259235] [perfect_tracking]: [SENSOR_ACQUISITION_FRAME] frame=66 cycle=0 full=1 stamp_ns=1789561423268570682 width=900 height=445 readback_pixels=801000 conversion_rays=115200 generated_points=13988 bytes=447616 half_angle_deg=45.000
Publish local map size: 13988
[INFO] [1789561423.374436849] [perfect_tracking]: [SENSOR_ACQUISITION_FRAME] frame=67 cycle=0 full=1 stamp_ns=1789561423368591707 width=900 height=445 readback_pixels=801000 conversion_rays=115200 generated_points=13973 bytes=447136 half_angle_deg=45.000
Publish local map size: 13973
[INFO] [1789561423.474435040] [perfect_tracking]: [SENSOR_ACQUISITION_FRAME] frame=68 cycle=0 full=1 stamp_ns=1789561423468774712 width=900 height=445 readback_pixels=801000 conversion_rays=115200 generated_points=13989 bytes=447648 half_angle_deg=45.000
Publish local map size: 13989
[INFO] [1789561423.573448696] [perfect_tracking]: [SENSOR_ACQUISITION_FRAME] frame=69 cycle=0 full=1 stamp_ns=1789561423568665983 width=900 height=445 readback_pixels=801000 conversion_rays=115200 generated_points=13970 bytes=447040 half_angle_deg=45.000
Publish local map size: 13970
[INFO] [1789561423.673639166] [perfect_tracking]: [SENSOR_ACQUISITION_FRAME] frame=70 cycle=0 full=1 stamp_ns=1789561423668675137 width=900 height=445 readback_pixels=801000 conversion_rays=115200 generated_points=13977 bytes=447264 half_angle_deg=45.000
Publish local map size: 13977
[33m -- [Fsm] Wait for goal.[0m
[32m -- [Fsm 7.055] Current state: INIT[0m
[INFO] [1789561423.773916395] [perfect_tracking]: [SENSOR_ACQUISITION_FRAME] frame=71 cycle=0 full=1 stamp_ns=1789561423768628803 width=900 height=445 readback_pixels=801000 conversion_rays=115200 generated_points=13973 bytes=447136 half_angle_deg=45.000
Publish local map size: 13973
[INFO] [1789561423.874242084] [perfect_tracking]: [SENSOR_ACQUISITION_FRAME] frame=72 cycle=0 full=1 stamp_ns=1789561423868618796 width=900 height=445 readback_pixels=801000 conversion_rays=115200 generated_points=13991 bytes=447712 half_angle_deg=45.000
Publish local map size: 13991
[INFO] [1789561423.975015060] [perfect_tracking]: [SENSOR_ACQUISITION_FRAME] frame=73 cycle=0 full=1 stamp_ns=1789561423968615810 width=900 height=445 readback_pixels=801000 conversion_rays=115200 generated_points=13966 bytes=446912 half_angle_deg=45.000
Publish local map size: 13966
[INFO] [1789561424.072716024] [perfect_tracking]: [SENSOR_ACQUISITION_FRAME] frame=74 cycle=0 full=1 stamp_ns=1789561424068564913 width=900 height=445 readback_pixels=801000 conversion_rays=115200 generated_points=13978 bytes=447296 half_angle_deg=45.000
Publish local map size: 13978
[INFO] [1789561424.173306856] [perfect_tracking]: [SENSOR_ACQUISITION_FRAME] frame=75 cycle=0 full=1 stamp_ns=1789561424168601626 width=900 height=445 readback_pixels=801000 conversion_rays=115200 generated_points=13988 bytes=447616 half_angle_deg=45.000
Publish local map size: 13988
[INFO] [1789561424.274950265] [perfect_tracking]: [SENSOR_ACQUISITION_FRAME] frame=76 cycle=0 full=1 stamp_ns=1789561424268710258 width=900 height=445 readback_pixels=801000 conversion_rays=115200 generated_points=13966 bytes=446912 half_angle_deg=45.000
Publish local map size: 13966
[INFO] [1789561424.372768601] [perfect_tracking]: [SENSOR_ACQUISITION_FRAME] frame=77 cycle=0 full=1 stamp_ns=1789561424368556703 width=900 height=445 readback_pixels=801000 conversion_rays=115200 generated_points=13980 bytes=447360 half_angle_deg=45.000
Publish local map size: 13980
[INFO] [1789561424.474736157] [perfect_tracking]: [SENSOR_ACQUISITION_FRAME] frame=78 cycle=0 full=1 stamp_ns=1789561424468583307 width=900 height=445 readback_pixels=801000 conversion_rays=115200 generated_points=13980 bytes=447360 half_angle_deg=45.000
Publish local map size: 13980
 -- [MARSIM] Running FPS: 198.785
[INFO] [1789561424.572302385] [perfect_tracking]: [SENSOR_ACQUISITION_FRAME] frame=79 cycle=0 full=1 stamp_ns=1789561424568594555 width=900 height=445 readback_pixels=801000 conversion_rays=115200 generated_points=13951 bytes=446432 half_angle_deg=45.000
Publish local map size: 13951
[INFO] [1789561424.674556608] [perfect_tracking]: [SENSOR_ACQUISITION_FRAME] frame=80 cycle=0 full=1 stamp_ns=1789561424668572648 width=900 height=445 readback_pixels=801000 conversion_rays=115200 generated_points=13981 bytes=447392 half_angle_deg=45.000
Publish local map size: 13981
[33m -- [Fsm] Wait for goal.[0m
[32m -- [Fsm 8.065] Current state: INIT[0m
[INFO] [1789561424.773609342] [perfect_tracking]: [SENSOR_ACQUISITION_FRAME] frame=81 cycle=0 full=1 stamp_ns=1789561424768647080 width=900 height=445 readback_pixels=801000 conversion_rays=115200 generated_points=13975 bytes=447200 half_angle_deg=45.000
Publish local map size: 13975
[INFO] [1789561424.875012494] [perfect_tracking]: [SENSOR_ACQUISITION_FRAME] frame=82 cycle=0 full=1 stamp_ns=1789561424868566820 width=900 height=445 readback_pixels=801000 conversion_rays=115200 generated_points=13991 bytes=447712 half_angle_deg=45.000
Publish local map size: 13991
[INFO] [1789561424.973808541] [perfect_tracking]: [SENSOR_ACQUISITION_FRAME] frame=83 cycle=0 full=1 stamp_ns=1789561424968557941 width=900 height=445 readback_pixels=801000 conversion_rays=115200 generated_points=13941 bytes=446112 half_angle_deg=45.000
Publish local map size: 13941
[INFO] [1789561425.074932855] [perfect_tracking]: [SENSOR_ACQUISITION_FRAME] frame=84 cycle=0 full=1 stamp_ns=1789561425068556351 width=900 height=445 readback_pixels=801000 conversion_rays=115200 generated_points=13980 bytes=447360 half_angle_deg=45.000
Publish local map size: 13980
[INFO] [1789561425.172354035] [perfect_tracking]: [SENSOR_ACQUISITION_FRAME] frame=85 cycle=0 full=1 stamp_ns=1789561425168714420 width=900 height=445 readback_pixels=801000 conversion_rays=115200 generated_points=13973 bytes=447136 half_angle_deg=45.000
Publish local map size: 13973
[INFO] [1789561425.274520634] [perfect_tracking]: [SENSOR_ACQUISITION_FRAME] frame=86 cycle=0 full=1 stamp_ns=1789561425268630640 width=900 height=445 readback_pixels=801000 conversion_rays=115200 generated_points=13991 bytes=447712 half_angle_deg=45.000
Publish local map size: 13991
[INFO] [1789561425.373033768] [perfect_tracking]: [SENSOR_ACQUISITION_FRAME] frame=87 cycle=0 full=1 stamp_ns=1789561425368502478 width=900 height=445 readback_pixels=801000 conversion_rays=115200 generated_points=13956 bytes=446592 half_angle_deg=45.000
Publish local map size: 13956
[INFO] [1789561425.474525656] [perfect_tracking]: [SENSOR_ACQUISITION_FRAME] frame=88 cycle=0 full=1 stamp_ns=1789561425468644294 width=900 height=445 readback_pixels=801000 conversion_rays=115200 generated_points=13991 bytes=447712 half_angle_deg=45.000
Publish local map size: 13991
[INFO] [1789561425.573990194] [perfect_tracking]: [SENSOR_ACQUISITION_FRAME] frame=89 cycle=0 full=1 stamp_ns=1789561425568676709 width=900 height=445 readback_pixels=801000 conversion_rays=115200 generated_points=13991 bytes=447712 half_angle_deg=45.000
Publish local map size: 13991
[INFO] [1789561425.672968146] [perfect_tracking]: [SENSOR_ACQUISITION_FRAME] frame=90 cycle=0 full=1 stamp_ns=1789561425668656139 width=900 height=445 readback_pixels=801000 conversion_rays=115200 generated_points=13958 bytes=446656 half_angle_deg=45.000
Publish local map size: 13958
[33m -- [Fsm] Wait for goal.[0m
[32m -- [Fsm 9.065] Current state: INIT[0m
[INFO] [1789561425.775422461] [perfect_tracking]: [SENSOR_ACQUISITION_FRAME] frame=91 cycle=0 full=1 stamp_ns=1789561425768687917 width=900 height=445 readback_pixels=801000 conversion_rays=115200 generated_points=13981 bytes=447392 half_angle_deg=45.000
Publish local map size: 13981
[INFO] [1789561425.874726602] [perfect_tracking]: [SENSOR_ACQUISITION_FRAME] frame=92 cycle=0 full=1 stamp_ns=1789561425868563260 width=900 height=445 readback_pixels=801000 conversion_rays=115200 generated_points=13937 bytes=445984 half_angle_deg=45.000
Publish local map size: 13937
[INFO] [1789561425.974029696] [perfect_tracking]: [SENSOR_ACQUISITION_FRAME] frame=93 cycle=0 full=1 stamp_ns=1789561425968632841 width=900 height=445 readback_pixels=801000 conversion_rays=115200 generated_points=13951 bytes=446432 half_angle_deg=45.000
Publish local map size: 13951
[INFO] [1789561426.073813295] [perfect_tracking]: [SENSOR_ACQUISITION_FRAME] frame=94 cycle=0 full=1 stamp_ns=1789561426068628182 width=900 height=445 readback_pixels=801000 conversion_rays=115200 generated_points=13941 bytes=446112 half_angle_deg=45.000
Publish local map size: 13941
[INFO] [1789561426.174215969] [perfect_tracking]: [SENSOR_ACQUISITION_FRAME] frame=95 cycle=0 full=1 stamp_ns=1789561426168690064 width=900 height=445 readback_pixels=801000 conversion_rays=115200 generated_points=13990 bytes=447680 half_angle_deg=45.000
Publish local map size: 13990
[INFO] [1789561426.274401654] [perfect_tracking]: [SENSOR_ACQUISITION_FRAME] frame=96 cycle=0 full=1 stamp_ns=1789561426268532735 width=900 height=445 readback_pixels=801000 conversion_rays=115200 generated_points=13944 bytes=446208 half_angle_deg=45.000
Publish local map size: 13944
[INFO] [1789561426.374617523] [perfect_tracking]: [SENSOR_ACQUISITION_FRAME] frame=97 cycle=0 full=1 stamp_ns=1789561426368616052 width=900 height=445 readback_pixels=801000 conversion_rays=115200 generated_points=13956 bytes=446592 half_angle_deg=45.000
Publish local map size: 13956
 -- [MARSIM] Running FPS: 184.955
[INFO] [1789561426.474199279] [perfect_tracking]: [SENSOR_ACQUISITION_FRAME] frame=98 cycle=0 full=1 stamp_ns=1789561426468460688 width=900 height=445 readback_pixels=801000 conversion_rays=115200 generated_points=13970 bytes=447040 half_angle_deg=45.000
Publish local map size: 13970
[INFO] [1789561426.574091792] [perfect_tracking]: [SENSOR_ACQUISITION_FRAME] frame=99 cycle=0 full=1 stamp_ns=1789561426568491777 width=900 height=445 readback_pixels=801000 conversion_rays=115200 generated_points=13978 bytes=447296 half_angle_deg=45.000
Publish local map size: 13978
[INFO] [1789561426.674099979] [perfect_tracking]: [SENSOR_ACQUISITION_FRAME] frame=100 cycle=0 full=1 stamp_ns=1789561426668496180 width=900 height=445 readback_pixels=801000 conversion_rays=115200 generated_points=13955 bytes=446560 half_angle_deg=45.000
Publish local map size: 13955
[INFO] [1789561426.674296815] [perfect_tracking]: [STATIC_PC_LATCHED_SUMMARY] enabled=1 publications=1 points=444850 bytes=14235200 stamp_ns=1789561416681111788 timers_created=0 poll_callbacks=0
[INFO] [1789561426.674316552] [perfect_tracking]: [SENSOR_CADENCE_SUMMARY] frames=100 span_s=9.897798 hz=10.002224 raw_published=0 direct_handoffs=100 payload_bytes=44706528 side_entry_v1_enabled=0 side_entry_v1_spawned=0 side_entry_v1_injected_frames=0
[INFO] [1789561426.674369903] [perfect_tracking]: [SENSOR_BURST_DROPOUT_SUMMARY] enabled=0 warmup_s=1.000000 period_s=2.000000 duration_s=0.500000 phase_s=0.000000 phase_env_override=0 rendered=100 delivered=100 dropped=0 bursts=0 max_consecutive_dropped=0 max_delivered_gap_s=0.102920 dropped_payload_bytes=0
[33m -- [Fsm] Wait for goal.[0m
[32m -- [Fsm 10.075] Current state: INIT[0m
[INFO] [1789561426.775581195] [perfect_tracking]: [SENSOR_ACQUISITION_FRAME] frame=101 cycle=0 full=1 stamp_ns=1789561426768644215 width=900 height=445 readback_pixels=801000 conversion_rays=115200 generated_points=13969 bytes=447008 half_angle_deg=45.000
Publish local map size: 13969
[INFO] [1789561426.873567970] [perfect_tracking]: [SENSOR_ACQUISITION_FRAME] frame=102 cycle=0 full=1 stamp_ns=1789561426868586355 width=900 height=445 readback_pixels=801000 conversion_rays=115200 generated_points=13941 bytes=446112 half_angle_deg=45.000
Publish local map size: 13941
[INFO] [1789561426.974040560] [perfect_tracking]: [SENSOR_ACQUISITION_FRAME] frame=103 cycle=0 full=1 stamp_ns=1789561426968521164 width=900 height=445 readback_pixels=801000 conversion_rays=115200 generated_points=13933 bytes=445856 half_angle_deg=45.000
Publish local map size: 13933
[INFO] [1789561427.075409323] [perfect_tracking]: [SENSOR_ACQUISITION_FRAME] frame=104 cycle=0 full=1 stamp_ns=1789561427068605421 width=900 height=445 readback_pixels=801000 conversion_rays=115200 generated_points=13981 bytes=447392 half_angle_deg=45.000
Publish local map size: 13981
[INFO] [1789561427.175207841] [perfect_tracking]: [SENSOR_ACQUISITION_FRAME] frame=105 cycle=0 full=1 stamp_ns=1789561427168702290 width=900 height=445 readback_pixels=801000 conversion_rays=115200 generated_points=13958 bytes=446656 half_angle_deg=45.000
Publish local map size: 13958
[INFO] [1789561427.274059122] [perfect_tracking]: [SENSOR_ACQUISITION_FRAME] frame=106 cycle=0 full=1 stamp_ns=1789561427268690966 width=900 height=445 readback_pixels=801000 conversion_rays=115200 generated_points=13991 bytes=447712 half_angle_deg=45.000
Publish local map size: 13991
[INFO] [1789561427.373260097] [perfect_tracking]: [SENSOR_ACQUISITION_FRAME] frame=107 cycle=0 full=1 stamp_ns=1789561427368589306 width=900 height=445 readback_pixels=801000 conversion_rays=115200 generated_points=13945 bytes=446240 half_angle_deg=45.000
Publish local map size: 13945
[INFO] [1789561427.474507741] [perfect_tracking]: [SENSOR_ACQUISITION_FRAME] frame=108 cycle=0 full=1 stamp_ns=1789561427468545990 width=900 height=445 readback_pixels=801000 conversion_rays=115200 generated_points=13975 bytes=447200 half_angle_deg=45.000
Publish local map size: 13975
[INFO] [1789561427.574122200] [perfect_tracking]: [SENSOR_ACQUISITION_FRAME] frame=109 cycle=0 full=1 stamp_ns=1789561427568510313 width=900 height=445 readback_pixels=801000 conversion_rays=115200 generated_points=13991 bytes=447712 half_angle_deg=45.000
Publish local map size: 13991
[INFO] [1789561427.674002786] [perfect_tracking]: [SENSOR_ACQUISITION_FRAME] frame=110 cycle=0 full=1 stamp_ns=1789561427668467382 width=900 height=445 readback_pixels=801000 conversion_rays=115200 generated_points=13975 bytes=447200 half_angle_deg=45.000
Publish local map size: 13975
[INFO] [1789561427.699992347] [rclcpp]: signal_handler(signum=2)
[INFO] [1789561427.700523446] [perfect_tracking]: [STATIC_PC_LATCHED_SUMMARY] enabled=1 publications=1 points=444850 bytes=14235200 stamp_ns=1789561416681111788 timers_created=0 poll_callbacks=0
[INFO] [1789561427.700539204] [perfect_tracking]: [SENSOR_CADENCE_SUMMARY] frames=110 span_s=10.897701 hz=10.002110 raw_published=0 direct_handoffs=110 payload_bytes=49175616 side_entry_v1_enabled=0 side_entry_v1_spawned=0 side_entry_v1_injected_frames=0
[INFO] [1789561427.700549454] [perfect_tracking]: [SENSOR_BURST_DROPOUT_SUMMARY] enabled=0 warmup_s=1.000000 period_s=2.000000 duration_s=0.500000 phase_s=0.000000 phase_env_override=0 rendered=110 delivered=110 dropped=0 bursts=0 max_consecutive_dropped=0 max_delivered_gap_s=0.102920 dropped_payload_bytes=0
Retained replan num: 0, total recorded: 0, dropped: 0, retained length: 0, average retained computation time: 0 ms
[31mError: Could not open file for writing.
[0m