[ 50%] Building CXX object CMakeFiles/frontend_executor_test.dir/root/super_ws/src/SUPER/mars_uav_sim/perfect_drone_sim/test/frontend_executor_test.cpp.o
/root/super_ws/src/SUPER/mars_uav_sim/perfect_drone_sim/test/frontend_executor_test.cpp:394:6: warning: ‘void {anonymous}::runLegacyApiTest(const string&)’ defined but not used [-Wunused-function]
  394 | void runLegacyApiTest(const std::string &directory) {
      |      ^~~~~~~~~~~~~~~~
[100%] Linking CXX executable frontend_executor_test
/usr/bin/ld: cannot find -lBoost::system: No such file or directory
/usr/bin/ld: cannot find -lBoost::filesystem: No such file or directory
/usr/bin/ld: cannot find -lBoost::date_time: No such file or directory
/usr/bin/ld: cannot find -lBoost::iostreams: No such file or directory
/usr/bin/ld: cannot find -lBoost::serialization: No such file or directory
/usr/bin/ld: cannot find -llibusb::libusb: No such file or directory
/usr/bin/ld: cannot find -lVTK::ChartsCore: No such file or directory
/usr/bin/ld: cannot find -lVTK::CommonColor: No such file or directory
/usr/bin/ld: cannot find -lVTK::CommonComputationalGeometry: No such file or directory
/usr/bin/ld: cannot find -lVTK::CommonCore: No such file or directory
/usr/bin/ld: cannot find -lVTK::CommonDataModel: No such file or directory
/usr/bin/ld: cannot find -lVTK::CommonExecutionModel: No such file or directory
/usr/bin/ld: cannot find -lVTK::CommonMath: No such file or directory
/usr/bin/ld: cannot find -lVTK::CommonMisc: No such file or directory
/usr/bin/ld: cannot find -lVTK::CommonTransforms: No such file or directory
/usr/bin/ld: cannot find -lVTK::FiltersCore: No such file or directory
/usr/bin/ld: cannot find -lVTK::FiltersExtraction: No such file or directory
/usr/bin/ld: cannot find -lVTK::FiltersGeneral: No such file or directory
/usr/bin/ld: cannot find -lVTK::FiltersGeometry: No such file or directory
/usr/bin/ld: cannot find -lVTK::FiltersModeling: No such file or directory
/usr/bin/ld: cannot find -lVTK::FiltersSources: No such file or directory
/usr/bin/ld: cannot find -lVTK::ImagingCore: No such file or directory
/usr/bin/ld: cannot find -lVTK::ImagingSources: No such file or directory
/usr/bin/ld: cannot find -lVTK::InteractionImage: No such file or directory
/usr/bin/ld: cannot find -lVTK::InteractionStyle: No such file or directory
/usr/bin/ld: cannot find -lVTK::InteractionWidgets: No such file or directory
/usr/bin/ld: cannot find -lVTK::IOCore: No such file or directory
/usr/bin/ld: cannot find -lVTK::IOGeometry: No such file or directory
/usr/bin/ld: cannot find -lVTK::IOImage: No such file or directory
/usr/bin/ld: cannot find -lVTK::IOLegacy: No such file or directory
/usr/bin/ld: cannot find -lVTK::IOPLY: No such file or directory
/usr/bin/ld: cannot find -lVTK::RenderingAnnotation: No such file or directory
/usr/bin/ld: cannot find -lVTK::RenderingCore: No such file or directory
/usr/bin/ld: cannot find -lVTK::RenderingContext2D: No such file or directory
/usr/bin/ld: cannot find -lVTK::RenderingLOD: No such file or directory
/usr/bin/ld: cannot find -lVTK::RenderingFreeType: No such file or directory
/usr/bin/ld: cannot find -lVTK::ViewsCore: No such file or directory
/usr/bin/ld: cannot find -lVTK::ViewsContext2D: No such file or directory
/usr/bin/ld: cannot find -lVTK::RenderingOpenGL2: No such file or directory
/usr/bin/ld: cannot find -lVTK::GUISupportQt: No such file or directory
/usr/bin/ld: cannot find -lFLANN::FLANN: No such file or directory
/usr/bin/ld: cannot find -lQHULL::QHULL: No such file or directory
collect2: error: ld returned 1 exit status
gmake[2]: *** [CMakeFiles/frontend_executor_test.dir/build.make:259: frontend_executor_test] Error 1
gmake[1]: *** [CMakeFiles/Makefile2:137: CMakeFiles/frontend_executor_test.dir/all] Error 2
gmake: *** [Makefile:101: all] Error 2
