-- Found ament_cmake: 1.3.11 (/opt/ros/humble/share/ament_cmake/cmake)
-- Found rclcpp: 16.0.11 (/opt/ros/humble/share/rclcpp/cmake)
-- Found rosidl_generator_c: 3.1.6 (/opt/ros/humble/share/rosidl_generator_c/cmake)
-- Found rosidl_adapter: 3.1.6 (/opt/ros/humble/share/rosidl_adapter/cmake)
-- Found rosidl_generator_cpp: 3.1.6 (/opt/ros/humble/share/rosidl_generator_cpp/cmake)
-- Using all available rosidl_typesupport_c: rosidl_typesupport_fastrtps_c;rosidl_typesupport_introspection_c
-- Using all available rosidl_typesupport_cpp: rosidl_typesupport_fastrtps_cpp;rosidl_typesupport_introspection_cpp
-- Found rmw_implementation_cmake: 6.1.2 (/opt/ros/humble/share/rmw_implementation_cmake/cmake)
-- Found rmw_fastrtps_cpp: 6.2.7 (/opt/ros/humble/share/rmw_fastrtps_cpp/cmake)
-- Using RMW implementation 'rmw_fastrtps_cpp' as default
-- Found mission_planner: 0.0.0 (/root/super_ws/install/mission_planner/share/mission_planner/cmake)
-- Found rog_map: 0.0.0 (/root/super_ws/install/rog_map/share/rog_map/cmake)
-- Configuring done
CMake Error at CMakeLists.txt:8 (add_executable):
  Target "frontend_executor_test" links to target "Boost::system" but the
  target was not found.  Perhaps a find_package() call is missing for an
  IMPORTED target, or an ALIAS target is missing?


CMake Error at CMakeLists.txt:8 (add_executable):
  Target "frontend_executor_test" links to target "Boost::filesystem" but the
  target was not found.  Perhaps a find_package() call is missing for an
  IMPORTED target, or an ALIAS target is missing?


CMake Error at CMakeLists.txt:8 (add_executable):
  Target "frontend_executor_test" links to target "Boost::date_time" but the
  target was not found.  Perhaps a find_package() call is missing for an
  IMPORTED target, or an ALIAS target is missing?


CMake Error at CMakeLists.txt:8 (add_executable):
  Target "frontend_executor_test" links to target "Boost::iostreams" but the
  target was not found.  Perhaps a find_package() call is missing for an
  IMPORTED target, or an ALIAS target is missing?


CMake Error at CMakeLists.txt:8 (add_executable):
  Target "frontend_executor_test" links to target "Boost::serialization" but
  the target was not found.  Perhaps a find_package() call is missing for an
  IMPORTED target, or an ALIAS target is missing?


CMake Error at CMakeLists.txt:8 (add_executable):
  Target "frontend_executor_test" links to target "libusb::libusb" but the
  target was not found.  Perhaps a find_package() call is missing for an
  IMPORTED target, or an ALIAS target is missing?


CMake Error at CMakeLists.txt:8 (add_executable):
  Target "frontend_executor_test" links to target "libusb::libusb" but the
  target was not found.  Perhaps a find_package() call is missing for an
  IMPORTED target, or an ALIAS target is missing?


CMake Error at CMakeLists.txt:8 (add_executable):
  Target "frontend_executor_test" links to target "VTK::ChartsCore" but the
  target was not found.  Perhaps a find_package() call is missing for an
  IMPORTED target, or an ALIAS target is missing?


CMake Error at CMakeLists.txt:8 (add_executable):
  Target "frontend_executor_test" links to target "VTK::CommonColor" but the
  target was not found.  Perhaps a find_package() call is missing for an
  IMPORTED target, or an ALIAS target is missing?


CMake Error at CMakeLists.txt:8 (add_executable):
  Target "frontend_executor_test" links to target
  "VTK::CommonComputationalGeometry" but the target was not found.  Perhaps a
  find_package() call is missing for an IMPORTED target, or an ALIAS target
  is missing?


CMake Error at CMakeLists.txt:8 (add_executable):
  Target "frontend_executor_test" links to target "VTK::CommonCore" but the
  target was not found.  Perhaps a find_package() call is missing for an
  IMPORTED target, or an ALIAS target is missing?


CMake Error at CMakeLists.txt:8 (add_executable):
  Target "frontend_executor_test" links to target "VTK::CommonDataModel" but
  the target was not found.  Perhaps a find_package() call is missing for an
  IMPORTED target, or an ALIAS target is missing?


CMake Error at CMakeLists.txt:8 (add_executable):
  Target "frontend_executor_test" links to target "VTK::CommonExecutionModel"
  but the target was not found.  Perhaps a find_package() call is missing for
  an IMPORTED target, or an ALIAS target is missing?


CMake Error at CMakeLists.txt:8 (add_executable):
  Target "frontend_executor_test" links to target "VTK::CommonMath" but the
  target was not found.  Perhaps a find_package() call is missing for an
  IMPORTED target, or an ALIAS target is missing?


CMake Error at CMakeLists.txt:8 (add_executable):
  Target "frontend_executor_test" links to target "VTK::CommonMisc" but the
  target was not found.  Perhaps a find_package() call is missing for an
  IMPORTED target, or an ALIAS target is missing?


CMake Error at CMakeLists.txt:8 (add_executable):
  Target "frontend_executor_test" links to target "VTK::CommonTransforms" but
  the target was not found.  Perhaps a find_package() call is missing for an
  IMPORTED target, or an ALIAS target is missing?


CMake Error at CMakeLists.txt:8 (add_executable):
  Target "frontend_executor_test" links to target "VTK::FiltersCore" but the
  target was not found.  Perhaps a find_package() call is missing for an
  IMPORTED target, or an ALIAS target is missing?


CMake Error at CMakeLists.txt:8 (add_executable):
  Target "frontend_executor_test" links to target "VTK::FiltersExtraction"
  but the target was not found.  Perhaps a find_package() call is missing for
  an IMPORTED target, or an ALIAS target is missing?


CMake Error at CMakeLists.txt:8 (add_executable):
  Target "frontend_executor_test" links to target "VTK::FiltersGeneral" but
  the target was not found.  Perhaps a find_package() call is missing for an
  IMPORTED target, or an ALIAS target is missing?


CMake Error at CMakeLists.txt:8 (add_executable):
  Target "frontend_executor_test" links to target "VTK::FiltersGeometry" but
  the target was not found.  Perhaps a find_package() call is missing for an
  IMPORTED target, or an ALIAS target is missing?


CMake Error at CMakeLists.txt:8 (add_executable):
  Target "frontend_executor_test" links to target "VTK::FiltersModeling" but
  the target was not found.  Perhaps a find_package() call is missing for an
  IMPORTED target, or an ALIAS target is missing?


CMake Error at CMakeLists.txt:8 (add_executable):
  Target "frontend_executor_test" links to target "VTK::FiltersSources" but
  the target was not found.  Perhaps a find_package() call is missing for an
  IMPORTED target, or an ALIAS target is missing?


CMake Error at CMakeLists.txt:8 (add_executable):
  Target "frontend_executor_test" links to target "VTK::ImagingCore" but the
  target was not found.  Perhaps a find_package() call is missing for an
  IMPORTED target, or an ALIAS target is missing?


CMake Error at CMakeLists.txt:8 (add_executable):
  Target "frontend_executor_test" links to target "VTK::ImagingSources" but
  the target was not found.  Perhaps a find_package() call is missing for an
  IMPORTED target, or an ALIAS target is missing?


CMake Error at CMakeLists.txt:8 (add_executable):
  Target "frontend_executor_test" links to target "VTK::InteractionImage" but
  the target was not found.  Perhaps a find_package() call is missing for an
  IMPORTED target, or an ALIAS target is missing?


CMake Error at CMakeLists.txt:8 (add_executable):
  Target "frontend_executor_test" links to target "VTK::InteractionStyle" but
  the target was not found.  Perhaps a find_package() call is missing for an
  IMPORTED target, or an ALIAS target is missing?


CMake Error at CMakeLists.txt:8 (add_executable):
  Target "frontend_executor_test" links to target "VTK::InteractionWidgets"
  but the target was not found.  Perhaps a find_package() call is missing for
  an IMPORTED target, or an ALIAS target is missing?


CMake Error at CMakeLists.txt:8 (add_executable):
  Target "frontend_executor_test" links to target "VTK::IOCore" but the
  target was not found.  Perhaps a find_package() call is missing for an
  IMPORTED target, or an ALIAS target is missing?


CMake Error at CMakeLists.txt:8 (add_executable):
  Target "frontend_executor_test" links to target "VTK::IOGeometry" but the
  target was not found.  Perhaps a find_package() call is missing for an
  IMPORTED target, or an ALIAS target is missing?


CMake Error at CMakeLists.txt:8 (add_executable):
  Target "frontend_executor_test" links to target "VTK::IOImage" but the
  target was not found.  Perhaps a find_package() call is missing for an
  IMPORTED target, or an ALIAS target is missing?


CMake Error at CMakeLists.txt:8 (add_executable):
  Target "frontend_executor_test" links to target "VTK::IOLegacy" but the
  target was not found.  Perhaps a find_package() call is missing for an
  IMPORTED target, or an ALIAS target is missing?


CMake Error at CMakeLists.txt:8 (add_executable):
  Target "frontend_executor_test" links to target "VTK::IOPLY" but the target
  was not found.  Perhaps a find_package() call is missing for an IMPORTED
  target, or an ALIAS target is missing?


CMake Error at CMakeLists.txt:8 (add_executable):
  Target "frontend_executor_test" links to target "VTK::RenderingAnnotation"
  but the target was not found.  Perhaps a find_package() call is missing for
  an IMPORTED target, or an ALIAS target is missing?


CMake Error at CMakeLists.txt:8 (add_executable):
  Target "frontend_executor_test" links to target "VTK::RenderingCore" but
  the target was not found.  Perhaps a find_package() call is missing for an
  IMPORTED target, or an ALIAS target is missing?


CMake Error at CMakeLists.txt:8 (add_executable):
  Target "frontend_executor_test" links to target "VTK::RenderingContext2D"
  but the target was not found.  Perhaps a find_package() call is missing for
  an IMPORTED target, or an ALIAS target is missing?


CMake Error at CMakeLists.txt:8 (add_executable):
  Target "frontend_executor_test" links to target "VTK::RenderingLOD" but the
  target was not found.  Perhaps a find_package() call is missing for an
  IMPORTED target, or an ALIAS target is missing?


CMake Error at CMakeLists.txt:8 (add_executable):
  Target "frontend_executor_test" links to target "VTK::RenderingFreeType"
  but the target was not found.  Perhaps a find_package() call is missing for
  an IMPORTED target, or an ALIAS target is missing?


CMake Error at CMakeLists.txt:8 (add_executable):
  Target "frontend_executor_test" links to target "VTK::ViewsCore" but the
  target was not found.  Perhaps a find_package() call is missing for an
  IMPORTED target, or an ALIAS target is missing?


CMake Error at CMakeLists.txt:8 (add_executable):
  Target "frontend_executor_test" links to target "VTK::ViewsContext2D" but
  the target was not found.  Perhaps a find_package() call is missing for an
  IMPORTED target, or an ALIAS target is missing?


CMake Error at CMakeLists.txt:8 (add_executable):
  Target "frontend_executor_test" links to target "VTK::RenderingOpenGL2" but
  the target was not found.  Perhaps a find_package() call is missing for an
  IMPORTED target, or an ALIAS target is missing?


CMake Error at CMakeLists.txt:8 (add_executable):
  Target "frontend_executor_test" links to target "VTK::GUISupportQt" but the
  target was not found.  Perhaps a find_package() call is missing for an
  IMPORTED target, or an ALIAS target is missing?


CMake Error at CMakeLists.txt:8 (add_executable):
  Target "frontend_executor_test" links to target "FLANN::FLANN" but the
  target was not found.  Perhaps a find_package() call is missing for an
  IMPORTED target, or an ALIAS target is missing?


CMake Error at CMakeLists.txt:8 (add_executable):
  Target "frontend_executor_test" links to target "QHULL::QHULL" but the
  target was not found.  Perhaps a find_package() call is missing for an
  IMPORTED target, or an ALIAS target is missing?


-- Generating done
CMake Generate step failed.  Build files cannot be regenerated correctly.
