[INFO] [1789559206.876818419] [perfect_drone_full_config]: [COMMON_EXECUTOR_SETTINGS] side_threads=2 default_threads=10
[INFO] [1789559206.876966263] [perfect_drone_full_config]: [STATIC_PC_EXECUTOR_SETTINGS] dedicated=1 single_thread=1 timer_geometry_qos_unchanged=1
Load config file: /root/super_ws/install/super_planner/share/super_planner/config/static_seedmaps_guard_viability_tight_v7.yaml
[0;32m Load param fsm/timer_en success: [0;0m1
[0;32m Load param super_planner/detailed_log_en success: [0;0m0
[0;32m Load param super_planner/detailed_log_max_entries success: [0;0m64
[0;32m Load param fsm/click_goal_en success: [0;0m1
[0;32m Load param fsm/click_yaw_en success: [0;0m1
[0;32m Load param fsm/replan_rate success: [0;0m15
[0;32m Load param fsm/click_height success: [0;0m1.5
[0;32m Load param fsm/cmd_topic success: [0;0m/planning/pos_cmd
[0;32m Load param fsm/mpc_cmd_topic success: [0;0m/planning_cmd/poly_traj
[0;32m Load param fsm/click_goal_topic success: [0;0m/planning/click_goal
[0;32m Load param fsm/map_readiness/enable success: [0;0m1
[0;32m Load param fsm/map_readiness/min_accepted_scans success: [0;0m5
[0;32m Load param fsm/map_readiness/min_committed_scans success: [0;0m5
[0;32m Load param fsm/map_readiness/max_commit_lag_scans success: [0;0m5
[0;32m Load param fsm/map_readiness/min_scan_span_s success: [0;0m1
[0;32m Load param fsm/map_readiness/max_cloud_age_s success: [0;0m0.75
[0;32m Load param fsm/map_readiness/max_map_age_s success: [0;0m0.55
[0;32m Load param fsm/trajectory_guard/enable success: [0;0m1
[0;33m Load param fsm/event_recovery/enable failed, use default value: [0;0m0
[0;33m Load param fsm/trajectory_guard/same_map_replan_coalesce_enable failed, use default value: [0;0m0
[0;33m Load param fsm/trajectory_guard/same_map_replan_min_interval_s failed, use default value: [0;0m0
[0;32m Load param fsm/trajectory_guard/shadow success: [0;0m0
[0;32m Load param fsm/trajectory_guard/max_map_age_s success: [0;0m0.75
[0;32m Load param fsm/trajectory_guard/brake_trigger_map_age_s success: [0;0m0.55
[0;32m Load param fsm/trajectory_guard/brake_trigger_high_speed_map_age_s success: [0;0m0.5
[0;32m Load param fsm/trajectory_guard/brake_trigger_low_speed_mps success: [0;0m2.5
[0;32m Load param fsm/trajectory_guard/brake_trigger_high_speed_mps success: [0;0m3.5
[0;33m Load param fsm/trajectory_guard/full_refresh_ack_sla_s failed, use default value: [0;0m0
[0;32m Load param fsm/trajectory_guard/raw_cloud/enable success: [0;0m0
[0;33m Load param fsm/trajectory_guard/raw_cloud/source_topic failed, use default value: [0;0m
[0;32m Load param fsm/trajectory_guard/raw_cloud/max_age_s success: [0;0m0.75
[0;32m Load param fsm/trajectory_guard/raw_cloud/clearance_m success: [0;0m0.3
[0;32m Load param fsm/trajectory_guard/validation_sample_dt_s success: [0;0m0.005
[0;32m Load param fsm/trajectory_guard/shadow_min_interval_s success: [0;0m0
[0;32m Load param fsm/trajectory_guard/additional_clearance_m success: [0;0m0
[0;33m Load param fsm/trajectory_guard/brake_min_duration_s failed, use default value: [0;0m0.4
[0;32m Load param fsm/trajectory_guard/brake_max_duration_s success: [0;0m3
[0;32m Load param fsm/trajectory_guard/brake_max_acc_mps2 success: [0;0m20
[0;32m Load param fsm/trajectory_guard/brake_max_jerk_mps3 success: [0;0m120
[0;32m Load param fsm/trajectory_guard/brake_command_max_age_s success: [0;0m0.1
[0;32m Load param fsm/trajectory_guard/brake_command_max_position_error_m success: [0;0m0.5
[0;32m Load param fsm/trajectory_guard/brake_command_max_velocity_error_mps success: [0;0m2
[0;32m Load param fsm/trajectory_guard/brake_retry_interval_s success: [0;0m0.1
[0;32m Load param fsm/trajectory_guard/unknown_as_occupied success: [0;0m1
[0;33m Load param fsm/trajectory_guard/raw_cloud/ciri_shadow_en failed, use default value: [0;0m0
[0;33m Load param fsm/trajectory_guard/raw_cloud/accum_window_s failed, use default value: [0;0m1.5
[0;33m Load param fsm/trajectory_guard/raw_cloud/ciri_min_points failed, use default value: [0;0m200
[0;33m Load param fsm/trajectory_guard/raw_cloud/ciri_voxel_m failed, use default value: [0;0m0.1
[0;33m Load param fsm/trajectory_guard/raw_cloud/near_field_shadow_en failed, use default value: [0;0m0
[0;33m Load param fsm/trajectory_guard/raw_cloud/near_field_clearance_m failed, use default value: [0;0m0.2
[0;33m Load param fsm/trajectory_guard/raw_cloud/near_field_horizon_s failed, use default value: [0;0m1
[0;33m Load param fsm/trajectory_guard/raw_cloud/near_field_sample_dt_s failed, use default value: [0;0m0.01
[0;33m Load param fsm/trajectory_guard/raw_cloud/near_field_min_interval_s failed, use default value: [0;0m0.1
[0;33m Load param fsm/trajectory_guard/raw_cloud/near_field_min_points failed, use default value: [0;0m200
[0;33m Load param fsm/trajectory_guard/raw_cloud/near_field_voxel_m failed, use default value: [0;0m0
[0;33m Load param fsm/trajectory_guard/raw_cloud/near_field_test_replay_mode failed, use default value: [0;0m0
[0;33m Load param fsm/trajectory_guard/raw_cloud/near_field_enforce_en failed, use default value: [0;0m0
[0;33m Load param fsm/trajectory_guard/raw_cloud/near_field_result_max_age_s failed, use default value: [0;0m0.2
[0;33m Load param fsm/trajectory_guard/raw_cloud/near_field_max_sequence_lag failed, use default value: [0;0m1
[0;33m Load param fsm/trajectory_guard/raw_cloud/near_field_egress_tolerance_m failed, use default value: [0;0m0.005
[0;33m Load param fsm/trajectory_guard/raw_cloud/near_field_egress_min_progress_m failed, use default value: [0;0m0.02
[0;33m Load param fsm/trajectory_guard/frontend_risk/shadow_en failed, use default value: [0;0m0
[0;33m Load param fsm/trajectory_guard/frontend_risk/enforce_en failed, use default value: [0;0m0
[0;33m Load param fsm/trajectory_guard/frontend_risk/topic failed, use default value: [0;0m/planning/trajectory_risk_verdict
[0;33m Load param fsm/trajectory_guard/frontend_risk/result_max_age_s failed, use default value: [0;0m0.2
[0;33m Load param fsm/trajectory_guard/frontend_risk/source_max_age_s failed, use default value: [0;0m0.75
[0;33m Load param fsm/trajectory_guard/frontend_risk/current_body_enforce_en failed, use default value: [0;0m0
[0;33m Load param fsm/trajectory_guard/frontend_risk/current_body_result_max_age_s failed, use default value: [0;0m0.15
[0;33m Load param fsm/trajectory_guard/frontend_risk/current_body_source_max_age_s failed, use default value: [0;0m0.2
[0;32m Load param super_planner/yaw_dot_max success: [0;0m3
[0;32m Load param super_planner/visualization_en success: [0;0m0
[0;32m Load param rog_map/resolution success: [0;0m0.05
Load config file: /root/super_ws/install/super_planner/share/super_planner/config/static_seedmaps_guard_viability_tight_v7.yaml
[0;32m Load param rog_map/esdf/resolution success: [0;0m0.1
[0;32m Load param rog_map/esdf/enable success: [0;0m0
[0;32m Load param rog_map/esdf/local_update_box success: [0;0m[5 5 3 ]
[0;32m Load param rog_map/load_pcd_en success: [0;0m0
[0;32m Load param rog_map/map_sliding/enable success: [0;0m0
[0;32m Load param rog_map/map_sliding/threshold success: [0;0m3
[0;32m Load param rog_map/fix_map_origin success: [0;0m[0 0 1.5 ]
[0;32m Load param rog_map/frontier_extraction_en success: [0;0m0
[0;32m Load param rog_map/ros_callback/enable success: [0;0m1
[0;32m Load param rog_map/ros_callback/cloud_topic success: [0;0m/cloud_registered
[0;33m Load param rog_map/ros_callback/cloud_reliable failed, use default value: [0;0m0
[0;32m Load param rog_map/ros_callback/odom_topic success: [0;0m/lidar_slam/odom
[0;32m Load param rog_map/ros_callback/odom_timeout success: [0;0m2
[0;32m Load param rog_map/visualization/enable success: [0;0m0
[0;32m Load param rog_map/visualization/use_dynamic_reconfigure success: [0;0m0
[0;32m Load param rog_map/visualization/pub_unknown_map_en success: [0;0m0
[0;32m Load param rog_map/visualization/frame_id success: [0;0mworld
[0;32m Load param rog_map/visualization/time_rate success: [0;0m2
[0;32m Load param rog_map/visualization/frame_rate success: [0;0m0
[0;32m Load param rog_map/visualization/range success: [0;0m[15 15 4 ]
[0;32m Load param rog_map/resolution success: [0;0m0.05
[0;32m Load param rog_map/inflation_resolution success: [0;0m0.1
[0;32m Load param rog_map/unk_inflation_en success: [0;0m0
[0;32m Load param rog_map/unk_inflation_step success: [0;0m1
[0;32m Load param rog_map/inflation_step success: [0;0m3
[0;32m Load param rog_map/intensity_thresh success: [0;0m-10
[0;32m Load param rog_map/map_size success: [0;0m[70 70 6 ]
[0;32m Load param rog_map/point_filt_num success: [0;0m1
[0;32m Load param rog_map/raycasting/enable success: [0;0m0
[0;32m Load param rog_map/raycasting/batch_update_size success: [0;0m1
[0;32m Load param rog_map/raycasting/unk_thresh success: [0;0m1
[0;32m Load param rog_map/raycasting/p_hit success: [0;0m0.9
[0;32m Load param rog_map/raycasting/p_miss success: [0;0m0.49
[0;32m Load param rog_map/raycasting/p_min success: [0;0m0.12
[0;32m Load param rog_map/raycasting/p_max success: [0;0m0.98
[0;32m Load param rog_map/raycasting/p_occ success: [0;0m0.85
[0;32m Load param rog_map/raycasting/p_free success: [0;0m0.499
[0;32m Load param rog_map/raycasting/p_free success: [0;0m0.499
[0;32m Load param rog_map/raycasting/ray_range success: [0;0m[0.5 100 ]
[0;33m Load param rog_map/raycasting/observed_mark_range_max failed, use default value: [0;0m10
[0;32m Load param rog_map/raycasting/local_update_box success: [0;0m[100 100 5 ]
[0;32m Load param rog_map/virtual_ground_height success: [0;0m-0.1
[0;32m Load param rog_map/virtual_ceil_height success: [0;0m3.5
[32m -- [RM-Config] inflation_resolution: 0.1[0m
 -- [ROG-Map] Init, resetMapSize: ORIGIN_AT_CORNER.
 -- [ROG-Map] Init, resetMapSize: virtual_ceil_height: 3.1500000000000004, virtual_ground_height: 0.25.
[34m	[ROG] n_free: 1[0m
[34m	[ROG] n_occ: 1[0m
[34m	[ROG] l_hit: 2.19722[0m
[34m	[ROG] l_miss: -0.0400053[0m
[34m	[ROG] l_min: -1.99243[0m
[34m	[ROG] l_max: 3.89182[0m
[34m	[ROG] l_occ: 1.7346[0m
[34m	[ROG] l_free: -0.00399995[0m
[33m -- [Inf-Map] Clear all local map.[0m
[32m -- [CounterMap] Init successfully -- .[0m
[32m	resolution: 0.1[0m
[32m	map_sliding_en: 0[0m
[32m	local_map_size_i: 709 709  69[0m
[32m	local_map_size_d: 70.9 70.9  6.9[0m
[33m -- [Inf-Map] Clear all local map.[0m
[32m -- [InfMap] Init successfully -- .[0m
[32m	resolution: 0.1[0m
[32m	map_sliding_en: 0[0m
[32m	local_map_size_i: 709 709  69[0m
[32m	local_map_size_d: 70.9 70.9  6.9[0m
[ProbMap] virtual_ceil_height: 3.15
[ProbMap] virtual_ground_height: 0.25
[33m -- [ProbMap] Map sliding disabled, set origin to [  0   0 1.5] -- [0m
[33m -- [Prob-Map] Clear all local map.[0m
[32m -- [ProbMap] Init successfully -- .[0m
[32m	resolution: 0.05[0m
[32m	map_sliding_en: 0[0m
[32m	local_map_size_i: 1401 1401  121[0m
[32m	local_map_size_d: 70.05 70.05  6.05[0m
[38;2;000;128;000m -- [ROGMap] Immutable planner snapshot enabled (fixed occupancy-only map).
[0m -- [ROG_MAP_OCCUPIED_BOX_SCAN] fast=false compare=false immutable=true comparison_overhead=false
 -- [ROG_MAP_SNAPSHOT_LINE_QUERY] enabled=false immutable=true active=false changed_publication=reject
 -- [ROG_MAP_SNAPSHOT_NEIGHBOR_CACHE] enabled=false immutable=true line_query=false active=false entries=4096 max_neighbors=512 bytes_per_thread=88136 publication_check=required
Load config file: /root/super_ws/install/super_planner/share/super_planner/config/static_seedmaps_guard_viability_tight_v7.yaml
Load config file: /root/super_ws/install/super_planner/share/super_planner/config/static_seedmaps_guard_viability_tight_v7.yaml
[0;32m Load param traj_opt/switch/print_optimizer_log success: [0;0m0
[0;32m Load param traj_opt/flatness/mass success: [0;0m1.64
[0;32m Load param traj_opt/flatness/dh success: [0;0m0.35
[0;32m Load param traj_opt/flatness/dv success: [0;0m0.35
[0;32m Load param traj_opt/flatness/grav success: [0;0m9.81
[0;32m Load param traj_opt/flatness/cp success: [0;0m0.001
[0;32m Load param traj_opt/flatness/v_eps success: [0;0m0.0001
[0;32m Load param traj_opt/switch/save_log_en success: [0;0m0
[0;32m Load param traj_opt/exp_traj/pos_constraint_type success: [0;0m1
[0;33m Load param traj_opt/exp_traj/piece_num failed, use default value: [0;0m1
[0;33m Load param traj_opt/exp_traj/uniform_time_en failed, use default value: [0;0m0
[0;32m Load param traj_opt/exp_traj/block_energy_cost success: [0;0m0
[0;32m Load param traj_opt/exp_traj/opt_accuracy success: [0;0m5e-06
[0;33m Load param traj_opt/exp_traj/max_iterations failed, use default value: [0;0m2048
[0;32m Load param traj_opt/exp_traj/integral_reso success: [0;0m15
[0;32m Load param traj_opt/exp_traj/smooth_eps success: [0;0m0.01
[0;32m Load param traj_opt/boundary/max_vel success: [0;0m7
[0;32m Load param traj_opt/boundary/max_acc success: [0;0m20
[0;32m Load param traj_opt/boundary/max_jerk success: [0;0m120
[0;32m Load param traj_opt/boundary/max_omg success: [0;0m2.5
[0;32m Load param traj_opt/boundary/max_acc_thr success: [0;0m17
[0;32m Load param traj_opt/boundary/min_acc_thr success: [0;0m6
[0;32m Load param traj_opt/boundary/penna_margin success: [0;0m0.05
[0;33m Load param traj_opt/exp_traj/penna_scale failed, use default value: [0;0m-1
[0;32m Load param traj_opt/exp_traj/penna_t success: [0;0m1e+07
[0;33m Load param traj_opt/exp_traj/penna_ts failed, use default value: [0;0m-1
[0;32m Load param traj_opt/exp_traj/penna_pos success: [0;0m5e+09
[0;32m Load param traj_opt/exp_traj/penna_clr success: [0;0m1e+06
[0;32m Load param traj_opt/exp_traj/clearance_margin success: [0;0m0.1
[0;32m Load param traj_opt/exp_traj/clearance_speed_gate success: [0;0m1.5
[0;32m Load param traj_opt/exp_traj/clearance_speed_transition success: [0;0m0.5
[0;33m Load param traj_opt/exp_traj/penna_passage_center failed, use default value: [0;0m-1
[0;33m Load param traj_opt/exp_traj/passage_center_max_width failed, use default value: [0;0m0
[0;33m Load param traj_opt/exp_traj/passage_center_min_opposition_cos failed, use default value: [0;0m0.9
[0;33m Load param traj_opt/exp_traj/passage_center_min_horizontal_normal failed, use default value: [0;0m0.8
[0;33m Load param traj_opt/exp_traj/passage_center_deadband failed, use default value: [0;0m0.15
[0;33m Load param traj_opt/exp_traj/passage_center_log_en failed, use default value: [0;0m0
[0;32m Load param traj_opt/exp_traj/penna_vel success: [0;0m5e+08
[0;32m Load param traj_opt/exp_traj/penna_acc success: [0;0m5e+08
[0;32m Load param traj_opt/exp_traj/penna_jerk success: [0;0m-5e+08
[0;32m Load param traj_opt/exp_traj/penna_attract success: [0;0m5e+08
[0;32m Load param traj_opt/exp_traj/penna_omg success: [0;0m-1
[0;32m Load param traj_opt/exp_traj/penna_thr success: [0;0m-1
Load config file: /root/super_ws/install/super_planner/share/super_planner/config/static_seedmaps_guard_viability_tight_v7.yaml
[0;32m Load param traj_opt/switch/print_optimizer_log success: [0;0m0
[0;32m Load param traj_opt/flatness/mass success: [0;0m1.64
[0;32m Load param traj_opt/flatness/dh success: [0;0m0.35
[0;32m Load param traj_opt/flatness/dv success: [0;0m0.35
[0;32m Load param traj_opt/flatness/grav success: [0;0m9.81
[0;32m Load param traj_opt/flatness/cp success: [0;0m0.001
[0;32m Load param traj_opt/flatness/v_eps success: [0;0m0.0001
[0;32m Load param traj_opt/switch/save_log_en success: [0;0m0
[0;32m Load param traj_opt/backup_traj/pos_constraint_type success: [0;0m2
[0;32m Load param traj_opt/backup_traj/piece_num success: [0;0m2
[0;32m Load param traj_opt/backup_traj/uniform_time_en success: [0;0m1
[0;32m Load param traj_opt/backup_traj/block_energy_cost success: [0;0m1
[0;32m Load param traj_opt/backup_traj/opt_accuracy success: [0;0m1e-05
[0;33m Load param traj_opt/backup_traj/max_iterations failed, use default value: [0;0m2048
[0;32m Load param traj_opt/backup_traj/integral_reso success: [0;0m12
[0;32m Load param traj_opt/backup_traj/smooth_eps success: [0;0m0.01
[0;32m Load param traj_opt/boundary/max_vel success: [0;0m7
[0;32m Load param traj_opt/boundary/max_acc success: [0;0m20
[0;32m Load param traj_opt/boundary/max_jerk success: [0;0m120
[0;32m Load param traj_opt/boundary/max_omg success: [0;0m2.5
[0;32m Load param traj_opt/boundary/max_acc_thr success: [0;0m17
[0;32m Load param traj_opt/boundary/min_acc_thr success: [0;0m6
[0;32m Load param traj_opt/boundary/penna_margin success: [0;0m0.05
[0;33m Load param traj_opt/backup_traj/penna_scale failed, use default value: [0;0m-1
[0;32m Load param traj_opt/backup_traj/penna_t success: [0;0m100
[0;32m Load param traj_opt/backup_traj/penna_ts success: [0;0m1e+07
[0;32m Load param traj_opt/backup_traj/penna_pos success: [0;0m1e+10
[0;32m Load param traj_opt/backup_traj/penna_clr success: [0;0m1e+06
[0;32m Load param traj_opt/backup_traj/clearance_margin success: [0;0m0.1
[0;32m Load param traj_opt/backup_traj/clearance_speed_gate success: [0;0m1.5
[0;32m Load param traj_opt/backup_traj/clearance_speed_transition success: [0;0m0.5
[0;33m Load param traj_opt/backup_traj/penna_passage_center failed, use default value: [0;0m-1
[0;33m Load param traj_opt/backup_traj/passage_center_max_width failed, use default value: [0;0m0
[0;33m Load param traj_opt/backup_traj/passage_center_min_opposition_cos failed, use default value: [0;0m0.9
[0;33m Load param traj_opt/backup_traj/passage_center_min_horizontal_normal failed, use default value: [0;0m0.8
[0;33m Load param traj_opt/backup_traj/passage_center_deadband failed, use default value: [0;0m0.15
[0;33m Load param traj_opt/backup_traj/passage_center_log_en failed, use default value: [0;0m0
[0;32m Load param traj_opt/backup_traj/penna_vel success: [0;0m1e+08
[0;32m Load param traj_opt/backup_traj/penna_acc success: [0;0m1e+08
[0;32m Load param traj_opt/backup_traj/penna_jerk success: [0;0m-1e+06
[0;33m Load param traj_opt/backup_traj/penna_attract failed, use default value: [0;0m-1
[0;32m Load param traj_opt/backup_traj/penna_omg success: [0;0m-1
[0;32m Load param traj_opt/backup_traj/penna_thr success: [0;0m-1
[0;32m Load param super_planner/print_log success: [0;0m0
[0;32m Load param super_planner/detailed_log_en success: [0;0m0
[0;32m Load param super_planner/visualization_en success: [0;0m0
[0;32m Load param super_planner/backup_traj_en success: [0;0m1
[0;32m Load param super_planner/goal_vel_en success: [0;0m0
[0;32m Load param super_planner/goal_yaw_en success: [0;0m0
[0;32m Load param super_planner/visual_process success: [0;0m0
[0;32m Load param super_planner/use_fov_cut success: [0;0m0
[0;33m Load param super_planner/fov_horizontal_angle failed, use default value: [0;0m-1
[0;33m Load param super_planner/fov_center_heading failed, use default value: [0;0m0
[0;32m Load param super_planner/frontend_in_known_free success: [0;0m0
[0;32m Load param fsm/trajectory_guard/enable success: [0;0m1
[0;32m Load param fsm/trajectory_guard/shadow success: [0;0m0
[0;32m Load param fsm/trajectory_guard/validation_sample_dt_s success: [0;0m0.005
[0;32m Load param fsm/trajectory_guard/shadow_min_interval_s success: [0;0m0
[0;32m Load param fsm/trajectory_guard/additional_clearance_m success: [0;0m0
[0;32m Load param fsm/trajectory_guard/escape_max_duration_s success: [0;0m1
[0;32m Load param fsm/trajectory_guard/unknown_as_occupied success: [0;0m1
[0;32m Load param fsm/trajectory_guard/escape_entry_grace_s success: [0;0m0
[0;32m Load param fsm/trajectory_guard/initial_footprint_egress_enable success: [0;0m1
[0;32m Load param super_planner/safe_corridor_line_max_length success: [0;0m6
[0;32m Load param super_planner/sensing_horizon success: [0;0m-1
[0;32m Load param super_planner/obs_skip_num success: [0;0m2
[0;32m Load param super_planner/replan_forward_dt success: [0;0m0.1
[0;32m Load param super_planner/corridor_bound_dis success: [0;0m0.8
[0;32m Load param super_planner/corridor_line_max_length success: [0;0m1
[0;32m Load param super_planner/planning_horizon success: [0;0m7
[0;32m Load param super_planner/receding_dis success: [0;0m1
[0;32m Load param super_planner/robot_r success: [0;0m0.2
[0;32m Load param super_planner/corridor_use_inflated_obstacles success: [0;0m0
[0;32m Load param super_planner/corridor_use_inflated_seed_lines success: [0;0m0
[0;32m Load param super_planner/corridor_guard_retry_inflated success: [0;0m1
[0;32m Load param super_planner/guard_corridor_retry_alternate_every success: [0;0m4
[0;32m Load param super_planner/guard_topology_reroute/enable success: [0;0m1
[0;32m Load param super_planner/guard_topology_reroute/radius_m success: [0;0m0.8
[0;32m Load param super_planner/guard_topology_reroute/growth_m success: [0;0m0
[0;32m Load param super_planner/guard_topology_reroute/max_radius_m success: [0;0m0.8
[0;32m Load param super_planner/guard_topology_reroute/max_zones success: [0;0m6
[0;32m Load param super_planner/guard_topology_reroute/max_stop_speed_mps success: [0;0m0.2
[0;32m Load param super_planner/guard_topology_reroute/escalate_every_rejects success: [0;0m3
[0;32m Load param super_planner/guard_topology_reroute/collision_merge_m success: [0;0m0.5
[0;32m Load param super_planner/guard_topology_reroute/start_clearance_m success: [0;0m0.3
[0;32m Load param super_planner/guard_topology_reroute/block_spacing_m success: [0;0m1
[0;32m Load param super_planner/guard_topology_reroute/direction_merge_angle_deg success: [0;0m30
[0;32m Load param super_planner/guard_topology_reroute/no_path_reset_attempts success: [0;0m3
[0;32m Load param super_planner/guard_topology_reroute/vertical_recovery_enable success: [0;0m1
[0;32m Load param super_planner/guard_topology_reroute/vertical_recovery_lift_m success: [0;0m0.6
[0;32m Load param super_planner/guard_topology_reroute/vertical_recovery_trigger_distance_m success: [0;0m0.75
[0;32m Load param super_planner/guard_topology_reroute/local_escape_enable success: [0;0m1
[0;32m Load param super_planner/guard_topology_reroute/local_escape_distance_m success: [0;0m0.6
[0;32m Load param super_planner/guard_topology_reroute/local_escape_attempts success: [0;0m4
[0;32m Load param super_planner/guard_topology_reroute/episode_progress_reset_m success: [0;0m2
[0;32m Load param super_planner/guard_topology_reroute/saturation_vertical_attempts success: [0;0m1
[0;32m Load param super_planner/guard_topology_reroute/base_no_path_vertical_attempts success: [0;0m1
[0;32m Load param super_planner/guard_direct_goal_fallback/enable success: [0;0m1
[0;32m Load param super_planner/guard_direct_goal_fallback/max_distance_m success: [0;0m3
[0;32m Load param super_planner/guard_direct_goal_fallback/min_duration_s success: [0;0m1
[0;32m Load param super_planner/guard_viability/enable success: [0;0m1
[0;32m Load param super_planner/guard_viability/horizon_s success: [0;0m2
[0;32m Load param super_planner/guard_viability/sample_dt_s success: [0;0m0.3
[0;32m Load param super_planner/guard_viability/brake_max_acc_mps2 success: [0;0m20
[0;32m Load param super_planner/guard_viability/brake_max_jerk_mps3 success: [0;0m120
[0;32m Load param super_planner/guard_viability/brake_min_duration_s success: [0;0m0.4
[0;32m Load param super_planner/guard_viability/brake_max_duration_s success: [0;0m3
[0;32m Load param super_planner/guard_viability/brake_attempts success: [0;0m12
[0;32m Load param super_planner/guard_viability/speed_scale_step success: [0;0m1.25
[0;32m Load param super_planner/guard_viability/speed_scale_max success: [0;0m3
[0;32m Load param super_planner/guard_viability/max_retries success: [0;0m4
[0;32m Load param super_planner/corridor_min_margin success: [0;0m0.2
[0;32m Load param super_planner/corridor_pref_margin success: [0;0m0.3
[0;32m Load param super_planner/iris_iter_num success: [0;0m2
[0;32m Load param super_planner/yaw_mode success: [0;0m1
[0;32m Load param super_planner/mpc_horizon success: [0;0m15
[0;32m Load param super_planner/yaw_dot_max success: [0;0m3
[0;32m Load param rog_map/resolution success: [0;0m0.05
[INFO] [1789559208.139000960] [fsm_node]: [OPT_CLEARANCE_GATE_FIRST] optimizer=exp enabled=0 objective_unchanged=1
[INFO] [1789559208.139102417] [fsm_node]: [OPT_CLEARANCE_GATE_FIRST] optimizer=backup enabled=0 objective_unchanged=1
[INFO] [1789559208.139129906] [fsm_node]:  -- [TRAJ_GUARD] mode=enforce sample_dt=0.0050s shadow_min_interval=0.000s inflation_radius=0.300m robot_r=0.200m additional_clearance=0.000m hard_clearance=0.300m clearance_offsets=0
[38;2;050;205;050m -- [Viz] Set resolution_ to 0.05
[0m[38;2;050;205;050m -- [Viz] Set visualization_en_ to false
[0mLoad config file: /root/super_ws/install/super_planner/share/super_planner/config/static_seedmaps_guard_viability_tight_v7.yaml
[0;32m Load param astar/map_voxel_num success: [0;0m[500 500 100 ]
[0;32m Load param astar/allow_diag success: [0;0m1
[0;32m Load param astar/debug_visualization_en success: [0;0m0
[0;32m Load param astar/heu_type success: [0;0m2
[0;32m Load param astar/visual_process success: [0;0m0
[32m -- [RM] Init Astar-map.[0m
[34m	map index size: 250 250  50[0m
[34m	map vox_num: 501 501 101[0m
[33m -- [Fsm] CLICKGOAL ENABLE.[0m
[WARN] [1789559209.738913978] [perfect_tracking]:  -- [MissionPlanner] Load config by file name: /root/super_ws/src/SUPER/mars_uav_sim/perfect_drone_sim/config/seed9.yaml
Load config file: /root/super_ws/src/SUPER/mars_uav_sim/perfect_drone_sim/config/seed9.yaml
[0;32m Load param mesh_resource success: [0;0mpackage://perfect_drone_sim/meshes/yunque-M.dae
[0;32m Load param init_position/x success: [0;0m0
[0;32m Load param init_position/y success: [0;0m0
[0;32m Load param init_position/z success: [0;0m1.5
[0;32m Load param init_yaw success: [0;0m0
[0;32m Load param sensing_rate success: [0;0m10
Load config file: /root/super_ws/src/SUPER/mars_uav_sim/perfect_drone_sim/config/seed9.yaml
[0;33m Load param side_entry_v1/enabled failed, use default value: [0;0m0
[0;33m Load param side_entry_v2/enabled failed, use default value: [0;0m0
[0;33m Load param side_entry_v3/enabled failed, use default value: [0;0m0
[0;33m Load param side_entry_v4/enabled failed, use default value: [0;0m0
[0;33m Load param side_entry_v5/enabled failed, use default value: [0;0m0
[0;33m Load param side_entry_v6/enabled failed, use default value: [0;0m0
[0;33m Load param side_entry_v7/enabled failed, use default value: [0;0m0
[0;33m Load param side_entry_v0/speed_min_mps failed, use default value: [0;0m2
[0;33m Load param side_entry_v0/yaw_velocity_mismatch_min_deg failed, use default value: [0;0m50
[0;33m Load param side_entry_v0/require_yaw_velocity_mismatch failed, use default value: [0;0m1
[0;33m Load param side_entry_v0/hold_s failed, use default value: [0;0m0.02
[0;33m Load param side_entry_v0/qualifying_samples failed, use default value: [0;0m0
[0;33m Load param side_entry_v0/prediction_s failed, use default value: [0;0m0.8
[0;33m Load param side_entry_v0/require_velocity_inside failed, use default value: [0;0m1
[0;33m Load param side_entry_v0/fixed_center_enabled failed, use default value: [0;0m0
[0;33m Load param side_entry_v0/fixed_center_x failed, use default value: [0;0m22.5
[0;33m Load param side_entry_v0/fixed_center_y failed, use default value: [0;0m23
[0;33m Load param side_entry_v0/trigger_distance_min_m failed, use default value: [0;0m0.8
[0;33m Load param side_entry_v0/trigger_distance_max_m failed, use default value: [0;0m3.5
[0;33m Load param side_entry_v0/trigger_waypoint_x failed, use default value: [0;0m24
[0;33m Load param side_entry_v0/trigger_waypoint_y failed, use default value: [0;0m24
[0;33m Load param side_entry_v0/trigger_waypoint_radius_m failed, use default value: [0;0m2
[0;33m Load param side_entry_v0/trap_waypoint_radius_m failed, use default value: [0;0m2
[0;33m Load param side_entry_v0/sector_half_angle_deg failed, use default value: [0;0m45
[0;33m Load param side_entry_v0/angular_margin_deg failed, use default value: [0;0m2
[0;33m Load param side_entry_v0/max_nudge_deg failed, use default value: [0;0m20
[0;33m Load param side_entry_v0/radius_m failed, use default value: [0;0m0.25
[0;33m Load param side_entry_v0/height_m failed, use default value: [0;0m3
[0;33m Load param side_entry_v0/point_spacing_m failed, use default value: [0;0m0.05
[0;33m Load param side_entry_v0/z_spacing_m failed, use default value: [0;0m0.1
[0;33m Load param side_entry_v0/sensing_horizon_m failed, use default value: [0;0m15
[0;33m Load param side_entry_v0/intensity failed, use default value: [0;0m14545
Load config file: /root/super_ws/src/SUPER/mars_uav_sim/perfect_drone_sim/config/seed9.yaml
[0;33m Load param sensor_burst_dropout/enabled failed, use default value: [0;0m0
[0;33m Load param sensor_burst_dropout/warmup_s failed, use default value: [0;0m1
[0;33m Load param sensor_burst_dropout/period_s failed, use default value: [0;0m2
[0;33m Load param sensor_burst_dropout/duration_s failed, use default value: [0;0m0.5
[0;33m Load param sensor_burst_dropout/phase_s failed, use default value: [0;0m0
Load config file: /root/super_ws/src/SUPER/mars_uav_sim/perfect_drone_sim/config/seed9.yaml
[0;32m Load param sensing_blind success: [0;0m0.1
[0;32m Load param sensing_horizon success: [0;0m15
[0;32m Load param sensing_rate success: [0;0m10
[0;32m Load param lidar_type success: [0;0m2
[0;32m Load param pcd_name success: [0;0mseed_maps/seed9.pcd
[0;32m Load param is_360lidar success: [0;0m1
[0;32m Load param polar_resolution success: [0;0m0.4
[0;33m Load param fx failed, use default value: [0;0m250
[0;33m Load param fy failed, use default value: [0;0m250
[0;33m Load param line_number failed, use default value: [0;0m64
[0;32m Load param downsample_res success: [0;0m0.1
[0;33m Load param yaw_fov failed, use default value: [0;0m360
[0;32m Load param vertical_fov success: [0;0m178
[0;32m Load param depth_image_en success: [0;0m0
[0;33m Load param inf_point_en failed, use default value: [0;0m0
[0;32m Load param print_time_consumption success: [0;0m0
GLAD init success
Load shader frome: /root/super_ws/src/SUPER/mars_uav_sim/marsim_render/config/pattern/360camera.vs
Now initing the point cloud data: 
Number of points = 104.222X 10000
Load data finish 
========== OpenGL Info ==========
Vendor: NVIDIA Corporation
Renderer: NVIDIA GeForce RTX 3050 Ti Laptop GPU/PCIe/SSE2
OpenGL Version: 3.3.0 NVIDIA 550.144.03
GLSL Version: 3.30 NVIDIA via Cg compiler
========== OpenGL Info ==========
[INFO] [1789559210.634473467] [perfect_tracking]: [STATIC_PC_DURABLE_SETTINGS] enabled=1 actual_qos=1 reliability=reliable durability=transient_local history=keep_last depth=1 intra_process=disabled publication_schedule=latched_once other_qos_unchanged=1
[INFO] [1789559210.634529986] [perfect_tracking]: [STATIC_PC_POLL_SETTINGS] poll_ms=0 bootstrap_once=1 complete_geometry=1 qos_unchanged=0
[INFO] [1789559210.660586124] [perfect_tracking]: [STATIC_PC_LATCHED_SERIALIZATION] point_step=32 tail_zeroed_bytes=12 declared_fields_and_homogeneous_bytes_unchanged=1
[INFO] [1789559210.681017839] [perfect_tracking]: [STATIC_PC_LATCHED_PUBLICATION] publications=1 points=1042220 bytes=33351040 stamp_ns=1789559210656282101 timers_created=0 poll_callbacks=0 complete_geometry=1
[INFO] [1789559210.682235760] [perfect_drone_full_config]: [HEADLESS_PARAMETER_SETTINGS] enabled=1 mode=full nodes=3 parameter_services_nodes=0 parameter_event_publisher_nodes=0 local_parameters_preserved=1 default_off=1
[INFO] [1789559210.682253691] [perfect_drone_full_config]: Full raw DDS disabled: renderer -> ROG-Map uses direct latest-only SharedPtr handoff
[INFO] [1789559210.682315585] [perfect_drone_full_config]: [STATIC_PC_EXECUTOR_KIND] cached_entities=0 executor=single callbacks_qos_cadence_unchanged=1 mode=full
[INFO] [1789559210.740924556] [perfect_tracking]: [SENSOR_ACQUISITION_FRAME] frame=1 cycle=0 full=1 stamp_ns=1789559210734628390 width=900 height=445 readback_pixels=801000 conversion_rays=115200 generated_points=20850 bytes=667200 half_angle_deg=45.000
Publish local map size: 20850
[INFO] [1789559210.837953448] [perfect_tracking]: [SENSOR_ACQUISITION_FRAME] frame=2 cycle=0 full=1 stamp_ns=1789559210834645509 width=900 height=445 readback_pixels=801000 conversion_rays=115200 generated_points=20838 bytes=666816 half_angle_deg=45.000
Publish local map size: 20838
[INFO] [1789559210.940013367] [perfect_tracking]: [SENSOR_ACQUISITION_FRAME] frame=3 cycle=0 full=1 stamp_ns=1789559210934726225 width=900 height=445 readback_pixels=801000 conversion_rays=115200 generated_points=20838 bytes=666816 half_angle_deg=45.000
Publish local map size: 20838
[INFO] [1789559211.039037762] [perfect_tracking]: [SENSOR_ACQUISITION_FRAME] frame=4 cycle=0 full=1 stamp_ns=1789559211034644281 width=900 height=445 readback_pixels=801000 conversion_rays=115200 generated_points=20871 bytes=667872 half_angle_deg=45.000
Publish local map size: 20871
[INFO] [1789559211.139332931] [perfect_tracking]: [SENSOR_ACQUISITION_FRAME] frame=5 cycle=0 full=1 stamp_ns=1789559211134673584 width=900 height=445 readback_pixels=801000 conversion_rays=115200 generated_points=20856 bytes=667392 half_angle_deg=45.000
Publish local map size: 20856
[INFO] [1789559211.238138881] [perfect_tracking]: [SENSOR_ACQUISITION_FRAME] frame=6 cycle=0 full=1 stamp_ns=1789559211234647325 width=900 height=445 readback_pixels=801000 conversion_rays=115200 generated_points=20886 bytes=668352 half_angle_deg=45.000
Publish local map size: 20886
[INFO] [1789559211.338395196] [perfect_tracking]: [SENSOR_ACQUISITION_FRAME] frame=7 cycle=0 full=1 stamp_ns=1789559211334621496 width=900 height=445 readback_pixels=801000 conversion_rays=115200 generated_points=20851 bytes=667232 half_angle_deg=45.000
Publish local map size: 20851
[INFO] [1789559211.439401771] [perfect_tracking]: [SENSOR_ACQUISITION_FRAME] frame=8 cycle=0 full=1 stamp_ns=1789559211434633631 width=900 height=445 readback_pixels=801000 conversion_rays=115200 generated_points=20819 bytes=666208 half_angle_deg=45.000
Publish local map size: 20819
[INFO] [1789559211.538864386] [perfect_tracking]: [SENSOR_ACQUISITION_FRAME] frame=9 cycle=0 full=1 stamp_ns=1789559211534650010 width=900 height=445 readback_pixels=801000 conversion_rays=115200 generated_points=20832 bytes=666624 half_angle_deg=45.000
Publish local map size: 20832
[INFO] [1789559211.637846410] [perfect_tracking]: [SENSOR_ACQUISITION_FRAME] frame=10 cycle=0 full=1 stamp_ns=1789559211634631474 width=900 height=445 readback_pixels=801000 conversion_rays=115200 generated_points=20868 bytes=667776 half_angle_deg=45.000
Publish local map size: 20868
[33m -- [Fsm] Wait for goal.[0m
[32m -- [Fsm 1.006] Current state: INIT[0m
[INFO] [1789559211.739228339] [perfect_tracking]: [SENSOR_ACQUISITION_FRAME] frame=11 cycle=0 full=1 stamp_ns=1789559211734653448 width=900 height=445 readback_pixels=801000 conversion_rays=115200 generated_points=20866 bytes=667712 half_angle_deg=45.000
Publish local map size: 20866
[INFO] [1789559211.839313132] [perfect_tracking]: [SENSOR_ACQUISITION_FRAME] frame=12 cycle=0 full=1 stamp_ns=1789559211834637815 width=900 height=445 readback_pixels=801000 conversion_rays=115200 generated_points=20868 bytes=667776 half_angle_deg=45.000
Publish local map size: 20868
[INFO] [1789559211.939239486] [perfect_tracking]: [SENSOR_ACQUISITION_FRAME] frame=13 cycle=0 full=1 stamp_ns=1789559211934620322 width=900 height=445 readback_pixels=801000 conversion_rays=115200 generated_points=20871 bytes=667872 half_angle_deg=45.000
Publish local map size: 20871
[INFO] [1789559212.039089412] [perfect_tracking]: [SENSOR_ACQUISITION_FRAME] frame=14 cycle=0 full=1 stamp_ns=1789559212034659383 width=900 height=445 readback_pixels=801000 conversion_rays=115200 generated_points=20855 bytes=667360 half_angle_deg=45.000
Publish local map size: 20855
[INFO] [1789559212.139629706] [perfect_tracking]: [SENSOR_ACQUISITION_FRAME] frame=15 cycle=0 full=1 stamp_ns=1789559212134744931 width=900 height=445 readback_pixels=801000 conversion_rays=115200 generated_points=20792 bytes=665344 half_angle_deg=45.000
Publish local map size: 20792
[INFO] [1789559212.238726554] [perfect_tracking]: [SENSOR_ACQUISITION_FRAME] frame=16 cycle=0 full=1 stamp_ns=1789559212234627981 width=900 height=445 readback_pixels=801000 conversion_rays=115200 generated_points=20868 bytes=667776 half_angle_deg=45.000
Publish local map size: 20868
[INFO] [1789559212.340038677] [perfect_tracking]: [SENSOR_ACQUISITION_FRAME] frame=17 cycle=0 full=1 stamp_ns=1789559212334826449 width=900 height=445 readback_pixels=801000 conversion_rays=115200 generated_points=20885 bytes=668320 half_angle_deg=45.000
Publish local map size: 20885
[INFO] [1789559212.438991593] [perfect_tracking]: [SENSOR_ACQUISITION_FRAME] frame=18 cycle=0 full=1 stamp_ns=1789559212434651406 width=900 height=445 readback_pixels=801000 conversion_rays=115200 generated_points=20856 bytes=667392 half_angle_deg=45.000
Publish local map size: 20856
[INFO] [1789559212.540280087] [perfect_tracking]: [SENSOR_ACQUISITION_FRAME] frame=19 cycle=0 full=1 stamp_ns=1789559212534643859 width=900 height=445 readback_pixels=801000 conversion_rays=115200 generated_points=20854 bytes=667328 half_angle_deg=45.000
Publish local map size: 20854
[INFO] [1789559212.638806148] [perfect_tracking]: [SENSOR_ACQUISITION_FRAME] frame=20 cycle=0 full=1 stamp_ns=1789559212634638131 width=900 height=445 readback_pixels=801000 conversion_rays=115200 generated_points=20850 bytes=667200 half_angle_deg=45.000
Publish local map size: 20850
[33m -- [Fsm] Wait for goal.[0m
[32m -- [Fsm 2.006] Current state: INIT[0m
[INFO] [1789559212.738734391] [perfect_tracking]: [SENSOR_ACQUISITION_FRAME] frame=21 cycle=0 full=1 stamp_ns=1789559212734634251 width=900 height=445 readback_pixels=801000 conversion_rays=115200 generated_points=20879 bytes=668128 half_angle_deg=45.000
Publish local map size: 20879
 -- [MARSIM] Running FPS: 214.308
[INFO] [1789559212.839121196] [perfect_tracking]: [SENSOR_ACQUISITION_FRAME] frame=22 cycle=0 full=1 stamp_ns=1789559212834675204 width=900 height=445 readback_pixels=801000 conversion_rays=115200 generated_points=20878 bytes=668096 half_angle_deg=45.000
Publish local map size: 20878
[INFO] [1789559212.940459574] [perfect_tracking]: [SENSOR_ACQUISITION_FRAME] frame=23 cycle=0 full=1 stamp_ns=1789559212934780560 width=900 height=445 readback_pixels=801000 conversion_rays=115200 generated_points=20871 bytes=667872 half_angle_deg=45.000
Publish local map size: 20871
[INFO] [1789559213.039498653] [perfect_tracking]: [SENSOR_ACQUISITION_FRAME] frame=24 cycle=0 full=1 stamp_ns=1789559213034768574 width=900 height=445 readback_pixels=801000 conversion_rays=115200 generated_points=20845 bytes=667040 half_angle_deg=45.000
Publish local map size: 20845
[INFO] [1789559213.138147149] [perfect_tracking]: [SENSOR_ACQUISITION_FRAME] frame=25 cycle=0 full=1 stamp_ns=1789559213134632516 width=900 height=445 readback_pixels=801000 conversion_rays=115200 generated_points=20871 bytes=667872 half_angle_deg=45.000
Publish local map size: 20871
[INFO] [1789559213.238643653] [perfect_tracking]: [SENSOR_ACQUISITION_FRAME] frame=26 cycle=0 full=1 stamp_ns=1789559213234661670 width=900 height=445 readback_pixels=801000 conversion_rays=115200 generated_points=20880 bytes=668160 half_angle_deg=45.000
Publish local map size: 20880
[INFO] [1789559213.338307163] [perfect_tracking]: [SENSOR_ACQUISITION_FRAME] frame=27 cycle=0 full=1 stamp_ns=1789559213334660378 width=900 height=445 readback_pixels=801000 conversion_rays=115200 generated_points=20830 bytes=666560 half_angle_deg=45.000
Publish local map size: 20830
[INFO] [1789559213.440123822] [perfect_tracking]: [SENSOR_ACQUISITION_FRAME] frame=28 cycle=0 full=1 stamp_ns=1789559213434659533 width=900 height=445 readback_pixels=801000 conversion_rays=115200 generated_points=20850 bytes=667200 half_angle_deg=45.000
Publish local map size: 20850
[INFO] [1789559213.540532287] [perfect_tracking]: [SENSOR_ACQUISITION_FRAME] frame=29 cycle=0 full=1 stamp_ns=1789559213534754719 width=900 height=445 readback_pixels=801000 conversion_rays=115200 generated_points=20793 bytes=665376 half_angle_deg=45.000
Publish local map size: 20793
[INFO] [1789559213.639024080] [perfect_tracking]: [SENSOR_ACQUISITION_FRAME] frame=30 cycle=0 full=1 stamp_ns=1789559213634642128 width=900 height=445 readback_pixels=801000 conversion_rays=115200 generated_points=20869 bytes=667808 half_angle_deg=45.000
Publish local map size: 20869
[33m -- [Fsm] Wait for goal.[0m
[32m -- [Fsm 3.006] Current state: INIT[0m
[INFO] [1789559213.739562209] [perfect_tracking]: [SENSOR_ACQUISITION_FRAME] frame=31 cycle=0 full=1 stamp_ns=1789559213734656313 width=900 height=445 readback_pixels=801000 conversion_rays=115200 generated_points=20783 bytes=665056 half_angle_deg=45.000
Publish local map size: 20783
[INFO] [1789559213.838133755] [perfect_tracking]: [SENSOR_ACQUISITION_FRAME] frame=32 cycle=0 full=1 stamp_ns=1789559213834640561 width=900 height=445 readback_pixels=801000 conversion_rays=115200 generated_points=20757 bytes=664224 half_angle_deg=45.000
Publish local map size: 20757
[INFO] [1789559213.939600655] [perfect_tracking]: [SENSOR_ACQUISITION_FRAME] frame=33 cycle=0 full=1 stamp_ns=1789559213934682214 width=900 height=445 readback_pixels=801000 conversion_rays=115200 generated_points=20885 bytes=668320 half_angle_deg=45.000
Publish local map size: 20885
[INFO] [1789559214.038425065] [perfect_tracking]: [SENSOR_ACQUISITION_FRAME] frame=34 cycle=0 full=1 stamp_ns=1789559214034644064 width=900 height=445 readback_pixels=801000 conversion_rays=115200 generated_points=20874 bytes=667968 half_angle_deg=45.000
Publish local map size: 20874
[INFO] [1789559214.137320090] [perfect_tracking]: [SENSOR_ACQUISITION_FRAME] frame=35 cycle=0 full=1 stamp_ns=1789559214134637758 width=900 height=445 readback_pixels=801000 conversion_rays=115200 generated_points=20783 bytes=665056 half_angle_deg=45.000
Publish local map size: 20783
[INFO] [1789559214.237547990] [perfect_tracking]: [SENSOR_ACQUISITION_FRAME] frame=36 cycle=0 full=1 stamp_ns=1789559214234661194 width=900 height=445 readback_pixels=801000 conversion_rays=115200 generated_points=20868 bytes=667776 half_angle_deg=45.000
Publish local map size: 20868
[INFO] [1789559214.338152766] [perfect_tracking]: [SENSOR_ACQUISITION_FRAME] frame=37 cycle=0 full=1 stamp_ns=1789559214334641604 width=900 height=445 readback_pixels=801000 conversion_rays=115200 generated_points=20868 bytes=667776 half_angle_deg=45.000
Publish local map size: 20868
[INFO] [1789559214.439663664] [perfect_tracking]: [SENSOR_ACQUISITION_FRAME] frame=38 cycle=0 full=1 stamp_ns=1789559214434661959 width=900 height=445 readback_pixels=801000 conversion_rays=115200 generated_points=20872 bytes=667904 half_angle_deg=45.000
Publish local map size: 20872
[INFO] [1789559214.539760820] [perfect_tracking]: [SENSOR_ACQUISITION_FRAME] frame=39 cycle=0 full=1 stamp_ns=1789559214534692775 width=900 height=445 readback_pixels=801000 conversion_rays=115200 generated_points=20850 bytes=667200 half_angle_deg=45.000
Publish local map size: 20850
[INFO] [1789559214.637899819] [perfect_tracking]: [SENSOR_ACQUISITION_FRAME] frame=40 cycle=0 full=1 stamp_ns=1789559214634661660 width=900 height=445 readback_pixels=801000 conversion_rays=115200 generated_points=20868 bytes=667776 half_angle_deg=45.000
Publish local map size: 20868
[33m -- [Fsm] Wait for goal.[0m
[32m -- [Fsm 4.016] Current state: INIT[0m
[INFO] [1789559214.739086716] [perfect_tracking]: [SENSOR_ACQUISITION_FRAME] frame=41 cycle=0 full=1 stamp_ns=1789559214734690755 width=900 height=445 readback_pixels=801000 conversion_rays=115200 generated_points=20859 bytes=667488 half_angle_deg=45.000
Publish local map size: 20859
[INFO] [1789559214.839396714] [perfect_tracking]: [SENSOR_ACQUISITION_FRAME] frame=42 cycle=0 full=1 stamp_ns=1789559214834656252 width=900 height=445 readback_pixels=801000 conversion_rays=115200 generated_points=20866 bytes=667712 half_angle_deg=45.000
Publish local map size: 20866
[INFO] [1789559214.937635892] [perfect_tracking]: [SENSOR_ACQUISITION_FRAME] frame=43 cycle=0 full=1 stamp_ns=1789559214934737049 width=900 height=445 readback_pixels=801000 conversion_rays=115200 generated_points=20851 bytes=667232 half_angle_deg=45.000
Publish local map size: 20851
[INFO] [1789559215.038189634] [perfect_tracking]: [SENSOR_ACQUISITION_FRAME] frame=44 cycle=0 full=1 stamp_ns=1789559215034659198 width=900 height=445 readback_pixels=801000 conversion_rays=115200 generated_points=20854 bytes=667328 half_angle_deg=45.000
Publish local map size: 20854
[INFO] [1789559215.139287817] [perfect_tracking]: [SENSOR_ACQUISITION_FRAME] frame=45 cycle=0 full=1 stamp_ns=1789559215134705355 width=900 height=445 readback_pixels=801000 conversion_rays=115200 generated_points=20850 bytes=667200 half_angle_deg=45.000
Publish local map size: 20850
[INFO] [1789559215.239981885] [perfect_tracking]: [SENSOR_ACQUISITION_FRAME] frame=46 cycle=0 full=1 stamp_ns=1789559215234681978 width=900 height=445 readback_pixels=801000 conversion_rays=115200 generated_points=20845 bytes=667040 half_angle_deg=45.000
Publish local map size: 20845
 -- [MARSIM] Running FPS: 243.624
[INFO] [1789559215.337791615] [perfect_tracking]: [SENSOR_ACQUISITION_FRAME] frame=47 cycle=0 full=1 stamp_ns=1789559215334663937 width=900 height=445 readback_pixels=801000 conversion_rays=115200 generated_points=20854 bytes=667328 half_angle_deg=45.000
Publish local map size: 20854
[INFO] [1789559215.439179391] [perfect_tracking]: [SENSOR_ACQUISITION_FRAME] frame=48 cycle=0 full=1 stamp_ns=1789559215434696513 width=900 height=445 readback_pixels=801000 conversion_rays=115200 generated_points=20866 bytes=667712 half_angle_deg=45.000
Publish local map size: 20866
[INFO] [1789559215.540278010] [perfect_tracking]: [SENSOR_ACQUISITION_FRAME] frame=49 cycle=0 full=1 stamp_ns=1789559215534708014 width=900 height=445 readback_pixels=801000 conversion_rays=115200 generated_points=20820 bytes=666240 half_angle_deg=45.000
Publish local map size: 20820
[INFO] [1789559215.638471206] [perfect_tracking]: [SENSOR_ACQUISITION_FRAME] frame=50 cycle=0 full=1 stamp_ns=1789559215634824761 width=900 height=445 readback_pixels=801000 conversion_rays=115200 generated_points=20845 bytes=667040 half_angle_deg=45.000
Publish local map size: 20845
[INFO] [1789559215.638634801] [perfect_tracking]: [STATIC_PC_LATCHED_SUMMARY] enabled=1 publications=1 points=1042220 bytes=33351040 stamp_ns=1789559210656282101 timers_created=0 poll_callbacks=0
[INFO] [1789559215.638646260] [perfect_tracking]: [SENSOR_CADENCE_SUMMARY] frames=50 span_s=4.897546 hz=10.005010 raw_published=0 direct_handoffs=50 payload_bytes=33361856 side_entry_v1_enabled=0 side_entry_v1_spawned=0 side_entry_v1_injected_frames=0
[INFO] [1789559215.638658457] [perfect_tracking]: [SENSOR_BURST_DROPOUT_SUMMARY] enabled=0 warmup_s=1.000000 period_s=2.000000 duration_s=0.500000 phase_s=0.000000 phase_env_override=0 rendered=50 delivered=50 dropped=0 bursts=0 max_consecutive_dropped=0 max_delivered_gap_s=0.102059 dropped_payload_bytes=0
[33m -- [Fsm] Wait for goal.[0m
[32m -- [Fsm 5.016] Current state: INIT[0m
[INFO] [1789559215.739674373] [perfect_tracking]: [SENSOR_ACQUISITION_FRAME] frame=51 cycle=0 full=1 stamp_ns=1789559215734716316 width=900 height=445 readback_pixels=801000 conversion_rays=115200 generated_points=20844 bytes=667008 half_angle_deg=45.000
Publish local map size: 20844
[INFO] [1789559215.840101155] [perfect_tracking]: [SENSOR_ACQUISITION_FRAME] frame=52 cycle=0 full=1 stamp_ns=1789559215834754213 width=900 height=445 readback_pixels=801000 conversion_rays=115200 generated_points=20871 bytes=667872 half_angle_deg=45.000
Publish local map size: 20871
[INFO] [1789559215.938732704] [perfect_tracking]: [SENSOR_ACQUISITION_FRAME] frame=53 cycle=0 full=1 stamp_ns=1789559215934703539 width=900 height=445 readback_pixels=801000 conversion_rays=115200 generated_points=20832 bytes=666624 half_angle_deg=45.000
Publish local map size: 20832
[INFO] [1789559216.041000195] [perfect_tracking]: [SENSOR_ACQUISITION_FRAME] frame=54 cycle=0 full=1 stamp_ns=1789559216034683859 width=900 height=445 readback_pixels=801000 conversion_rays=115200 generated_points=20868 bytes=667776 half_angle_deg=45.000
Publish local map size: 20868
[INFO] [1789559216.137117440] [perfect_tracking]: [SENSOR_ACQUISITION_FRAME] frame=55 cycle=0 full=1 stamp_ns=1789559216134664853 width=900 height=445 readback_pixels=801000 conversion_rays=115200 generated_points=20868 bytes=667776 half_angle_deg=45.000
Publish local map size: 20868
[INFO] [1789559216.237613598] [perfect_tracking]: [SENSOR_ACQUISITION_FRAME] frame=56 cycle=0 full=1 stamp_ns=1789559216234668313 width=900 height=445 readback_pixels=801000 conversion_rays=115200 generated_points=20869 bytes=667808 half_angle_deg=45.000
Publish local map size: 20869
[INFO] [1789559216.341534369] [perfect_tracking]: [SENSOR_ACQUISITION_FRAME] frame=57 cycle=0 full=1 stamp_ns=1789559216334797512 width=900 height=445 readback_pixels=801000 conversion_rays=115200 generated_points=20845 bytes=667040 half_angle_deg=45.000
Publish local map size: 20845
[INFO] [1789559216.440374427] [perfect_tracking]: [SENSOR_ACQUISITION_FRAME] frame=58 cycle=0 full=1 stamp_ns=1789559216434703656 width=900 height=445 readback_pixels=801000 conversion_rays=115200 generated_points=20838 bytes=666816 half_angle_deg=45.000
Publish local map size: 20838
[INFO] [1789559216.539933638] [perfect_tracking]: [SENSOR_ACQUISITION_FRAME] frame=59 cycle=0 full=1 stamp_ns=1789559216534821696 width=900 height=445 readback_pixels=801000 conversion_rays=115200 generated_points=20869 bytes=667808 half_angle_deg=45.000
Publish local map size: 20869
[INFO] [1789559216.640454075] [perfect_tracking]: [SENSOR_ACQUISITION_FRAME] frame=60 cycle=0 full=1 stamp_ns=1789559216634675445 width=900 height=445 readback_pixels=801000 conversion_rays=115200 generated_points=20794 bytes=665408 half_angle_deg=45.000
Publish local map size: 20794
[33m -- [Fsm] Wait for goal.[0m
[32m -- [Fsm 6.016] Current state: INIT[0m
[INFO] [1789559216.740945629] [perfect_tracking]: [SENSOR_ACQUISITION_FRAME] frame=61 cycle=0 full=1 stamp_ns=1789559216734716860 width=900 height=445 readback_pixels=801000 conversion_rays=115200 generated_points=20866 bytes=667712 half_angle_deg=45.000
Publish local map size: 20866
[INFO] [1789559216.840245898] [perfect_tracking]: [SENSOR_ACQUISITION_FRAME] frame=62 cycle=0 full=1 stamp_ns=1789559216834719450 width=900 height=445 readback_pixels=801000 conversion_rays=115200 generated_points=20795 bytes=665440 half_angle_deg=45.000
Publish local map size: 20795
[INFO] [1789559216.940589883] [perfect_tracking]: [SENSOR_ACQUISITION_FRAME] frame=63 cycle=0 full=1 stamp_ns=1789559216934718405 width=900 height=445 readback_pixels=801000 conversion_rays=115200 generated_points=20796 bytes=665472 half_angle_deg=45.000
Publish local map size: 20796
[INFO] [1789559217.039326614] [perfect_tracking]: [SENSOR_ACQUISITION_FRAME] frame=64 cycle=0 full=1 stamp_ns=1789559217034678454 width=900 height=445 readback_pixels=801000 conversion_rays=115200 generated_points=20874 bytes=667968 half_angle_deg=45.000
Publish local map size: 20874
[INFO] [1789559217.138465571] [perfect_tracking]: [SENSOR_ACQUISITION_FRAME] frame=65 cycle=0 full=1 stamp_ns=1789559217134694601 width=900 height=445 readback_pixels=801000 conversion_rays=115200 generated_points=20792 bytes=665344 half_angle_deg=45.000
Publish local map size: 20792
[INFO] [1789559217.241223804] [perfect_tracking]: [SENSOR_ACQUISITION_FRAME] frame=66 cycle=0 full=1 stamp_ns=1789559217234826334 width=900 height=445 readback_pixels=801000 conversion_rays=115200 generated_points=20869 bytes=667808 half_angle_deg=45.000
Publish local map size: 20869
[INFO] [1789559217.339089207] [perfect_tracking]: [SENSOR_ACQUISITION_FRAME] frame=67 cycle=0 full=1 stamp_ns=1789559217334780720 width=900 height=445 readback_pixels=801000 conversion_rays=115200 generated_points=20859 bytes=667488 half_angle_deg=45.000
Publish local map size: 20859
 -- [MARSIM] Running FPS: 205.461
[INFO] [1789559217.439663873] [perfect_tracking]: [SENSOR_ACQUISITION_FRAME] frame=68 cycle=0 full=1 stamp_ns=1789559217434732918 width=900 height=445 readback_pixels=801000 conversion_rays=115200 generated_points=20865 bytes=667680 half_angle_deg=45.000
Publish local map size: 20865
[INFO] [1789559217.538013949] [perfect_tracking]: [SENSOR_ACQUISITION_FRAME] frame=69 cycle=0 full=1 stamp_ns=1789559217534772311 width=900 height=445 readback_pixels=801000 conversion_rays=115200 generated_points=20838 bytes=666816 half_angle_deg=45.000
Publish local map size: 20838
[INFO] [1789559217.639030021] [perfect_tracking]: [SENSOR_ACQUISITION_FRAME] frame=70 cycle=0 full=1 stamp_ns=1789559217634709982 width=900 height=445 readback_pixels=801000 conversion_rays=115200 generated_points=20878 bytes=668096 half_angle_deg=45.000
Publish local map size: 20878
[33m -- [Fsm] Wait for goal.[0m
[32m -- [Fsm 7.026] Current state: INIT[0m
[INFO] [1789559217.739797448] [perfect_tracking]: [SENSOR_ACQUISITION_FRAME] frame=71 cycle=0 full=1 stamp_ns=1789559217734740268 width=900 height=445 readback_pixels=801000 conversion_rays=115200 generated_points=20869 bytes=667808 half_angle_deg=45.000
Publish local map size: 20869
[INFO] [1789559217.840568944] [perfect_tracking]: [SENSOR_ACQUISITION_FRAME] frame=72 cycle=0 full=1 stamp_ns=1789559217834714326 width=900 height=445 readback_pixels=801000 conversion_rays=115200 generated_points=20877 bytes=668064 half_angle_deg=45.000
Publish local map size: 20877
[INFO] [1789559217.939858284] [perfect_tracking]: [SENSOR_ACQUISITION_FRAME] frame=73 cycle=0 full=1 stamp_ns=1789559217934777952 width=900 height=445 readback_pixels=801000 conversion_rays=115200 generated_points=20836 bytes=666752 half_angle_deg=45.000
Publish local map size: 20836
[INFO] [1789559218.039435715] [perfect_tracking]: [SENSOR_ACQUISITION_FRAME] frame=74 cycle=0 full=1 stamp_ns=1789559218034708913 width=900 height=445 readback_pixels=801000 conversion_rays=115200 generated_points=20874 bytes=667968 half_angle_deg=45.000
Publish local map size: 20874
[INFO] [1789559218.140049222] [perfect_tracking]: [SENSOR_ACQUISITION_FRAME] frame=75 cycle=0 full=1 stamp_ns=1789559218134693215 width=900 height=445 readback_pixels=801000 conversion_rays=115200 generated_points=20885 bytes=668320 half_angle_deg=45.000
Publish local map size: 20885
[INFO] [1789559218.240562894] [perfect_tracking]: [SENSOR_ACQUISITION_FRAME] frame=76 cycle=0 full=1 stamp_ns=1789559218234736758 width=900 height=445 readback_pixels=801000 conversion_rays=115200 generated_points=20833 bytes=666656 half_angle_deg=45.000
Publish local map size: 20833
[INFO] [1789559218.341272965] [perfect_tracking]: [SENSOR_ACQUISITION_FRAME] frame=77 cycle=0 full=1 stamp_ns=1789559218334723442 width=900 height=445 readback_pixels=801000 conversion_rays=115200 generated_points=20820 bytes=666240 half_angle_deg=45.000
Publish local map size: 20820
[INFO] [1789559218.440810544] [perfect_tracking]: [SENSOR_ACQUISITION_FRAME] frame=78 cycle=0 full=1 stamp_ns=1789559218434745590 width=900 height=445 readback_pixels=801000 conversion_rays=115200 generated_points=20850 bytes=667200 half_angle_deg=45.000
Publish local map size: 20850
[INFO] [1789559218.537794959] [perfect_tracking]: [SENSOR_ACQUISITION_FRAME] frame=79 cycle=0 full=1 stamp_ns=1789559218534694896 width=900 height=445 readback_pixels=801000 conversion_rays=115200 generated_points=20868 bytes=667776 half_angle_deg=45.000
Publish local map size: 20868
[INFO] [1789559218.637756326] [perfect_tracking]: [SENSOR_ACQUISITION_FRAME] frame=80 cycle=0 full=1 stamp_ns=1789559218634808947 width=900 height=445 readback_pixels=801000 conversion_rays=115200 generated_points=20851 bytes=667232 half_angle_deg=45.000
Publish local map size: 20851
[33m -- [Fsm] Wait for goal.[0m
[32m -- [Fsm 8.026] Current state: INIT[0m
[INFO] [1789559218.740471120] [perfect_tracking]: [SENSOR_ACQUISITION_FRAME] frame=81 cycle=0 full=1 stamp_ns=1789559218734698601 width=900 height=445 readback_pixels=801000 conversion_rays=115200 generated_points=20845 bytes=667040 half_angle_deg=45.000
Publish local map size: 20845
[INFO] [1789559218.839283744] [perfect_tracking]: [SENSOR_ACQUISITION_FRAME] frame=82 cycle=0 full=1 stamp_ns=1789559218834887416 width=900 height=445 readback_pixels=801000 conversion_rays=115200 generated_points=20868 bytes=667776 half_angle_deg=45.000
Publish local map size: 20868
[INFO] [1789559218.938874194] [perfect_tracking]: [SENSOR_ACQUISITION_FRAME] frame=83 cycle=0 full=1 stamp_ns=1789559218934831410 width=900 height=445 readback_pixels=801000 conversion_rays=115200 generated_points=20854 bytes=667328 half_angle_deg=45.000
Publish local map size: 20854
[INFO] [1789559219.039516312] [perfect_tracking]: [SENSOR_ACQUISITION_FRAME] frame=84 cycle=0 full=1 stamp_ns=1789559219034697719 width=900 height=445 readback_pixels=801000 conversion_rays=115200 generated_points=20845 bytes=667040 half_angle_deg=45.000
Publish local map size: 20845
[INFO] [1789559219.138160808] [perfect_tracking]: [SENSOR_ACQUISITION_FRAME] frame=85 cycle=0 full=1 stamp_ns=1789559219134684828 width=900 height=445 readback_pixels=801000 conversion_rays=115200 generated_points=20869 bytes=667808 half_angle_deg=45.000
Publish local map size: 20869
[INFO] [1789559219.239203968] [perfect_tracking]: [SENSOR_ACQUISITION_FRAME] frame=86 cycle=0 full=1 stamp_ns=1789559219234697010 width=900 height=445 readback_pixels=801000 conversion_rays=115200 generated_points=20873 bytes=667936 half_angle_deg=45.000
Publish local map size: 20873
[INFO] [1789559219.341049117] [perfect_tracking]: [SENSOR_ACQUISITION_FRAME] frame=87 cycle=0 full=1 stamp_ns=1789559219334738433 width=900 height=445 readback_pixels=801000 conversion_rays=115200 generated_points=20849 bytes=667168 half_angle_deg=45.000
Publish local map size: 20849
[INFO] [1789559219.437605876] [perfect_tracking]: [SENSOR_ACQUISITION_FRAME] frame=88 cycle=0 full=1 stamp_ns=1789559219434811588 width=900 height=445 readback_pixels=801000 conversion_rays=115200 generated_points=20877 bytes=668064 half_angle_deg=45.000
Publish local map size: 20877
[INFO] [1789559219.540586442] [perfect_tracking]: [SENSOR_ACQUISITION_FRAME] frame=89 cycle=0 full=1 stamp_ns=1789559219534820932 width=900 height=445 readback_pixels=801000 conversion_rays=115200 generated_points=20873 bytes=667936 half_angle_deg=45.000
Publish local map size: 20873
 -- [MARSIM] Running FPS: 213.017
[INFO] [1789559219.640454590] [perfect_tracking]: [SENSOR_ACQUISITION_FRAME] frame=90 cycle=0 full=1 stamp_ns=1789559219634805572 width=900 height=445 readback_pixels=801000 conversion_rays=115200 generated_points=20793 bytes=665376 half_angle_deg=45.000
Publish local map size: 20793
[33m -- [Fsm] Wait for goal.[0m
[32m -- [Fsm 9.026] Current state: INIT[0m
[INFO] [1789559219.740956769] [perfect_tracking]: [SENSOR_ACQUISITION_FRAME] frame=91 cycle=0 full=1 stamp_ns=1789559219734738607 width=900 height=445 readback_pixels=801000 conversion_rays=115200 generated_points=20851 bytes=667232 half_angle_deg=45.000
Publish local map size: 20851
[INFO] [1789559219.839736813] [perfect_tracking]: [SENSOR_ACQUISITION_FRAME] frame=92 cycle=0 full=1 stamp_ns=1789559219834733237 width=900 height=445 readback_pixels=801000 conversion_rays=115200 generated_points=20758 bytes=664256 half_angle_deg=45.000
Publish local map size: 20758
[INFO] [1789559219.940300686] [perfect_tracking]: [SENSOR_ACQUISITION_FRAME] frame=93 cycle=0 full=1 stamp_ns=1789559219934729277 width=900 height=445 readback_pixels=801000 conversion_rays=115200 generated_points=20868 bytes=667776 half_angle_deg=45.000
Publish local map size: 20868
[INFO] [1789559220.040362547] [perfect_tracking]: [SENSOR_ACQUISITION_FRAME] frame=94 cycle=0 full=1 stamp_ns=1789559220034714988 width=900 height=445 readback_pixels=801000 conversion_rays=115200 generated_points=20853 bytes=667296 half_angle_deg=45.000
Publish local map size: 20853
[INFO] [1789559220.139919387] [perfect_tracking]: [SENSOR_ACQUISITION_FRAME] frame=95 cycle=0 full=1 stamp_ns=1789559220134713896 width=900 height=445 readback_pixels=801000 conversion_rays=115200 generated_points=20874 bytes=667968 half_angle_deg=45.000
Publish local map size: 20874
[INFO] [1789559220.241010983] [perfect_tracking]: [SENSOR_ACQUISITION_FRAME] frame=96 cycle=0 full=1 stamp_ns=1789559220234707291 width=900 height=445 readback_pixels=801000 conversion_rays=115200 generated_points=20822 bytes=666304 half_angle_deg=45.000
Publish local map size: 20822
[INFO] [1789559220.341020739] [perfect_tracking]: [SENSOR_ACQUISITION_FRAME] frame=97 cycle=0 full=1 stamp_ns=1789559220334723296 width=900 height=445 readback_pixels=801000 conversion_rays=115200 generated_points=20867 bytes=667744 half_angle_deg=45.000
Publish local map size: 20867
[INFO] [1789559220.441026049] [perfect_tracking]: [SENSOR_ACQUISITION_FRAME] frame=98 cycle=0 full=1 stamp_ns=1789559220434727754 width=900 height=445 readback_pixels=801000 conversion_rays=115200 generated_points=20838 bytes=666816 half_angle_deg=45.000
Publish local map size: 20838
[INFO] [1789559220.540544236] [perfect_tracking]: [SENSOR_ACQUISITION_FRAME] frame=99 cycle=0 full=1 stamp_ns=1789559220534719227 width=900 height=445 readback_pixels=801000 conversion_rays=115200 generated_points=20845 bytes=667040 half_angle_deg=45.000
Publish local map size: 20845
[INFO] [1789559220.642800121] [perfect_tracking]: [SENSOR_ACQUISITION_FRAME] frame=100 cycle=0 full=1 stamp_ns=1789559220634823822 width=900 height=445 readback_pixels=801000 conversion_rays=115200 generated_points=20866 bytes=667712 half_angle_deg=45.000
Publish local map size: 20866
[INFO] [1789559220.642957662] [perfect_tracking]: [STATIC_PC_LATCHED_SUMMARY] enabled=1 publications=1 points=1042220 bytes=33351040 stamp_ns=1789559210656282101 timers_created=0 poll_callbacks=0
[INFO] [1789559220.642971935] [perfect_tracking]: [SENSOR_CADENCE_SUMMARY] frames=100 span_s=9.901874 hz=9.998107 raw_published=0 direct_handoffs=100 payload_bytes=66721248 side_entry_v1_enabled=0 side_entry_v1_spawned=0 side_entry_v1_injected_frames=0
[INFO] [1789559220.643005647] [perfect_tracking]: [SENSOR_BURST_DROPOUT_SUMMARY] enabled=0 warmup_s=1.000000 period_s=2.000000 duration_s=0.500000 phase_s=0.000000 phase_env_override=0 rendered=100 delivered=100 dropped=0 bursts=0 max_consecutive_dropped=0 max_delivered_gap_s=0.103920 dropped_payload_bytes=0
[33m -- [Fsm] Wait for goal.[0m
[32m -- [Fsm 10.036] Current state: INIT[0m
[INFO] [1789559220.739136519] [perfect_tracking]: [SENSOR_ACQUISITION_FRAME] frame=101 cycle=0 full=1 stamp_ns=1789559220734701786 width=900 height=445 readback_pixels=801000 conversion_rays=115200 generated_points=20831 bytes=666592 half_angle_deg=45.000
Publish local map size: 20831
[INFO] [1789559220.840168285] [perfect_tracking]: [SENSOR_ACQUISITION_FRAME] frame=102 cycle=0 full=1 stamp_ns=1789559220834746369 width=900 height=445 readback_pixels=801000 conversion_rays=115200 generated_points=20853 bytes=667296 half_angle_deg=45.000
Publish local map size: 20853
[INFO] [1789559220.940870381] [perfect_tracking]: [SENSOR_ACQUISITION_FRAME] frame=103 cycle=0 full=1 stamp_ns=1789559220934867157 width=900 height=445 readback_pixels=801000 conversion_rays=115200 generated_points=20734 bytes=663488 half_angle_deg=45.000
Publish local map size: 20734
[INFO] [1789559221.039697885] [perfect_tracking]: [SENSOR_ACQUISITION_FRAME] frame=104 cycle=0 full=1 stamp_ns=1789559221034764298 width=900 height=445 readback_pixels=801000 conversion_rays=115200 generated_points=20851 bytes=667232 half_angle_deg=45.000
Publish local map size: 20851
[INFO] [1789559221.140180564] [perfect_tracking]: [SENSOR_ACQUISITION_FRAME] frame=105 cycle=0 full=1 stamp_ns=1789559221134754790 width=900 height=445 readback_pixels=801000 conversion_rays=115200 generated_points=20792 bytes=665344 half_angle_deg=45.000
Publish local map size: 20792
[INFO] [1789559221.240350014] [perfect_tracking]: [SENSOR_ACQUISITION_FRAME] frame=106 cycle=0 full=1 stamp_ns=1789559221234764899 width=900 height=445 readback_pixels=801000 conversion_rays=115200 generated_points=20868 bytes=667776 half_angle_deg=45.000
Publish local map size: 20868
[INFO] [1789559221.340596407] [perfect_tracking]: [SENSOR_ACQUISITION_FRAME] frame=107 cycle=0 full=1 stamp_ns=1789559221334757923 width=900 height=445 readback_pixels=801000 conversion_rays=115200 generated_points=20885 bytes=668320 half_angle_deg=45.000
Publish local map size: 20885
 -- [MARSIM] Running FPS: 177.921
[INFO] [1789559221.440197826] [perfect_tracking]: [SENSOR_ACQUISITION_FRAME] frame=108 cycle=0 full=1 stamp_ns=1789559221434743034 width=900 height=445 readback_pixels=801000 conversion_rays=115200 generated_points=20845 bytes=667040 half_angle_deg=45.000
Publish local map size: 20845
[INFO] [1789559221.540741902] [perfect_tracking]: [SENSOR_ACQUISITION_FRAME] frame=109 cycle=0 full=1 stamp_ns=1789559221534832952 width=900 height=445 readback_pixels=801000 conversion_rays=115200 generated_points=20872 bytes=667904 half_angle_deg=45.000
Publish local map size: 20872
[INFO] [1789559221.641167056] [perfect_tracking]: [SENSOR_ACQUISITION_FRAME] frame=110 cycle=0 full=1 stamp_ns=1789559221634765243 width=900 height=445 readback_pixels=801000 conversion_rays=115200 generated_points=20845 bytes=667040 half_angle_deg=45.000
Publish local map size: 20845
[INFO] [1789559221.696843245] [rclcpp]: signal_handler(signum=2)
[INFO] [1789559221.697462681] [perfect_tracking]: [STATIC_PC_LATCHED_SUMMARY] enabled=1 publications=1 points=1042220 bytes=33351040 stamp_ns=1789559210656282101 timers_created=0 poll_callbacks=0
[INFO] [1789559221.697478273] [perfect_tracking]: [SENSOR_CADENCE_SUMMARY] frames=110 span_s=10.900242 hz=9.999778 raw_published=0 direct_handoffs=110 payload_bytes=73389280 side_entry_v1_enabled=0 side_entry_v1_spawned=0 side_entry_v1_injected_frames=0
[INFO] [1789559221.697487765] [perfect_tracking]: [SENSOR_BURST_DROPOUT_SUMMARY] enabled=0 warmup_s=1.000000 period_s=2.000000 duration_s=0.500000 phase_s=0.000000 phase_env_override=0 rendered=110 delivered=110 dropped=0 bursts=0 max_consecutive_dropped=0 max_delivered_gap_s=0.103920 dropped_payload_bytes=0
Retained replan num: 0, total recorded: 0, dropped: 0, retained length: 0, average retained computation time: 0 ms
[31mError: Could not open file for writing.
[0m