[WARN] [1791275302.629551636] [waypoint_mission]:  -- [MissionPlanner] Load config by file name: /root/super_ws/src/SUPER/mission_planner/config/waypoint.yaml
[WARN] [1791275302.629618898] [waypoint_mission]:  -- [MissionPlanner] Load data by file name: /root/super_ws/src/SUPER/mission_planner/data/loop24.txt
Load config file: /root/super_ws/src/SUPER/mission_planner/config/waypoint.yaml
[0;32m Load param start_trigger_type success: [0;0m2
[0;32m Load param start_program_delay success: [0;0m3
[0;32m Load param cmd_type success: [0;0m1
[0;32m Load param switch_dis success: [0;0m3
[0;32m Load param odom_timeout success: [0;0m0.1
[0;32m Load param publish_dt success: [0;0m1
[0;32m Load param goal_pub_topic success: [0;0m/planning/click_goal
[0;32m Load param odom_topic success: [0;0m/lidar_slam/odom
[32m -- [MISSION] Load 5 waypoints.[0m
[34m -- [MISSION] Waypoint 0 at (24, 24, 1.5) Switch dis = 1.5[0m
[34m -- [MISSION] Waypoint 1 at (-24, 24, 1.5) Switch dis = 1.5[0m
[34m -- [MISSION] Waypoint 2 at (-24, -24, 1.5) Switch dis = 1.5[0m
[34m -- [MISSION] Waypoint 3 at (24, -24, 1.5) Switch dis = 1.5[0m
[34m -- [MISSION] Waypoint 4 at (0, 0, 1.5) Switch dis = 1.5[0m
[INFO] [1791275302.633554108] [waypoint_mission]: [MISSION_GOAL_IDENTITY_SETTINGS] enabled=1 executor=single callbacks_serialized=1 timers_qos_unchanged=1
Cur t = 1.79128e+09 start t = 1.79128e+09
Cur t = 1.79128e+09 start t = 1.79128e+09
Cur t = 1.79128e+09 start t = 1.79128e+09
Cur t = 1.79128e+09 start t = 1.79128e+09
Cur t = 1.79128e+09 start t = 1.79128e+09
Cur t = 1.79128e+09 start t = 1.79128e+09
Cur t = 1.79128e+09 start t = 1.79128e+09
Cur t = 1.79128e+09 start t = 1.79128e+09
Cur t = 1.79128e+09 start t = 1.79128e+09
Cur t = 1.79128e+09 start t = 1.79128e+09
Cur t = 1.79128e+09 start t = 1.79128e+09
Cur t = 1.79128e+09 start t = 1.79128e+09
Cur t = 1.79128e+09 start t = 1.79128e+09
Cur t = 1.79128e+09 start t = 1.79128e+09
Cur t = 1.79128e+09 start t = 1.79128e+09
Cur t = 1.79128e+09 start t = 1.79128e+09
Cur t = 1.79128e+09 start t = 1.79128e+09
Cur t = 1.79128e+09 start t = 1.79128e+09
Cur t = 1.79128e+09 start t = 1.79128e+09
Cur t = 1.79128e+09 start t = 1.79128e+09
Cur t = 1.79128e+09 start t = 1.79128e+09
Cur t = 1.79128e+09 start t = 1.79128e+09
Cur t = 1.79128e+09 start t = 1.79128e+09
Cur t = 1.79128e+09 start t = 1.79128e+09
Cur t = 1.79128e+09 start t = 1.79128e+09
Cur t = 1.79128e+09 start t = 1.79128e+09
Cur t = 1.79128e+09 start t = 1.79128e+09
Cur t = 1.79128e+09 start t = 1.79128e+09
Cur t = 1.79128e+09 start t = 1.79128e+09
Cur t = 1.79128e+09 start t = 1.79128e+09
Cur t = 1.79128e+09 start t = 1.79128e+09
Cur t = 1.79128e+09 start t = 1.79128e+09
Cur t = 1.79128e+09 start t = 1.79128e+09
Cur t = 1.79128e+09 start t = 1.79128e+09
Cur t = 1.79128e+09 start t = 1.79128e+09
Cur t = 1.79128e+09 start t = 1.79128e+09
Cur t = 1.79128e+09 start t = 1.79128e+09
Cur t = 1.79128e+09 start t = 1.79128e+09
Cur t = 1.79128e+09 start t = 1.79128e+09
Cur t = 1.79128e+09 start t = 1.79128e+09
Cur t = 1.79128e+09 start t = 1.79128e+09
Cur t = 1.79128e+09 start t = 1.79128e+09
Cur t = 1.79128e+09 start t = 1.79128e+09
Cur t = 1.79128e+09 start t = 1.79128e+09
Cur t = 1.79128e+09 start t = 1.79128e+09
Cur t = 1.79128e+09 start t = 1.79128e+09
Cur t = 1.79128e+09 start t = 1.79128e+09
Cur t = 1.79128e+09 start t = 1.79128e+09
Cur t = 1.79128e+09 start t = 1.79128e+09
Cur t = 1.79128e+09 start t = 1.79128e+09
Cur t = 1.79128e+09 start t = 1.79128e+09
Cur t = 1.79128e+09 start t = 1.79128e+09
Cur t = 1.79128e+09 start t = 1.79128e+09
Cur t = 1.79128e+09 start t = 1.79128e+09
Cur t = 1.79128e+09 start t = 1.79128e+09
Cur t = 1.79128e+09 start t = 1.79128e+09
Cur t = 1.79128e+09 start t = 1.79128e+09
Cur t = 1.79128e+09 start t = 1.79128e+09
Cur t = 1.79128e+09 start t = 1.79128e+09
Cur t = 1.79128e+09 start t = 1.79128e+09
Cur t = 1.79128e+09 start t = 1.79128e+09
Cur t = 1.79128e+09 start t = 1.79128e+09
Cur t = 1.79128e+09 start t = 1.79128e+09
Cur t = 1.79128e+09 start t = 1.79128e+09
Cur t = 1.79128e+09 start t = 1.79128e+09
Cur t = 1.79128e+09 start t = 1.79128e+09
Cur t = 1.79128e+09 start t = 1.79128e+09
Cur t = 1.79128e+09 start t = 1.79128e+09
Cur t = 1.79128e+09 start t = 1.79128e+09
Cur t = 1.79128e+09 start t = 1.79128e+09
Cur t = 1.79128e+09 start t = 1.79128e+09
Cur t = 1.79128e+09 start t = 1.79128e+09
Cur t = 1.79128e+09 start t = 1.79128e+09
Cur t = 1.79128e+09 start t = 1.79128e+09
Cur t = 1.79128e+09 start t = 1.79128e+09
Cur t = 1.79128e+09 start t = 1.79128e+09
Cur t = 1.79128e+09 start t = 1.79128e+09
Cur t = 1.79128e+09 start t = 1.79128e+09
Cur t = 1.79128e+09 start t = 1.79128e+09
Cur t = 1.79128e+09 start t = 1.79128e+09
Cur t = 1.79128e+09 start t = 1.79128e+09
Cur t = 1.79128e+09 start t = 1.79128e+09
Cur t = 1.79128e+09 start t = 1.79128e+09
Cur t = 1.79128e+09 start t = 1.79128e+09
Cur t = 1.79128e+09 start t = 1.79128e+09
Cur t = 1.79128e+09 start t = 1.79128e+09
Cur t = 1.79128e+09 start t = 1.79128e+09
Cur t = 1.79128e+09 start t = 1.79128e+09
Cur t = 1.79128e+09 start t = 1.79128e+09
Cur t = 1.79128e+09 start t = 1.79128e+09
Cur t = 1.79128e+09 start t = 1.79128e+09
Cur t = 1.79128e+09 start t = 1.79128e+09
Cur t = 1.79128e+09 start t = 1.79128e+09
Cur t = 1.79128e+09 start t = 1.79128e+09
Cur t = 1.79128e+09 start t = 1.79128e+09
Cur t = 1.79128e+09 start t = 1.79128e+09
Cur t = 1.79128e+09 start t = 1.79128e+09
Cur t = 1.79128e+09 start t = 1.79128e+09
Cur t = 1.79128e+09 start t = 1.79128e+09
Cur t = 1.79128e+09 start t = 1.79128e+09
Cur t = 1.79128e+09 start t = 1.79128e+09
Cur t = 1.79128e+09 start t = 1.79128e+09
Cur t = 1.79128e+09 start t = 1.79128e+09
Cur t = 1.79128e+09 start t = 1.79128e+09
Cur t = 1.79128e+09 start t = 1.79128e+09
Cur t = 1.79128e+09 start t = 1.79128e+09
Cur t = 1.79128e+09 start t = 1.79128e+09
Cur t = 1.79128e+09 start t = 1.79128e+09
Cur t = 1.79128e+09 start t = 1.79128e+09
Cur t = 1.79128e+09 start t = 1.79128e+09
Cur t = 1.79128e+09 start t = 1.79128e+09
Cur t = 1.79128e+09 start t = 1.79128e+09
Cur t = 1.79128e+09 start t = 1.79128e+09
Cur t = 1.79128e+09 start t = 1.79128e+09
Cur t = 1.79128e+09 start t = 1.79128e+09
Cur t = 1.79128e+09 start t = 1.79128e+09
Cur t = 1.79128e+09 start t = 1.79128e+09
Cur t = 1.79128e+09 start t = 1.79128e+09
Cur t = 1.79128e+09 start t = 1.79128e+09
Cur t = 1.79128e+09 start t = 1.79128e+09
Cur t = 1.79128e+09 start t = 1.79128e+09
Cur t = 1.79128e+09 start t = 1.79128e+09
Cur t = 1.79128e+09 start t = 1.79128e+09
Cur t = 1.79128e+09 start t = 1.79128e+09
Cur t = 1.79128e+09 start t = 1.79128e+09
Cur t = 1.79128e+09 start t = 1.79128e+09
Cur t = 1.79128e+09 start t = 1.79128e+09
Cur t = 1.79128e+09 start t = 1.79128e+09
Cur t = 1.79128e+09 start t = 1.79128e+09
Cur t = 1.79128e+09 start t = 1.79128e+09
Cur t = 1.79128e+09 start t = 1.79128e+09
Cur t = 1.79128e+09 start t = 1.79128e+09
Cur t = 1.79128e+09 start t = 1.79128e+09
Cur t = 1.79128e+09 start t = 1.79128e+09
Cur t = 1.79128e+09 start t = 1.79128e+09
Cur t = 1.79128e+09 start t = 1.79128e+09
Cur t = 1.79128e+09 start t = 1.79128e+09
Cur t = 1.79128e+09 start t = 1.79128e+09
Cur t = 1.79128e+09 start t = 1.79128e+09
Cur t = 1.79128e+09 start t = 1.79128e+09
Cur t = 1.79128e+09 start t = 1.79128e+09
Cur t = 1.79128e+09 start t = 1.79128e+09
Cur t = 1.79128e+09 start t = 1.79128e+09
Cur t = 1.79128e+09 start t = 1.79128e+09
Cur t = 1.79128e+09 start t = 1.79128e+09
Cur t = 1.79128e+09 start t = 1.79128e+09
Cur t = 1.79128e+09 start t = 1.79128e+09
Cur t = 1.79128e+09 start t = 1.79128e+09
Cur t = 1.79128e+09 start t = 1.79128e+09
Cur t = 1.79128e+09 start t = 1.79128e+09
Cur t = 1.79128e+09 start t = 1.79128e+09
Cur t = 1.79128e+09 start t = 1.79128e+09
Cur t = 1.79128e+09 start t = 1.79128e+09
Cur t = 1.79128e+09 start t = 1.79128e+09
Cur t = 1.79128e+09 start t = 1.79128e+09
Cur t = 1.79128e+09 start t = 1.79128e+09
Cur t = 1.79128e+09 start t = 1.79128e+09
Cur t = 1.79128e+09 start t = 1.79128e+09
Cur t = 1.79128e+09 start t = 1.79128e+09
Cur t = 1.79128e+09 start t = 1.79128e+09
Cur t = 1.79128e+09 start t = 1.79128e+09
Cur t = 1.79128e+09 start t = 1.79128e+09
Cur t = 1.79128e+09 start t = 1.79128e+09
Cur t = 1.79128e+09 start t = 1.79128e+09
Cur t = 1.79128e+09 start t = 1.79128e+09
Cur t = 1.79128e+09 start t = 1.79128e+09
Cur t = 1.79128e+09 start t = 1.79128e+09
Cur t = 1.79128e+09 start t = 1.79128e+09
Cur t = 1.79128e+09 start t = 1.79128e+09
Cur t = 1.79128e+09 start t = 1.79128e+09
Cur t = 1.79128e+09 start t = 1.79128e+09
Cur t = 1.79128e+09 start t = 1.79128e+09
Cur t = 1.79128e+09 start t = 1.79128e+09
Cur t = 1.79128e+09 start t = 1.79128e+09
Cur t = 1.79128e+09 start t = 1.79128e+09
Cur t = 1.79128e+09 start t = 1.79128e+09
Cur t = 1.79128e+09 start t = 1.79128e+09
Cur t = 1.79128e+09 start t = 1.79128e+09
Cur t = 1.79128e+09 start t = 1.79128e+09
Cur t = 1.79128e+09 start t = 1.79128e+09
Cur t = 1.79128e+09 start t = 1.79128e+09
Cur t = 1.79128e+09 start t = 1.79128e+09
Cur t = 1.79128e+09 start t = 1.79128e+09
Cur t = 1.79128e+09 start t = 1.79128e+09
Cur t = 1.79128e+09 start t = 1.79128e+09
Cur t = 1.79128e+09 start t = 1.79128e+09
Cur t = 1.79128e+09 start t = 1.79128e+09
Cur t = 1.79128e+09 start t = 1.79128e+09
Cur t = 1.79128e+09 start t = 1.79128e+09
Cur t = 1.79128e+09 start t = 1.79128e+09
Cur t = 1.79128e+09 start t = 1.79128e+09
Cur t = 1.79128e+09 start t = 1.79128e+09
Cur t = 1.79128e+09 start t = 1.79128e+09
Cur t = 1.79128e+09 start t = 1.79128e+09
Cur t = 1.79128e+09 start t = 1.79128e+09
Cur t = 1.79128e+09 start t = 1.79128e+09
Cur t = 1.79128e+09 start t = 1.79128e+09
Cur t = 1.79128e+09 start t = 1.79128e+09
Cur t = 1.79128e+09 start t = 1.79128e+09
Cur t = 1.79128e+09 start t = 1.79128e+09
Cur t = 1.79128e+09 start t = 1.79128e+09
Cur t = 1.79128e+09 start t = 1.79128e+09
Cur t = 1.79128e+09 start t = 1.79128e+09
Cur t = 1.79128e+09 start t = 1.79128e+09
Cur t = 1.79128e+09 start t = 1.79128e+09
Cur t = 1.79128e+09 start t = 1.79128e+09
Cur t = 1.79128e+09 start t = 1.79128e+09
Cur t = 1.79128e+09 start t = 1.79128e+09
Cur t = 1.79128e+09 start t = 1.79128e+09
Cur t = 1.79128e+09 start t = 1.79128e+09
Cur t = 1.79128e+09 start t = 1.79128e+09
Cur t = 1.79128e+09 start t = 1.79128e+09
Cur t = 1.79128e+09 start t = 1.79128e+09
Cur t = 1.79128e+09 start t = 1.79128e+09
Cur t = 1.79128e+09 start t = 1.79128e+09
Cur t = 1.79128e+09 start t = 1.79128e+09
Cur t = 1.79128e+09 start t = 1.79128e+09
Cur t = 1.79128e+09 start t = 1.79128e+09
Cur t = 1.79128e+09 start t = 1.79128e+09
Cur t = 1.79128e+09 start t = 1.79128e+09
Cur t = 1.79128e+09 start t = 1.79128e+09
Cur t = 1.79128e+09 start t = 1.79128e+09
Cur t = 1.79128e+09 start t = 1.79128e+09
Cur t = 1.79128e+09 start t = 1.79128e+09
Cur t = 1.79128e+09 start t = 1.79128e+09
Cur t = 1.79128e+09 start t = 1.79128e+09
Cur t = 1.79128e+09 start t = 1.79128e+09
Cur t = 1.79128e+09 start t = 1.79128e+09
Cur t = 1.79128e+09 start t = 1.79128e+09
Cur t = 1.79128e+09 start t = 1.79128e+09
Cur t = 1.79128e+09 start t = 1.79128e+09
Cur t = 1.79128e+09 start t = 1.79128e+09
Cur t = 1.79128e+09 start t = 1.79128e+09
Cur t = 1.79128e+09 start t = 1.79128e+09
Cur t = 1.79128e+09 start t = 1.79128e+09
Cur t = 1.79128e+09 start t = 1.79128e+09
Cur t = 1.79128e+09 start t = 1.79128e+09
Cur t = 1.79128e+09 start t = 1.79128e+09
Cur t = 1.79128e+09 start t = 1.79128e+09
Cur t = 1.79128e+09 start t = 1.79128e+09
Cur t = 1.79128e+09 start t = 1.79128e+09
Cur t = 1.79128e+09 start t = 1.79128e+09
Cur t = 1.79128e+09 start t = 1.79128e+09
Cur t = 1.79128e+09 start t = 1.79128e+09
Cur t = 1.79128e+09 start t = 1.79128e+09
Cur t = 1.79128e+09 start t = 1.79128e+09
Cur t = 1.79128e+09 start t = 1.79128e+09
Cur t = 1.79128e+09 start t = 1.79128e+09
Cur t = 1.79128e+09 start t = 1.79128e+09
Cur t = 1.79128e+09 start t = 1.79128e+09
Cur t = 1.79128e+09 start t = 1.79128e+09
Cur t = 1.79128e+09 start t = 1.79128e+09
Cur t = 1.79128e+09 start t = 1.79128e+09
Cur t = 1.79128e+09 start t = 1.79128e+09
Cur t = 1.79128e+09 start t = 1.79128e+09
Cur t = 1.79128e+09 start t = 1.79128e+09
Cur t = 1.79128e+09 start t = 1.79128e+09
Cur t = 1.79128e+09 start t = 1.79128e+09
Cur t = 1.79128e+09 start t = 1.79128e+09
Cur t = 1.79128e+09 start t = 1.79128e+09
Cur t = 1.79128e+09 start t = 1.79128e+09
Cur t = 1.79128e+09 start t = 1.79128e+09
Cur t = 1.79128e+09 start t = 1.79128e+09
Cur t = 1.79128e+09 start t = 1.79128e+09
Cur t = 1.79128e+09 start t = 1.79128e+09
Cur t = 1.79128e+09 start t = 1.79128e+09
Cur t = 1.79128e+09 start t = 1.79128e+09
Cur t = 1.79128e+09 start t = 1.79128e+09
Cur t = 1.79128e+09 start t = 1.79128e+09
Cur t = 1.79128e+09 start t = 1.79128e+09
Cur t = 1.79128e+09 start t = 1.79128e+09
Cur t = 1.79128e+09 start t = 1.79128e+09
Cur t = 1.79128e+09 start t = 1.79128e+09
Cur t = 1.79128e+09 start t = 1.79128e+09
Cur t = 1.79128e+09 start t = 1.79128e+09
Cur t = 1.79128e+09 start t = 1.79128e+09
Cur t = 1.79128e+09 start t = 1.79128e+09
Cur t = 1.79128e+09 start t = 1.79128e+09
Cur t = 1.79128e+09 start t = 1.79128e+09
Cur t = 1.79128e+09 start t = 1.79128e+09
Cur t = 1.79128e+09 start t = 1.79128e+09
Cur t = 1.79128e+09 start t = 1.79128e+09
Cur t = 1.79128e+09 start t = 1.79128e+09
Cur t = 1.79128e+09 start t = 1.79128e+09
Cur t = 1.79128e+09 start t = 1.79128e+09
Cur t = 1.79128e+09 start t = 1.79128e+09
Cur t = 1.79128e+09 start t = 1.79128e+09
Cur t = 1.79128e+09 start t = 1.79128e+09
Cur t = 1.79128e+09 start t = 1.79128e+09
Cur t = 1.79128e+09 start t = 1.79128e+09
Cur t = 1.79128e+09 start t = 1.79128e+09
Cur t = 1.79128e+09 start t = 1.79128e+09
Cur t = 1.79128e+09 start t = 1.79128e+09
Cur t = 1.79128e+09 start t = 1.79128e+09
Cur t = 1.79128e+09 start t = 1.79128e+09
Cur t = 1.79128e+09 start t = 1.79128e+09
Cur t = 1.79128e+09 start t = 1.79128e+09
Cur t = 1.79128e+09 start t = 1.79128e+09
Cur t = 1.79128e+09 start t = 1.79128e+09
Cur t = 1.79128e+09 start t = 1.79128e+09
[33m -- [MISSION] System start delay passed.[0m
[INFO] [1791275305.641092424] [waypoint_mission]: [MISSION_GOAL_IDENTITY] stamp_ns=1791275305641089750 new_intent=1 new_identity=1 supported=1 waypoint=0
[33m -- [MISSION] Pub goal to  24  24 1.5[0m
[33m	 cur odom dis = 33.9411
[INFO] [1791275306.650997649] [waypoint_mission]: [MISSION_GOAL_IDENTITY] stamp_ns=1791275305641089750 new_intent=0 new_identity=0 supported=1 waypoint=0
[33m -- [MISSION] Pub goal to  24  24 1.5[0m
[33m	 cur odom dis = 33.9411
[INFO] [1791275307.660843396] [waypoint_mission]: [MISSION_GOAL_IDENTITY] stamp_ns=1791275305641089750 new_intent=0 new_identity=0 supported=1 waypoint=0
[33m -- [MISSION] Pub goal to  24  24 1.5[0m
[33m	 cur odom dis = 33.9387
[INFO] [1791275308.670819958] [waypoint_mission]: [MISSION_GOAL_IDENTITY] stamp_ns=1791275305641089750 new_intent=0 new_identity=0 supported=1 waypoint=0
[33m -- [MISSION] Pub goal to  24  24 1.5[0m
[33m	 cur odom dis = 30.2024
[INFO] [1791275309.680603990] [waypoint_mission]: [MISSION_GOAL_IDENTITY] stamp_ns=1791275305641089750 new_intent=0 new_identity=0 supported=1 waypoint=0
[33m -- [MISSION] Pub goal to  24  24 1.5[0m
[33m	 cur odom dis = 26.8909
[INFO] [1791275310.680682827] [waypoint_mission]: [MISSION_GOAL_IDENTITY] stamp_ns=1791275305641089750 new_intent=0 new_identity=0 supported=1 waypoint=0
[33m -- [MISSION] Pub goal to  24  24 1.5[0m
[33m	 cur odom dis = 20.2671
[INFO] [1791275311.690533258] [waypoint_mission]: [MISSION_GOAL_IDENTITY] stamp_ns=1791275305641089750 new_intent=0 new_identity=0 supported=1 waypoint=0
[33m -- [MISSION] Pub goal to  24  24 1.5[0m
[33m	 cur odom dis = 13.3782
[INFO] [1791275312.700326585] [waypoint_mission]: [MISSION_GOAL_IDENTITY] stamp_ns=1791275305641089750 new_intent=0 new_identity=0 supported=1 waypoint=0
[33m -- [MISSION] Pub goal to  24  24 1.5[0m
[33m	 cur odom dis = 6.88183
[31m -- [MISSION] Close to goal {}, switch to next.[0m
[INFO] [1791275313.500209503] [waypoint_mission]: [MISSION_GOAL_IDENTITY] stamp_ns=1791275313500206391 new_intent=1 new_identity=1 supported=1 waypoint=1
[33m -- [MISSION] Pub goal to -24  24 1.5[0m
[33m	 cur odom dis = 46.6
[INFO] [1791275314.500282995] [waypoint_mission]: [MISSION_GOAL_IDENTITY] stamp_ns=1791275313500206391 new_intent=0 new_identity=0 supported=1 waypoint=1
[33m -- [MISSION] Pub goal to -24  24 1.5[0m
[33m	 cur odom dis = 48.2143
[INFO] [1791275315.500301679] [waypoint_mission]: [MISSION_GOAL_IDENTITY] stamp_ns=1791275313500206391 new_intent=0 new_identity=0 supported=1 waypoint=1
[33m -- [MISSION] Pub goal to -24  24 1.5[0m
[33m	 cur odom dis = 48.2143
[INFO] [1791275316.510118870] [waypoint_mission]: [MISSION_GOAL_IDENTITY] stamp_ns=1791275313500206391 new_intent=0 new_identity=0 supported=1 waypoint=1
[33m -- [MISSION] Pub goal to -24  24 1.5[0m
[33m	 cur odom dis = 48.2143
[INFO] [1791275317.519999531] [waypoint_mission]: [MISSION_GOAL_IDENTITY] stamp_ns=1791275313500206391 new_intent=0 new_identity=0 supported=1 waypoint=1
[33m -- [MISSION] Pub goal to -24  24 1.5[0m
[33m	 cur odom dis = 48.2143
[INFO] [1791275318.529928978] [waypoint_mission]: [MISSION_GOAL_IDENTITY] stamp_ns=1791275313500206391 new_intent=0 new_identity=0 supported=1 waypoint=1
[33m -- [MISSION] Pub goal to -24  24 1.5[0m
[33m	 cur odom dis = 48.2143
[INFO] [1791275319.539918131] [waypoint_mission]: [MISSION_GOAL_IDENTITY] stamp_ns=1791275313500206391 new_intent=0 new_identity=0 supported=1 waypoint=1
[33m -- [MISSION] Pub goal to -24  24 1.5[0m
[33m	 cur odom dis = 44.5688
[INFO] [1791275320.549796847] [waypoint_mission]: [MISSION_GOAL_IDENTITY] stamp_ns=1791275313500206391 new_intent=0 new_identity=0 supported=1 waypoint=1
[33m -- [MISSION] Pub goal to -24  24 1.5[0m
[33m	 cur odom dis = 39.3858
[INFO] [1791275321.559712867] [waypoint_mission]: [MISSION_GOAL_IDENTITY] stamp_ns=1791275313500206391 new_intent=0 new_identity=0 supported=1 waypoint=1
[33m -- [MISSION] Pub goal to -24  24 1.5[0m
[33m	 cur odom dis = 38.9176
[INFO] [1791275322.569472496] [waypoint_mission]: [MISSION_GOAL_IDENTITY] stamp_ns=1791275313500206391 new_intent=0 new_identity=0 supported=1 waypoint=1
[33m -- [MISSION] Pub goal to -24  24 1.5[0m
[33m	 cur odom dis = 38.9176
[INFO] [1791275323.569472664] [waypoint_mission]: [MISSION_GOAL_IDENTITY] stamp_ns=1791275313500206391 new_intent=0 new_identity=0 supported=1 waypoint=1
[33m -- [MISSION] Pub goal to -24  24 1.5[0m
[33m	 cur odom dis = 38.9176
[INFO] [1791275324.579270105] [waypoint_mission]: [MISSION_GOAL_IDENTITY] stamp_ns=1791275313500206391 new_intent=0 new_identity=0 supported=1 waypoint=1
[33m -- [MISSION] Pub goal to -24  24 1.5[0m
[33m	 cur odom dis = 38.9176
[INFO] [1791275325.579309644] [waypoint_mission]: [MISSION_GOAL_IDENTITY] stamp_ns=1791275313500206391 new_intent=0 new_identity=0 supported=1 waypoint=1
[33m -- [MISSION] Pub goal to -24  24 1.5[0m
[33m	 cur odom dis = 38.9176
[INFO] [1791275326.589211350] [waypoint_mission]: [MISSION_GOAL_IDENTITY] stamp_ns=1791275313500206391 new_intent=0 new_identity=0 supported=1 waypoint=1
[33m -- [MISSION] Pub goal to -24  24 1.5[0m
[33m	 cur odom dis = 38.9176
[INFO] [1791275327.599019612] [waypoint_mission]: [MISSION_GOAL_IDENTITY] stamp_ns=1791275313500206391 new_intent=0 new_identity=0 supported=1 waypoint=1
[33m -- [MISSION] Pub goal to -24  24 1.5[0m
[33m	 cur odom dis = 38.9176
[INFO] [1791275328.608935023] [waypoint_mission]: [MISSION_GOAL_IDENTITY] stamp_ns=1791275313500206391 new_intent=0 new_identity=0 supported=1 waypoint=1
[33m -- [MISSION] Pub goal to -24  24 1.5[0m
[33m	 cur odom dis = 38.9176
[INFO] [1791275329.618913188] [waypoint_mission]: [MISSION_GOAL_IDENTITY] stamp_ns=1791275313500206391 new_intent=0 new_identity=0 supported=1 waypoint=1
[33m -- [MISSION] Pub goal to -24  24 1.5[0m
[33m	 cur odom dis = 38.9176
[INFO] [1791275330.628787241] [waypoint_mission]: [MISSION_GOAL_IDENTITY] stamp_ns=1791275313500206391 new_intent=0 new_identity=0 supported=1 waypoint=1
[33m -- [MISSION] Pub goal to -24  24 1.5[0m
[33m	 cur odom dis = 38.9176
[INFO] [1791275331.628898900] [waypoint_mission]: [MISSION_GOAL_IDENTITY] stamp_ns=1791275313500206391 new_intent=0 new_identity=0 supported=1 waypoint=1
[33m -- [MISSION] Pub goal to -24  24 1.5[0m
[33m	 cur odom dis = 38.9176
[INFO] [1791275332.638611689] [waypoint_mission]: [MISSION_GOAL_IDENTITY] stamp_ns=1791275313500206391 new_intent=0 new_identity=0 supported=1 waypoint=1
[33m -- [MISSION] Pub goal to -24  24 1.5[0m
[33m	 cur odom dis = 38.9176
[INFO] [1791275333.638640727] [waypoint_mission]: [MISSION_GOAL_IDENTITY] stamp_ns=1791275313500206391 new_intent=0 new_identity=0 supported=1 waypoint=1
[33m -- [MISSION] Pub goal to -24  24 1.5[0m
[33m	 cur odom dis = 38.9176
[INFO] [1791275334.648385326] [waypoint_mission]: [MISSION_GOAL_IDENTITY] stamp_ns=1791275313500206391 new_intent=0 new_identity=0 supported=1 waypoint=1
[33m -- [MISSION] Pub goal to -24  24 1.5[0m
[33m	 cur odom dis = 40.4685
[INFO] [1791275335.658343595] [waypoint_mission]: [MISSION_GOAL_IDENTITY] stamp_ns=1791275313500206391 new_intent=0 new_identity=0 supported=1 waypoint=1
[33m -- [MISSION] Pub goal to -24  24 1.5[0m
[33m	 cur odom dis = 38.0432
[INFO] [1791275336.668307929] [waypoint_mission]: [MISSION_GOAL_IDENTITY] stamp_ns=1791275313500206391 new_intent=0 new_identity=0 supported=1 waypoint=1
[33m -- [MISSION] Pub goal to -24  24 1.5[0m
[33m	 cur odom dis = 33.3276
[INFO] [1791275337.678133715] [waypoint_mission]: [MISSION_GOAL_IDENTITY] stamp_ns=1791275313500206391 new_intent=0 new_identity=0 supported=1 waypoint=1
[33m -- [MISSION] Pub goal to -24  24 1.5[0m
[33m	 cur odom dis = 26.7347
[INFO] [1791275338.688171409] [waypoint_mission]: [MISSION_GOAL_IDENTITY] stamp_ns=1791275313500206391 new_intent=0 new_identity=0 supported=1 waypoint=1
[33m -- [MISSION] Pub goal to -24  24 1.5[0m
[33m	 cur odom dis = 20.8235
[INFO] [1791275339.698129048] [waypoint_mission]: [MISSION_GOAL_IDENTITY] stamp_ns=1791275313500206391 new_intent=0 new_identity=0 supported=1 waypoint=1
[33m -- [MISSION] Pub goal to -24  24 1.5[0m
[33m	 cur odom dis = 15.3942
[INFO] [1791275340.708090331] [waypoint_mission]: [MISSION_GOAL_IDENTITY] stamp_ns=1791275313500206391 new_intent=0 new_identity=0 supported=1 waypoint=1
[33m -- [MISSION] Pub goal to -24  24 1.5[0m
[33m	 cur odom dis = 10.2547
[INFO] [1791275341.717785558] [waypoint_mission]: [MISSION_GOAL_IDENTITY] stamp_ns=1791275313500206391 new_intent=0 new_identity=0 supported=1 waypoint=1
[33m -- [MISSION] Pub goal to -24  24 1.5[0m
[33m	 cur odom dis = 4.88962
[31m -- [MISSION] Close to goal {}, switch to next.[0m
[INFO] [1791275342.557927645] [waypoint_mission]: [MISSION_GOAL_IDENTITY] stamp_ns=1791275342557923885 new_intent=1 new_identity=1 supported=1 waypoint=2
[33m -- [MISSION] Pub goal to -24 -24 1.5[0m
[33m	 cur odom dis = 47.9152
[INFO] [1791275343.567650437] [waypoint_mission]: [MISSION_GOAL_IDENTITY] stamp_ns=1791275342557923885 new_intent=0 new_identity=0 supported=1 waypoint=2
[33m -- [MISSION] Pub goal to -24 -24 1.5[0m
[33m	 cur odom dis = 48.0628
[INFO] [1791275344.577498142] [waypoint_mission]: [MISSION_GOAL_IDENTITY] stamp_ns=1791275342557923885 new_intent=0 new_identity=0 supported=1 waypoint=2
[33m -- [MISSION] Pub goal to -24 -24 1.5[0m
[33m	 cur odom dis = 48.0628
[INFO] [1791275345.587417313] [waypoint_mission]: [MISSION_GOAL_IDENTITY] stamp_ns=1791275342557923885 new_intent=0 new_identity=0 supported=1 waypoint=2
[33m -- [MISSION] Pub goal to -24 -24 1.5[0m
[33m	 cur odom dis = 48.0628
[INFO] [1791275346.587495690] [waypoint_mission]: [MISSION_GOAL_IDENTITY] stamp_ns=1791275342557923885 new_intent=0 new_identity=0 supported=1 waypoint=2
[33m -- [MISSION] Pub goal to -24 -24 1.5[0m
[33m	 cur odom dis = 45.8303
[INFO] [1791275347.597294306] [waypoint_mission]: [MISSION_GOAL_IDENTITY] stamp_ns=1791275342557923885 new_intent=0 new_identity=0 supported=1 waypoint=2
[33m -- [MISSION] Pub goal to -24 -24 1.5[0m
[33m	 cur odom dis = 40.4022
[INFO] [1791275348.597311911] [waypoint_mission]: [MISSION_GOAL_IDENTITY] stamp_ns=1791275342557923885 new_intent=0 new_identity=0 supported=1 waypoint=2
[33m -- [MISSION] Pub goal to -24 -24 1.5[0m
[33m	 cur odom dis = 37.0909
[INFO] [1791275349.607147478] [waypoint_mission]: [MISSION_GOAL_IDENTITY] stamp_ns=1791275342557923885 new_intent=0 new_identity=0 supported=1 waypoint=2
[33m -- [MISSION] Pub goal to -24 -24 1.5[0m
[33m	 cur odom dis = 37.0284
[INFO] [1791275350.617063037] [waypoint_mission]: [MISSION_GOAL_IDENTITY] stamp_ns=1791275342557923885 new_intent=0 new_identity=0 supported=1 waypoint=2
[33m -- [MISSION] Pub goal to -24 -24 1.5[0m
[33m	 cur odom dis = 34.7763
[INFO] [1791275351.626905356] [waypoint_mission]: [MISSION_GOAL_IDENTITY] stamp_ns=1791275342557923885 new_intent=0 new_identity=0 supported=1 waypoint=2
[33m -- [MISSION] Pub goal to -24 -24 1.5[0m
[33m	 cur odom dis = 34.7763
[INFO] [1791275352.636919120] [waypoint_mission]: [MISSION_GOAL_IDENTITY] stamp_ns=1791275342557923885 new_intent=0 new_identity=0 supported=1 waypoint=2
[33m -- [MISSION] Pub goal to -24 -24 1.5[0m
[33m	 cur odom dis = 34.7763
[INFO] [1791275353.646748563] [waypoint_mission]: [MISSION_GOAL_IDENTITY] stamp_ns=1791275342557923885 new_intent=0 new_identity=0 supported=1 waypoint=2
[33m -- [MISSION] Pub goal to -24 -24 1.5[0m
[33m	 cur odom dis = 34.7763
[INFO] [1791275354.656635117] [waypoint_mission]: [MISSION_GOAL_IDENTITY] stamp_ns=1791275342557923885 new_intent=0 new_identity=0 supported=1 waypoint=2
[33m -- [MISSION] Pub goal to -24 -24 1.5[0m
[33m	 cur odom dis = 35.7301
[INFO] [1791275355.666484635] [waypoint_mission]: [MISSION_GOAL_IDENTITY] stamp_ns=1791275342557923885 new_intent=0 new_identity=0 supported=1 waypoint=2
[33m -- [MISSION] Pub goal to -24 -24 1.5[0m
[33m	 cur odom dis = 35.8477
[INFO] [1791275356.666511672] [waypoint_mission]: [MISSION_GOAL_IDENTITY] stamp_ns=1791275342557923885 new_intent=0 new_identity=0 supported=1 waypoint=2
[33m -- [MISSION] Pub goal to -24 -24 1.5[0m
[33m	 cur odom dis = 32.6417
[INFO] [1791275357.676438807] [waypoint_mission]: [MISSION_GOAL_IDENTITY] stamp_ns=1791275342557923885 new_intent=0 new_identity=0 supported=1 waypoint=2
[33m -- [MISSION] Pub goal to -24 -24 1.5[0m
[33m	 cur odom dis = 25.9311
[INFO] [1791275358.686328960] [waypoint_mission]: [MISSION_GOAL_IDENTITY] stamp_ns=1791275342557923885 new_intent=0 new_identity=0 supported=1 waypoint=2
[33m -- [MISSION] Pub goal to -24 -24 1.5[0m
[33m	 cur odom dis = 19.6363
[INFO] [1791275359.696279115] [waypoint_mission]: [MISSION_GOAL_IDENTITY] stamp_ns=1791275342557923885 new_intent=0 new_identity=0 supported=1 waypoint=2
[33m -- [MISSION] Pub goal to -24 -24 1.5[0m
[33m	 cur odom dis = 13.1576
[INFO] [1791275360.706230533] [waypoint_mission]: [MISSION_GOAL_IDENTITY] stamp_ns=1791275342557923885 new_intent=0 new_identity=0 supported=1 waypoint=2
[33m -- [MISSION] Pub goal to -24 -24 1.5[0m
[33m	 cur odom dis = 7.33095
[31m -- [MISSION] Close to goal {}, switch to next.[0m
[INFO] [1791275361.686088014] [waypoint_mission]: [MISSION_GOAL_IDENTITY] stamp_ns=1791275361686084919 new_intent=1 new_identity=1 supported=1 waypoint=3
[33m -- [MISSION] Pub goal to  24 -24 1.5[0m
[33m	 cur odom dis = 47.7634
[INFO] [1791275362.686104806] [waypoint_mission]: [MISSION_GOAL_IDENTITY] stamp_ns=1791275361686084919 new_intent=0 new_identity=0 supported=1 waypoint=3
[33m -- [MISSION] Pub goal to  24 -24 1.5[0m
[33m	 cur odom dis = 48.1222
[INFO] [1791275363.695886061] [waypoint_mission]: [MISSION_GOAL_IDENTITY] stamp_ns=1791275361686084919 new_intent=0 new_identity=0 supported=1 waypoint=3
[33m -- [MISSION] Pub goal to  24 -24 1.5[0m
[33m	 cur odom dis = 48.1222
[INFO] [1791275364.705916749] [waypoint_mission]: [MISSION_GOAL_IDENTITY] stamp_ns=1791275361686084919 new_intent=0 new_identity=0 supported=1 waypoint=3
[33m -- [MISSION] Pub goal to  24 -24 1.5[0m
[33m	 cur odom dis = 48.1222
[INFO] [1791275365.715571560] [waypoint_mission]: [MISSION_GOAL_IDENTITY] stamp_ns=1791275361686084919 new_intent=0 new_identity=0 supported=1 waypoint=3
[33m -- [MISSION] Pub goal to  24 -24 1.5[0m
[33m	 cur odom dis = 46.614
[INFO] [1791275366.715603358] [waypoint_mission]: [MISSION_GOAL_IDENTITY] stamp_ns=1791275361686084919 new_intent=0 new_identity=0 supported=1 waypoint=3
[33m -- [MISSION] Pub goal to  24 -24 1.5[0m
[33m	 cur odom dis = 39.9787
[INFO] [1791275367.725433026] [waypoint_mission]: [MISSION_GOAL_IDENTITY] stamp_ns=1791275361686084919 new_intent=0 new_identity=0 supported=1 waypoint=3
[33m -- [MISSION] Pub goal to  24 -24 1.5[0m
[33m	 cur odom dis = 33.6608
[INFO] [1791275368.735303950] [waypoint_mission]: [MISSION_GOAL_IDENTITY] stamp_ns=1791275361686084919 new_intent=0 new_identity=0 supported=1 waypoint=3
[33m -- [MISSION] Pub goal to  24 -24 1.5[0m
[33m	 cur odom dis = 27.1973
[INFO] [1791275369.735374272] [waypoint_mission]: [MISSION_GOAL_IDENTITY] stamp_ns=1791275361686084919 new_intent=0 new_identity=0 supported=1 waypoint=3
[33m -- [MISSION] Pub goal to  24 -24 1.5[0m
[33m	 cur odom dis = 20.5343
[INFO] [1791275370.745273467] [waypoint_mission]: [MISSION_GOAL_IDENTITY] stamp_ns=1791275361686084919 new_intent=0 new_identity=0 supported=1 waypoint=3
[33m -- [MISSION] Pub goal to  24 -24 1.5[0m
[33m	 cur odom dis = 13.7817
[INFO] [1791275371.755146722] [waypoint_mission]: [MISSION_GOAL_IDENTITY] stamp_ns=1791275361686084919 new_intent=0 new_identity=0 supported=1 waypoint=3
[33m -- [MISSION] Pub goal to  24 -24 1.5[0m
[33m	 cur odom dis = 9.70785
[INFO] [1791275372.765148282] [waypoint_mission]: [MISSION_GOAL_IDENTITY] stamp_ns=1791275361686084919 new_intent=0 new_identity=0 supported=1 waypoint=3
[33m -- [MISSION] Pub goal to  24 -24 1.5[0m
[33m	 cur odom dis = 7.17357
[31m -- [MISSION] Close to goal {}, switch to next.[0m
[INFO] [1791275373.645015626] [waypoint_mission]: [MISSION_GOAL_IDENTITY] stamp_ns=1791275373645012500 new_intent=1 new_identity=1 supported=1 waypoint=4
[33m -- [MISSION] Pub goal to   0   0 1.5[0m
[33m	 cur odom dis = 32.505
[INFO] [1791275374.654910554] [waypoint_mission]: [MISSION_GOAL_IDENTITY] stamp_ns=1791275373645012500 new_intent=0 new_identity=0 supported=1 waypoint=4
[33m -- [MISSION] Pub goal to   0   0 1.5[0m
[33m	 cur odom dis = 34.2088
[INFO] [1791275375.664762050] [waypoint_mission]: [MISSION_GOAL_IDENTITY] stamp_ns=1791275373645012500 new_intent=0 new_identity=0 supported=1 waypoint=4
[33m -- [MISSION] Pub goal to   0   0 1.5[0m
[33m	 cur odom dis = 34.2088
[INFO] [1791275376.664862788] [waypoint_mission]: [MISSION_GOAL_IDENTITY] stamp_ns=1791275373645012500 new_intent=0 new_identity=0 supported=1 waypoint=4
[33m -- [MISSION] Pub goal to   0   0 1.5[0m
[33m	 cur odom dis = 34.2088
[INFO] [1791275377.674614220] [waypoint_mission]: [MISSION_GOAL_IDENTITY] stamp_ns=1791275373645012500 new_intent=0 new_identity=0 supported=1 waypoint=4
[33m -- [MISSION] Pub goal to   0   0 1.5[0m
[33m	 cur odom dis = 34.2088
[INFO] [1791275378.684452059] [waypoint_mission]: [MISSION_GOAL_IDENTITY] stamp_ns=1791275373645012500 new_intent=0 new_identity=0 supported=1 waypoint=4
[33m -- [MISSION] Pub goal to   0   0 1.5[0m
[33m	 cur odom dis = 34.2088
[INFO] [1791275379.694440127] [waypoint_mission]: [MISSION_GOAL_IDENTITY] stamp_ns=1791275373645012500 new_intent=0 new_identity=0 supported=1 waypoint=4
[33m -- [MISSION] Pub goal to   0   0 1.5[0m
[33m	 cur odom dis = 33.1184
[INFO] [1791275380.694510113] [waypoint_mission]: [MISSION_GOAL_IDENTITY] stamp_ns=1791275373645012500 new_intent=0 new_identity=0 supported=1 waypoint=4
[33m -- [MISSION] Pub goal to   0   0 1.5[0m
[33m	 cur odom dis = 26.5512
[INFO] [1791275381.704294373] [waypoint_mission]: [MISSION_GOAL_IDENTITY] stamp_ns=1791275373645012500 new_intent=0 new_identity=0 supported=1 waypoint=4
[33m -- [MISSION] Pub goal to   0   0 1.5[0m
[33m	 cur odom dis = 19.9791
[INFO] [1791275382.714208069] [waypoint_mission]: [MISSION_GOAL_IDENTITY] stamp_ns=1791275373645012500 new_intent=0 new_identity=0 supported=1 waypoint=4
[33m -- [MISSION] Pub goal to   0   0 1.5[0m
[33m	 cur odom dis = 13.1587
[INFO] [1791275383.724029651] [waypoint_mission]: [MISSION_GOAL_IDENTITY] stamp_ns=1791275373645012500 new_intent=0 new_identity=0 supported=1 waypoint=4
[33m -- [MISSION] Pub goal to   0   0 1.5[0m
[33m	 cur odom dis = 6.37678
[31m -- [MISSION] Close to goal {}, switch to next.[0m
