[INFO] [launch]: All log files can be found below /root/.ros/log/2026-09-09-19-36-33-784196-livox-1050228
[INFO] [launch]: Default logging verbosity is set to INFO
[INFO] [waypoint_mission-1]: process started with pid [1050229]
[INFO] [perfect_drone_frontend_node-2]: process started with pid [1050231]
[INFO] [fsm_node-3]: process started with pid [1050233]
[waypoint_mission-1] [WARN] [1788950193.838023254] [waypoint_mission]:  -- [MissionPlanner] Load config by file name: /root/super_ws/src/SUPER/mission_planner/config/waypoint.yaml
[waypoint_mission-1] [WARN] [1788950193.838097772] [waypoint_mission]:  -- [MissionPlanner] Load data by file name: /root/super_ws/src/SUPER/mission_planner/data/blind_heading_mismatch.txt
[fsm_node-3]  -- [Bench] Use sim time is false, begin replay.
[fsm_node-3] Load config file: /root/super_ws/src/SUPER/super_planner/config/static_seedmaps_guard_viability_tight_v7_frontend_risk_enforce.yaml
[fsm_node-3] [0;32m Load param fsm/timer_en success: [0;0m1
[fsm_node-3] [0;32m Load param super_planner/detailed_log_en success: [0;0m0
[fsm_node-3] [0;32m Load param super_planner/detailed_log_max_entries success: [0;0m64
[fsm_node-3] [0;32m Load param fsm/click_goal_en success: [0;0m1
[fsm_node-3] [0;32m Load param fsm/click_yaw_en success: [0;0m1
[fsm_node-3] [0;32m Load param fsm/replan_rate success: [0;0m15
[fsm_node-3] [0;32m Load param fsm/click_height success: [0;0m1.5
[fsm_node-3] [0;32m Load param fsm/cmd_topic success: [0;0m/planning/pos_cmd
[fsm_node-3] [0;32m Load param fsm/mpc_cmd_topic success: [0;0m/planning_cmd/poly_traj
[fsm_node-3] [0;32m Load param fsm/click_goal_topic success: [0;0m/planning/click_goal
[fsm_node-3] [0;32m Load param fsm/map_readiness/enable success: [0;0m1
[fsm_node-3] [0;32m Load param fsm/map_readiness/min_accepted_scans success: [0;0m5
[fsm_node-3] [0;32m Load param fsm/map_readiness/min_committed_scans success: [0;0m5
[fsm_node-3] [0;32m Load param fsm/map_readiness/max_commit_lag_scans success: [0;0m5
[fsm_node-3] [0;32m Load param fsm/map_readiness/min_scan_span_s success: [0;0m1
[fsm_node-3] [0;32m Load param fsm/map_readiness/max_cloud_age_s success: [0;0m0.75
[fsm_node-3] [0;32m Load param fsm/map_readiness/max_map_age_s success: [0;0m0.55
[fsm_node-3] [0;32m Load param fsm/trajectory_guard/enable success: [0;0m1
[fsm_node-3] [0;33m Load param fsm/trajectory_guard/same_map_replan_coalesce_enable failed, use default value: [0;0m0
[fsm_node-3] [0;33m Load param fsm/trajectory_guard/same_map_replan_min_interval_s failed, use default value: [0;0m0
[fsm_node-3] [0;32m Load param fsm/trajectory_guard/shadow success: [0;0m0
[fsm_node-3] [0;32m Load param fsm/trajectory_guard/max_map_age_s success: [0;0m0.75
[fsm_node-3] [0;32m Load param fsm/trajectory_guard/brake_trigger_map_age_s success: [0;0m0.55
[fsm_node-3] [0;32m Load param fsm/trajectory_guard/brake_trigger_high_speed_map_age_s success: [0;0m0.5
[fsm_node-3] [0;32m Load param fsm/trajectory_guard/brake_trigger_low_speed_mps success: [0;0m2.5
[fsm_node-3] [0;32m Load param fsm/trajectory_guard/brake_trigger_high_speed_mps success: [0;0m3.5
[fsm_node-3] [0;32m Load param fsm/trajectory_guard/full_refresh_ack_sla_s success: [0;0m0.75
[fsm_node-3] [0;32m Load param fsm/trajectory_guard/raw_cloud/enable success: [0;0m0
[fsm_node-3] [0;32m Load param fsm/trajectory_guard/raw_cloud/source_topic success: [0;0m/cloud_guard_witness
[fsm_node-3] [0;32m Load param fsm/trajectory_guard/raw_cloud/max_age_s success: [0;0m0.75
[fsm_node-3] [0;32m Load param fsm/trajectory_guard/raw_cloud/clearance_m success: [0;0m0.3
[perfect_drone_frontend_node-2] [INFO] [1788950193.939456110] [native_sector_cpp]: adaptive mode, half-angle 45.0 deg, input /cloud_registered, publish cap 5.00 Hz, commit refresh 0.120 s, full-open extra budget 6000, guard witness disabled radius 0.00 m, direct input enabled, risk verdict /planning/trajectory_risk_verdict, body tier 0.200 m/0.150 s
[perfect_drone_frontend_node-2] [WARN] [1788950193.941814345] [perfect_tracking]:  -- [MissionPlanner] Load config by file name: /root/super_ws/src/SUPER/mars_uav_sim/perfect_drone_sim/config/shm1_h1_hazard.yaml
[fsm_node-3] [0;32m Load param fsm/trajectory_guard/validation_sample_dt_s success: [0;0m0.005
[fsm_node-3] [0;32m Load param fsm/trajectory_guard/shadow_min_interval_s success: [0;0m0
[fsm_node-3] [0;32m Load param fsm/trajectory_guard/additional_clearance_m success: [0;0m0
[fsm_node-3] [0;33m Load param fsm/trajectory_guard/brake_min_duration_s failed, use default value: [0;0m0.4
[fsm_node-3] [0;32m Load param fsm/trajectory_guard/brake_max_duration_s success: [0;0m3
[fsm_node-3] [0;32m Load param fsm/trajectory_guard/brake_max_acc_mps2 success: [0;0m20
[fsm_node-3] [0;32m Load param fsm/trajectory_guard/brake_max_jerk_mps3 success: [0;0m120
[fsm_node-3] [0;32m Load param fsm/trajectory_guard/brake_command_max_age_s success: [0;0m0.1
[fsm_node-3] [0;32m Load param fsm/trajectory_guard/brake_command_max_position_error_m success: [0;0m0.5
[fsm_node-3] [0;32m Load param fsm/trajectory_guard/brake_command_max_velocity_error_mps success: [0;0m2
[fsm_node-3] [0;32m Load param fsm/trajectory_guard/brake_retry_interval_s success: [0;0m0.1
[fsm_node-3] [0;32m Load param fsm/trajectory_guard/unknown_as_occupied success: [0;0m1
[fsm_node-3] [0;33m Load param fsm/trajectory_guard/raw_cloud/ciri_shadow_en failed, use default value: [0;0m0
[fsm_node-3] [0;32m Load param fsm/trajectory_guard/raw_cloud/accum_window_s success: [0;0m1.5
[fsm_node-3] [0;33m Load param fsm/trajectory_guard/raw_cloud/ciri_min_points failed, use default value: [0;0m200
[fsm_node-3] [0;33m Load param fsm/trajectory_guard/raw_cloud/ciri_voxel_m failed, use default value: [0;0m0.1
[fsm_node-3] [0;32m Load param fsm/trajectory_guard/raw_cloud/near_field_shadow_en success: [0;0m0
[fsm_node-3] [0;32m Load param fsm/trajectory_guard/raw_cloud/near_field_clearance_m success: [0;0m0.2
[fsm_node-3] [0;32m Load param fsm/trajectory_guard/raw_cloud/near_field_horizon_s success: [0;0m1
[fsm_node-3] [0;32m Load param fsm/trajectory_guard/raw_cloud/near_field_sample_dt_s success: [0;0m0.01
[fsm_node-3] [0;32m Load param fsm/trajectory_guard/raw_cloud/near_field_min_interval_s success: [0;0m0.1
[fsm_node-3] [0;32m Load param fsm/trajectory_guard/raw_cloud/near_field_min_points success: [0;0m200
[fsm_node-3] [0;32m Load param fsm/trajectory_guard/raw_cloud/near_field_voxel_m success: [0;0m0
[fsm_node-3] [0;32m Load param fsm/trajectory_guard/raw_cloud/near_field_test_replay_mode success: [0;0m0
[fsm_node-3] [0;32m Load param fsm/trajectory_guard/raw_cloud/near_field_enforce_en success: [0;0m0
[fsm_node-3] [0;32m Load param fsm/trajectory_guard/raw_cloud/near_field_result_max_age_s success: [0;0m0.2
[fsm_node-3] [0;32m Load param fsm/trajectory_guard/raw_cloud/near_field_max_sequence_lag success: [0;0m1
[fsm_node-3] [0;32m Load param fsm/trajectory_guard/raw_cloud/near_field_egress_tolerance_m success: [0;0m0.005
[fsm_node-3] [0;32m Load param fsm/trajectory_guard/raw_cloud/near_field_egress_min_progress_m success: [0;0m0.02
[fsm_node-3] [0;32m Load param fsm/trajectory_guard/frontend_risk/shadow_en success: [0;0m1
[fsm_node-3] [0;32m Load param fsm/trajectory_guard/frontend_risk/enforce_en success: [0;0m1
[fsm_node-3] [0;32m Load param fsm/trajectory_guard/frontend_risk/topic success: [0;0m/planning/trajectory_risk_verdict
[fsm_node-3] [0;32m Load param fsm/trajectory_guard/frontend_risk/result_max_age_s success: [0;0m0.2
[fsm_node-3] [0;32m Load param fsm/trajectory_guard/frontend_risk/source_max_age_s success: [0;0m0.75
[fsm_node-3] [0;32m Load param fsm/trajectory_guard/frontend_risk/current_body_enforce_en success: [0;0m1
[fsm_node-3] [0;32m Load param fsm/trajectory_guard/frontend_risk/current_body_result_max_age_s success: [0;0m0.15
[fsm_node-3] [0;32m Load param fsm/trajectory_guard/frontend_risk/current_body_source_max_age_s success: [0;0m0.2
[fsm_node-3] [0;32m Load param super_planner/yaw_dot_max success: [0;0m3
[fsm_node-3] [0;32m Load param super_planner/visualization_en success: [0;0m0
[fsm_node-3] [0;32m Load param rog_map/resolution success: [0;0m0.05
[fsm_node-3] Load config file: /root/super_ws/src/SUPER/super_planner/config/static_seedmaps_guard_viability_tight_v7_frontend_risk_enforce.yaml
[fsm_node-3] [0;32m Load param rog_map/esdf/resolution success: [0;0m0.1
[fsm_node-3] [0;32m Load param rog_map/esdf/enable success: [0;0m0
[fsm_node-3] [0;32m Load param rog_map/esdf/local_update_box success: [0;0m[5 5 3 ]
[fsm_node-3] [0;32m Load param rog_map/load_pcd_en success: [0;0m0
[fsm_node-3] [0;32m Load param rog_map/map_sliding/enable success: [0;0m0
[fsm_node-3] [0;32m Load param rog_map/map_sliding/threshold success: [0;0m3
[fsm_node-3] [0;32m Load param rog_map/fix_map_origin success: [0;0m[0 0 1.5 ]
[fsm_node-3] [0;32m Load param rog_map/frontier_extraction_en success: [0;0m0
[fsm_node-3] [0;32m Load param rog_map/ros_callback/enable success: [0;0m1
[fsm_node-3] [0;32m Load param rog_map/ros_callback/cloud_topic success: [0;0m/cloud_sector
[fsm_node-3] [0;32m Load param rog_map/ros_callback/cloud_reliable success: [0;0m1
[fsm_node-3] [0;32m Load param rog_map/ros_callback/odom_topic success: [0;0m/lidar_slam/odom
[fsm_node-3] [0;32m Load param rog_map/ros_callback/odom_timeout success: [0;0m2
[fsm_node-3] [0;32m Load param rog_map/visualization/enable success: [0;0m0
[fsm_node-3] [0;32m Load param rog_map/visualization/use_dynamic_reconfigure success: [0;0m0
[fsm_node-3] [0;32m Load param rog_map/visualization/pub_unknown_map_en success: [0;0m0
[fsm_node-3] [0;32m Load param rog_map/visualization/frame_id success: [0;0mworld
[fsm_node-3] [0;32m Load param rog_map/visualization/time_rate success: [0;0m2
[fsm_node-3] [0;32m Load param rog_map/visualization/frame_rate success: [0;0m0
[fsm_node-3] [0;32m Load param rog_map/visualization/range success: [0;0m[15 15 4 ]
[fsm_node-3] [0;32m Load param rog_map/resolution success: [0;0m0.05
[fsm_node-3] [0;32m Load param rog_map/inflation_resolution success: [0;0m0.1
[fsm_node-3] [0;32m Load param rog_map/unk_inflation_en success: [0;0m0
[fsm_node-3] [0;32m Load param rog_map/unk_inflation_step success: [0;0m1
[fsm_node-3] [0;32m Load param rog_map/inflation_step success: [0;0m3
[fsm_node-3] [0;32m Load param rog_map/intensity_thresh success: [0;0m-10
[fsm_node-3] [0;32m Load param rog_map/map_size success: [0;0m[70 70 6 ]
[fsm_node-3] [0;32m Load param rog_map/point_filt_num success: [0;0m1
[fsm_node-3] [0;32m Load param rog_map/raycasting/enable success: [0;0m0
[fsm_node-3] [0;32m Load param rog_map/raycasting/batch_update_size success: [0;0m1
[fsm_node-3] [0;32m Load param rog_map/raycasting/unk_thresh success: [0;0m1
[fsm_node-3] [0;32m Load param rog_map/raycasting/p_hit success: [0;0m0.9
[fsm_node-3] [0;32m Load param rog_map/raycasting/p_miss success: [0;0m0.49
[fsm_node-3] [0;32m Load param rog_map/raycasting/p_min success: [0;0m0.12
[fsm_node-3] [0;32m Load param rog_map/raycasting/p_max success: [0;0m0.98
[fsm_node-3] [0;32m Load param rog_map/raycasting/p_occ success: [0;0m0.85
[fsm_node-3] [0;32m Load param rog_map/raycasting/p_free success: [0;0m0.499
[fsm_node-3] [0;32m Load param rog_map/raycasting/p_free success: [0;0m0.499
[fsm_node-3] [0;32m Load param rog_map/raycasting/ray_range success: [0;0m[0.5 100 ]
[fsm_node-3] [0;33m Load param rog_map/raycasting/observed_mark_range_max failed, use default value: [0;0m10
[fsm_node-3] [0;32m Load param rog_map/raycasting/local_update_box success: [0;0m[100 100 5 ]
[fsm_node-3] [0;32m Load param rog_map/virtual_ground_height success: [0;0m-0.1
[fsm_node-3] [0;32m Load param rog_map/virtual_ceil_height success: [0;0m3.5
[fsm_node-3] [32m -- [RM-Config] inflation_resolution: 0.1[0m
[fsm_node-3]  -- [ROG-Map] Init, resetMapSize: ORIGIN_AT_CORNER.
[fsm_node-3]  -- [ROG-Map] Init, resetMapSize: virtual_ceil_height: 3.1500000000000004, virtual_ground_height: 0.25.
[fsm_node-3] [34m	[ROG] n_free: 1[0m
[fsm_node-3] [34m	[ROG] n_occ: 1[0m
[fsm_node-3] [34m	[ROG] l_hit: 2.19722[0m
[fsm_node-3] [34m	[ROG] l_miss: -0.0400053[0m
[fsm_node-3] [34m	[ROG] l_min: -1.99243[0m
[fsm_node-3] [34m	[ROG] l_max: 3.89182[0m
[fsm_node-3] [34m	[ROG] l_occ: 1.7346[0m
[fsm_node-3] [34m	[ROG] l_free: -0.00399995[0m
[perfect_drone_frontend_node-2] Failed to find match for field 'intensity'.
[perfect_drone_frontend_node-2] [INFO] [1788950194.267455426] [perfect_drone_frontend_config]: raw DDS disabled: renderer -> native front-end uses direct SharedPtr handoff
[fsm_node-3] [33m -- [Inf-Map] Clear all local map.[0m
[fsm_node-3] [32m -- [CounterMap] Init successfully -- .[0m
[fsm_node-3] [32m	resolution: 0.1[0m
[fsm_node-3] [32m	map_sliding_en: 0[0m
[fsm_node-3] [32m	local_map_size_i: 709 709  69[0m
[fsm_node-3] [32m	local_map_size_d: 70.9 70.9  6.9[0m
[fsm_node-3] [33m -- [Inf-Map] Clear all local map.[0m
[fsm_node-3] [32m -- [InfMap] Init successfully -- .[0m
[fsm_node-3] [32m	resolution: 0.1[0m
[fsm_node-3] [32m	map_sliding_en: 0[0m
[fsm_node-3] [32m	local_map_size_i: 709 709  69[0m
[fsm_node-3] [32m	local_map_size_d: 70.9 70.9  6.9[0m
[fsm_node-3] [ProbMap] virtual_ceil_height: 3.15
[fsm_node-3] [ProbMap] virtual_ground_height: 0.25
[fsm_node-3] [33m -- [ProbMap] Map sliding disabled, set origin to [  0   0 1.5] -- [0m
[fsm_node-3] [33m -- [Prob-Map] Clear all local map.[0m
[fsm_node-3] [32m -- [ProbMap] Init successfully -- .[0m
[fsm_node-3] [32m	resolution: 0.05[0m
[fsm_node-3] [32m	map_sliding_en: 0[0m
[fsm_node-3] [32m	local_map_size_i: 1401 1401  121[0m
[fsm_node-3] [32m	local_map_size_d: 70.05 70.05  6.05[0m
[fsm_node-3] [38;2;000;128;000m -- [ROGMap] Immutable planner snapshot enabled (fixed occupancy-only map).
[fsm_node-3] [0mLoad config file: /root/super_ws/src/SUPER/super_planner/config/static_seedmaps_guard_viability_tight_v7_frontend_risk_enforce.yaml
[fsm_node-3] Load config file: /root/super_ws/src/SUPER/super_planner/config/static_seedmaps_guard_viability_tight_v7_frontend_risk_enforce.yaml
[fsm_node-3] [0;32m Load param traj_opt/switch/print_optimizer_log success: [0;0m0
[fsm_node-3] [0;32m Load param traj_opt/flatness/mass success: [0;0m1.64
[fsm_node-3] [0;32m Load param traj_opt/flatness/dh success: [0;0m0.35
[fsm_node-3] [0;32m Load param traj_opt/flatness/dv success: [0;0m0.35
[fsm_node-3] [0;32m Load param traj_opt/flatness/grav success: [0;0m9.81
[fsm_node-3] [0;32m Load param traj_opt/flatness/cp success: [0;0m0.001
[fsm_node-3] [0;32m Load param traj_opt/flatness/v_eps success: [0;0m0.0001
[fsm_node-3] [0;32m Load param traj_opt/switch/save_log_en success: [0;0m0
[fsm_node-3] [0;32m Load param traj_opt/exp_traj/pos_constraint_type success: [0;0m1
[fsm_node-3] [0;33m Load param traj_opt/exp_traj/piece_num failed, use default value: [0;0m1
[fsm_node-3] [0;33m Load param traj_opt/exp_traj/uniform_time_en failed, use default value: [0;0m0
[fsm_node-3] [0;32m Load param traj_opt/exp_traj/block_energy_cost success: [0;0m0
[fsm_node-3] [0;32m Load param traj_opt/exp_traj/opt_accuracy success: [0;0m5e-06
[fsm_node-3] [0;33m Load param traj_opt/exp_traj/max_iterations failed, use default value: [0;0m2048
[fsm_node-3] [0;32m Load param traj_opt/exp_traj/integral_reso success: [0;0m15
[fsm_node-3] [0;32m Load param traj_opt/exp_traj/smooth_eps success: [0;0m0.01
[fsm_node-3] [0;32m Load param traj_opt/boundary/max_vel success: [0;0m7
[fsm_node-3] [0;32m Load param traj_opt/boundary/max_acc success: [0;0m20
[fsm_node-3] [0;32m Load param traj_opt/boundary/max_jerk success: [0;0m120
[fsm_node-3] [0;32m Load param traj_opt/boundary/max_omg success: [0;0m2.5
[fsm_node-3] [0;32m Load param traj_opt/boundary/max_acc_thr success: [0;0m17
[fsm_node-3] [0;32m Load param traj_opt/boundary/min_acc_thr success: [0;0m6
[fsm_node-3] [0;32m Load param traj_opt/boundary/penna_margin success: [0;0m0.05
[fsm_node-3] [0;33m Load param traj_opt/exp_traj/penna_scale failed, use default value: [0;0m-1
[fsm_node-3] [0;32m Load param traj_opt/exp_traj/penna_t success: [0;0m1e+07
[fsm_node-3] [0;33m Load param traj_opt/exp_traj/penna_ts failed, use default value: [0;0m-1
[fsm_node-3] [0;32m Load param traj_opt/exp_traj/penna_pos success: [0;0m5e+09
[fsm_node-3] [0;32m Load param traj_opt/exp_traj/penna_clr success: [0;0m1e+06
[fsm_node-3] [0;32m Load param traj_opt/exp_traj/clearance_margin success: [0;0m0.1
[fsm_node-3] [0;32m Load param traj_opt/exp_traj/clearance_speed_gate success: [0;0m1.5
[fsm_node-3] [0;32m Load param traj_opt/exp_traj/clearance_speed_transition success: [0;0m0.5
[fsm_node-3] [0;33m Load param traj_opt/exp_traj/penna_passage_center failed, use default value: [0;0m-1
[fsm_node-3] [0;33m Load param traj_opt/exp_traj/passage_center_max_width failed, use default value: [0;0m0
[fsm_node-3] [0;33m Load param traj_opt/exp_traj/passage_center_min_opposition_cos failed, use default value: [0;0m0.9
[fsm_node-3] [0;33m Load param traj_opt/exp_traj/passage_center_min_horizontal_normal failed, use default value: [0;0m0.8
[fsm_node-3] [0;33m Load param traj_opt/exp_traj/passage_center_deadband failed, use default value: [0;0m0.15
[fsm_node-3] [0;33m Load param traj_opt/exp_traj/passage_center_log_en failed, use default value: [0;0m0
[fsm_node-3] [0;32m Load param traj_opt/exp_traj/penna_vel success: [0;0m5e+08
[fsm_node-3] [0;32m Load param traj_opt/exp_traj/penna_acc success: [0;0m5e+08
[fsm_node-3] [0;32m Load param traj_opt/exp_traj/penna_jerk success: [0;0m-5e+08
[fsm_node-3] [0;32m Load param traj_opt/exp_traj/penna_attract success: [0;0m5e+08
[fsm_node-3] [0;32m Load param traj_opt/exp_traj/penna_omg success: [0;0m-1
[fsm_node-3] [0;32m Load param traj_opt/exp_traj/penna_thr success: [0;0m-1
[fsm_node-3] Load config file: /root/super_ws/src/SUPER/super_planner/config/static_seedmaps_guard_viability_tight_v7_frontend_risk_enforce.yaml
[fsm_node-3] [0;32m Load param traj_opt/switch/print_optimizer_log success: [0;0m0
[fsm_node-3] [0;32m Load param traj_opt/flatness/mass success: [0;0m1.64
[fsm_node-3] [0;32m Load param traj_opt/flatness/dh success: [0;0m0.35
[fsm_node-3] [0;32m Load param traj_opt/flatness/dv success: [0;0m0.35
[fsm_node-3] [0;32m Load param traj_opt/flatness/grav success: [0;0m9.81
[fsm_node-3] [0;32m Load param traj_opt/flatness/cp success: [0;0m0.001
[fsm_node-3] [0;32m Load param traj_opt/flatness/v_eps success: [0;0m0.0001
[fsm_node-3] [0;32m Load param traj_opt/switch/save_log_en success: [0;0m0
[fsm_node-3] [0;32m Load param traj_opt/backup_traj/pos_constraint_type success: [0;0m2
[fsm_node-3] [0;32m Load param traj_opt/backup_traj/piece_num success: [0;0m2
[fsm_node-3] [0;32m Load param traj_opt/backup_traj/uniform_time_en success: [0;0m1
[fsm_node-3] [0;32m Load param traj_opt/backup_traj/block_energy_cost success: [0;0m1
[fsm_node-3] [0;32m Load param traj_opt/backup_traj/opt_accuracy success: [0;0m1e-05
[fsm_node-3] [0;33m Load param traj_opt/backup_traj/max_iterations failed, use default value: [0;0m2048
[fsm_node-3] [0;32m Load param traj_opt/backup_traj/integral_reso success: [0;0m12
[fsm_node-3] [0;32m Load param traj_opt/backup_traj/smooth_eps success: [0;0m0.01
[fsm_node-3] [0;32m Load param traj_opt/boundary/max_vel success: [0;0m7
[fsm_node-3] [0;32m Load param traj_opt/boundary/max_acc success: [0;0m20
[fsm_node-3] [0;32m Load param traj_opt/boundary/max_jerk success: [0;0m120
[fsm_node-3] [0;32m Load param traj_opt/boundary/max_omg success: [0;0m2.5
[fsm_node-3] [0;32m Load param traj_opt/boundary/max_acc_thr success: [0;0m17
[fsm_node-3] [0;32m Load param traj_opt/boundary/min_acc_thr success: [0;0m6
[fsm_node-3] [0;32m Load param traj_opt/boundary/penna_margin success: [0;0m0.05
[fsm_node-3] [0;33m Load param traj_opt/backup_traj/penna_scale failed, use default value: [0;0m-1
[fsm_node-3] [0;32m Load param traj_opt/backup_traj/penna_t success: [0;0m100
[fsm_node-3] [0;32m Load param traj_opt/backup_traj/penna_ts success: [0;0m1e+07
[fsm_node-3] [0;32m Load param traj_opt/backup_traj/penna_pos success: [0;0m1e+10
[fsm_node-3] [0;32m Load param traj_opt/backup_traj/penna_clr success: [0;0m1e+06
[fsm_node-3] [0;32m Load param traj_opt/backup_traj/clearance_margin success: [0;0m0.1
[fsm_node-3] [0;32m Load param traj_opt/backup_traj/clearance_speed_gate success: [0;0m1.5
[fsm_node-3] [0;32m Load param traj_opt/backup_traj/clearance_speed_transition success: [0;0m0.5
[fsm_node-3] [0;33m Load param traj_opt/backup_traj/penna_passage_center failed, use default value: [0;0m-1
[fsm_node-3] [0;33m Load param traj_opt/backup_traj/passage_center_max_width failed, use default value: [0;0m0
[fsm_node-3] [0;33m Load param traj_opt/backup_traj/passage_center_min_opposition_cos failed, use default value: [0;0m0.9
[fsm_node-3] [0;33m Load param traj_opt/backup_traj/passage_center_min_horizontal_normal failed, use default value: [0;0m0.8
[fsm_node-3] [0;33m Load param traj_opt/backup_traj/passage_center_deadband failed, use default value: [0;0m0.15
[fsm_node-3] [0;33m Load param traj_opt/backup_traj/passage_center_log_en failed, use default value: [0;0m0
[fsm_node-3] [0;32m Load param traj_opt/backup_traj/penna_vel success: [0;0m1e+08
[fsm_node-3] [0;32m Load param traj_opt/backup_traj/penna_acc success: [0;0m1e+08
[fsm_node-3] [0;32m Load param traj_opt/backup_traj/penna_jerk success: [0;0m-1e+06
[fsm_node-3] [0;33m Load param traj_opt/backup_traj/penna_attract failed, use default value: [0;0m-1
[fsm_node-3] [0;32m Load param traj_opt/backup_traj/penna_omg success: [0;0m-1
[fsm_node-3] [0;32m Load param traj_opt/backup_traj/penna_thr success: [0;0m-1
[fsm_node-3] [0;32m Load param super_planner/print_log success: [0;0m0
[fsm_node-3] [0;32m Load param super_planner/detailed_log_en success: [0;0m0
[fsm_node-3] [0;32m Load param super_planner/visualization_en success: [0;0m0
[fsm_node-3] [0;32m Load param super_planner/backup_traj_en success: [0;0m1
[fsm_node-3] [0;32m Load param super_planner/goal_vel_en success: [0;0m0
[fsm_node-3] [0;32m Load param super_planner/goal_yaw_en success: [0;0m0
[fsm_node-3] [0;32m Load param super_planner/visual_process success: [0;0m0
[fsm_node-3] [0;32m Load param super_planner/use_fov_cut success: [0;0m0
[fsm_node-3] [0;33m Load param super_planner/fov_horizontal_angle failed, use default value: [0;0m-1
[fsm_node-3] [0;33m Load param super_planner/fov_center_heading failed, use default value: [0;0m0
[fsm_node-3] [0;32m Load param super_planner/frontend_in_known_free success: [0;0m0
[fsm_node-3] [0;32m Load param fsm/trajectory_guard/enable success: [0;0m1
[fsm_node-3] [0;32m Load param fsm/trajectory_guard/shadow success: [0;0m0
[fsm_node-3] [0;32m Load param fsm/trajectory_guard/validation_sample_dt_s success: [0;0m0.005
[fsm_node-3] [0;32m Load param fsm/trajectory_guard/shadow_min_interval_s success: [0;0m0
[fsm_node-3] [0;32m Load param fsm/trajectory_guard/additional_clearance_m success: [0;0m0
[fsm_node-3] [0;32m Load param fsm/trajectory_guard/escape_max_duration_s success: [0;0m1
[fsm_node-3] [0;32m Load param fsm/trajectory_guard/unknown_as_occupied success: [0;0m1
[fsm_node-3] [0;32m Load param fsm/trajectory_guard/escape_entry_grace_s success: [0;0m0
[fsm_node-3] [0;32m Load param fsm/trajectory_guard/initial_footprint_egress_enable success: [0;0m1
[fsm_node-3] [0;32m Load param super_planner/safe_corridor_line_max_length success: [0;0m6
[fsm_node-3] [0;32m Load param super_planner/sensing_horizon success: [0;0m-1
[fsm_node-3] [0;32m Load param super_planner/obs_skip_num success: [0;0m2
[fsm_node-3] [0;32m Load param super_planner/replan_forward_dt success: [0;0m0.1
[fsm_node-3] [0;32m Load param super_planner/corridor_bound_dis success: [0;0m0.8
[fsm_node-3] [0;32m Load param super_planner/corridor_line_max_length success: [0;0m1
[fsm_node-3] [0;32m Load param super_planner/planning_horizon success: [0;0m7
[fsm_node-3] [0;32m Load param super_planner/receding_dis success: [0;0m1
[fsm_node-3] [0;32m Load param super_planner/robot_r success: [0;0m0.2
[fsm_node-3] [0;32m Load param super_planner/corridor_use_inflated_obstacles success: [0;0m0
[fsm_node-3] [0;32m Load param super_planner/corridor_use_inflated_seed_lines success: [0;0m0
[fsm_node-3] [0;32m Load param super_planner/corridor_guard_retry_inflated success: [0;0m1
[fsm_node-3] [0;32m Load param super_planner/guard_corridor_retry_alternate_every success: [0;0m4
[fsm_node-3] [0;32m Load param super_planner/guard_topology_reroute/enable success: [0;0m1
[fsm_node-3] [0;32m Load param super_planner/guard_topology_reroute/radius_m success: [0;0m0.8
[fsm_node-3] [0;32m Load param super_planner/guard_topology_reroute/growth_m success: [0;0m0
[fsm_node-3] [0;32m Load param super_planner/guard_topology_reroute/max_radius_m success: [0;0m0.8
[fsm_node-3] [0;32m Load param super_planner/guard_topology_reroute/max_zones success: [0;0m6
[fsm_node-3] [0;32m Load param super_planner/guard_topology_reroute/max_stop_speed_mps success: [0;0m0.2
[fsm_node-3] [0;32m Load param super_planner/guard_topology_reroute/escalate_every_rejects success: [0;0m3
[fsm_node-3] [0;32m Load param super_planner/guard_topology_reroute/collision_merge_m success: [0;0m0.5
[fsm_node-3] [0;32m Load param super_planner/guard_topology_reroute/start_clearance_m success: [0;0m0.3
[fsm_node-3] [0;32m Load param super_planner/guard_topology_reroute/block_spacing_m success: [0;0m1
[fsm_node-3] [0;32m Load param super_planner/guard_topology_reroute/direction_merge_angle_deg success: [0;0m30
[fsm_node-3] [0;32m Load param super_planner/guard_topology_reroute/no_path_reset_attempts success: [0;0m3
[fsm_node-3] [0;32m Load param super_planner/guard_topology_reroute/vertical_recovery_enable success: [0;0m1
[fsm_node-3] [0;32m Load param super_planner/guard_topology_reroute/vertical_recovery_lift_m success: [0;0m0.6
[fsm_node-3] [0;32m Load param super_planner/guard_topology_reroute/vertical_recovery_trigger_distance_m success: [0;0m0.75
[fsm_node-3] [0;32m Load param super_planner/guard_topology_reroute/local_escape_enable success: [0;0m1
[fsm_node-3] [0;32m Load param super_planner/guard_topology_reroute/local_escape_distance_m success: [0;0m0.6
[fsm_node-3] [0;32m Load param super_planner/guard_topology_reroute/local_escape_attempts success: [0;0m4
[fsm_node-3] [0;32m Load param super_planner/guard_topology_reroute/episode_progress_reset_m success: [0;0m2
[fsm_node-3] [0;32m Load param super_planner/guard_topology_reroute/saturation_vertical_attempts success: [0;0m1
[fsm_node-3] [0;32m Load param super_planner/guard_topology_reroute/base_no_path_vertical_attempts success: [0;0m1
[fsm_node-3] [0;32m Load param super_planner/guard_direct_goal_fallback/enable success: [0;0m1
[fsm_node-3] [0;32m Load param super_planner/guard_direct_goal_fallback/max_distance_m success: [0;0m3
[fsm_node-3] [0;32m Load param super_planner/guard_direct_goal_fallback/min_duration_s success: [0;0m1
[fsm_node-3] [0;32m Load param super_planner/guard_viability/enable success: [0;0m1
[fsm_node-3] [0;32m Load param super_planner/guard_viability/horizon_s success: [0;0m2
[fsm_node-3] [0;32m Load param super_planner/guard_viability/sample_dt_s success: [0;0m0.3
[fsm_node-3] [0;32m Load param super_planner/guard_viability/brake_max_acc_mps2 success: [0;0m20
[fsm_node-3] [0;32m Load param super_planner/guard_viability/brake_max_jerk_mps3 success: [0;0m120
[fsm_node-3] [0;32m Load param super_planner/guard_viability/brake_min_duration_s success: [0;0m0.4
[fsm_node-3] [0;32m Load param super_planner/guard_viability/brake_max_duration_s success: [0;0m3
[fsm_node-3] [0;32m Load param super_planner/guard_viability/brake_attempts success: [0;0m12
[fsm_node-3] [0;32m Load param super_planner/guard_viability/speed_scale_step success: [0;0m1.25
[fsm_node-3] [0;32m Load param super_planner/guard_viability/speed_scale_max success: [0;0m3
[fsm_node-3] [0;32m Load param super_planner/guard_viability/max_retries success: [0;0m4
[fsm_node-3] [0;32m Load param super_planner/corridor_min_margin success: [0;0m0.2
[fsm_node-3] [0;32m Load param super_planner/corridor_pref_margin success: [0;0m0.3
[fsm_node-3] [0;32m Load param super_planner/iris_iter_num success: [0;0m2
[fsm_node-3] [0;32m Load param super_planner/yaw_mode success: [0;0m1
[fsm_node-3] [0;32m Load param super_planner/mpc_horizon success: [0;0m15
[fsm_node-3] [0;32m Load param super_planner/yaw_dot_max success: [0;0m3
[fsm_node-3] [0;32m Load param rog_map/resolution success: [0;0m0.05
[fsm_node-3] [INFO] [1788950195.300024181] [fsm_node]:  -- [TRAJ_GUARD] mode=enforce sample_dt=0.0050s shadow_min_interval=0.000s inflation_radius=0.300m robot_r=0.200m additional_clearance=0.000m hard_clearance=0.300m clearance_offsets=0
[fsm_node-3] [38;2;050;205;050m -- [Viz] Set resolution_ to 0.05
[fsm_node-3] [0m[38;2;050;205;050m -- [Viz] Set visualization_en_ to false
[fsm_node-3] [0mLoad config file: /root/super_ws/src/SUPER/super_planner/config/static_seedmaps_guard_viability_tight_v7_frontend_risk_enforce.yaml
[fsm_node-3] [0;32m Load param astar/map_voxel_num success: [0;0m[500 500 100 ]
[fsm_node-3] [0;32m Load param astar/allow_diag success: [0;0m1
[fsm_node-3] [0;32m Load param astar/debug_visualization_en success: [0;0m0
[fsm_node-3] [0;32m Load param astar/heu_type success: [0;0m2
[fsm_node-3] [0;32m Load param astar/visual_process success: [0;0m0
[fsm_node-3] [32m -- [RM] Init Astar-map.[0m
[fsm_node-3] [34m	map index size: 250 250  50[0m
[fsm_node-3] [34m	map vox_num: 501 501 101[0m
[fsm_node-3] [INFO] [1788950196.880000748] [fsm_node]:  -- [FULL_REFRESH_ACK_GATE] listening sla=0.750s
[fsm_node-3] [INFO] [1788950196.880828949] [fsm_node]:  -- [FRONTEND_RISK] listening topic=/planning/trajectory_risk_verdict result_max_age=0.200s source_max_age=0.750s enforce=true body_result_max_age=0.150s body_source_max_age=0.200s body_enforce=true
[fsm_node-3] [33m -- [Fsm] CLICKGOAL ENABLE.[0m
[fsm_node-3] [INFO] [1788950196.881767425] [fsm_node]: [32m -- [Fsm-Test] Begin.[0m
[fsm_node-3] [38;2;000;128;000m -- [Fsm]: [MainFsmCallback] change state from [INIT] to [WAIT_GOAL].
[fsm_node-3] [0m -- [Fsm] MAP_NOT_READY reason=scan_span accepted=5 committed=5 version=5 lag=0 span=0.789s cloud_age=0.192s committed_cloud_age=0.192s commit_age=0.186s in_progress=false
[fsm_node-3] [32m -- [Fsm 1.000] Current state: WAIT_GOAL[0m
[fsm_node-3]  -- [Fsm] MAP_READY accepted=6 committed=5 version=5 lag=1 span=1.001s cloud_age=0.008s committed_cloud_age=0.220s commit_age=0.215s in_progress=true
[fsm_node-3] [32m -- [Fsm] Get goal at [0m24.025 20.025  1.525
[fsm_node-3] [32m -- [Fsm] Receive click goal at: [24.025 20.025  1.525]; goal yaw: 0.000 deg[0m
[fsm_node-3] [INFO] [1788950197.919940126] [fsm_node]:  -- [OPTIMIZER_PHASE_MEMORY] optimizer=exp event=begin call=1 rss_mib=3094.648 swap_mib=0.000 variables=17 pieces=5
[fsm_node-3] [INFO] [1788950197.937866868] [fsm_node]:  -- [OPTIMIZER_PHASE_MEMORY] optimizer=exp event=end call=1 duration_ms=17.979 iterations=1047 ret=1 rss_mib=3094.727 swap_mib=0.000 rss_delta_mib=0.078
[fsm_node-3] [INFO] [1788950197.937937931] [fsm_node]:  -- [SUPER] in [PlanFromRest] GenerateExpTrajectory SUCCESS.
[fsm_node-3] [INFO] [1788950198.034514709] [fsm_node]:  -- [OPTIMIZER_PHASE_MEMORY] optimizer=backup event=begin call=1 rss_mib=3094.926 swap_mib=0.000 variables=18 pieces=2
[fsm_node-3] [INFO] [1788950198.043246030] [fsm_node]:  -- [OPTIMIZER_PHASE_MEMORY] optimizer=backup event=end call=1 duration_ms=8.756 iterations=1142 ret=1 rss_mib=3094.945 swap_mib=0.000 rss_delta_mib=0.020
[fsm_node-3] [INFO] [1788950198.043336366] [fsm_node]:  -- [OPTIMIZER_PHASE_MEMORY] optimizer=backup event=begin call=2 rss_mib=3094.957 swap_mib=0.000 variables=18 pieces=2
[fsm_node-3] [INFO] [1788950198.047097121] [fsm_node]:  -- [OPTIMIZER_PHASE_MEMORY] optimizer=backup event=end call=2 duration_ms=3.756 iterations=569 ret=1 rss_mib=3094.992 swap_mib=0.000 rss_delta_mib=0.035
[fsm_node-3] [INFO] [1788950198.047480746] [fsm_node]:  -- [TRAJ_GUARD_COMMIT] phase=PlanFromRest/with_backup gen=1 map=6 samples=274 range=[0.145,1.505] escape=false footprint_egress=false escape_done_tt=-1.000
[perfect_drone_frontend_node-2] [WARN] [1788950198.075425230] [native_sector_cpp]: [FRONTEND_RISK_VERDICT] request=57 gen=1 cloud=38 status=OCCUPIED age=0.003s min=0.1469m body=3.7188m end=0.1469m compute=4.652ms
[fsm_node-3] [WARN] [1788950198.075657439] [fsm_node]:  -- [FRONTEND_RISK_VERDICT] request=57 gen=1 cloud=38 status=OCCUPIED source_age=0.003s compute=4.652ms min_dist=0.1469m body_dist=3.7188m end_dist=0.1469m witness_tt=0.839
[fsm_node-3] [ERROR] [1788950198.081794829] [fsm_node]:  -- [FRONTEND_RISK_ENFORCE] action=BRAKE request=57 gen=1 cloud=38 age=0.011s source_age=0.014s current_tt=0.180 witness_tt=0.839 min_dist=0.1469m
[fsm_node-3] [INFO] [1788950198.081839068] [fsm_node]:  -- [FULL_REFRESH_RECOVERY_GATE_ARM] min_request_seq=1
[fsm_node-3] [INFO] [1788950198.081866811] [fsm_node]:  -- [TRAJ_GUARD_RECOVERY_SIGNAL] active=true
[fsm_node-3] [ERROR] [1788950198.082503999] [fsm_node]:  -- [TRAJ_GUARD_BRAKE_REJECTED] trigger=frontend_risk_occupied searched=[0.400,3.000]s speed0=1.189 initial_source=fresh_command cmd_age=0.010s cmd_pos_err=0.000 cmd_vel_err=inf motion_speed=inf motion_dt=infs motion_pose_speed=inf motion_twist_speed=1.189 motion_disagreement=inf motion_source=none motion_gen=1/0 motion_gen_continuous=false last_dynamics_ok=false max_vel=7.997 vel_limit=7.000 max_acc=0.000 max_jerk=0.000 last_path_status=UNOBSERVED last_map=7 map_age=0.003s raw_status=DISABLED raw_cloud=0 raw_age=0.000s ciri_shadow=DISABLED ciri_shadow_result=0 ciri_shadow_queued=0 ciri_shadow_age=infs; no brake command published
[fsm_node-3] [ERROR] [1788950198.092505881] [fsm_node]:  -- [TRAJ_GUARD_BRAKE_REJECTED] trigger=emergency_stop_retry searched=[0.400,3.000]s speed0=1.189 initial_source=fresh_command cmd_age=0.020s cmd_pos_err=0.000 cmd_vel_err=1.189 motion_speed=0.000 motion_dt=0.010s motion_pose_speed=0.000 motion_twist_speed=1.189 motion_disagreement=1.189 motion_source=position_difference motion_gen=1/1 motion_gen_continuous=true last_dynamics_ok=false max_vel=7.997 vel_limit=7.000 max_acc=0.000 max_jerk=0.000 last_path_status=UNOBSERVED last_map=7 map_age=0.013s raw_status=DISABLED raw_cloud=0 raw_age=0.000s ciri_shadow=DISABLED ciri_shadow_result=0 ciri_shadow_queued=0 ciri_shadow_age=infs; no brake command published
[fsm_node-3] [INFO] [1788950198.171315581] [fsm_node]:  -- [FULL_REFRESH_RECOVERY_TARGET] request_seq=1 stamp_ns=1788950198170680222 already_acked=false map=0
[fsm_node-3] [ERROR] [1788950198.192047116] [fsm_node]:  -- [TRAJ_GUARD_BRAKE_REJECTED] trigger=emergency_stop_retry searched=[0.400,3.000]s speed0=0.000 initial_source=position_difference cmd_age=0.120s cmd_pos_err=0.000 cmd_vel_err=1.189 motion_speed=0.000 motion_dt=0.100s motion_pose_speed=0.000 motion_twist_speed=1.189 motion_disagreement=1.189 motion_source=position_difference motion_gen=1/1 motion_gen_continuous=true last_dynamics_ok=true max_vel=0.000 vel_limit=7.000 max_acc=0.000 max_jerk=0.000 last_path_status=SAFE last_map=7 map_age=0.112s raw_status=DISABLED raw_cloud=0 raw_age=infs ciri_shadow=DISABLED ciri_shadow_result=0 ciri_shadow_queued=0 ciri_shadow_age=infs; no brake command published
[fsm_node-3] [INFO] [1788950198.226439883] [fsm_node]:  -- [FULL_REFRESH_RECOVERY_ACK] request_seq=1 stamp_ns=1788950198170680222 map=8 committed=1
[perfect_drone_frontend_node-2] [WARN] [1788950198.273526127] [native_sector_cpp]: [FRONTEND_RISK_VERDICT] request=59 gen=1 cloud=40 status=OCCUPIED age=0.002s min=0.1467m body=3.1270m end=0.1467m compute=2.736ms
[fsm_node-3] [WARN] [1788950198.273873774] [fsm_node]:  -- [FRONTEND_RISK_VERDICT] request=59 gen=1 cloud=40 status=OCCUPIED source_age=0.002s compute=2.736ms min_dist=0.1467m body_dist=3.1270m end_dist=0.1467m witness_tt=0.839
[fsm_node-3] [ERROR] [1788950198.301913894] [fsm_node]:  -- [TRAJ_GUARD_BRAKE_REJECTED] trigger=emergency_stop_retry searched=[0.400,3.000]s speed0=0.000 initial_source=position_difference cmd_age=0.230s cmd_pos_err=0.000 cmd_vel_err=1.189 motion_speed=0.000 motion_dt=0.110s motion_pose_speed=0.000 motion_twist_speed=1.189 motion_disagreement=1.189 motion_source=position_difference motion_gen=1/1 motion_gen_continuous=true last_dynamics_ok=true max_vel=0.000 vel_limit=7.000 max_acc=0.000 max_jerk=0.000 last_path_status=SAFE last_map=9 map_age=0.010s raw_status=DISABLED raw_cloud=0 raw_age=infs ciri_shadow=DISABLED ciri_shadow_result=0 ciri_shadow_queued=0 ciri_shadow_age=infs; no brake command published
[fsm_node-3] [WARN] [1788950198.401957387] [fsm_node]:  -- [TRAJ_GUARD_STATIONARY_HOLD] trigger=emergency_stop_retry stable_for=0.310s displacement=0.000m action=publish_certified_hold
[fsm_node-3] [ERROR] [1788950198.402011844] [fsm_node]:  -- [TRAJ_GUARD_BRAKE] trigger=emergency_stop_retry duration=0.400s speed0=0.000 initial_source=position_difference cmd_age=0.330s cmd_pos_err=0.000 cmd_vel_err=1.189 motion_speed=0.000 motion_dt=0.100s motion_pose_speed=0.000 motion_twist_speed=1.189 motion_disagreement=1.189 motion_source=position_difference motion_gen=1/1 motion_gen_continuous=true max_vel=0.000 vel_limit=7.000 max_acc=0.000 max_jerk=0.000 dynamics_ok=true path_status=SAFE map=9 map_age=0.110s raw_status=DISABLED raw_cloud=0 raw_age=0.000s ciri_shadow=DISABLED ciri_shadow_result=0 ciri_shadow_queued=0 ciri_shadow_age=infs stop=[24.038,0.082,1.518]
[fsm_node-3] [INFO] [1788950198.477506201] [fsm_node]:  -- [OPTIMIZER_PHASE_MEMORY] optimizer=exp event=begin call=2 rss_mib=3103.828 swap_mib=0.000 variables=13 pieces=4
[fsm_node-3] [INFO] [1788950198.480623291] [fsm_node]:  -- [OPTIMIZER_PHASE_MEMORY] optimizer=exp event=end call=2 duration_ms=3.171 iterations=213 ret=1 rss_mib=3103.832 swap_mib=0.000 rss_delta_mib=0.004
[fsm_node-3] [INFO] [1788950198.480675546] [fsm_node]:  -- [SUPER] in [PlanFromRest] GenerateExpTrajectory SUCCESS.
[fsm_node-3] [INFO] [1788950198.579527581] [fsm_node]:  -- [OPTIMIZER_PHASE_MEMORY] optimizer=backup event=begin call=3 rss_mib=3104.461 swap_mib=0.000 variables=40 pieces=2
[fsm_node-3] [INFO] [1788950198.581848407] [fsm_node]:  -- [OPTIMIZER_PHASE_MEMORY] optimizer=backup event=end call=3 duration_ms=2.358 iterations=343 ret=1 rss_mib=3104.492 swap_mib=0.000 rss_delta_mib=0.031
[fsm_node-3] [INFO] [1788950198.581959956] [fsm_node]:  -- [OPTIMIZER_PHASE_MEMORY] optimizer=backup event=begin call=4 rss_mib=3104.504 swap_mib=0.000 variables=40 pieces=2
[fsm_node-3] [INFO] [1788950198.584880554] [fsm_node]:  -- [OPTIMIZER_PHASE_MEMORY] optimizer=backup event=end call=4 duration_ms=2.922 iterations=444 ret=1 rss_mib=3104.555 swap_mib=0.000 rss_delta_mib=0.051
[fsm_node-3] [INFO] [1788950198.585219832] [fsm_node]:  -- [TRAJ_GUARD_COMMIT] phase=PlanFromRest/with_backup gen=2 map=10 samples=250 range=[0.173,1.412] escape=false footprint_egress=false escape_done_tt=-1.000
[fsm_node-3] [INFO] [1788950198.585388397] [fsm_node]:  -- [TRAJ_GUARD_RECOVERY_SIGNAL] active=false
[fsm_node-3] [INFO] [1788950198.585397019] [fsm_node]:  -- [TRAJ_GUARD_RECOVERED] trigger=emergency_stop_retry gen=2 map=9
[fsm_node-3] [WARN] [1788950198.585621724] [fsm_node]:  -- [FRONTEND_RISK_ENFORCE] action=IGNORE request=59 result_gen=1 current_gen=2 age=0.315s source_age=0.317s result_tt=[0.369,1.369] current_tt=0.174 generation_match=false fresh=false source_fresh=true time_covered=false
[fsm_node-3] [INFO] [1788950198.683387030] [fsm_node]:  -- [OPTIMIZER_PHASE_MEMORY] optimizer=exp event=begin call=3 rss_mib=3104.918 swap_mib=0.000 variables=17 pieces=5
[fsm_node-3] [INFO] [1788950198.688194403] [fsm_node]:  -- [OPTIMIZER_PHASE_MEMORY] optimizer=exp event=end call=3 duration_ms=4.865 iterations=390 ret=1 rss_mib=3104.918 swap_mib=0.000 rss_delta_mib=0.000
[fsm_node-3] [INFO] [1788950198.790170298] [fsm_node]:  -- [OPTIMIZER_PHASE_MEMORY] optimizer=backup event=begin call=5 rss_mib=3105.449 swap_mib=0.000 variables=52 pieces=2
[fsm_node-3] [INFO] [1788950198.801921628] [fsm_node]:  -- [OPTIMIZER_PHASE_MEMORY] optimizer=backup event=end call=5 duration_ms=11.801 iterations=355 ret=1 rss_mib=3105.488 swap_mib=0.000 rss_delta_mib=0.039
[fsm_node-3] [INFO] [1788950198.802210170] [fsm_node]:  -- [OPTIMIZER_PHASE_MEMORY] optimizer=backup event=begin call=6 rss_mib=3105.488 swap_mib=0.000 variables=52 pieces=2
[fsm_node-3] [INFO] [1788950198.810365422] [fsm_node]:  -- [OPTIMIZER_PHASE_MEMORY] optimizer=backup event=end call=6 duration_ms=8.153 iterations=250 ret=1 rss_mib=3105.527 swap_mib=0.000 rss_delta_mib=0.039
[fsm_node-3] [WARN] [1788950198.810399968] [fsm_node]:  -- [SUPER] in [ReplanOnce]: Replan overtime, check parameters, replan dt = 0.14657765.
[fsm_node-3] [INFO] [1788950198.830874936] [fsm_node]:  -- [OPTIMIZER_PHASE_MEMORY] optimizer=exp event=begin call=4 rss_mib=3105.551 swap_mib=0.000 variables=17 pieces=5
[fsm_node-3] [INFO] [1788950198.834363050] [fsm_node]:  -- [OPTIMIZER_PHASE_MEMORY] optimizer=exp event=end call=4 duration_ms=3.540 iterations=291 ret=1 rss_mib=3105.574 swap_mib=0.000 rss_delta_mib=0.023
[fsm_node-3] [38;2;000;128;000m -- [Fsm]: [MainFsmCallback] change state from [WAIT_GOAL] to [GENERATE_TRAJ].
[fsm_node-3] [0m -- [TRAJ_GUARD_CERT] trigger=poly_publish status=SAFE gen=1 map=6 map_age=0.148s map_age_limit=0.550s motion_speed=0.829mps samples=273 range=[0.146,1.505] collision_tt=-1.000 ttc=-1.000 p=[0.000,0.000,0.000]
[fsm_node-3] [38;2;000;128;000m -- [Fsm]: [MainFsmCallback] change state from [GENERATE_TRAJ] to [FOLLOW_TRAJ].
[fsm_node-3] [0m[38;2;000;128;000m -- [Fsm]: [TrajectoryGuardFailClosed] change state from [FOLLOW_TRAJ] to [EMER_STOP].
[fsm_node-3] [0m[38;2;000;128;000m -- [Fsm]: [TrajectoryGuard] change state from [EMER_STOP] to [EMER_STOP].
[fsm_node-3] [0m[38;2;000;128;000m -- [Fsm]: [TrajectoryGuardRecovery] change state from [EMER_STOP] to [GENERATE_TRAJ].
[fsm_node-3] [0m -- [TRAJ_GUARD_CERT] trigger=poly_publish status=SAFE gen=2 map=10 map_age=0.090s map_age_limit=0.550s motion_speed=0.000mps samples=249 range=[0.173,1.412] collision_tt=-1.000 ttc=-1.000 p=[0.000,0.000,0.000]
[fsm_node-3] [38;2;000;128;000m -- [Fsm]: [MainFsmCallback] change state from [GENERATE_TRAJ] to [FOLLOW_TRAJ].
[fsm_node-3] [0m -- [TRAJ_GUARD_CERT] trigger=main_pre status=SAFE gen=2 map=11 map_age=0.004s map_age_limit=0.518s motion_speed=3.137mps samples=226 range=[0.290,1.412] collision_tt=-1.000 ttc=-1.000 p=[0.000,0.000,0.000]
[fsm_node-3] [32m -- [Fsm] Get goal at [0m24.025000000000002 20.025000000000002  1.525000000000000
[fsm_node-3] [32m -- [Fsm] Receive click goal at: [24.025000000000002 20.025000000000002  1.525000000000000]; goal yaw: 0.000000000000000 deg[0m
[fsm_node-3] [32m -- [Fsm 2.000] Current state: FOLLOW_TRAJ[0m
[fsm_node-3] [INFO] [1788950198.934138457] [fsm_node]:  -- [OPTIMIZER_PHASE_MEMORY] optimizer=backup event=begin call=7 rss_mib=3105.840 swap_mib=0.000 variables=52 pieces=2
[perfect_drone_frontend_node-2] [INFO] [1788950198.940275192] [native_sector_cpp]: frames=46 published=24 kept 23.5% (4675/19876 pts/input-frame)
[fsm_node-3] [INFO] [1788950198.943367659] [fsm_node]:  -- [OPTIMIZER_PHASE_MEMORY] optimizer=backup event=end call=7 duration_ms=9.270 iterations=326 ret=1 rss_mib=3105.871 swap_mib=0.000 rss_delta_mib=0.031
[fsm_node-3] [INFO] [1788950198.943672404] [fsm_node]:  -- [OPTIMIZER_PHASE_MEMORY] optimizer=backup event=begin call=8 rss_mib=3105.871 swap_mib=0.000 variables=52 pieces=2
[fsm_node-3] [INFO] [1788950198.958885090] [fsm_node]:  -- [OPTIMIZER_PHASE_MEMORY] optimizer=backup event=end call=8 duration_ms=15.206 iterations=554 ret=1 rss_mib=3105.914 swap_mib=0.000 rss_delta_mib=0.043
[fsm_node-3] [WARN] [1788950198.958926457] [fsm_node]:  -- [SUPER] in [ReplanOnce]: Replan overtime, check parameters, replan dt = 0.148368101.
[fsm_node-3] [INFO] [1788950198.977055863] [fsm_node]:  -- [OPTIMIZER_PHASE_MEMORY] optimizer=exp event=begin call=5 rss_mib=3105.914 swap_mib=0.000 variables=17 pieces=5
[fsm_node-3] [INFO] [1788950198.983138944] [fsm_node]:  -- [OPTIMIZER_PHASE_MEMORY] optimizer=exp event=end call=5 duration_ms=6.134 iterations=526 ret=1 rss_mib=3105.914 swap_mib=0.000 rss_delta_mib=0.000
[fsm_node-3] [INFO] [1788950199.034083198] [fsm_node]:  -- [OPTIMIZER_PHASE_MEMORY] optimizer=backup event=begin call=9 rss_mib=3106.047 swap_mib=0.000 variables=42 pieces=2
[fsm_node-3] [INFO] [1788950199.042777226] [fsm_node]:  -- [OPTIMIZER_PHASE_MEMORY] optimizer=backup event=end call=9 duration_ms=8.718 iterations=860 ret=1 rss_mib=3106.047 swap_mib=0.000 rss_delta_mib=0.000
[fsm_node-3] [INFO] [1788950199.042906517] [fsm_node]:  -- [OPTIMIZER_PHASE_MEMORY] optimizer=backup event=begin call=10 rss_mib=3106.047 swap_mib=0.000 variables=42 pieces=2
[fsm_node-3] [INFO] [1788950199.048026701] [fsm_node]:  -- [OPTIMIZER_PHASE_MEMORY] optimizer=backup event=end call=10 duration_ms=5.118 iterations=589 ret=1 rss_mib=3106.047 swap_mib=0.000 rss_delta_mib=0.000
[fsm_node-3] [INFO] [1788950199.048266694] [fsm_node]:  -- [TRAJ_GUARD_COMMIT] phase=ReplanOnce/with_backup gen=3 map=12 samples=173 range=[0.089,0.940] escape=false footprint_egress=false escape_done_tt=-1.000
[fsm_node-3]  -- [TRAJ_GUARD_CERT] trigger=main_pre status=SAFE gen=2 map=12 map_age=0.008s map_age_limit=0.500s motion_speed=6.191mps samples=186 range=[0.490,1.412] collision_tt=-1.000 ttc=-1.000 p=[0.000,0.000,0.000]
[fsm_node-3] [32m -- [Fsm] ReplanOnce succeed.[0m
[fsm_node-3] [INFO] [1788950199.068958155] [fsm_node]:  -- [OPTIMIZER_PHASE_MEMORY] optimizer=exp event=begin call=6 rss_mib=3106.047 swap_mib=0.000 variables=13 pieces=4
[fsm_node-3] [INFO] [1788950199.071508221] [fsm_node]:  -- [OPTIMIZER_PHASE_MEMORY] optimizer=exp event=end call=6 duration_ms=2.581 iterations=288 ret=1 rss_mib=3106.047 swap_mib=0.000 rss_delta_mib=0.000
[fsm_node-3] [INFO] [1788950199.152367589] [fsm_node]:  -- [OPTIMIZER_PHASE_MEMORY] optimizer=backup event=begin call=11 rss_mib=3106.047 swap_mib=0.000 variables=42 pieces=2
[fsm_node-3] [INFO] [1788950199.155235102] [fsm_node]:  -- [OPTIMIZER_PHASE_MEMORY] optimizer=backup event=end call=11 duration_ms=2.905 iterations=242 ret=1 rss_mib=3106.047 swap_mib=0.000 rss_delta_mib=0.000
[fsm_node-3] [INFO] [1788950199.155354340] [fsm_node]:  -- [OPTIMIZER_PHASE_MEMORY] optimizer=backup event=begin call=12 rss_mib=3106.059 swap_mib=0.000 variables=42 pieces=2
[fsm_node-3] [INFO] [1788950199.157967244] [fsm_node]:  -- [OPTIMIZER_PHASE_MEMORY] optimizer=backup event=end call=12 duration_ms=2.612 iterations=228 ret=1 rss_mib=3106.059 swap_mib=0.000 rss_delta_mib=0.000
[fsm_node-3] [WARN] [1788950199.157997029] [fsm_node]:  -- [SUPER] in [ReplanOnce]: Replan overtime, check parameters, replan dt = 0.109408256.
[fsm_node-3] [INFO] [1788950199.174078568] [fsm_node]:  -- [OPTIMIZER_PHASE_MEMORY] optimizer=exp event=begin call=7 rss_mib=3106.059 swap_mib=0.000 variables=17 pieces=5
[fsm_node-3] [INFO] [1788950199.186396623] [fsm_node]:  -- [OPTIMIZER_PHASE_MEMORY] optimizer=exp event=end call=7 duration_ms=12.376 iterations=947 ret=1 rss_mib=3106.059 swap_mib=0.000 rss_delta_mib=0.000
[fsm_node-3] [INFO] [1788950199.270083241] [fsm_node]:  -- [OPTIMIZER_PHASE_MEMORY] optimizer=backup event=begin call=13 rss_mib=3106.059 swap_mib=0.000 variables=36 pieces=2
[perfect_drone_frontend_node-2] [INFO] [1788950199.271189677] [perfect_tracking]: [SENSOR_CADENCE_SUMMARY] frames=50 span_s=4.897878 hz=10.004333 raw_published=0 direct_handoffs=50 payload_bytes=33605504 side_entry_v1_enabled=0 side_entry_v1_spawned=0 side_entry_v1_injected_frames=0
[fsm_node-3] [INFO] [1788950199.271634237] [fsm_node]:  -- [OPTIMIZER_PHASE_MEMORY] optimizer=backup event=end call=13 duration_ms=1.593 iterations=257 ret=1 rss_mib=3106.059 swap_mib=0.000 rss_delta_mib=0.000
[fsm_node-3] [INFO] [1788950199.271745139] [fsm_node]:  -- [OPTIMIZER_PHASE_MEMORY] optimizer=backup event=begin call=14 rss_mib=3106.059 swap_mib=0.000 variables=36 pieces=2
[fsm_node-3] [INFO] [1788950199.276099746] [fsm_node]:  -- [OPTIMIZER_PHASE_MEMORY] optimizer=backup event=end call=14 duration_ms=4.340 iterations=686 ret=1 rss_mib=3106.578 swap_mib=0.000 rss_delta_mib=0.520
[fsm_node-3] [WARN] [1788950199.276145693] [fsm_node]:  -- [SUPER] in [ReplanOnce]: Replan overtime, check parameters, replan dt = 0.11798595.
[fsm_node-3] [INFO] [1788950199.290935831] [fsm_node]:  -- [OPTIMIZER_PHASE_MEMORY] optimizer=exp event=begin call=8 rss_mib=3109.078 swap_mib=0.000 variables=17 pieces=5
[fsm_node-3] [INFO] [1788950199.342743520] [fsm_node]:  -- [OPTIMIZER_PHASE_MEMORY] optimizer=exp event=end call=8 duration_ms=51.842 iterations=3636 ret=1 rss_mib=3109.078 swap_mib=0.000 rss_delta_mib=0.000
[fsm_node-3] [INFO] [1788950199.442118890] [fsm_node]:  -- [OPTIMIZER_PHASE_MEMORY] optimizer=backup event=begin call=15 rss_mib=3109.078 swap_mib=0.000 variables=22 pieces=2
[fsm_node-3] [INFO] [1788950199.442663841] [fsm_node]:  -- [OPTIMIZER_PHASE_MEMORY] optimizer=backup event=end call=15 duration_ms=0.587 iterations=120 ret=1 rss_mib=3109.078 swap_mib=0.000 rss_delta_mib=0.000
[fsm_node-3] [INFO] [1788950199.442733709] [fsm_node]:  -- [OPTIMIZER_PHASE_MEMORY] optimizer=backup event=begin call=16 rss_mib=3109.078 swap_mib=0.000 variables=22 pieces=2
[fsm_node-3] [INFO] [1788950199.443378247] [fsm_node]:  -- [OPTIMIZER_PHASE_MEMORY] optimizer=backup event=end call=16 duration_ms=0.645 iterations=162 ret=1 rss_mib=3109.078 swap_mib=0.000 rss_delta_mib=0.000
[fsm_node-3] [WARN] [1788950199.443407376] [fsm_node]:  -- [SUPER] in [ReplanOnce]: Replan overtime, check parameters, replan dt = 0.16687749.
[fsm_node-3] [INFO] [1788950199.461726885] [fsm_node]:  -- [OPTIMIZER_PHASE_MEMORY] optimizer=exp event=begin call=9 rss_mib=3109.078 swap_mib=0.000 variables=17 pieces=5
[fsm_node-3] [INFO] [1788950199.505397152] [fsm_node]:  -- [OPTIMIZER_PHASE_MEMORY] optimizer=exp event=end call=9 duration_ms=43.666 iterations=3152 ret=1 rss_mib=3110.547 swap_mib=0.000 rss_delta_mib=1.469
[fsm_node-3] [INFO] [1788950199.584964605] [fsm_node]:  -- [OPTIMIZER_PHASE_MEMORY] optimizer=backup event=begin call=17 rss_mib=3110.547 swap_mib=0.000 variables=26 pieces=2
[fsm_node-3] [INFO] [1788950199.586218980] [fsm_node]:  -- [OPTIMIZER_PHASE_MEMORY] optimizer=backup event=end call=17 duration_ms=1.298 iterations=313 ret=1 rss_mib=3110.547 swap_mib=0.000 rss_delta_mib=0.000
[fsm_node-3] [INFO] [1788950199.586315046] [fsm_node]:  -- [OPTIMIZER_PHASE_MEMORY] optimizer=backup event=begin call=18 rss_mib=3110.547 swap_mib=0.000 variables=26 pieces=2
[fsm_node-3] [INFO] [1788950199.588019329] [fsm_node]:  -- [OPTIMIZER_PHASE_MEMORY] optimizer=backup event=end call=18 duration_ms=1.704 iterations=396 ret=1 rss_mib=3110.547 swap_mib=0.000 rss_delta_mib=0.000
[fsm_node-3] [WARN] [1788950199.588048121] [fsm_node]:  -- [SUPER] in [ReplanOnce]: Replan overtime, check parameters, replan dt = 0.144274987.
[fsm_node-3] [INFO] [1788950199.607751654] [fsm_node]:  -- [OPTIMIZER_PHASE_MEMORY] optimizer=exp event=begin call=10 rss_mib=3110.547 swap_mib=0.000 variables=13 pieces=4
[fsm_node-3] [INFO] [1788950199.610360440] [fsm_node]:  -- [OPTIMIZER_PHASE_MEMORY] optimizer=exp event=end call=10 duration_ms=2.653 iterations=312 ret=1 rss_mib=3110.555 swap_mib=0.000 rss_delta_mib=0.008
[fsm_node-3] [INFO] [1788950199.683492730] [fsm_node]:  -- [OPTIMIZER_PHASE_MEMORY] optimizer=backup event=begin call=19 rss_mib=3110.609 swap_mib=0.000 variables=22 pieces=2
[fsm_node-3] [INFO] [1788950199.684244371] [fsm_node]:  -- [OPTIMIZER_PHASE_MEMORY] optimizer=backup event=end call=19 duration_ms=0.782 iterations=177 ret=1 rss_mib=3111.363 swap_mib=0.000 rss_delta_mib=0.754
[fsm_node-3] [INFO] [1788950199.684309641] [fsm_node]:  -- [OPTIMIZER_PHASE_MEMORY] optimizer=backup event=begin call=20 rss_mib=3111.363 swap_mib=0.000 variables=22 pieces=2
[fsm_node-3] [INFO] [1788950199.689370783] [fsm_node]:  -- [OPTIMIZER_PHASE_MEMORY] optimizer=backup event=end call=20 duration_ms=5.054 iterations=772 ret=1 rss_mib=3111.395 swap_mib=0.000 rss_delta_mib=0.031
[fsm_node-3] [WARN] [1788950199.689408888] [fsm_node]:  -- [SUPER] in [ReplanOnce]: Replan overtime, check parameters, replan dt = 0.101163648.
[fsm_node-3] [INFO] [1788950199.712784999] [fsm_node]:  -- [OPTIMIZER_PHASE_MEMORY] optimizer=exp event=begin call=11 rss_mib=3111.395 swap_mib=0.000 variables=17 pieces=5
[fsm_node-3] [INFO] [1788950199.721784506] [fsm_node]:  -- [OPTIMIZER_PHASE_MEMORY] optimizer=exp event=end call=11 duration_ms=9.037 iterations=749 ret=1 rss_mib=3111.395 swap_mib=0.000 rss_delta_mib=0.000
[fsm_node-3] [INFO] [1788950199.802430179] [fsm_node]:  -- [OPTIMIZER_PHASE_MEMORY] optimizer=backup event=begin call=21 rss_mib=3111.395 swap_mib=0.000 variables=22 pieces=2
[fsm_node-3] [INFO] [1788950199.809587558] [fsm_node]:  -- [OPTIMIZER_PHASE_MEMORY] optimizer=backup event=end call=21 duration_ms=7.183 iterations=1097 ret=1 rss_mib=3111.395 swap_mib=0.000 rss_delta_mib=0.000
[fsm_node-3] [INFO] [1788950199.809659973] [fsm_node]:  -- [OPTIMIZER_PHASE_MEMORY] optimizer=backup event=begin call=22 rss_mib=3111.395 swap_mib=0.000 variables=22 pieces=2
[fsm_node-3] [INFO] [1788950199.813110406] [fsm_node]:  -- [OPTIMIZER_PHASE_MEMORY] optimizer=backup event=end call=22 duration_ms=3.447 iterations=661 ret=1 rss_mib=3111.395 swap_mib=0.000 rss_delta_mib=0.000
[fsm_node-3] [WARN] [1788950199.813143083] [fsm_node]:  -- [SUPER] in [ReplanOnce]: Replan overtime, check parameters, replan dt = 0.12349689.
[fsm_node-3] [WARN] [1788950199.829502502] [fsm_node]:  -- [TRAJ_GUARD_VIABILITY_SLOWDOWN] phase=ReplanOnce/no_backup gen=4 scale=1.250 retries=1
[fsm_node-3] [INFO] [1788950199.829559779] [fsm_node]:  -- [TRAJ_GUARD_COMMIT] phase=ReplanOnce/no_backup gen=4 map=16 samples=184 range=[0.870,1.777] escape=false footprint_egress=false escape_done_tt=-1.000
[fsm_node-3]  -- [TRAJ_GUARD_CERT] trigger=poly_publish status=SAFE gen=3 map=12 map_age=0.154s map_age_limit=0.500s motion_speed=6.900mps samples=172 range=[0.089,0.940] collision_tt=-1.000 ttc=-1.000 p=[0.000,0.000,0.000]
[fsm_node-3]  -- [TRAJ_GUARD_CERT] trigger=main_pre status=SAFE gen=3 map=13 map_age=0.010s map_age_limit=0.500s motion_speed=6.966mps samples=161 range=[0.143,0.940] collision_tt=-1.000 ttc=-1.000 p=[0.000,0.000,0.000]
[fsm_node-3]  -- [TRAJ_GUARD_CERT] trigger=main_pre status=SAFE gen=3 map=14 map_age=0.004s map_age_limit=0.500s motion_speed=6.721mps samples=119 range=[0.353,0.940] collision_tt=-1.000 ttc=-1.000 p=[0.000,0.000,0.000]
[fsm_node-3]  -- [TRAJ_GUARD_CERT] trigger=main_pre status=SAFE gen=3 map=15 map_age=0.012s map_age_limit=0.500s motion_speed=6.123mps samples=77 range=[0.563,0.940] collision_tt=-1.000 ttc=-1.000 p=[0.000,0.000,0.000]
[fsm_node-3]  -- [TRAJ_GUARD_CERT] trigger=main_pre status=SAFE gen=3 map=16 map_age=0.004s map_age_limit=0.543s motion_speed=2.644mps samples=39 range=[0.753,0.940] collision_tt=-1.000 ttc=-1.000 p=[0.000,0.000,0.000]
[fsm_node-3] [32m -- [Fsm] ReplanOnce succeed.[0m
[fsm_node-3]  -- [TRAJ_GUARD_CERT] trigger=poly_publish status=SAFE gen=4 map=16 map_age=0.121s map_age_limit=0.550s motion_speed=0.471mps samples=183 range=[0.870,1.777] collision_tt=-1.000 ttc=-1.000 p=[0.000,0.000,0.000]
[fsm_node-3] [32m -- [Fsm] Get goal at [0m24.025000000000002 20.025000000000002  1.525000000000000
[fsm_node-3] [32m -- [Fsm] Receive click goal at: [24.025000000000002 20.025000000000002  1.525000000000000]; goal yaw: 0.000000000000000 deg[0m
[fsm_node-3] [INFO] [1788950199.869914454] [fsm_node]:  -- [OPTIMIZER_PHASE_MEMORY] optimizer=exp event=begin call=12 rss_mib=3111.395 swap_mib=0.000 variables=17 pieces=5
[fsm_node-3] [INFO] [1788950199.879665380] [fsm_node]:  -- [OPTIMIZER_PHASE_MEMORY] optimizer=exp event=end call=12 duration_ms=9.798 iterations=896 ret=1 rss_mib=3111.469 swap_mib=0.000 rss_delta_mib=0.074
[fsm_node-3] [32m -- [Fsm 3.000] Current state: FOLLOW_TRAJ[0m
[fsm_node-3] [INFO] [1788950199.954081705] [fsm_node]:  -- [OPTIMIZER_PHASE_MEMORY] optimizer=backup event=begin call=23 rss_mib=3111.469 swap_mib=0.000 variables=18 pieces=2
[fsm_node-3] [INFO] [1788950199.958587350] [fsm_node]:  -- [OPTIMIZER_PHASE_MEMORY] optimizer=backup event=end call=23 duration_ms=4.536 iterations=848 ret=1 rss_mib=3111.469 swap_mib=0.000 rss_delta_mib=0.000
[fsm_node-3] [INFO] [1788950199.958655155] [fsm_node]:  -- [OPTIMIZER_PHASE_MEMORY] optimizer=backup event=begin call=24 rss_mib=3111.480 swap_mib=0.000 variables=18 pieces=2
[fsm_node-3] [INFO] [1788950199.961395696] [fsm_node]:  -- [OPTIMIZER_PHASE_MEMORY] optimizer=backup event=end call=24 duration_ms=2.743 iterations=576 ret=1 rss_mib=3111.480 swap_mib=0.000 rss_delta_mib=0.000
[fsm_node-3] [WARN] [1788950199.961427542] [fsm_node]:  -- [SUPER] in [ReplanOnce]: Replan overtime, check parameters, replan dt = 0.109438888.
[fsm_node-3] [INFO] [1788950199.982751290] [fsm_node]:  -- [OPTIMIZER_PHASE_MEMORY] optimizer=exp event=begin call=13 rss_mib=3111.480 swap_mib=0.000 variables=13 pieces=4
[fsm_node-3] [INFO] [1788950199.985576901] [fsm_node]:  -- [OPTIMIZER_PHASE_MEMORY] optimizer=exp event=end call=13 duration_ms=2.889 iterations=324 ret=1 rss_mib=3111.488 swap_mib=0.000 rss_delta_mib=0.008
[fsm_node-3] [INFO] [1788950200.059854583] [fsm_node]:  -- [OPTIMIZER_PHASE_MEMORY] optimizer=backup event=begin call=25 rss_mib=3111.488 swap_mib=0.000 variables=18 pieces=2
[fsm_node-3] [INFO] [1788950200.065038756] [fsm_node]:  -- [OPTIMIZER_PHASE_MEMORY] optimizer=backup event=end call=25 duration_ms=5.204 iterations=863 ret=1 rss_mib=3111.488 swap_mib=0.000 rss_delta_mib=0.000
[fsm_node-3] [INFO] [1788950200.065113006] [fsm_node]:  -- [OPTIMIZER_PHASE_MEMORY] optimizer=backup event=begin call=26 rss_mib=3111.500 swap_mib=0.000 variables=18 pieces=2
[fsm_node-3] [INFO] [1788950200.065895088] [fsm_node]:  -- [OPTIMIZER_PHASE_MEMORY] optimizer=backup event=end call=26 duration_ms=0.783 iterations=212 ret=1 rss_mib=3111.500 swap_mib=0.000 rss_delta_mib=0.000
[fsm_node-3] [WARN] [1788950200.065921488] [fsm_node]:  -- [SUPER] in [ReplanOnce]: Replan overtime, check parameters, replan dt = 0.104303913.
[fsm_node-3] [INFO] [1788950200.090521055] [fsm_node]:  -- [OPTIMIZER_PHASE_MEMORY] optimizer=exp event=begin call=14 rss_mib=3111.500 swap_mib=0.000 variables=13 pieces=4
[fsm_node-3] [INFO] [1788950200.092934004] [fsm_node]:  -- [OPTIMIZER_PHASE_MEMORY] optimizer=exp event=end call=14 duration_ms=2.482 iterations=271 ret=1 rss_mib=3111.500 swap_mib=0.000 rss_delta_mib=0.000
[fsm_node-3] [INFO] [1788950200.165248202] [fsm_node]:  -- [OPTIMIZER_PHASE_MEMORY] optimizer=backup event=begin call=27 rss_mib=3111.500 swap_mib=0.000 variables=18 pieces=2
[fsm_node-3] [INFO] [1788950200.173834155] [fsm_node]:  -- [OPTIMIZER_PHASE_MEMORY] optimizer=backup event=end call=27 duration_ms=8.603 iterations=1264 ret=1 rss_mib=3111.520 swap_mib=0.000 rss_delta_mib=0.020
[fsm_node-3] [INFO] [1788950200.173914570] [fsm_node]:  -- [OPTIMIZER_PHASE_MEMORY] optimizer=backup event=begin call=28 rss_mib=3111.520 swap_mib=0.000 variables=18 pieces=2
[fsm_node-3] [INFO] [1788950200.175432009] [fsm_node]:  -- [OPTIMIZER_PHASE_MEMORY] optimizer=backup event=end call=28 duration_ms=1.519 iterations=337 ret=1 rss_mib=3111.520 swap_mib=0.000 rss_delta_mib=0.000
[fsm_node-3] [WARN] [1788950200.175460466] [fsm_node]:  -- [SUPER] in [ReplanOnce]: Replan overtime, check parameters, replan dt = 0.109262571.
[fsm_node-3] [INFO] [1788950200.195084778] [fsm_node]:  -- [OPTIMIZER_PHASE_MEMORY] optimizer=exp event=begin call=15 rss_mib=3111.520 swap_mib=0.000 variables=17 pieces=5
[fsm_node-3] [INFO] [1788950200.198600461] [fsm_node]:  -- [OPTIMIZER_PHASE_MEMORY] optimizer=exp event=end call=15 duration_ms=3.565 iterations=346 ret=1 rss_mib=3111.520 swap_mib=0.000 rss_delta_mib=0.000
[fsm_node-3] [INFO] [1788950200.266727935] [fsm_node]:  -- [OPTIMIZER_PHASE_MEMORY] optimizer=backup event=begin call=29 rss_mib=3111.520 swap_mib=0.000 variables=18 pieces=2
[fsm_node-3] [INFO] [1788950200.267865761] [fsm_node]:  -- [OPTIMIZER_PHASE_MEMORY] optimizer=backup event=end call=29 duration_ms=1.169 iterations=290 ret=1 rss_mib=3111.520 swap_mib=0.000 rss_delta_mib=0.000
[fsm_node-3] [INFO] [1788950200.267922170] [fsm_node]:  -- [OPTIMIZER_PHASE_MEMORY] optimizer=backup event=begin call=30 rss_mib=3111.520 swap_mib=0.000 variables=18 pieces=2
[fsm_node-3] [INFO] [1788950200.268437183] [fsm_node]:  -- [OPTIMIZER_PHASE_MEMORY] optimizer=backup event=end call=30 duration_ms=0.511 iterations=140 ret=1 rss_mib=3111.520 swap_mib=0.000 rss_delta_mib=0.000
[fsm_node-3] [WARN] [1788950200.268461114] [fsm_node]:  -- [SUPER] in [ReplanOnce]: Replan overtime, check parameters, replan dt = 0.092630662.
[fsm_node-3] [INFO] [1788950200.287752653] [fsm_node]:  -- [OPTIMIZER_PHASE_MEMORY] optimizer=exp event=begin call=16 rss_mib=3111.520 swap_mib=0.000 variables=13 pieces=4
[fsm_node-3] [INFO] [1788950200.290798589] [fsm_node]:  -- [OPTIMIZER_PHASE_MEMORY] optimizer=exp event=end call=16 duration_ms=3.111 iterations=336 ret=1 rss_mib=3111.520 swap_mib=0.000 rss_delta_mib=0.000
[fsm_node-3] [INFO] [1788950200.366561008] [fsm_node]:  -- [OPTIMIZER_PHASE_MEMORY] optimizer=backup event=begin call=31 rss_mib=3111.520 swap_mib=0.000 variables=18 pieces=2
[fsm_node-3] [INFO] [1788950200.370774257] [fsm_node]:  -- [OPTIMIZER_PHASE_MEMORY] optimizer=backup event=end call=31 duration_ms=4.224 iterations=726 ret=1 rss_mib=3111.520 swap_mib=0.000 rss_delta_mib=0.000
[fsm_node-3] [INFO] [1788950200.370850519] [fsm_node]:  -- [OPTIMIZER_PHASE_MEMORY] optimizer=backup event=begin call=32 rss_mib=3111.520 swap_mib=0.000 variables=18 pieces=2
[fsm_node-3] [INFO] [1788950200.372247308] [fsm_node]:  -- [OPTIMIZER_PHASE_MEMORY] optimizer=backup event=end call=32 duration_ms=1.395 iterations=338 ret=1 rss_mib=3111.520 swap_mib=0.000 rss_delta_mib=0.000
[fsm_node-3] [WARN] [1788950200.372275393] [fsm_node]:  -- [SUPER] in [ReplanOnce]: Replan overtime, check parameters, replan dt = 0.103513853.
[fsm_node-3]  -- [TRAJ_GUARD_CERT] trigger=main_pre status=SAFE gen=4 map=17 map_age=0.006s map_age_limit=0.500s motion_speed=5.584mps samples=168 range=[0.943,1.777] collision_tt=-1.000 ttc=-1.000 p=[0.000,0.000,0.000]
[fsm_node-3]  -- [TRAJ_GUARD_CERT] trigger=main_pre status=SAFE gen=4 map=18 map_age=0.004s map_age_limit=0.500s motion_speed=5.171mps samples=128 range=[1.143,1.777] collision_tt=-1.000 ttc=-1.000 p=[0.000,0.000,0.000]
[fsm_node-3]  -- [TRAJ_GUARD_CERT] trigger=main_pre status=SAFE gen=4 map=19 map_age=0.008s map_age_limit=0.500s motion_speed=3.755mps samples=88 range=[1.343,1.777] collision_tt=-1.000 ttc=-1.000 p=[0.000,0.000,0.000]
[fsm_node-3] [32m -- [Fsm] ReplanOnce succeed.[0m
[fsm_node-3] [32m -- [Fsm] ReplanOnce succeed.[0m
[fsm_node-3] [32m -- [Fsm] ReplanOnce succeed.[0m
[fsm_node-3]  -- [TRAJ_GUARD_CERT] trigger=main_pre status=SAFE gen=4 map=20 map_age=0.011s map_age_limit=0.550s motion_speed=1.361mps samples=48 range=[1.543,1.777] collision_tt=-1.000 ttc=-1.000 p=[0.000,0.000,0.000]
[fsm_node-3] [32m -- [Fsm] ReplanOnce succeed.[0m
[fsm_node-3] [32m -- [Fsm] ReplanOnce succeed.[0m
[fsm_node-3] [32m -- [Fsm] ReplanOnce succeed.[0m
[fsm_node-3]  -- [TRAJ_GUARD_CERT] trigger=main_pre status=SAFE gen=4 map=21 map_age=0.004s map_age_limit=0.550s motion_speed=0.016mps samples=8 range=[1.743,1.777] collision_tt=-1.000 ttc=-1.000 p=[0.000,0.000,0.000]
[fsm_node-3] [32m -- [Fsm] ReplanOnce succeed.[0m
[fsm_node-3] [32m -- [Fsm] Traj finish.[0m
[fsm_node-3] [WARN] [1788950200.751870703] [fsm_node]:  -- [TRAJ_GUARD_RECOVERY_EPISODE_RESET] reason=horizontal_progress progress=9.067m threshold=2.000m prior_local=0 prior_vertical=0 prior_base=0
[fsm_node-3] [INFO] [1788950200.775472263] [fsm_node]:  -- [OPTIMIZER_PHASE_MEMORY] optimizer=exp event=begin call=17 rss_mib=3111.520 swap_mib=0.000 variables=13 pieces=4
[fsm_node-3] [INFO] [1788950200.776852682] [fsm_node]:  -- [OPTIMIZER_PHASE_MEMORY] optimizer=exp event=end call=17 duration_ms=1.454 iterations=190 ret=1 rss_mib=3111.520 swap_mib=0.000 rss_delta_mib=0.000
[fsm_node-3] [INFO] [1788950200.776892956] [fsm_node]:  -- [SUPER] in [PlanFromRest] GenerateExpTrajectory SUCCESS.
[fsm_node-3] [INFO] [1788950200.847369189] [fsm_node]:  -- [OPTIMIZER_PHASE_MEMORY] optimizer=backup event=begin call=33 rss_mib=3111.520 swap_mib=0.000 variables=18 pieces=2
[fsm_node-3] [INFO] [1788950200.848705567] [fsm_node]:  -- [OPTIMIZER_PHASE_MEMORY] optimizer=backup event=end call=33 duration_ms=1.358 iterations=373 ret=1 rss_mib=3111.520 swap_mib=0.000 rss_delta_mib=0.000
[fsm_node-3] [INFO] [1788950200.848760325] [fsm_node]:  -- [OPTIMIZER_PHASE_MEMORY] optimizer=backup event=begin call=34 rss_mib=3111.520 swap_mib=0.000 variables=18 pieces=2
[fsm_node-3] [INFO] [1788950200.849810514] [fsm_node]:  -- [OPTIMIZER_PHASE_MEMORY] optimizer=backup event=end call=34 duration_ms=1.051 iterations=249 ret=1 rss_mib=3111.520 swap_mib=0.000 rss_delta_mib=0.000
[fsm_node-3] [INFO] [1788950200.850096810] [fsm_node]:  -- [TRAJ_GUARD_COMMIT] phase=PlanFromRest/with_backup gen=5 map=21 samples=291 range=[0.098,1.540] escape=false footprint_egress=false escape_done_tt=-1.000
[fsm_node-3] [38;2;000;128;000m -- [Fsm]: [PubCmdCallback] change state from [FOLLOW_TRAJ] to [GENERATE_TRAJ].
[fsm_node-3] [0m -- [TRAJ_GUARD_CERT] trigger=poly_publish status=SAFE gen=5 map=21 map_age=0.152s map_age_limit=0.550s motion_speed=0.000mps samples=290 range=[0.098,1.540] collision_tt=-1.000 ttc=-1.000 p=[0.000,0.000,0.000]
[fsm_node-3] [38;2;000;128;000m -- [Fsm]: [MainFsmCallback] change state from [GENERATE_TRAJ] to [FOLLOW_TRAJ].
[fsm_node-3] [0m[32m -- [Fsm] Get goal at [0m24.025000000000002 20.025000000000002  1.525000000000000
[fsm_node-3] [32m -- [Fsm] Receive click goal at: [24.025000000000002 20.025000000000002  1.525000000000000]; goal yaw: 0.000000000000000 deg[0m
[fsm_node-3] [32m -- [Fsm 4.000] Current state: FOLLOW_TRAJ[0m
[fsm_node-3] [INFO] [1788950200.927080348] [fsm_node]:  -- [OPTIMIZER_PHASE_MEMORY] optimizer=exp event=begin call=18 rss_mib=3111.520 swap_mib=0.000 variables=17 pieces=5
[fsm_node-3] [INFO] [1788950200.936846171] [fsm_node]:  -- [OPTIMIZER_PHASE_MEMORY] optimizer=exp event=end call=18 duration_ms=9.825 iterations=924 ret=1 rss_mib=3111.520 swap_mib=0.000 rss_delta_mib=0.000
[fsm_node-3] [INFO] [1788950201.015385297] [fsm_node]:  -- [OPTIMIZER_PHASE_MEMORY] optimizer=backup event=begin call=35 rss_mib=3111.520 swap_mib=0.000 variables=18 pieces=2
[fsm_node-3] [INFO] [1788950201.021445283] [fsm_node]:  -- [OPTIMIZER_PHASE_MEMORY] optimizer=backup event=end call=35 duration_ms=6.080 iterations=948 ret=1 rss_mib=3111.520 swap_mib=0.000 rss_delta_mib=0.000
[fsm_node-3] [INFO] [1788950201.021513643] [fsm_node]:  -- [OPTIMIZER_PHASE_MEMORY] optimizer=backup event=begin call=36 rss_mib=3111.520 swap_mib=0.000 variables=18 pieces=2
[fsm_node-3] [INFO] [1788950201.022127475] [fsm_node]:  -- [OPTIMIZER_PHASE_MEMORY] optimizer=backup event=end call=36 duration_ms=0.613 iterations=151 ret=1 rss_mib=3111.520 swap_mib=0.000 rss_delta_mib=0.000
[fsm_node-3] [WARN] [1788950201.022153664] [fsm_node]:  -- [SUPER] in [ReplanOnce]: Replan overtime, check parameters, replan dt = 0.114164027.
[fsm_node-3] [INFO] [1788950201.053742830] [fsm_node]:  -- [OPTIMIZER_PHASE_MEMORY] optimizer=exp event=begin call=19 rss_mib=3111.520 swap_mib=0.000 variables=13 pieces=4
[fsm_node-3] [INFO] [1788950201.056418781] [fsm_node]:  -- [OPTIMIZER_PHASE_MEMORY] optimizer=exp event=end call=19 duration_ms=2.715 iterations=301 ret=1 rss_mib=3111.520 swap_mib=0.000 rss_delta_mib=0.000
[fsm_node-3] [INFO] [1788950201.139278652] [fsm_node]:  -- [OPTIMIZER_PHASE_MEMORY] optimizer=backup event=begin call=37 rss_mib=3111.723 swap_mib=0.000 variables=18 pieces=2
[fsm_node-3] [INFO] [1788950201.146157722] [fsm_node]:  -- [OPTIMIZER_PHASE_MEMORY] optimizer=backup event=end call=37 duration_ms=6.918 iterations=1063 ret=1 rss_mib=3111.723 swap_mib=0.000 rss_delta_mib=0.000
[fsm_node-3] [INFO] [1788950201.146222948] [fsm_node]:  -- [OPTIMIZER_PHASE_MEMORY] optimizer=backup event=begin call=38 rss_mib=3111.723 swap_mib=0.000 variables=18 pieces=2
[fsm_node-3] [INFO] [1788950201.149337239] [fsm_node]:  -- [OPTIMIZER_PHASE_MEMORY] optimizer=backup event=end call=38 duration_ms=3.107 iterations=552 ret=1 rss_mib=3111.723 swap_mib=0.000 rss_delta_mib=0.000
[fsm_node-3] [WARN] [1788950201.149370109] [fsm_node]:  -- [SUPER] in [ReplanOnce]: Replan overtime, check parameters, replan dt = 0.127038998.
[fsm_node-3] [INFO] [1788950201.175979166] [fsm_node]:  -- [OPTIMIZER_PHASE_MEMORY] optimizer=exp event=begin call=20 rss_mib=3111.723 swap_mib=0.000 variables=13 pieces=4
[fsm_node-3] [INFO] [1788950201.179938759] [fsm_node]:  -- [OPTIMIZER_PHASE_MEMORY] optimizer=exp event=end call=20 duration_ms=4.017 iterations=448 ret=1 rss_mib=3111.723 swap_mib=0.000 rss_delta_mib=0.000
[fsm_node-3] [INFO] [1788950201.253184825] [fsm_node]:  -- [OPTIMIZER_PHASE_MEMORY] optimizer=backup event=begin call=39 rss_mib=3111.723 swap_mib=0.000 variables=18 pieces=2
[fsm_node-3] [INFO] [1788950201.261433677] [fsm_node]:  -- [OPTIMIZER_PHASE_MEMORY] optimizer=backup event=end call=39 duration_ms=8.260 iterations=1273 ret=1 rss_mib=3111.723 swap_mib=0.000 rss_delta_mib=0.000
[fsm_node-3] [INFO] [1788950201.261492335] [fsm_node]:  -- [OPTIMIZER_PHASE_MEMORY] optimizer=backup event=begin call=40 rss_mib=3111.723 swap_mib=0.000 variables=18 pieces=2
[fsm_node-3] [INFO] [1788950201.262032018] [fsm_node]:  -- [OPTIMIZER_PHASE_MEMORY] optimizer=backup event=end call=40 duration_ms=0.538 iterations=147 ret=1 rss_mib=3111.723 swap_mib=0.000 rss_delta_mib=0.000
[fsm_node-3] [WARN] [1788950201.262054916] [fsm_node]:  -- [SUPER] in [ReplanOnce]: Replan overtime, check parameters, replan dt = 0.112465968.
[fsm_node-3] [INFO] [1788950201.295477156] [fsm_node]:  -- [OPTIMIZER_PHASE_MEMORY] optimizer=exp event=begin call=21 rss_mib=3111.957 swap_mib=0.000 variables=17 pieces=5
[fsm_node-3] [INFO] [1788950201.322606574] [fsm_node]:  -- [OPTIMIZER_PHASE_MEMORY] optimizer=exp event=end call=21 duration_ms=27.171 iterations=2159 ret=1 rss_mib=3111.957 swap_mib=0.000 rss_delta_mib=0.000
[fsm_node-3] [INFO] [1788950201.397203209] [fsm_node]:  -- [OPTIMIZER_PHASE_MEMORY] optimizer=backup event=begin call=41 rss_mib=3111.957 swap_mib=0.000 variables=18 pieces=2
[fsm_node-3] [INFO] [1788950201.401880325] [fsm_node]:  -- [OPTIMIZER_PHASE_MEMORY] optimizer=backup event=end call=41 duration_ms=4.702 iterations=857 ret=1 rss_mib=3111.957 swap_mib=0.000 rss_delta_mib=0.000
[fsm_node-3] [INFO] [1788950201.401951567] [fsm_node]:  -- [OPTIMIZER_PHASE_MEMORY] optimizer=backup event=begin call=42 rss_mib=3111.957 swap_mib=0.000 variables=18 pieces=2
[fsm_node-3] [INFO] [1788950201.402189496] [fsm_node]:  -- [OPTIMIZER_PHASE_MEMORY] optimizer=backup event=end call=42 duration_ms=0.238 iterations=57 ret=1 rss_mib=3111.957 swap_mib=0.000 rss_delta_mib=0.000
[fsm_node-3] [WARN] [1788950201.402216764] [fsm_node]:  -- [SUPER] in [ReplanOnce]: Replan overtime, check parameters, replan dt = 0.139946546.
[fsm_node-3] [INFO] [1788950201.436570485] [fsm_node]:  -- [OPTIMIZER_PHASE_MEMORY] optimizer=exp event=begin call=22 rss_mib=3111.957 swap_mib=0.000 variables=17 pieces=5
[fsm_node-3] [INFO] [1788950201.488101307] [fsm_node]:  -- [OPTIMIZER_PHASE_MEMORY] optimizer=exp event=end call=22 duration_ms=51.552 iterations=4093 ret=1 rss_mib=3111.957 swap_mib=0.000 rss_delta_mib=0.000
[fsm_node-3] [INFO] [1788950201.572233649] [fsm_node]:  -- [OPTIMIZER_PHASE_MEMORY] optimizer=backup event=begin call=43 rss_mib=3111.957 swap_mib=0.000 variables=18 pieces=2
[fsm_node-3] [INFO] [1788950201.580596571] [fsm_node]:  -- [OPTIMIZER_PHASE_MEMORY] optimizer=backup event=end call=43 duration_ms=8.391 iterations=1272 ret=1 rss_mib=3111.957 swap_mib=0.000 rss_delta_mib=0.000
[fsm_node-3] [INFO] [1788950201.580707272] [fsm_node]:  -- [OPTIMIZER_PHASE_MEMORY] optimizer=backup event=begin call=44 rss_mib=3111.957 swap_mib=0.000 variables=18 pieces=2
[fsm_node-3] [INFO] [1788950201.586504476] [fsm_node]:  -- [OPTIMIZER_PHASE_MEMORY] optimizer=backup event=end call=44 duration_ms=5.795 iterations=895 ret=1 rss_mib=3111.957 swap_mib=0.000 rss_delta_mib=0.000
[fsm_node-3] [WARN] [1788950201.586533522] [fsm_node]:  -- [SUPER] in [ReplanOnce]: Replan overtime, check parameters, replan dt = 0.184029622.
[fsm_node-3] [INFO] [1788950201.622489142] [fsm_node]:  -- [OPTIMIZER_PHASE_MEMORY] optimizer=exp event=begin call=23 rss_mib=3111.957 swap_mib=0.000 variables=13 pieces=4
[fsm_node-3] [INFO] [1788950201.624279381] [fsm_node]:  -- [OPTIMIZER_PHASE_MEMORY] optimizer=exp event=end call=23 duration_ms=1.859 iterations=207 ret=1 rss_mib=3111.957 swap_mib=0.000 rss_delta_mib=0.000
[fsm_node-3] [INFO] [1788950201.706079134] [fsm_node]:  -- [OPTIMIZER_PHASE_MEMORY] optimizer=backup event=begin call=45 rss_mib=3111.957 swap_mib=0.000 variables=18 pieces=2
[fsm_node-3] [INFO] [1788950201.709416082] [fsm_node]:  -- [OPTIMIZER_PHASE_MEMORY] optimizer=backup event=end call=45 duration_ms=3.380 iterations=561 ret=1 rss_mib=3111.957 swap_mib=0.000 rss_delta_mib=0.000
[fsm_node-3] [INFO] [1788950201.709488625] [fsm_node]:  -- [OPTIMIZER_PHASE_MEMORY] optimizer=backup event=begin call=46 rss_mib=3111.957 swap_mib=0.000 variables=18 pieces=2
[fsm_node-3] [INFO] [1788950201.709890584] [fsm_node]:  -- [OPTIMIZER_PHASE_MEMORY] optimizer=backup event=end call=46 duration_ms=0.402 iterations=99 ret=1 rss_mib=3111.957 swap_mib=0.000 rss_delta_mib=0.000
[fsm_node-3] [WARN] [1788950201.709920608] [fsm_node]:  -- [SUPER] in [ReplanOnce]: Replan overtime, check parameters, replan dt = 0.123137541.
[fsm_node-3] [INFO] [1788950201.747411326] [fsm_node]:  -- [OPTIMIZER_PHASE_MEMORY] optimizer=exp event=begin call=24 rss_mib=3111.957 swap_mib=0.000 variables=13 pieces=4
[fsm_node-3] [INFO] [1788950201.749095203] [fsm_node]:  -- [OPTIMIZER_PHASE_MEMORY] optimizer=exp event=end call=24 duration_ms=1.750 iterations=188 ret=1 rss_mib=3111.957 swap_mib=0.000 rss_delta_mib=0.000
[fsm_node-3] [INFO] [1788950201.829641286] [fsm_node]:  -- [OPTIMIZER_PHASE_MEMORY] optimizer=backup event=begin call=47 rss_mib=3111.957 swap_mib=0.000 variables=18 pieces=2
[fsm_node-3] [INFO] [1788950201.832982147] [fsm_node]:  -- [OPTIMIZER_PHASE_MEMORY] optimizer=backup event=end call=47 duration_ms=3.359 iterations=686 ret=1 rss_mib=3111.957 swap_mib=0.000 rss_delta_mib=0.000
[fsm_node-3] [INFO] [1788950201.833041927] [fsm_node]:  -- [OPTIMIZER_PHASE_MEMORY] optimizer=backup event=begin call=48 rss_mib=3111.957 swap_mib=0.000 variables=18 pieces=2
[fsm_node-3] [INFO] [1788950201.843598408] [fsm_node]:  -- [OPTIMIZER_PHASE_MEMORY] optimizer=backup event=end call=48 duration_ms=10.543 iterations=1572 ret=1 rss_mib=3111.957 swap_mib=0.000 rss_delta_mib=0.000
[fsm_node-3] [WARN] [1788950201.843643259] [fsm_node]:  -- [SUPER] in [ReplanOnce]: Replan overtime, check parameters, replan dt = 0.133396371.
[fsm_node-3]  -- [TRAJ_GUARD_CERT] trigger=main_pre status=SAFE gen=5 map=22 map_age=0.011s map_age_limit=0.550s motion_speed=0.715mps samples=279 range=[0.150,1.540] collision_tt=-1.000 ttc=-1.000 p=[0.000,0.000,0.000]
[fsm_node-3]  -- [TRAJ_GUARD_CERT] trigger=main_pre status=SAFE gen=5 map=23 map_age=0.010s map_age_limit=0.500s motion_speed=4.291mps samples=239 range=[0.350,1.540] collision_tt=-1.000 ttc=-1.000 p=[0.000,0.000,0.000]
[fsm_node-3]  -- [TRAJ_GUARD_CERT] trigger=main_pre status=SAFE gen=5 map=24 map_age=0.009s map_age_limit=0.500s motion_speed=6.579mps samples=201 range=[0.540,1.540] collision_tt=-1.000 ttc=-1.000 p=[0.000,0.000,0.000]
[fsm_node-3]  -- [TRAJ_GUARD_CERT] trigger=main_pre status=SAFE gen=5 map=25 map_age=0.007s map_age_limit=0.500s motion_speed=6.989mps samples=161 range=[0.740,1.540] collision_tt=-1.000 ttc=-1.000 p=[0.000,0.000,0.000]
[fsm_node-3]  -- [TRAJ_GUARD_CERT] trigger=replan_post status=SAFE gen=5 map=26 map_age=0.010s map_age_limit=0.500s motion_speed=6.998mps samples=118 range=[0.958,1.540] collision_tt=-1.000 ttc=-1.000 p=[0.000,0.000,0.000]
[fsm_node-3] [33m Yaw rate too large, 5.328462962338349[0m
[fsm_node-3] [32m -- [Fsm] Get goal at [0m24.025000000000002 20.025000000000002  1.525000000000000
[fsm_node-3] [32m -- [Fsm] Receive click goal at: [24.025000000000002 20.025000000000002  1.525000000000000]; goal yaw: 0.000000000000000 deg[0m
[fsm_node-3] [INFO] [1788950201.869177565] [fsm_node]:  -- [OPTIMIZER_PHASE_MEMORY] optimizer=exp event=begin call=25 rss_mib=3111.957 swap_mib=0.000 variables=9 pieces=3
[fsm_node-3] [INFO] [1788950201.870392744] [fsm_node]:  -- [OPTIMIZER_PHASE_MEMORY] optimizer=exp event=end call=25 duration_ms=1.270 iterations=194 ret=1 rss_mib=3111.957 swap_mib=0.000 rss_delta_mib=0.000
[fsm_node-3]  -- [TRAJ_GUARD_CERT] trigger=main_pre status=SAFE gen=5 map=27 map_age=0.005s map_age_limit=0.500s motion_speed=6.230mps samples=79 range=[1.150,1.540] collision_tt=-1.000 ttc=-1.000 p=[0.000,0.000,0.000]
[fsm_node-3] [32m -- [Fsm 5.010] Current state: FOLLOW_TRAJ[0m
[fsm_node-3] [WARN] [1788950201.953701963] [fsm_node]:  -- [SUPER] in [ReplanOnce]: Replan overtime, check parameters, replan dt = 0.109827321.
[fsm_node-3] [INFO] [1788950201.980493868] [fsm_node]:  -- [OPTIMIZER_PHASE_MEMORY] optimizer=exp event=begin call=26 rss_mib=3111.957 swap_mib=0.000 variables=9 pieces=3
[fsm_node-3] [INFO] [1788950201.981741637] [fsm_node]:  -- [OPTIMIZER_PHASE_MEMORY] optimizer=exp event=end call=26 duration_ms=1.321 iterations=196 ret=1 rss_mib=3111.957 swap_mib=0.000 rss_delta_mib=0.000
[fsm_node-3] [WARN] [1788950202.044580335] [fsm_node]:  -- [SUPER] in [ReplanOnce]: Replan overtime, check parameters, replan dt = 0.090624493.
[fsm_node-3] [INFO] [1788950202.070923517] [fsm_node]:  -- [OPTIMIZER_PHASE_MEMORY] optimizer=exp event=begin call=27 rss_mib=3111.957 swap_mib=0.000 variables=5 pieces=2
[fsm_node-3] [INFO] [1788950202.071313999] [fsm_node]:  -- [OPTIMIZER_PHASE_MEMORY] optimizer=exp event=end call=27 duration_ms=0.473 iterations=75 ret=1 rss_mib=3111.957 swap_mib=0.000 rss_delta_mib=0.000
[fsm_node-3] [INFO] [1788950202.130600533] [fsm_node]:  -- [TRAJ_GUARD_COMMIT] phase=ReplanOnce/no_backup gen=6 map=28 samples=339 range=[0.085,1.769] escape=false footprint_egress=false escape_done_tt=-1.000
[fsm_node-3]  -- [TRAJ_GUARD_CERT] trigger=main_pre status=SAFE gen=5 map=28 map_age=0.010s map_age_limit=0.545s motion_speed=2.608mps samples=39 range=[1.350,1.540] collision_tt=-1.000 ttc=-1.000 p=[0.000,0.000,0.000]
[fsm_node-3] [32m -- [Fsm] ReplanOnce succeed.[0m
[fsm_node-3] [INFO] [1788950202.146565169] [fsm_node]:  -- [OPTIMIZER_PHASE_MEMORY] optimizer=exp event=begin call=28 rss_mib=3111.957 swap_mib=0.000 variables=9 pieces=3
[fsm_node-3] [INFO] [1788950202.150074916] [fsm_node]:  -- [OPTIMIZER_PHASE_MEMORY] optimizer=exp event=end call=28 duration_ms=3.555 iterations=497 ret=1 rss_mib=3111.957 swap_mib=0.000 rss_delta_mib=0.000
[fsm_node-3] [INFO] [1788950202.202841044] [fsm_node]:  -- [TRAJ_GUARD_COMMIT] phase=ReplanOnce/no_backup gen=7 map=28 samples=294 range=[0.072,1.531] escape=false footprint_egress=false escape_done_tt=-1.000
[fsm_node-3]  -- [TRAJ_GUARD_CERT] trigger=poly_publish status=SAFE gen=6 map=28 map_age=0.039s map_age_limit=0.550s motion_speed=2.034mps samples=338 range=[0.086,1.769] collision_tt=-1.000 ttc=-1.000 p=[0.000,0.000,0.000]
[fsm_node-3] [32m -- [Fsm] ReplanOnce succeed.[0m
[fsm_node-3] [INFO] [1788950202.219164040] [fsm_node]:  -- [OPTIMIZER_PHASE_MEMORY] optimizer=exp event=begin call=29 rss_mib=3111.957 swap_mib=0.000 variables=13 pieces=4
[fsm_node-3] [INFO] [1788950202.221859935] [fsm_node]:  -- [OPTIMIZER_PHASE_MEMORY] optimizer=exp event=end call=29 duration_ms=2.744 iterations=334 ret=1 rss_mib=3111.957 swap_mib=0.000 rss_delta_mib=0.000
[fsm_node-3] [INFO] [1788950202.274544948] [fsm_node]:  -- [TRAJ_GUARD_COMMIT] phase=ReplanOnce/no_backup gen=8 map=28 samples=276 range=[0.071,1.437] escape=false footprint_egress=false escape_done_tt=-1.000
[fsm_node-3]  -- [TRAJ_GUARD_CERT] trigger=poly_publish status=SAFE gen=7 map=28 map_age=0.111s map_age_limit=0.550s motion_speed=0.580mps samples=293 range=[0.072,1.531] collision_tt=-1.000 ttc=-1.000 p=[0.000,0.000,0.000]
[fsm_node-3] [32m -- [Fsm] ReplanOnce succeed.[0m
[fsm_node-3] [INFO] [1788950202.291055675] [fsm_node]:  -- [OPTIMIZER_PHASE_MEMORY] optimizer=exp event=begin call=30 rss_mib=3111.957 swap_mib=0.000 variables=13 pieces=4
[fsm_node-3] [INFO] [1788950202.294514253] [fsm_node]:  -- [OPTIMIZER_PHASE_MEMORY] optimizer=exp event=end call=30 duration_ms=3.517 iterations=393 ret=1 rss_mib=3111.957 swap_mib=0.000 rss_delta_mib=0.000
[fsm_node-3] [INFO] [1788950202.355194115] [fsm_node]:  -- [TRAJ_GUARD_COMMIT] phase=ReplanOnce/no_backup gen=9 map=29 samples=265 range=[0.080,1.390] escape=false footprint_egress=false escape_done_tt=-1.000
[fsm_node-3]  -- [TRAJ_GUARD_CERT] trigger=poly_publish status=SAFE gen=8 map=28 map_age=0.183s map_age_limit=0.550s motion_speed=0.384mps samples=275 range=[0.071,1.437] collision_tt=-1.000 ttc=-1.000 p=[0.000,0.000,0.000]
[fsm_node-3]  -- [TRAJ_GUARD_CERT] trigger=main_pre status=SAFE gen=8 map=29 map_age=0.004s map_age_limit=0.550s motion_speed=0.384mps samples=273 range=[0.079,1.437] collision_tt=-1.000 ttc=-1.000 p=[0.000,0.000,0.000]
[fsm_node-3] [32m -- [Fsm] ReplanOnce succeed.[0m
[fsm_node-3] [INFO] [1788950202.372374707] [fsm_node]:  -- [OPTIMIZER_PHASE_MEMORY] optimizer=exp event=begin call=31 rss_mib=3111.957 swap_mib=0.000 variables=13 pieces=4
[fsm_node-3] [INFO] [1788950202.376723250] [fsm_node]:  -- [OPTIMIZER_PHASE_MEMORY] optimizer=exp event=end call=31 duration_ms=4.411 iterations=507 ret=1 rss_mib=3111.957 swap_mib=0.000 rss_delta_mib=0.000
[fsm_node-3] [INFO] [1788950202.441790521] [fsm_node]:  -- [TRAJ_GUARD_COMMIT] phase=ReplanOnce/no_backup gen=10 map=29 samples=252 range=[0.086,1.333] escape=false footprint_egress=false escape_done_tt=-1.000
[fsm_node-3]  -- [TRAJ_GUARD_CERT] trigger=poly_publish status=SAFE gen=9 map=29 map_age=0.078s map_age_limit=0.550s motion_speed=0.728mps samples=263 range=[0.080,1.390] collision_tt=-1.000 ttc=-1.000 p=[0.000,0.000,0.000]
[fsm_node-3] [32m -- [Fsm] ReplanOnce succeed.[0m
[fsm_node-3] [INFO] [1788950202.458597936] [fsm_node]:  -- [OPTIMIZER_PHASE_MEMORY] optimizer=exp event=begin call=32 rss_mib=3111.957 swap_mib=0.000 variables=9 pieces=3
[fsm_node-3] [INFO] [1788950202.463758702] [fsm_node]:  -- [OPTIMIZER_PHASE_MEMORY] optimizer=exp event=end call=32 duration_ms=5.208 iterations=707 ret=1 rss_mib=3111.957 swap_mib=0.000 rss_delta_mib=0.000
[fsm_node-3] [WARN] [1788950202.533928272] [fsm_node]:  -- [SUPER] in [ReplanOnce]: Replan overtime, check parameters, replan dt = 0.091827441.
[fsm_node-3] [INFO] [1788950202.551023419] [fsm_node]:  -- [OPTIMIZER_PHASE_MEMORY] optimizer=exp event=begin call=33 rss_mib=3111.957 swap_mib=0.000 variables=13 pieces=4
[fsm_node-3] [INFO] [1788950202.556965477] [fsm_node]:  -- [OPTIMIZER_PHASE_MEMORY] optimizer=exp event=end call=33 duration_ms=5.995 iterations=659 ret=1 rss_mib=3111.957 swap_mib=0.000 rss_delta_mib=0.000
[fsm_node-3] [INFO] [1788950202.619732094] [fsm_node]:  -- [TRAJ_GUARD_COMMIT] phase=ReplanOnce/no_backup gen=11 map=30 samples=219 range=[0.085,1.168] escape=false footprint_egress=false escape_done_tt=-1.000
[fsm_node-3]  -- [TRAJ_GUARD_CERT] trigger=poly_publish status=SAFE gen=10 map=29 map_age=0.164s map_age_limit=0.550s motion_speed=1.058mps samples=251 range=[0.086,1.333] collision_tt=-1.000 ttc=-1.000 p=[0.000,0.000,0.000]
[fsm_node-3]  -- [TRAJ_GUARD_CERT] trigger=main_pre status=SAFE gen=10 map=30 map_age=0.003s map_age_limit=0.550s motion_speed=1.585mps samples=243 range=[0.126,1.333] collision_tt=-1.000 ttc=-1.000 p=[0.000,0.000,0.000]
[fsm_node-3] [32m -- [Fsm] ReplanOnce succeed.[0m
[fsm_node-3] [INFO] [1788950202.636389150] [fsm_node]:  -- [OPTIMIZER_PHASE_MEMORY] optimizer=exp event=begin call=34 rss_mib=3111.957 swap_mib=0.000 variables=9 pieces=3
[fsm_node-3] [INFO] [1788950202.641148068] [fsm_node]:  -- [OPTIMIZER_PHASE_MEMORY] optimizer=exp event=end call=34 duration_ms=4.813 iterations=627 ret=1 rss_mib=3111.957 swap_mib=0.000 rss_delta_mib=0.000
[fsm_node-3] [INFO] [1788950202.696291834] [fsm_node]:  -- [TRAJ_GUARD_COMMIT] phase=ReplanOnce/no_backup gen=12 map=31 samples=205 range=[0.076,1.089] escape=false footprint_egress=false escape_done_tt=-1.000
[fsm_node-3]  -- [TRAJ_GUARD_CERT] trigger=poly_publish status=SAFE gen=11 map=30 map_age=0.141s map_age_limit=0.500s motion_speed=4.113mps samples=218 range=[0.086,1.168] collision_tt=-1.000 ttc=-1.000 p=[0.000,0.000,0.000]
[fsm_node-3]  -- [TRAJ_GUARD_CERT] trigger=main_pre status=SAFE gen=11 map=31 map_age=0.004s map_age_limit=0.500s motion_speed=5.028mps samples=206 range=[0.148,1.168] collision_tt=-1.000 ttc=-1.000 p=[0.000,0.000,0.000]
[fsm_node-3] [32m -- [Fsm] ReplanOnce succeed.[0m
[fsm_node-3] [INFO] [1788950202.710420235] [fsm_node]:  -- [OPTIMIZER_PHASE_MEMORY] optimizer=exp event=begin call=35 rss_mib=3111.957 swap_mib=0.000 variables=9 pieces=3
[fsm_node-3] [INFO] [1788950202.714138482] [fsm_node]:  -- [OPTIMIZER_PHASE_MEMORY] optimizer=exp event=end call=35 duration_ms=3.772 iterations=520 ret=1 rss_mib=3111.957 swap_mib=0.000 rss_delta_mib=0.000
[fsm_node-3] [INFO] [1788950202.761336976] [fsm_node]:  -- [TRAJ_GUARD_COMMIT] phase=ReplanOnce/no_backup gen=13 map=31 samples=193 range=[0.064,1.015] escape=false footprint_egress=false escape_done_tt=-1.000
[fsm_node-3]  -- [TRAJ_GUARD_CERT] trigger=poly_publish status=SAFE gen=12 map=31 map_age=0.019s map_age_limit=0.500s motion_speed=5.287mps samples=204 range=[0.076,1.089] collision_tt=-1.000 ttc=-1.000 p=[0.000,0.000,0.000]
[fsm_node-3] [32m -- [Fsm] ReplanOnce succeed.[0m
[fsm_node-3] [INFO] [1788950202.774325022] [fsm_node]:  -- [OPTIMIZER_PHASE_MEMORY] optimizer=exp event=begin call=36 rss_mib=3111.957 swap_mib=0.000 variables=5 pieces=2
[fsm_node-3] [INFO] [1788950202.774783059] [fsm_node]:  -- [OPTIMIZER_PHASE_MEMORY] optimizer=exp event=end call=36 duration_ms=0.528 iterations=95 ret=1 rss_mib=3111.957 swap_mib=0.000 rss_delta_mib=0.000
[fsm_node-3] [INFO] [1788950202.817788611] [fsm_node]:  -- [TRAJ_GUARD_COMMIT] phase=ReplanOnce/no_backup gen=14 map=31 samples=182 range=[0.056,0.952] escape=false footprint_egress=false escape_done_tt=-1.000
[fsm_node-3]  -- [TRAJ_GUARD_CERT] trigger=poly_publish status=SAFE gen=13 map=31 map_age=0.084s map_age_limit=0.500s motion_speed=5.925mps samples=192 range=[0.065,1.015] collision_tt=-1.000 ttc=-1.000 p=[0.000,0.000,0.000]
[fsm_node-3] [32m -- [Fsm] ReplanOnce succeed.[0m
[fsm_node-3] [INFO] [1788950202.832427282] [fsm_node]:  -- [OPTIMIZER_PHASE_MEMORY] optimizer=exp event=begin call=37 rss_mib=3111.957 swap_mib=0.000 variables=5 pieces=2
[fsm_node-3] [INFO] [1788950202.837666013] [fsm_node]:  -- [OPTIMIZER_PHASE_MEMORY] optimizer=exp event=end call=37 duration_ms=5.303 iterations=842 ret=1 rss_mib=3111.957 swap_mib=0.000 rss_delta_mib=0.000
[fsm_node-3]  -- [TRAJ_GUARD_CERT] trigger=poly_publish status=SAFE gen=14 map=31 map_age=0.140s map_age_limit=0.500s motion_speed=6.370mps samples=181 range=[0.056,0.952] collision_tt=-1.000 ttc=-1.000 p=[0.000,0.000,0.000]
[fsm_node-3] [32m -- [Fsm] Get goal at [0m24.025000000000002 20.025000000000002  1.525000000000000
[fsm_node-3] [32m -- [Fsm] Receive click goal at: [24.025000000000002 20.025000000000002  1.525000000000000]; goal yaw: 0.000000000000000 deg[0m
[fsm_node-3] [INFO] [1788950202.874077675] [fsm_node]:  -- [TRAJ_GUARD_COMMIT] phase=ReplanOnce/no_backup gen=15 map=31 samples=170 range=[0.052,0.888] escape=false footprint_egress=false escape_done_tt=-1.000
[fsm_node-3] [32m -- [Fsm] ReplanOnce succeed.[0m
[fsm_node-3] [INFO] [1788950202.898363781] [fsm_node]:  -- [OPTIMIZER_PHASE_MEMORY] optimizer=exp event=begin call=38 rss_mib=3111.957 swap_mib=0.000 variables=5 pieces=2
[fsm_node-3] [INFO] [1788950202.898886967] [fsm_node]:  -- [OPTIMIZER_PHASE_MEMORY] optimizer=exp event=end call=38 duration_ms=0.588 iterations=118 ret=1 rss_mib=3111.957 swap_mib=0.000 rss_delta_mib=0.000
[fsm_node-3]  -- [TRAJ_GUARD_CERT] trigger=poly_publish status=SAFE gen=15 map=31 map_age=0.196s map_age_limit=0.500s motion_speed=6.702mps samples=169 range=[0.052,0.888] collision_tt=-1.000 ttc=-1.000 p=[0.000,0.000,0.000]
[fsm_node-3]  -- [TRAJ_GUARD_CERT] trigger=main_pre status=SAFE gen=15 map=32 map_age=0.002s map_age_limit=0.500s motion_speed=6.702mps samples=167 range=[0.060,0.888] collision_tt=-1.000 ttc=-1.000 p=[0.000,0.000,0.000]
[fsm_node-3] [32m -- [Fsm 6.020] Current state: FOLLOW_TRAJ[0m
[fsm_node-3] [INFO] [1788950202.928662215] [fsm_node]:  -- [TRAJ_GUARD_COMMIT] phase=ReplanOnce/no_backup gen=16 map=32 samples=160 range=[0.041,0.826] escape=false footprint_egress=false escape_done_tt=-1.000
[fsm_node-3] [32m -- [Fsm] ReplanOnce succeed.[0m
[fsm_node-3] [INFO] [1788950202.965819320] [fsm_node]:  -- [OPTIMIZER_PHASE_MEMORY] optimizer=exp event=begin call=39 rss_mib=3111.957 swap_mib=0.000 variables=5 pieces=2
[fsm_node-3] [INFO] [1788950202.966467954] [fsm_node]:  -- [OPTIMIZER_PHASE_MEMORY] optimizer=exp event=end call=39 duration_ms=0.707 iterations=153 ret=1 rss_mib=3111.957 swap_mib=0.000 rss_delta_mib=0.000
[fsm_node-3] [INFO] [1788950202.988568162] [fsm_node]:  -- [TRAJ_GUARD_COMMIT] phase=ReplanOnce/no_backup gen=17 map=32 samples=148 range=[0.034,0.760] escape=false footprint_egress=false escape_done_tt=-1.000
[fsm_node-3]  -- [TRAJ_GUARD_CERT] trigger=poly_publish status=SAFE gen=16 map=32 map_age=0.049s map_age_limit=0.500s motion_speed=6.887mps samples=159 range=[0.041,0.826] collision_tt=-1.000 ttc=-1.000 p=[0.000,0.000,0.000]
[fsm_node-3] [32m -- [Fsm] ReplanOnce succeed.[0m
[fsm_node-3] [INFO] [1788950203.028947909] [fsm_node]:  -- [OPTIMIZER_PHASE_MEMORY] optimizer=exp event=begin call=40 rss_mib=3111.957 swap_mib=0.000 variables=5 pieces=2
[fsm_node-3] [INFO] [1788950203.029471633] [fsm_node]:  -- [OPTIMIZER_PHASE_MEMORY] optimizer=exp event=end call=40 duration_ms=0.584 iterations=124 ret=1 rss_mib=3111.957 swap_mib=0.000 rss_delta_mib=0.000
[fsm_node-3] [INFO] [1788950203.046199601] [fsm_node]:  -- [TRAJ_GUARD_COMMIT] phase=ReplanOnce/no_backup gen=18 map=32 samples=136 range=[0.026,0.692] escape=false footprint_egress=false escape_done_tt=-1.000
[fsm_node-3]  -- [TRAJ_GUARD_CERT] trigger=poly_publish status=SAFE gen=17 map=32 map_age=0.109s map_age_limit=0.500s motion_speed=6.949mps samples=146 range=[0.035,0.760] collision_tt=-1.000 ttc=-1.000 p=[0.000,0.000,0.000]
[fsm_node-3] [32m -- [Fsm] ReplanOnce succeed.[0m
[fsm_node-3] [INFO] [1788950203.094157157] [fsm_node]:  -- [OPTIMIZER_PHASE_MEMORY] optimizer=exp event=begin call=41 rss_mib=3111.957 swap_mib=0.000 variables=5 pieces=2
[fsm_node-3] [INFO] [1788950203.094827323] [fsm_node]:  -- [OPTIMIZER_PHASE_MEMORY] optimizer=exp event=end call=41 duration_ms=0.727 iterations=134 ret=1 rss_mib=3111.957 swap_mib=0.000 rss_delta_mib=0.000
[fsm_node-3] [INFO] [1788950203.108304752] [fsm_node]:  -- [TRAJ_GUARD_COMMIT] phase=ReplanOnce/no_backup gen=19 map=33 samples=119 range=[0.022,0.606] escape=false footprint_egress=false escape_done_tt=-1.000
[fsm_node-3]  -- [TRAJ_GUARD_CERT] trigger=poly_publish status=SAFE gen=18 map=32 map_age=0.167s map_age_limit=0.500s motion_speed=6.785mps samples=135 range=[0.026,0.692] collision_tt=-1.000 ttc=-1.000 p=[0.000,0.000,0.000]
[fsm_node-3]  -- [TRAJ_GUARD_CERT] trigger=main_pre status=SAFE gen=18 map=33 map_age=0.009s map_age_limit=0.500s motion_speed=6.645mps samples=126 range=[0.072,0.692] collision_tt=-1.000 ttc=-1.000 p=[0.000,0.000,0.000]
[fsm_node-3] [32m -- [Fsm] ReplanOnce succeed.[0m
[fsm_node-3] [INFO] [1788950203.161246291] [fsm_node]:  -- [OPTIMIZER_PHASE_MEMORY] optimizer=exp event=begin call=42 rss_mib=3111.957 swap_mib=0.000 variables=5 pieces=2
[fsm_node-3] [INFO] [1788950203.161676527] [fsm_node]:  -- [OPTIMIZER_PHASE_MEMORY] optimizer=exp event=end call=42 duration_ms=0.512 iterations=42 ret=1 rss_mib=3111.957 swap_mib=0.000 rss_delta_mib=0.000
[fsm_node-3] [INFO] [1788950203.171607138] [fsm_node]:  -- [TRAJ_GUARD_COMMIT] phase=ReplanOnce/no_backup gen=20 map=33 samples=111 range=[0.019,0.560] escape=false footprint_egress=false escape_done_tt=-1.000
[fsm_node-3]  -- [TRAJ_GUARD_CERT] trigger=poly_publish status=SAFE gen=19 map=33 map_age=0.025s map_age_limit=0.500s motion_speed=6.578mps samples=118 range=[0.022,0.606] collision_tt=-1.000 ttc=-1.000 p=[0.000,0.000,0.000]
[fsm_node-3] [32m -- [Fsm] ReplanOnce succeed.[0m
[fsm_node-3] [INFO] [1788950203.220392735] [fsm_node]:  -- [OPTIMIZER_PHASE_MEMORY] optimizer=exp event=begin call=43 rss_mib=3111.957 swap_mib=0.000 variables=1 pieces=1
[fsm_node-3] [INFO] [1788950203.220526217] [fsm_node]:  -- [OPTIMIZER_PHASE_MEMORY] optimizer=exp event=end call=43 duration_ms=0.204 iterations=21 ret=1 rss_mib=3111.957 swap_mib=0.000 rss_delta_mib=0.000
[fsm_node-3] [INFO] [1788950203.226315704] [fsm_node]:  -- [TRAJ_GUARD_COMMIT] phase=ReplanOnce/no_backup gen=21 map=33 samples=100 range=[0.008,0.494] escape=false footprint_egress=false escape_done_tt=-1.000
[fsm_node-3]  -- [TRAJ_GUARD_CERT] trigger=poly_publish status=SAFE gen=20 map=33 map_age=0.089s map_age_limit=0.500s motion_speed=6.380mps samples=110 range=[0.020,0.560] collision_tt=-1.000 ttc=-1.000 p=[0.000,0.000,0.000]
[fsm_node-3] [32m -- [Fsm] ReplanOnce succeed.[0m
[fsm_node-3] [INFO] [1788950203.288863355] [fsm_node]:  -- [TRAJ_GUARD_COMMIT] phase=ReplanOnce/no_backup gen=22 map=34 samples=87 range=[0.071,0.494] escape=false footprint_egress=false escape_done_tt=-1.000
[fsm_node-3]  -- [TRAJ_GUARD_CERT] trigger=poly_publish status=SAFE gen=21 map=33 map_age=0.143s map_age_limit=0.500s motion_speed=6.087mps samples=99 range=[0.008,0.494] collision_tt=-1.000 ttc=-1.000 p=[0.000,0.000,0.000]
[fsm_node-3]  -- [TRAJ_GUARD_CERT] trigger=main_pre status=SAFE gen=21 map=34 map_age=0.006s map_age_limit=0.500s motion_speed=5.644mps samples=88 range=[0.064,0.494] collision_tt=-1.000 ttc=-1.000 p=[0.000,0.000,0.000]
[fsm_node-3] [32m -- [Fsm] ReplanOnce succeed.[0m
[fsm_node-3] [INFO] [1788950203.355915440] [fsm_node]:  -- [TRAJ_GUARD_COMMIT] phase=ReplanOnce/no_backup gen=23 map=34 samples=74 range=[0.138,0.494] escape=false footprint_egress=false escape_done_tt=-1.000
[fsm_node-3]  -- [TRAJ_GUARD_CERT] trigger=poly_publish status=SAFE gen=22 map=34 map_age=0.013s map_age_limit=0.500s motion_speed=5.644mps samples=86 range=[0.071,0.494] collision_tt=-1.000 ttc=-1.000 p=[0.000,0.000,0.000]
[fsm_node-3] [32m -- [Fsm] ReplanOnce succeed.[0m
[fsm_node-3] [INFO] [1788950203.418002262] [fsm_node]:  -- [TRAJ_GUARD_COMMIT] phase=ReplanOnce/no_backup gen=24 map=34 samples=61 range=[0.200,0.494] escape=false footprint_egress=false escape_done_tt=-1.000
[fsm_node-3]  -- [TRAJ_GUARD_CERT] trigger=poly_publish status=SAFE gen=23 map=34 map_age=0.080s map_age_limit=0.500s motion_speed=4.625mps samples=73 range=[0.138,0.494] collision_tt=-1.000 ttc=-1.000 p=[0.000,0.000,0.000]
[fsm_node-3] [32m -- [Fsm] ReplanOnce succeed.[0m
[fsm_node-3] [INFO] [1788950203.482867053] [fsm_node]:  -- [TRAJ_GUARD_COMMIT] phase=ReplanOnce/no_backup gen=25 map=35 samples=48 range=[0.265,0.494] escape=false footprint_egress=false escape_done_tt=-1.000
[fsm_node-3]  -- [TRAJ_GUARD_CERT] trigger=poly_publish status=SAFE gen=24 map=34 map_age=0.142s map_age_limit=0.500s motion_speed=3.630mps samples=60 range=[0.200,0.494] collision_tt=-1.000 ttc=-1.000 p=[0.000,0.000,0.000]
[fsm_node-3] [32m -- [Fsm] ReplanOnce succeed.[0m
[fsm_node-3] [INFO] [1788950203.549215056] [fsm_node]:  -- [TRAJ_GUARD_COMMIT] phase=ReplanOnce/no_backup gen=26 map=35 samples=35 range=[0.331,0.494] escape=false footprint_egress=false escape_done_tt=-1.000
[fsm_node-3]  -- [TRAJ_GUARD_CERT] trigger=poly_publish status=SAFE gen=25 map=35 map_age=0.001s map_age_limit=0.550s motion_speed=2.318mps samples=47 range=[0.265,0.494] collision_tt=-1.000 ttc=-1.000 p=[0.000,0.000,0.000]
[fsm_node-3] [32m -- [Fsm] ReplanOnce succeed.[0m
[fsm_node-3] [INFO] [1788950203.614605072] [fsm_node]:  -- [TRAJ_GUARD_COMMIT] phase=ReplanOnce/no_backup gen=27 map=36 samples=22 range=[0.396,0.494] escape=false footprint_egress=false escape_done_tt=-1.000
[fsm_node-3]  -- [TRAJ_GUARD_CERT] trigger=poly_publish status=SAFE gen=26 map=35 map_age=0.068s map_age_limit=0.550s motion_speed=1.247mps samples=34 range=[0.332,0.494] collision_tt=-1.000 ttc=-1.000 p=[0.000,0.000,0.000]
[fsm_node-3]  -- [TRAJ_GUARD_CERT] trigger=main_pre status=SAFE gen=26 map=36 map_age=0.007s map_age_limit=0.550s motion_speed=0.672mps samples=26 range=[0.374,0.494] collision_tt=-1.000 ttc=-1.000 p=[0.000,0.000,0.000]
[fsm_node-3] [32m -- [Fsm] ReplanOnce succeed.[0m
[fsm_node-3] [INFO] [1788950203.680334498] [fsm_node]:  -- [TRAJ_GUARD_COMMIT] phase=ReplanOnce/no_backup gen=28 map=36 samples=9 range=[0.462,0.494] escape=false footprint_egress=false escape_done_tt=-1.000
[fsm_node-3]  -- [TRAJ_GUARD_CERT] trigger=poly_publish status=SAFE gen=27 map=36 map_age=0.030s map_age_limit=0.550s motion_speed=0.350mps samples=21 range=[0.397,0.494] collision_tt=-1.000 ttc=-1.000 p=[0.000,0.000,0.000]
[fsm_node-3] [32m -- [Fsm] ReplanOnce succeed.[0m
[fsm_node-3]  -- [TRAJ_GUARD_CERT] trigger=poly_publish status=SAFE gen=28 map=36 map_age=0.096s map_age_limit=0.550s motion_speed=0.029mps samples=8 range=[0.463,0.494] collision_tt=-1.000 ttc=-1.000 p=[0.000,0.000,0.000]
[fsm_node-3] [32m -- [Fsm] Traj finish.[0m
