{
  "checks": {
    "actual_rviz_late_reconnect": true,
    "binding:binary_adaptive": true,
    "binding:binary_full": true,
    "binding:binary_standalone": true,
    "binding:frontend_component": true,
    "binding:frontend_heading_policy": true,
    "binding:frontend_source": true,
    "binding:installed_view_benchmark": true,
    "binding:installed_view_fpv": true,
    "binding:installed_view_launcher": true,
    "binding:installed_view_top_down": true,
    "binding:installed_view_watch_sector": true,
    "binding:runtime_durable_policy": true,
    "binding:runtime_latched_policy": true,
    "binding:runtime_model": true,
    "binding:runtime_view_benchmark": true,
    "binding:runtime_view_fpv": true,
    "binding:runtime_view_launcher": true,
    "binding:runtime_view_top_down": true,
    "binding:runtime_view_watch_sector": true,
    "binding:seed7_config": true,
    "binding:seed7_pcd": true,
    "binding_inventory": true,
    "expected_geometry": true,
    "installed_matches_source:benchmark": true,
    "installed_matches_source:fpv": true,
    "installed_matches_source:launcher": true,
    "installed_matches_source:top_down": true,
    "installed_matches_source:watch_sector": true,
    "map": true,
    "schema": true,
    "six_transport_cases": true,
    "transport:0": true,
    "transport:1": true,
    "transport:2": true,
    "transport:3": true,
    "transport:4": true,
    "transport:5": true,
    "transport_case_coverage": true
  },
  "errors": [],
  "evidence_sha256": {
    "/root/super-sector-filter/results/c22_normal_five_20260916/iteration04/static_preflight/seed7/actual_rviz/late.json": "78a9b2c0f69aee57ebb696715044759a69380e32c68f3af5179b257c52309f5a",
    "/root/super-sector-filter/results/c22_normal_five_20260916/iteration04/static_preflight/seed7/actual_rviz/late.log": "97a4abbab67bd1b937857f5bc5f659db8f7eb2b33e710a71fe8d55c2defc407d",
    "/root/super-sector-filter/results/c22_normal_five_20260916/iteration04/static_preflight/seed7/actual_rviz/late.png": "edf5a2c81b2cfcbe1ef548a7a1033b1e7202a4eaf5b596ff9acfe99d0ca22a95",
    "/root/super-sector-filter/results/c22_normal_five_20260916/iteration04/static_preflight/seed7/actual_rviz/reconnected.json": "5a363626792b36431e97f7f453601a9f58a90f56ff846a0d93b4591c92453bd3",
    "/root/super-sector-filter/results/c22_normal_five_20260916/iteration04/static_preflight/seed7/actual_rviz/reconnected.log": "ffb6711dfbdde930289a34ca58f2322a12fd0b6bfeff8e19f54939c4eb685079",
    "/root/super-sector-filter/results/c22_normal_five_20260916/iteration04/static_preflight/seed7/actual_rviz/reconnected.png": "edf5a2c81b2cfcbe1ef548a7a1033b1e7202a4eaf5b596ff9acfe99d0ca22a95",
    "/root/super-sector-filter/results/c22_normal_five_20260916/iteration04/static_preflight/seed7/actual_rviz/result.json": "983385897e41fda6bde14f72fed9019e34b6e81a526bf16bb8b7d1962f1f34a9",
    "/root/super-sector-filter/results/c22_normal_five_20260916/iteration04/static_preflight/seed7/actual_rviz/simulator.log": "89dd3ce168ae562e251973e6ff7b6adeb08f0a107d2056c4eacc5cc173c2b87b",
    "/root/super-sector-filter/results/c22_normal_five_20260916/iteration04/static_preflight/seed7/adaptive_late/result.json": "dc45a7c4fad68bd6b0505fceeccd33bffec7abad63d80be2c133f9641d560d9f",
    "/root/super-sector-filter/results/c22_normal_five_20260916/iteration04/static_preflight/seed7/adaptive_late/simulator.log": "361c75f3a7360a29c30f3c333cb707c9b5ba6e5f66901eeb95a604670545d81e",
    "/root/super-sector-filter/results/c22_normal_five_20260916/iteration04/static_preflight/seed7/adaptive_reader-first/result.json": "44a15d6f1b88ad50fec99d6e6149adbb5e0f682ff332317d1657d02f666d12d9",
    "/root/super-sector-filter/results/c22_normal_five_20260916/iteration04/static_preflight/seed7/adaptive_reader-first/simulator.log": "852e48e7f43afc6fda1169d2a8c74a6801c52526630d1ebdfcbf7ea32f928d8a",
    "/root/super-sector-filter/results/c22_normal_five_20260916/iteration04/static_preflight/seed7/full_late/result.json": "a888075fe0b0bd60e79befc887d1c02bda0f2282a8dd6c3df1066b2250adea33",
    "/root/super-sector-filter/results/c22_normal_five_20260916/iteration04/static_preflight/seed7/full_late/simulator.log": "94481d86cfeabe1c5de65196bee651394af1c23823fb622403c9111f3627c593",
    "/root/super-sector-filter/results/c22_normal_five_20260916/iteration04/static_preflight/seed7/full_reader-first/result.json": "ad5f5becaa24fa8ce1eb8b721cffefa6edabaf460559db035b16867ac9ecd74d",
    "/root/super-sector-filter/results/c22_normal_five_20260916/iteration04/static_preflight/seed7/full_reader-first/simulator.log": "76bab70a9d3d242f82a7def63bea184cb24c8740e43d7c7e265ebb03617072a1",
    "/root/super-sector-filter/results/c22_normal_five_20260916/iteration04/static_preflight/seed7/standalone_late/result.json": "003aa1afad49de77662c5146a57e582f956ce150051021d247e9e8a9b2e94c6f",
    "/root/super-sector-filter/results/c22_normal_five_20260916/iteration04/static_preflight/seed7/standalone_late/simulator.log": "9e047fb4114d97aff842ec5ec35d2542faa0ecedd97accca7ee6d907926e4293",
    "/root/super-sector-filter/results/c22_normal_five_20260916/iteration04/static_preflight/seed7/standalone_reader-first/result.json": "c2c3d45652400903938b4fe6c4398ee1f8c661b632381cbcce517dcac803f3ca",
    "/root/super-sector-filter/results/c22_normal_five_20260916/iteration04/static_preflight/seed7/standalone_reader-first/simulator.log": "abcfa325c74840084c5cce7f89e0c203e319a99c1682788088d07bde2c1491ba"
  },
  "manifest_sha256": "a23f73976bfd5bbf37d11e4dee5eaedcf95098e90cc11b94718b3cfdc5d943e6",
  "runtime_sha256": {
    "binary_adaptive": "924e27f62e5d067df84b4a4dbf6c47114f0703f0de15af6ccefc0b1e1e974dcf",
    "binary_full": "20bfb253cda7186924d14ff889feb390d37a8ce8b7ef6d7a2f6c2296d72b54c4",
    "binary_standalone": "2907507a8932aeeb93fd48277c8e119308c45257c21d70749fd07d27e1e12e58",
    "frontend_component": "e475f3d7c46f4d6a1fd173d98652c9c1ef462a7284f0df11eab31a010e71dd14",
    "frontend_heading_policy": "60c3367f56d9f3f79730054adc8fed0e13f353cb20e7a1129e9ba9d8e262518a",
    "frontend_source": "7181af08265554c2c092be70ab3343132c3a7781148e1667c9369ce211ca98ab",
    "installed_view_benchmark": "bf82601ba8c6123efb062800d1bb424f2848656589c4ab063fd9a0df9c556b38",
    "installed_view_fpv": "4d0468a17b9785b1404d2e2ba1d673bbb6f4b052c83145cc5b02e7e7311e2acc",
    "installed_view_launcher": "39c2edbb2068ad65b068c3c96c74c7f23263b9616b6a007e6d04a406bb1e9b43",
    "installed_view_top_down": "451ba3b7b4747059d0d0af96f4c11eb23ce3e015d602dca6b6475d028ae9a906",
    "installed_view_watch_sector": "8cc47c1f90244e77af709153372953690e0fc362b614935b77d2f6371b6a494a",
    "runtime_durable_policy": "8019947966077efb30d6769a9650c050fe48cbc1e6c79f7e4cb0787ab44d1a75",
    "runtime_latched_policy": "86c79423eef8a5460ed253d2291d886b5b03842e8f357ecbfebb5c195caeee6a",
    "runtime_model": "8f8f3dc03b70c4eda4f61cedbccfff91644270033de90b9ad8697c55382fd8c4",
    "runtime_view_benchmark": "bf82601ba8c6123efb062800d1bb424f2848656589c4ab063fd9a0df9c556b38",
    "runtime_view_fpv": "4d0468a17b9785b1404d2e2ba1d673bbb6f4b052c83145cc5b02e7e7311e2acc",
    "runtime_view_launcher": "39c2edbb2068ad65b068c3c96c74c7f23263b9616b6a007e6d04a406bb1e9b43",
    "runtime_view_top_down": "451ba3b7b4747059d0d0af96f4c11eb23ce3e015d602dca6b6475d028ae9a906",
    "runtime_view_watch_sector": "8cc47c1f90244e77af709153372953690e0fc362b614935b77d2f6371b6a494a",
    "seed7_config": "e743bfeb7cb7134490e3f4f4ceefd164ec809cc574ea5ab5876a2233f10ad8c1",
    "seed7_pcd": "b02d81453f097bde2605ef934a72b4b784a89f8755af45ac3e9555cc2e91ab84"
  },
  "schema": "static-latched-contract-v1",
  "scope": "No-flight transport and actual RViz reader migration; not flight/CPU/safety certification",
  "valid": true
}
