{
  "checks": {
    "actual_rviz_late_reconnect": true,
    "binding:binary_adaptive": true,
    "binding:binary_full": true,
    "binding:binary_standalone": true,
    "binding:frontend_component": true,
    "binding:frontend_heading_policy": true,
    "binding:frontend_source": true,
    "binding:installed_view_benchmark": true,
    "binding:installed_view_fpv": true,
    "binding:installed_view_launcher": true,
    "binding:installed_view_top_down": true,
    "binding:installed_view_watch_sector": true,
    "binding:runtime_durable_policy": true,
    "binding:runtime_latched_policy": true,
    "binding:runtime_model": true,
    "binding:runtime_view_benchmark": true,
    "binding:runtime_view_fpv": true,
    "binding:runtime_view_launcher": true,
    "binding:runtime_view_top_down": true,
    "binding:runtime_view_watch_sector": true,
    "binding:seed5_config": true,
    "binding:seed5_pcd": true,
    "binding_inventory": true,
    "expected_geometry": true,
    "installed_matches_source:benchmark": true,
    "installed_matches_source:fpv": true,
    "installed_matches_source:launcher": true,
    "installed_matches_source:top_down": true,
    "installed_matches_source:watch_sector": true,
    "map": true,
    "schema": true,
    "six_transport_cases": true,
    "transport:0": true,
    "transport:1": true,
    "transport:2": true,
    "transport:3": true,
    "transport:4": true,
    "transport:5": true,
    "transport_case_coverage": true
  },
  "errors": [],
  "evidence_sha256": {
    "/root/super-sector-filter/results/c22_normal_five_20260916/iteration04/static_preflight/seed5/actual_rviz/late.json": "43a04e0b901b91c61c0fe9f149d8b72b1f65e0055f1596059295ef1ec1033a92",
    "/root/super-sector-filter/results/c22_normal_five_20260916/iteration04/static_preflight/seed5/actual_rviz/late.log": "eee71c5e829cb72e16d940639a6ff1d6a2d2b3eed3d8b65ceb8c0dfb84b48bc3",
    "/root/super-sector-filter/results/c22_normal_five_20260916/iteration04/static_preflight/seed5/actual_rviz/late.png": "a2f00f85c3a1251ed024400159c12752ce25c5a204ff305e229fe01dce5ef784",
    "/root/super-sector-filter/results/c22_normal_five_20260916/iteration04/static_preflight/seed5/actual_rviz/reconnected.json": "010c933579a76a2ac85400f657499bb8a640e98dcaf14e374a7f7c037a7a044a",
    "/root/super-sector-filter/results/c22_normal_five_20260916/iteration04/static_preflight/seed5/actual_rviz/reconnected.log": "3203329ae75e2bfe960a66f36e0d8b2f18425e3a067266cd582dd25d89308d7b",
    "/root/super-sector-filter/results/c22_normal_five_20260916/iteration04/static_preflight/seed5/actual_rviz/reconnected.png": "fd264e6760e9c833e0860590014f0d19eb42569fcb858244da59454c9976cc95",
    "/root/super-sector-filter/results/c22_normal_five_20260916/iteration04/static_preflight/seed5/actual_rviz/result.json": "830ea45c767bbcfd1c8fe60d5f6abc38f4522e5ac0c382f23b056ae47d5fe78d",
    "/root/super-sector-filter/results/c22_normal_five_20260916/iteration04/static_preflight/seed5/actual_rviz/simulator.log": "8b743eb09f7f2cda605e60feeefe6edbc0afef3f89998a40047c95a194b52b7f",
    "/root/super-sector-filter/results/c22_normal_five_20260916/iteration04/static_preflight/seed5/adaptive_late/result.json": "282d7d48ead1fb3a1ace0d1311a2c127701e00417328748e9e90219eeccdf914",
    "/root/super-sector-filter/results/c22_normal_five_20260916/iteration04/static_preflight/seed5/adaptive_late/simulator.log": "f6170024b782376fa3cc6dd172dfa3f3cb4c58bf5a898eeb6546b3778454b874",
    "/root/super-sector-filter/results/c22_normal_five_20260916/iteration04/static_preflight/seed5/adaptive_reader-first/result.json": "714739faf9b63654a676405d6c61e9ae5487d79f81f27fa7f059315a44325bee",
    "/root/super-sector-filter/results/c22_normal_five_20260916/iteration04/static_preflight/seed5/adaptive_reader-first/simulator.log": "3cd0362e2aa6af1806a5767c9b1b09f582062571bb2e64ccba66363f32ac35ff",
    "/root/super-sector-filter/results/c22_normal_five_20260916/iteration04/static_preflight/seed5/full_late/result.json": "e8a6fa9680622a09f12ac62339ff872bdeb925da56809028f4f9823e64d78f4e",
    "/root/super-sector-filter/results/c22_normal_five_20260916/iteration04/static_preflight/seed5/full_late/simulator.log": "27ef450cdc748539159dc303127a2a8f561155dfa707e9148160b3d74117914a",
    "/root/super-sector-filter/results/c22_normal_five_20260916/iteration04/static_preflight/seed5/full_reader-first/result.json": "b95d59ec7f9d2599aa9075d4279036fd02773ef5804310613a72f654001a01dd",
    "/root/super-sector-filter/results/c22_normal_five_20260916/iteration04/static_preflight/seed5/full_reader-first/simulator.log": "fe089601b184817f1fb2006a0d8156613dfefaffa5bc02b05e1f373ff7e5f432",
    "/root/super-sector-filter/results/c22_normal_five_20260916/iteration04/static_preflight/seed5/standalone_late/result.json": "be21db45ccfedcc18ad9b516d0d0b12473edb2c60439edaf73f6cb6d82cb2ce0",
    "/root/super-sector-filter/results/c22_normal_five_20260916/iteration04/static_preflight/seed5/standalone_late/simulator.log": "fe7c537c9874a08af879d27eca2f817ce503f6d5d84411a1c8b88e828b25d34e",
    "/root/super-sector-filter/results/c22_normal_five_20260916/iteration04/static_preflight/seed5/standalone_reader-first/result.json": "4864ebaf37436406af3ee1653c72eb124be78d80f8b999af4c5caf26f9ef4cdb",
    "/root/super-sector-filter/results/c22_normal_five_20260916/iteration04/static_preflight/seed5/standalone_reader-first/simulator.log": "02c0b3de95c32ecb640b502d36e6f6c1f281908059f49c7c6d9a9fd650273fb3"
  },
  "manifest_sha256": "babb6a47ad4bd15d2a0b15266cc538b6c612b4ad859e3f11f9ebb99ed8331430",
  "runtime_sha256": {
    "binary_adaptive": "924e27f62e5d067df84b4a4dbf6c47114f0703f0de15af6ccefc0b1e1e974dcf",
    "binary_full": "20bfb253cda7186924d14ff889feb390d37a8ce8b7ef6d7a2f6c2296d72b54c4",
    "binary_standalone": "2907507a8932aeeb93fd48277c8e119308c45257c21d70749fd07d27e1e12e58",
    "frontend_component": "e475f3d7c46f4d6a1fd173d98652c9c1ef462a7284f0df11eab31a010e71dd14",
    "frontend_heading_policy": "60c3367f56d9f3f79730054adc8fed0e13f353cb20e7a1129e9ba9d8e262518a",
    "frontend_source": "7181af08265554c2c092be70ab3343132c3a7781148e1667c9369ce211ca98ab",
    "installed_view_benchmark": "bf82601ba8c6123efb062800d1bb424f2848656589c4ab063fd9a0df9c556b38",
    "installed_view_fpv": "4d0468a17b9785b1404d2e2ba1d673bbb6f4b052c83145cc5b02e7e7311e2acc",
    "installed_view_launcher": "39c2edbb2068ad65b068c3c96c74c7f23263b9616b6a007e6d04a406bb1e9b43",
    "installed_view_top_down": "451ba3b7b4747059d0d0af96f4c11eb23ce3e015d602dca6b6475d028ae9a906",
    "installed_view_watch_sector": "8cc47c1f90244e77af709153372953690e0fc362b614935b77d2f6371b6a494a",
    "runtime_durable_policy": "8019947966077efb30d6769a9650c050fe48cbc1e6c79f7e4cb0787ab44d1a75",
    "runtime_latched_policy": "86c79423eef8a5460ed253d2291d886b5b03842e8f357ecbfebb5c195caeee6a",
    "runtime_model": "8f8f3dc03b70c4eda4f61cedbccfff91644270033de90b9ad8697c55382fd8c4",
    "runtime_view_benchmark": "bf82601ba8c6123efb062800d1bb424f2848656589c4ab063fd9a0df9c556b38",
    "runtime_view_fpv": "4d0468a17b9785b1404d2e2ba1d673bbb6f4b052c83145cc5b02e7e7311e2acc",
    "runtime_view_launcher": "39c2edbb2068ad65b068c3c96c74c7f23263b9616b6a007e6d04a406bb1e9b43",
    "runtime_view_top_down": "451ba3b7b4747059d0d0af96f4c11eb23ce3e015d602dca6b6475d028ae9a906",
    "runtime_view_watch_sector": "8cc47c1f90244e77af709153372953690e0fc362b614935b77d2f6371b6a494a",
    "seed5_config": "9d2fc2818c0317a0fc9af0600fa4447f35e2235cf98dd42e1c6013b684dbe115",
    "seed5_pcd": "939e343efae7bc0d83a5aa167d4f5d53cfb66f30ab1d37fb99fa3f14f41e0ec5"
  },
  "schema": "static-latched-contract-v1",
  "scope": "No-flight transport and actual RViz reader migration; not flight/CPU/safety certification",
  "valid": true
}
