{
  "checks": {
    "actual_rviz_late_reconnect": true,
    "binding:binary_adaptive": true,
    "binding:binary_full": true,
    "binding:binary_standalone": true,
    "binding:frontend_component": true,
    "binding:frontend_heading_policy": true,
    "binding:frontend_source": true,
    "binding:installed_view_benchmark": true,
    "binding:installed_view_fpv": true,
    "binding:installed_view_launcher": true,
    "binding:installed_view_top_down": true,
    "binding:installed_view_watch_sector": true,
    "binding:runtime_durable_policy": true,
    "binding:runtime_latched_policy": true,
    "binding:runtime_model": true,
    "binding:runtime_view_benchmark": true,
    "binding:runtime_view_fpv": true,
    "binding:runtime_view_launcher": true,
    "binding:runtime_view_top_down": true,
    "binding:runtime_view_watch_sector": true,
    "binding:seed1_config": true,
    "binding:seed1_pcd": true,
    "binding_inventory": true,
    "expected_geometry": true,
    "installed_matches_source:benchmark": true,
    "installed_matches_source:fpv": true,
    "installed_matches_source:launcher": true,
    "installed_matches_source:top_down": true,
    "installed_matches_source:watch_sector": true,
    "map": true,
    "schema": true,
    "six_transport_cases": true,
    "transport:0": true,
    "transport:1": true,
    "transport:2": true,
    "transport:3": true,
    "transport:4": true,
    "transport:5": true,
    "transport_case_coverage": true
  },
  "errors": [],
  "evidence_sha256": {
    "/root/super-sector-filter/results/c22_normal_five_20260916/iteration04/static_preflight/seed1/actual_rviz/late.json": "7b5fc5c368865ca7b948117780cda61d07e2a1eec4116ba06385b676a2d47d54",
    "/root/super-sector-filter/results/c22_normal_five_20260916/iteration04/static_preflight/seed1/actual_rviz/late.log": "6c738b83546e29845b7cbdd5cc74d790032c9b0e8bf924a8ab36eda4a8a56c9b",
    "/root/super-sector-filter/results/c22_normal_five_20260916/iteration04/static_preflight/seed1/actual_rviz/late.png": "d8512af0dba6c423b8a852980e5ff5f5fe6397185591b692800bdf711a0d543b",
    "/root/super-sector-filter/results/c22_normal_five_20260916/iteration04/static_preflight/seed1/actual_rviz/reconnected.json": "9d0365b5ed6781b813665aeb844d46651fbb1086b6b84ab5bf6300a0e010d9d5",
    "/root/super-sector-filter/results/c22_normal_five_20260916/iteration04/static_preflight/seed1/actual_rviz/reconnected.log": "74b10ab2407df7b3e72de87defe47290c082116462cdbc1ad17c5fada41c2e9a",
    "/root/super-sector-filter/results/c22_normal_five_20260916/iteration04/static_preflight/seed1/actual_rviz/reconnected.png": "d8512af0dba6c423b8a852980e5ff5f5fe6397185591b692800bdf711a0d543b",
    "/root/super-sector-filter/results/c22_normal_five_20260916/iteration04/static_preflight/seed1/actual_rviz/result.json": "64b9bb3e864167c0cddd8cc47130c5ca6098c926a69dc8c6dcdd20fae6219263",
    "/root/super-sector-filter/results/c22_normal_five_20260916/iteration04/static_preflight/seed1/actual_rviz/simulator.log": "9e27ae826bf2756527deadcce2ad0db69747da16af5adc7f95762cd0cefbd726",
    "/root/super-sector-filter/results/c22_normal_five_20260916/iteration04/static_preflight/seed1/adaptive_late/result.json": "63dccd9c62be17a7b00bad32828ca5cf4098c14ea922667793a68bc008f4f6c9",
    "/root/super-sector-filter/results/c22_normal_five_20260916/iteration04/static_preflight/seed1/adaptive_late/simulator.log": "52a1db9decdc8fd04cf7be193de2739e39295f8b10f161311be312dae818853a",
    "/root/super-sector-filter/results/c22_normal_five_20260916/iteration04/static_preflight/seed1/adaptive_reader-first/result.json": "7035d754f960c9d5d87d8b02d968517c8ccb682db17fde5b1fbf335ae0f4c3a7",
    "/root/super-sector-filter/results/c22_normal_five_20260916/iteration04/static_preflight/seed1/adaptive_reader-first/simulator.log": "f7827d4938204ebaf42ab3562a6395a4579f050ce78233d62109bd1e997ec46d",
    "/root/super-sector-filter/results/c22_normal_five_20260916/iteration04/static_preflight/seed1/full_late/result.json": "703ade3a1acf1c44dafe7a40fd8b289d3e1ef684ce4d929e1dd07f02445d69be",
    "/root/super-sector-filter/results/c22_normal_five_20260916/iteration04/static_preflight/seed1/full_late/simulator.log": "8059a77909e5aa0ba9ca09a5f29a893af77a04f0e980c0ed383ed1dd7bf33861",
    "/root/super-sector-filter/results/c22_normal_five_20260916/iteration04/static_preflight/seed1/full_reader-first/result.json": "2702cca433abf5bd759d980c73a87ab909f8d162e3afbdf1c8400384e21b817e",
    "/root/super-sector-filter/results/c22_normal_five_20260916/iteration04/static_preflight/seed1/full_reader-first/simulator.log": "c379be14f1a40d2acf68d83d27d8286ac716d5c5b4cbaaf3cdd9422bfaaf68bc",
    "/root/super-sector-filter/results/c22_normal_five_20260916/iteration04/static_preflight/seed1/standalone_late/result.json": "051a541ce648a8cf2f37b41cb44b6928d0feaff667d34a10b960536beb50373c",
    "/root/super-sector-filter/results/c22_normal_five_20260916/iteration04/static_preflight/seed1/standalone_late/simulator.log": "0a3ab8acfb130efb06866130056fee67ffa960336f290b38384ca9bf2787cc9c",
    "/root/super-sector-filter/results/c22_normal_five_20260916/iteration04/static_preflight/seed1/standalone_reader-first/result.json": "990340b532c8b63352483c4306dfeea3b74b8a300475a6d0747f4d65c2c269f2",
    "/root/super-sector-filter/results/c22_normal_five_20260916/iteration04/static_preflight/seed1/standalone_reader-first/simulator.log": "8729b8734706b80e7d052210ebc7adf461e85a4d89fcc90601c19190dbfd5135"
  },
  "manifest_sha256": "b3b60461c1be4fab8e14d2e542f5004e86500abed0cf99d683fa877e0bdcbe5b",
  "runtime_sha256": {
    "binary_adaptive": "924e27f62e5d067df84b4a4dbf6c47114f0703f0de15af6ccefc0b1e1e974dcf",
    "binary_full": "20bfb253cda7186924d14ff889feb390d37a8ce8b7ef6d7a2f6c2296d72b54c4",
    "binary_standalone": "2907507a8932aeeb93fd48277c8e119308c45257c21d70749fd07d27e1e12e58",
    "frontend_component": "e475f3d7c46f4d6a1fd173d98652c9c1ef462a7284f0df11eab31a010e71dd14",
    "frontend_heading_policy": "60c3367f56d9f3f79730054adc8fed0e13f353cb20e7a1129e9ba9d8e262518a",
    "frontend_source": "7181af08265554c2c092be70ab3343132c3a7781148e1667c9369ce211ca98ab",
    "installed_view_benchmark": "bf82601ba8c6123efb062800d1bb424f2848656589c4ab063fd9a0df9c556b38",
    "installed_view_fpv": "4d0468a17b9785b1404d2e2ba1d673bbb6f4b052c83145cc5b02e7e7311e2acc",
    "installed_view_launcher": "39c2edbb2068ad65b068c3c96c74c7f23263b9616b6a007e6d04a406bb1e9b43",
    "installed_view_top_down": "451ba3b7b4747059d0d0af96f4c11eb23ce3e015d602dca6b6475d028ae9a906",
    "installed_view_watch_sector": "8cc47c1f90244e77af709153372953690e0fc362b614935b77d2f6371b6a494a",
    "runtime_durable_policy": "8019947966077efb30d6769a9650c050fe48cbc1e6c79f7e4cb0787ab44d1a75",
    "runtime_latched_policy": "86c79423eef8a5460ed253d2291d886b5b03842e8f357ecbfebb5c195caeee6a",
    "runtime_model": "8f8f3dc03b70c4eda4f61cedbccfff91644270033de90b9ad8697c55382fd8c4",
    "runtime_view_benchmark": "bf82601ba8c6123efb062800d1bb424f2848656589c4ab063fd9a0df9c556b38",
    "runtime_view_fpv": "4d0468a17b9785b1404d2e2ba1d673bbb6f4b052c83145cc5b02e7e7311e2acc",
    "runtime_view_launcher": "39c2edbb2068ad65b068c3c96c74c7f23263b9616b6a007e6d04a406bb1e9b43",
    "runtime_view_top_down": "451ba3b7b4747059d0d0af96f4c11eb23ce3e015d602dca6b6475d028ae9a906",
    "runtime_view_watch_sector": "8cc47c1f90244e77af709153372953690e0fc362b614935b77d2f6371b6a494a",
    "seed1_config": "39a9c7de83e2ad197beb9f827a0c07d1d7193b4b3966134458b433ad62001d1c",
    "seed1_pcd": "7a9f832753fb0a23af8de6ca30245853e7f3c6ecf1ec00835712228ebe24b55c"
  },
  "schema": "static-latched-contract-v1",
  "scope": "No-flight transport and actual RViz reader migration; not flight/CPU/safety certification",
  "valid": true
}
