[WARN] [1791274952.432723872] [waypoint_mission]:  -- [MissionPlanner] Load config by file name: /root/super_ws/src/SUPER/mission_planner/config/waypoint.yaml
[WARN] [1791274952.432788054] [waypoint_mission]:  -- [MissionPlanner] Load data by file name: /root/super_ws/src/SUPER/mission_planner/data/forest_wide_zigzag_v2.txt
Load config file: /root/super_ws/src/SUPER/mission_planner/config/waypoint.yaml
[0;32m Load param start_trigger_type success: [0;0m2
[0;32m Load param start_program_delay success: [0;0m3
[0;32m Load param cmd_type success: [0;0m1
[0;32m Load param switch_dis success: [0;0m3
[0;32m Load param odom_timeout success: [0;0m0.1
[0;32m Load param publish_dt success: [0;0m1
[0;32m Load param goal_pub_topic success: [0;0m/planning/click_goal
[0;32m Load param odom_topic success: [0;0m/lidar_slam/odom
[32m -- [MISSION] Load 5 waypoints.[0m
[34m -- [MISSION] Waypoint 0 at (-24, 22, 1.5) Switch dis = 1.5[0m
[34m -- [MISSION] Waypoint 1 at (24, 22, 1.5) Switch dis = 1.5[0m
[34m -- [MISSION] Waypoint 2 at (-24, -22, 1.5) Switch dis = 1.5[0m
[34m -- [MISSION] Waypoint 3 at (24, -22, 1.5) Switch dis = 1.5[0m
[34m -- [MISSION] Waypoint 4 at (0, 0, 1.5) Switch dis = 1.5[0m
[INFO] [1791274952.436826070] [waypoint_mission]: [MISSION_GOAL_IDENTITY_SETTINGS] enabled=1 executor=single callbacks_serialized=1 timers_qos_unchanged=1
Cur t = 1.79127e+09 start t = 1.79127e+09
Cur t = 1.79127e+09 start t = 1.79127e+09
Cur t = 1.79127e+09 start t = 1.79127e+09
Cur t = 1.79127e+09 start t = 1.79127e+09
Cur t = 1.79127e+09 start t = 1.79127e+09
Cur t = 1.79127e+09 start t = 1.79127e+09
Cur t = 1.79127e+09 start t = 1.79127e+09
Cur t = 1.79127e+09 start t = 1.79127e+09
Cur t = 1.79127e+09 start t = 1.79127e+09
Cur t = 1.79127e+09 start t = 1.79127e+09
Cur t = 1.79127e+09 start t = 1.79127e+09
Cur t = 1.79127e+09 start t = 1.79127e+09
Cur t = 1.79127e+09 start t = 1.79127e+09
Cur t = 1.79127e+09 start t = 1.79127e+09
Cur t = 1.79127e+09 start t = 1.79127e+09
Cur t = 1.79127e+09 start t = 1.79127e+09
Cur t = 1.79127e+09 start t = 1.79127e+09
Cur t = 1.79127e+09 start t = 1.79127e+09
Cur t = 1.79127e+09 start t = 1.79127e+09
Cur t = 1.79127e+09 start t = 1.79127e+09
Cur t = 1.79127e+09 start t = 1.79127e+09
Cur t = 1.79127e+09 start t = 1.79127e+09
Cur t = 1.79127e+09 start t = 1.79127e+09
Cur t = 1.79127e+09 start t = 1.79127e+09
Cur t = 1.79127e+09 start t = 1.79127e+09
Cur t = 1.79127e+09 start t = 1.79127e+09
Cur t = 1.79127e+09 start t = 1.79127e+09
Cur t = 1.79127e+09 start t = 1.79127e+09
Cur t = 1.79127e+09 start t = 1.79127e+09
Cur t = 1.79127e+09 start t = 1.79127e+09
Cur t = 1.79127e+09 start t = 1.79127e+09
Cur t = 1.79127e+09 start t = 1.79127e+09
Cur t = 1.79127e+09 start t = 1.79127e+09
Cur t = 1.79127e+09 start t = 1.79127e+09
Cur t = 1.79127e+09 start t = 1.79127e+09
Cur t = 1.79127e+09 start t = 1.79127e+09
Cur t = 1.79127e+09 start t = 1.79127e+09
Cur t = 1.79127e+09 start t = 1.79127e+09
Cur t = 1.79127e+09 start t = 1.79127e+09
Cur t = 1.79127e+09 start t = 1.79127e+09
Cur t = 1.79127e+09 start t = 1.79127e+09
Cur t = 1.79127e+09 start t = 1.79127e+09
Cur t = 1.79127e+09 start t = 1.79127e+09
Cur t = 1.79127e+09 start t = 1.79127e+09
Cur t = 1.79127e+09 start t = 1.79127e+09
Cur t = 1.79127e+09 start t = 1.79127e+09
Cur t = 1.79127e+09 start t = 1.79127e+09
Cur t = 1.79127e+09 start t = 1.79127e+09
Cur t = 1.79127e+09 start t = 1.79127e+09
Cur t = 1.79127e+09 start t = 1.79127e+09
Cur t = 1.79127e+09 start t = 1.79127e+09
Cur t = 1.79127e+09 start t = 1.79127e+09
Cur t = 1.79127e+09 start t = 1.79127e+09
Cur t = 1.79127e+09 start t = 1.79127e+09
Cur t = 1.79127e+09 start t = 1.79127e+09
Cur t = 1.79127e+09 start t = 1.79127e+09
Cur t = 1.79127e+09 start t = 1.79127e+09
Cur t = 1.79127e+09 start t = 1.79127e+09
Cur t = 1.79127e+09 start t = 1.79127e+09
Cur t = 1.79127e+09 start t = 1.79127e+09
Cur t = 1.79127e+09 start t = 1.79127e+09
Cur t = 1.79127e+09 start t = 1.79127e+09
Cur t = 1.79127e+09 start t = 1.79127e+09
Cur t = 1.79127e+09 start t = 1.79127e+09
Cur t = 1.79127e+09 start t = 1.79127e+09
Cur t = 1.79127e+09 start t = 1.79127e+09
Cur t = 1.79127e+09 start t = 1.79127e+09
Cur t = 1.79127e+09 start t = 1.79127e+09
Cur t = 1.79127e+09 start t = 1.79127e+09
Cur t = 1.79127e+09 start t = 1.79127e+09
Cur t = 1.79127e+09 start t = 1.79127e+09
Cur t = 1.79127e+09 start t = 1.79127e+09
Cur t = 1.79127e+09 start t = 1.79127e+09
Cur t = 1.79127e+09 start t = 1.79127e+09
Cur t = 1.79127e+09 start t = 1.79127e+09
Cur t = 1.79127e+09 start t = 1.79127e+09
Cur t = 1.79127e+09 start t = 1.79127e+09
Cur t = 1.79127e+09 start t = 1.79127e+09
Cur t = 1.79127e+09 start t = 1.79127e+09
Cur t = 1.79127e+09 start t = 1.79127e+09
Cur t = 1.79127e+09 start t = 1.79127e+09
Cur t = 1.79127e+09 start t = 1.79127e+09
Cur t = 1.79127e+09 start t = 1.79127e+09
Cur t = 1.79127e+09 start t = 1.79127e+09
Cur t = 1.79127e+09 start t = 1.79127e+09
Cur t = 1.79127e+09 start t = 1.79127e+09
Cur t = 1.79127e+09 start t = 1.79127e+09
Cur t = 1.79127e+09 start t = 1.79127e+09
Cur t = 1.79127e+09 start t = 1.79127e+09
Cur t = 1.79127e+09 start t = 1.79127e+09
Cur t = 1.79127e+09 start t = 1.79127e+09
Cur t = 1.79127e+09 start t = 1.79127e+09
Cur t = 1.79127e+09 start t = 1.79127e+09
Cur t = 1.79127e+09 start t = 1.79127e+09
Cur t = 1.79127e+09 start t = 1.79127e+09
Cur t = 1.79127e+09 start t = 1.79127e+09
Cur t = 1.79127e+09 start t = 1.79127e+09
Cur t = 1.79127e+09 start t = 1.79127e+09
Cur t = 1.79127e+09 start t = 1.79127e+09
Cur t = 1.79127e+09 start t = 1.79127e+09
Cur t = 1.79127e+09 start t = 1.79127e+09
Cur t = 1.79127e+09 start t = 1.79127e+09
Cur t = 1.79127e+09 start t = 1.79127e+09
Cur t = 1.79127e+09 start t = 1.79127e+09
Cur t = 1.79127e+09 start t = 1.79127e+09
Cur t = 1.79127e+09 start t = 1.79127e+09
Cur t = 1.79127e+09 start t = 1.79127e+09
Cur t = 1.79127e+09 start t = 1.79127e+09
Cur t = 1.79127e+09 start t = 1.79127e+09
Cur t = 1.79127e+09 start t = 1.79127e+09
Cur t = 1.79127e+09 start t = 1.79127e+09
Cur t = 1.79127e+09 start t = 1.79127e+09
Cur t = 1.79127e+09 start t = 1.79127e+09
Cur t = 1.79127e+09 start t = 1.79127e+09
Cur t = 1.79127e+09 start t = 1.79127e+09
Cur t = 1.79127e+09 start t = 1.79127e+09
Cur t = 1.79127e+09 start t = 1.79127e+09
Cur t = 1.79127e+09 start t = 1.79127e+09
Cur t = 1.79127e+09 start t = 1.79127e+09
Cur t = 1.79127e+09 start t = 1.79127e+09
Cur t = 1.79127e+09 start t = 1.79127e+09
Cur t = 1.79127e+09 start t = 1.79127e+09
Cur t = 1.79127e+09 start t = 1.79127e+09
Cur t = 1.79127e+09 start t = 1.79127e+09
Cur t = 1.79127e+09 start t = 1.79127e+09
Cur t = 1.79127e+09 start t = 1.79127e+09
Cur t = 1.79127e+09 start t = 1.79127e+09
Cur t = 1.79127e+09 start t = 1.79127e+09
Cur t = 1.79127e+09 start t = 1.79127e+09
Cur t = 1.79127e+09 start t = 1.79127e+09
Cur t = 1.79127e+09 start t = 1.79127e+09
Cur t = 1.79127e+09 start t = 1.79127e+09
Cur t = 1.79127e+09 start t = 1.79127e+09
Cur t = 1.79127e+09 start t = 1.79127e+09
Cur t = 1.79127e+09 start t = 1.79127e+09
Cur t = 1.79127e+09 start t = 1.79127e+09
Cur t = 1.79127e+09 start t = 1.79127e+09
Cur t = 1.79127e+09 start t = 1.79127e+09
Cur t = 1.79127e+09 start t = 1.79127e+09
Cur t = 1.79127e+09 start t = 1.79127e+09
Cur t = 1.79127e+09 start t = 1.79127e+09
Cur t = 1.79127e+09 start t = 1.79127e+09
Cur t = 1.79127e+09 start t = 1.79127e+09
Cur t = 1.79127e+09 start t = 1.79127e+09
Cur t = 1.79127e+09 start t = 1.79127e+09
Cur t = 1.79127e+09 start t = 1.79127e+09
Cur t = 1.79127e+09 start t = 1.79127e+09
Cur t = 1.79127e+09 start t = 1.79127e+09
Cur t = 1.79127e+09 start t = 1.79127e+09
Cur t = 1.79127e+09 start t = 1.79127e+09
Cur t = 1.79127e+09 start t = 1.79127e+09
Cur t = 1.79127e+09 start t = 1.79127e+09
Cur t = 1.79127e+09 start t = 1.79127e+09
Cur t = 1.79127e+09 start t = 1.79127e+09
Cur t = 1.79127e+09 start t = 1.79127e+09
Cur t = 1.79127e+09 start t = 1.79127e+09
Cur t = 1.79127e+09 start t = 1.79127e+09
Cur t = 1.79127e+09 start t = 1.79127e+09
Cur t = 1.79127e+09 start t = 1.79127e+09
Cur t = 1.79127e+09 start t = 1.79127e+09
Cur t = 1.79127e+09 start t = 1.79127e+09
Cur t = 1.79127e+09 start t = 1.79127e+09
Cur t = 1.79127e+09 start t = 1.79127e+09
Cur t = 1.79127e+09 start t = 1.79127e+09
Cur t = 1.79127e+09 start t = 1.79127e+09
Cur t = 1.79127e+09 start t = 1.79127e+09
Cur t = 1.79127e+09 start t = 1.79127e+09
Cur t = 1.79127e+09 start t = 1.79127e+09
Cur t = 1.79127e+09 start t = 1.79127e+09
Cur t = 1.79127e+09 start t = 1.79127e+09
Cur t = 1.79127e+09 start t = 1.79127e+09
Cur t = 1.79127e+09 start t = 1.79127e+09
Cur t = 1.79127e+09 start t = 1.79127e+09
Cur t = 1.79127e+09 start t = 1.79127e+09
Cur t = 1.79127e+09 start t = 1.79127e+09
Cur t = 1.79127e+09 start t = 1.79127e+09
Cur t = 1.79127e+09 start t = 1.79127e+09
Cur t = 1.79127e+09 start t = 1.79127e+09
Cur t = 1.79127e+09 start t = 1.79127e+09
Cur t = 1.79127e+09 start t = 1.79127e+09
Cur t = 1.79127e+09 start t = 1.79127e+09
Cur t = 1.79127e+09 start t = 1.79127e+09
Cur t = 1.79127e+09 start t = 1.79127e+09
Cur t = 1.79127e+09 start t = 1.79127e+09
Cur t = 1.79127e+09 start t = 1.79127e+09
Cur t = 1.79127e+09 start t = 1.79127e+09
Cur t = 1.79127e+09 start t = 1.79127e+09
Cur t = 1.79127e+09 start t = 1.79127e+09
Cur t = 1.79127e+09 start t = 1.79127e+09
Cur t = 1.79127e+09 start t = 1.79127e+09
Cur t = 1.79127e+09 start t = 1.79127e+09
Cur t = 1.79127e+09 start t = 1.79127e+09
Cur t = 1.79127e+09 start t = 1.79127e+09
Cur t = 1.79127e+09 start t = 1.79127e+09
Cur t = 1.79127e+09 start t = 1.79127e+09
Cur t = 1.79127e+09 start t = 1.79127e+09
Cur t = 1.79127e+09 start t = 1.79127e+09
Cur t = 1.79127e+09 start t = 1.79127e+09
Cur t = 1.79127e+09 start t = 1.79127e+09
Cur t = 1.79127e+09 start t = 1.79127e+09
Cur t = 1.79127e+09 start t = 1.79127e+09
Cur t = 1.79127e+09 start t = 1.79127e+09
Cur t = 1.79127e+09 start t = 1.79127e+09
Cur t = 1.79127e+09 start t = 1.79127e+09
Cur t = 1.79127e+09 start t = 1.79127e+09
Cur t = 1.79127e+09 start t = 1.79127e+09
Cur t = 1.79127e+09 start t = 1.79127e+09
Cur t = 1.79127e+09 start t = 1.79127e+09
Cur t = 1.79127e+09 start t = 1.79127e+09
Cur t = 1.79127e+09 start t = 1.79127e+09
Cur t = 1.79127e+09 start t = 1.79127e+09
Cur t = 1.79127e+09 start t = 1.79127e+09
Cur t = 1.79127e+09 start t = 1.79127e+09
Cur t = 1.79127e+09 start t = 1.79127e+09
Cur t = 1.79127e+09 start t = 1.79127e+09
Cur t = 1.79127e+09 start t = 1.79127e+09
Cur t = 1.79127e+09 start t = 1.79127e+09
Cur t = 1.79127e+09 start t = 1.79127e+09
Cur t = 1.79127e+09 start t = 1.79127e+09
Cur t = 1.79127e+09 start t = 1.79127e+09
Cur t = 1.79127e+09 start t = 1.79127e+09
Cur t = 1.79127e+09 start t = 1.79127e+09
Cur t = 1.79127e+09 start t = 1.79127e+09
Cur t = 1.79127e+09 start t = 1.79127e+09
Cur t = 1.79127e+09 start t = 1.79127e+09
Cur t = 1.79127e+09 start t = 1.79127e+09
Cur t = 1.79127e+09 start t = 1.79127e+09
Cur t = 1.79127e+09 start t = 1.79127e+09
Cur t = 1.79127e+09 start t = 1.79127e+09
Cur t = 1.79127e+09 start t = 1.79127e+09
Cur t = 1.79127e+09 start t = 1.79127e+09
Cur t = 1.79127e+09 start t = 1.79127e+09
Cur t = 1.79127e+09 start t = 1.79127e+09
Cur t = 1.79127e+09 start t = 1.79127e+09
Cur t = 1.79127e+09 start t = 1.79127e+09
Cur t = 1.79127e+09 start t = 1.79127e+09
Cur t = 1.79127e+09 start t = 1.79127e+09
Cur t = 1.79127e+09 start t = 1.79127e+09
Cur t = 1.79127e+09 start t = 1.79127e+09
Cur t = 1.79127e+09 start t = 1.79127e+09
Cur t = 1.79127e+09 start t = 1.79127e+09
Cur t = 1.79127e+09 start t = 1.79127e+09
Cur t = 1.79127e+09 start t = 1.79127e+09
Cur t = 1.79127e+09 start t = 1.79127e+09
Cur t = 1.79127e+09 start t = 1.79127e+09
Cur t = 1.79127e+09 start t = 1.79127e+09
Cur t = 1.79127e+09 start t = 1.79127e+09
Cur t = 1.79127e+09 start t = 1.79127e+09
Cur t = 1.79127e+09 start t = 1.79127e+09
Cur t = 1.79127e+09 start t = 1.79127e+09
Cur t = 1.79127e+09 start t = 1.79127e+09
Cur t = 1.79127e+09 start t = 1.79127e+09
Cur t = 1.79127e+09 start t = 1.79127e+09
Cur t = 1.79127e+09 start t = 1.79127e+09
Cur t = 1.79127e+09 start t = 1.79127e+09
Cur t = 1.79127e+09 start t = 1.79127e+09
Cur t = 1.79127e+09 start t = 1.79127e+09
Cur t = 1.79127e+09 start t = 1.79127e+09
Cur t = 1.79127e+09 start t = 1.79127e+09
Cur t = 1.79127e+09 start t = 1.79127e+09
Cur t = 1.79127e+09 start t = 1.79127e+09
Cur t = 1.79127e+09 start t = 1.79127e+09
Cur t = 1.79127e+09 start t = 1.79127e+09
Cur t = 1.79127e+09 start t = 1.79127e+09
Cur t = 1.79127e+09 start t = 1.79127e+09
Cur t = 1.79127e+09 start t = 1.79127e+09
Cur t = 1.79127e+09 start t = 1.79127e+09
Cur t = 1.79127e+09 start t = 1.79127e+09
Cur t = 1.79127e+09 start t = 1.79127e+09
Cur t = 1.79127e+09 start t = 1.79127e+09
Cur t = 1.79127e+09 start t = 1.79127e+09
Cur t = 1.79127e+09 start t = 1.79127e+09
Cur t = 1.79127e+09 start t = 1.79127e+09
Cur t = 1.79127e+09 start t = 1.79127e+09
Cur t = 1.79127e+09 start t = 1.79127e+09
Cur t = 1.79127e+09 start t = 1.79127e+09
Cur t = 1.79127e+09 start t = 1.79127e+09
Cur t = 1.79127e+09 start t = 1.79127e+09
Cur t = 1.79127e+09 start t = 1.79127e+09
Cur t = 1.79127e+09 start t = 1.79127e+09
Cur t = 1.79127e+09 start t = 1.79127e+09
Cur t = 1.79127e+09 start t = 1.79127e+09
Cur t = 1.79127e+09 start t = 1.79127e+09
Cur t = 1.79127e+09 start t = 1.79127e+09
Cur t = 1.79127e+09 start t = 1.79127e+09
Cur t = 1.79127e+09 start t = 1.79127e+09
Cur t = 1.79127e+09 start t = 1.79127e+09
Cur t = 1.79127e+09 start t = 1.79127e+09
Cur t = 1.79127e+09 start t = 1.79127e+09
Cur t = 1.79127e+09 start t = 1.79127e+09
Cur t = 1.79127e+09 start t = 1.79127e+09
Cur t = 1.79127e+09 start t = 1.79127e+09
Cur t = 1.79127e+09 start t = 1.79127e+09
Cur t = 1.79127e+09 start t = 1.79127e+09
Cur t = 1.79127e+09 start t = 1.79127e+09
Cur t = 1.79127e+09 start t = 1.79127e+09
Cur t = 1.79127e+09 start t = 1.79127e+09
Cur t = 1.79127e+09 start t = 1.79127e+09
Cur t = 1.79127e+09 start t = 1.79127e+09
Cur t = 1.79127e+09 start t = 1.79127e+09
[33m -- [MISSION] System start delay passed.[0m
[INFO] [1791274955.444302063] [waypoint_mission]: [MISSION_GOAL_IDENTITY] stamp_ns=1791274955444299925 new_intent=1 new_identity=1 supported=1 waypoint=0
[33m -- [MISSION] Pub goal to -24  22 1.5[0m
[33m	 cur odom dis = 32.5576
[INFO] [1791274956.454210046] [waypoint_mission]: [MISSION_GOAL_IDENTITY] stamp_ns=1791274955444299925 new_intent=0 new_identity=0 supported=1 waypoint=0
[33m -- [MISSION] Pub goal to -24  22 1.5[0m
[33m	 cur odom dis = 30.3103
[INFO] [1791274957.464087098] [waypoint_mission]: [MISSION_GOAL_IDENTITY] stamp_ns=1791274955444299925 new_intent=0 new_identity=0 supported=1 waypoint=0
[33m -- [MISSION] Pub goal to -24  22 1.5[0m
[33m	 cur odom dis = 23.3822
[INFO] [1791274958.473916063] [waypoint_mission]: [MISSION_GOAL_IDENTITY] stamp_ns=1791274955444299925 new_intent=0 new_identity=0 supported=1 waypoint=0
[33m -- [MISSION] Pub goal to -24  22 1.5[0m
[33m	 cur odom dis = 16.3663
[INFO] [1791274959.483814076] [waypoint_mission]: [MISSION_GOAL_IDENTITY] stamp_ns=1791274955444299925 new_intent=0 new_identity=0 supported=1 waypoint=0
[33m -- [MISSION] Pub goal to -24  22 1.5[0m
[33m	 cur odom dis = 14.2588
[INFO] [1791274960.493720223] [waypoint_mission]: [MISSION_GOAL_IDENTITY] stamp_ns=1791274955444299925 new_intent=0 new_identity=0 supported=1 waypoint=0
[33m -- [MISSION] Pub goal to -24  22 1.5[0m
[33m	 cur odom dis = 13.0993
[INFO] [1791274961.503842151] [waypoint_mission]: [MISSION_GOAL_IDENTITY] stamp_ns=1791274955444299925 new_intent=0 new_identity=0 supported=1 waypoint=0
[33m -- [MISSION] Pub goal to -24  22 1.5[0m
[33m	 cur odom dis = 6.38882
[31m -- [MISSION] Close to goal {}, switch to next.[0m
[INFO] [1791274962.453669507] [waypoint_mission]: [MISSION_GOAL_IDENTITY] stamp_ns=1791274962453665384 new_intent=1 new_identity=1 supported=1 waypoint=1
[33m -- [MISSION] Pub goal to  24  22 1.5[0m
[33m	 cur odom dis = 46.8876
[INFO] [1791274963.463684803] [waypoint_mission]: [MISSION_GOAL_IDENTITY] stamp_ns=1791274962453665384 new_intent=0 new_identity=0 supported=1 waypoint=1
[33m -- [MISSION] Pub goal to  24  22 1.5[0m
[33m	 cur odom dis = 48.315
[INFO] [1791274964.473333961] [waypoint_mission]: [MISSION_GOAL_IDENTITY] stamp_ns=1791274962453665384 new_intent=0 new_identity=0 supported=1 waypoint=1
[33m -- [MISSION] Pub goal to  24  22 1.5[0m
[33m	 cur odom dis = 43.6146
[INFO] [1791274965.473339585] [waypoint_mission]: [MISSION_GOAL_IDENTITY] stamp_ns=1791274962453665384 new_intent=0 new_identity=0 supported=1 waypoint=1
[33m -- [MISSION] Pub goal to  24  22 1.5[0m
[33m	 cur odom dis = 36.9959
[INFO] [1791274966.483194856] [waypoint_mission]: [MISSION_GOAL_IDENTITY] stamp_ns=1791274962453665384 new_intent=0 new_identity=0 supported=1 waypoint=1
[33m -- [MISSION] Pub goal to  24  22 1.5[0m
[33m	 cur odom dis = 31.1196
[INFO] [1791274967.483215541] [waypoint_mission]: [MISSION_GOAL_IDENTITY] stamp_ns=1791274962453665384 new_intent=0 new_identity=0 supported=1 waypoint=1
[33m -- [MISSION] Pub goal to  24  22 1.5[0m
[33m	 cur odom dis = 25.7011
[INFO] [1791274968.493018757] [waypoint_mission]: [MISSION_GOAL_IDENTITY] stamp_ns=1791274962453665384 new_intent=0 new_identity=0 supported=1 waypoint=1
[33m -- [MISSION] Pub goal to  24  22 1.5[0m
[33m	 cur odom dis = 19.3743
[INFO] [1791274969.502929489] [waypoint_mission]: [MISSION_GOAL_IDENTITY] stamp_ns=1791274962453665384 new_intent=0 new_identity=0 supported=1 waypoint=1
[33m -- [MISSION] Pub goal to  24  22 1.5[0m
[33m	 cur odom dis = 17.0245
[INFO] [1791274970.512904114] [waypoint_mission]: [MISSION_GOAL_IDENTITY] stamp_ns=1791274962453665384 new_intent=0 new_identity=0 supported=1 waypoint=1
[33m -- [MISSION] Pub goal to  24  22 1.5[0m
[33m	 cur odom dis = 17.0232
[INFO] [1791274971.522815879] [waypoint_mission]: [MISSION_GOAL_IDENTITY] stamp_ns=1791274962453665384 new_intent=0 new_identity=0 supported=1 waypoint=1
[33m -- [MISSION] Pub goal to  24  22 1.5[0m
[33m	 cur odom dis = 16.2151
[INFO] [1791274972.532783119] [waypoint_mission]: [MISSION_GOAL_IDENTITY] stamp_ns=1791274962453665384 new_intent=0 new_identity=0 supported=1 waypoint=1
[33m -- [MISSION] Pub goal to  24  22 1.5[0m
[33m	 cur odom dis = 16.215
[INFO] [1791274973.542609118] [waypoint_mission]: [MISSION_GOAL_IDENTITY] stamp_ns=1791274962453665384 new_intent=0 new_identity=0 supported=1 waypoint=1
[33m -- [MISSION] Pub goal to  24  22 1.5[0m
[33m	 cur odom dis = 16.215
[INFO] [1791274974.552578765] [waypoint_mission]: [MISSION_GOAL_IDENTITY] stamp_ns=1791274962453665384 new_intent=0 new_identity=0 supported=1 waypoint=1
[33m -- [MISSION] Pub goal to  24  22 1.5[0m
[33m	 cur odom dis = 16.215
[INFO] [1791274975.562395206] [waypoint_mission]: [MISSION_GOAL_IDENTITY] stamp_ns=1791274962453665384 new_intent=0 new_identity=0 supported=1 waypoint=1
[33m -- [MISSION] Pub goal to  24  22 1.5[0m
[33m	 cur odom dis = 16.215
[INFO] [1791274976.572353976] [waypoint_mission]: [MISSION_GOAL_IDENTITY] stamp_ns=1791274962453665384 new_intent=0 new_identity=0 supported=1 waypoint=1
[33m -- [MISSION] Pub goal to  24  22 1.5[0m
[33m	 cur odom dis = 16.215
[INFO] [1791274977.582176764] [waypoint_mission]: [MISSION_GOAL_IDENTITY] stamp_ns=1791274962453665384 new_intent=0 new_identity=0 supported=1 waypoint=1
[33m -- [MISSION] Pub goal to  24  22 1.5[0m
[33m	 cur odom dis = 17.3096
[INFO] [1791274978.592060080] [waypoint_mission]: [MISSION_GOAL_IDENTITY] stamp_ns=1791274962453665384 new_intent=0 new_identity=0 supported=1 waypoint=1
[33m -- [MISSION] Pub goal to  24  22 1.5[0m
[33m	 cur odom dis = 17.5272
[INFO] [1791274979.601938424] [waypoint_mission]: [MISSION_GOAL_IDENTITY] stamp_ns=1791274962453665384 new_intent=0 new_identity=0 supported=1 waypoint=1
[33m -- [MISSION] Pub goal to  24  22 1.5[0m
[33m	 cur odom dis = 18.4709
[INFO] [1791274980.601951515] [waypoint_mission]: [MISSION_GOAL_IDENTITY] stamp_ns=1791274962453665384 new_intent=0 new_identity=0 supported=1 waypoint=1
[33m -- [MISSION] Pub goal to  24  22 1.5[0m
[33m	 cur odom dis = 16.6377
[INFO] [1791274981.601970502] [waypoint_mission]: [MISSION_GOAL_IDENTITY] stamp_ns=1791274962453665384 new_intent=0 new_identity=0 supported=1 waypoint=1
[33m -- [MISSION] Pub goal to  24  22 1.5[0m
[33m	 cur odom dis = 11.1569
[INFO] [1791274982.611716660] [waypoint_mission]: [MISSION_GOAL_IDENTITY] stamp_ns=1791274962453665384 new_intent=0 new_identity=0 supported=1 waypoint=1
[33m -- [MISSION] Pub goal to  24  22 1.5[0m
[33m	 cur odom dis = 4.18791
[31m -- [MISSION] Close to goal {}, switch to next.[0m
[INFO] [1791274983.011700184] [waypoint_mission]: [MISSION_GOAL_IDENTITY] stamp_ns=1791274983011695744 new_intent=1 new_identity=1 supported=1 waypoint=2
[33m -- [MISSION] Pub goal to -24 -22 1.5[0m
[33m	 cur odom dis = 63.7
[INFO] [1791274984.021617894] [waypoint_mission]: [MISSION_GOAL_IDENTITY] stamp_ns=1791274983011695744 new_intent=0 new_identity=0 supported=1 waypoint=2
[33m -- [MISSION] Pub goal to -24 -22 1.5[0m
[33m	 cur odom dis = 65.3555
[INFO] [1791274985.031482392] [waypoint_mission]: [MISSION_GOAL_IDENTITY] stamp_ns=1791274983011695744 new_intent=0 new_identity=0 supported=1 waypoint=2
[33m -- [MISSION] Pub goal to -24 -22 1.5[0m
[33m	 cur odom dis = 60.4244
[INFO] [1791274986.041399384] [waypoint_mission]: [MISSION_GOAL_IDENTITY] stamp_ns=1791274983011695744 new_intent=0 new_identity=0 supported=1 waypoint=2
[33m -- [MISSION] Pub goal to -24 -22 1.5[0m
[33m	 cur odom dis = 53.6217
[INFO] [1791274987.051207501] [waypoint_mission]: [MISSION_GOAL_IDENTITY] stamp_ns=1791274983011695744 new_intent=0 new_identity=0 supported=1 waypoint=2
[33m -- [MISSION] Pub goal to -24 -22 1.5[0m
[33m	 cur odom dis = 47.0262
[INFO] [1791274988.061151639] [waypoint_mission]: [MISSION_GOAL_IDENTITY] stamp_ns=1791274983011695744 new_intent=0 new_identity=0 supported=1 waypoint=2
[33m -- [MISSION] Pub goal to -24 -22 1.5[0m
[33m	 cur odom dis = 40.3794
[INFO] [1791274989.061171604] [waypoint_mission]: [MISSION_GOAL_IDENTITY] stamp_ns=1791274983011695744 new_intent=0 new_identity=0 supported=1 waypoint=2
[33m -- [MISSION] Pub goal to -24 -22 1.5[0m
[33m	 cur odom dis = 33.5083
[INFO] [1791274990.071132371] [waypoint_mission]: [MISSION_GOAL_IDENTITY] stamp_ns=1791274983011695744 new_intent=0 new_identity=0 supported=1 waypoint=2
[33m -- [MISSION] Pub goal to -24 -22 1.5[0m
[33m	 cur odom dis = 26.6892
[INFO] [1791274991.080895769] [waypoint_mission]: [MISSION_GOAL_IDENTITY] stamp_ns=1791274983011695744 new_intent=0 new_identity=0 supported=1 waypoint=2
[33m -- [MISSION] Pub goal to -24 -22 1.5[0m
[33m	 cur odom dis = 23.064
[INFO] [1791274992.090786842] [waypoint_mission]: [MISSION_GOAL_IDENTITY] stamp_ns=1791274983011695744 new_intent=0 new_identity=0 supported=1 waypoint=2
[33m -- [MISSION] Pub goal to -24 -22 1.5[0m
[33m	 cur odom dis = 20.3084
[INFO] [1791274993.100746689] [waypoint_mission]: [MISSION_GOAL_IDENTITY] stamp_ns=1791274983011695744 new_intent=0 new_identity=0 supported=1 waypoint=2
[33m -- [MISSION] Pub goal to -24 -22 1.5[0m
[33m	 cur odom dis = 16.186
[INFO] [1791274994.110786984] [waypoint_mission]: [MISSION_GOAL_IDENTITY] stamp_ns=1791274983011695744 new_intent=0 new_identity=0 supported=1 waypoint=2
[33m -- [MISSION] Pub goal to -24 -22 1.5[0m
[33m	 cur odom dis = 11.1947
[INFO] [1791274995.120616144] [waypoint_mission]: [MISSION_GOAL_IDENTITY] stamp_ns=1791274983011695744 new_intent=0 new_identity=0 supported=1 waypoint=2
[33m -- [MISSION] Pub goal to -24 -22 1.5[0m
[33m	 cur odom dis = 10.5928
[INFO] [1791274996.130470466] [waypoint_mission]: [MISSION_GOAL_IDENTITY] stamp_ns=1791274983011695744 new_intent=0 new_identity=0 supported=1 waypoint=2
[33m -- [MISSION] Pub goal to -24 -22 1.5[0m
[33m	 cur odom dis = 9.96996
[INFO] [1791274997.140418248] [waypoint_mission]: [MISSION_GOAL_IDENTITY] stamp_ns=1791274983011695744 new_intent=0 new_identity=0 supported=1 waypoint=2
[33m -- [MISSION] Pub goal to -24 -22 1.5[0m
[33m	 cur odom dis = 8.68362
[INFO] [1791274998.150247706] [waypoint_mission]: [MISSION_GOAL_IDENTITY] stamp_ns=1791274983011695744 new_intent=0 new_identity=0 supported=1 waypoint=2
[33m -- [MISSION] Pub goal to -24 -22 1.5[0m
[33m	 cur odom dis = 9.04382
[INFO] [1791274999.160182269] [waypoint_mission]: [MISSION_GOAL_IDENTITY] stamp_ns=1791274983011695744 new_intent=0 new_identity=0 supported=1 waypoint=2
[33m -- [MISSION] Pub goal to -24 -22 1.5[0m
[33m	 cur odom dis = 7.40417
[INFO] [1791275000.170146837] [waypoint_mission]: [MISSION_GOAL_IDENTITY] stamp_ns=1791274983011695744 new_intent=0 new_identity=0 supported=1 waypoint=2
[33m -- [MISSION] Pub goal to -24 -22 1.5[0m
[33m	 cur odom dis = 5.46098
[INFO] [1791275001.179982625] [waypoint_mission]: [MISSION_GOAL_IDENTITY] stamp_ns=1791274983011695744 new_intent=0 new_identity=0 supported=1 waypoint=2
[33m -- [MISSION] Pub goal to -24 -22 1.5[0m
[33m	 cur odom dis = 5.11473
[INFO] [1791275002.189907915] [waypoint_mission]: [MISSION_GOAL_IDENTITY] stamp_ns=1791274983011695744 new_intent=0 new_identity=0 supported=1 waypoint=2
[33m -- [MISSION] Pub goal to -24 -22 1.5[0m
[33m	 cur odom dis = 3.22801
[INFO] [1791275003.199772587] [waypoint_mission]: [MISSION_GOAL_IDENTITY] stamp_ns=1791274983011695744 new_intent=0 new_identity=0 supported=1 waypoint=2
[33m -- [MISSION] Pub goal to -24 -22 1.5[0m
[33m	 cur odom dis = 2.16107
[31m -- [MISSION] Close to goal {}, switch to next.[0m
[INFO] [1791275003.529791841] [waypoint_mission]: [MISSION_GOAL_IDENTITY] stamp_ns=1791275003529786619 new_intent=1 new_identity=1 supported=1 waypoint=3
[33m -- [MISSION] Pub goal to  24 -22 1.5[0m
[33m	 cur odom dis = 47.2605
[INFO] [1791275004.539696295] [waypoint_mission]: [MISSION_GOAL_IDENTITY] stamp_ns=1791275003529786619 new_intent=0 new_identity=0 supported=1 waypoint=3
[33m -- [MISSION] Pub goal to  24 -22 1.5[0m
[33m	 cur odom dis = 46.9003
[INFO] [1791275005.549541889] [waypoint_mission]: [MISSION_GOAL_IDENTITY] stamp_ns=1791275003529786619 new_intent=0 new_identity=0 supported=1 waypoint=3
[33m -- [MISSION] Pub goal to  24 -22 1.5[0m
[33m	 cur odom dis = 46.2424
[INFO] [1791275006.549624862] [waypoint_mission]: [MISSION_GOAL_IDENTITY] stamp_ns=1791275003529786619 new_intent=0 new_identity=0 supported=1 waypoint=3
[33m -- [MISSION] Pub goal to  24 -22 1.5[0m
[33m	 cur odom dis = 41.6458
[INFO] [1791275007.559352366] [waypoint_mission]: [MISSION_GOAL_IDENTITY] stamp_ns=1791275003529786619 new_intent=0 new_identity=0 supported=1 waypoint=3
[33m -- [MISSION] Pub goal to  24 -22 1.5[0m
[33m	 cur odom dis = 35.8828
[INFO] [1791275008.569324018] [waypoint_mission]: [MISSION_GOAL_IDENTITY] stamp_ns=1791275003529786619 new_intent=0 new_identity=0 supported=1 waypoint=3
[33m -- [MISSION] Pub goal to  24 -22 1.5[0m
[33m	 cur odom dis = 32.3067
[INFO] [1791275009.579205707] [waypoint_mission]: [MISSION_GOAL_IDENTITY] stamp_ns=1791275003529786619 new_intent=0 new_identity=0 supported=1 waypoint=3
[33m -- [MISSION] Pub goal to  24 -22 1.5[0m
[33m	 cur odom dis = 27.083
[INFO] [1791275010.589239233] [waypoint_mission]: [MISSION_GOAL_IDENTITY] stamp_ns=1791275003529786619 new_intent=0 new_identity=0 supported=1 waypoint=3
[33m -- [MISSION] Pub goal to  24 -22 1.5[0m
[33m	 cur odom dis = 20.77
[INFO] [1791275011.599128143] [waypoint_mission]: [MISSION_GOAL_IDENTITY] stamp_ns=1791275003529786619 new_intent=0 new_identity=0 supported=1 waypoint=3
[33m -- [MISSION] Pub goal to  24 -22 1.5[0m
[33m	 cur odom dis = 14.4842
[INFO] [1791275012.609051179] [waypoint_mission]: [MISSION_GOAL_IDENTITY] stamp_ns=1791275003529786619 new_intent=0 new_identity=0 supported=1 waypoint=3
[33m -- [MISSION] Pub goal to  24 -22 1.5[0m
[33m	 cur odom dis = 9.6014
[INFO] [1791275013.618931343] [waypoint_mission]: [MISSION_GOAL_IDENTITY] stamp_ns=1791275003529786619 new_intent=0 new_identity=0 supported=1 waypoint=3
[33m -- [MISSION] Pub goal to  24 -22 1.5[0m
[33m	 cur odom dis = 7.24998
[INFO] [1791275014.628864418] [waypoint_mission]: [MISSION_GOAL_IDENTITY] stamp_ns=1791275003529786619 new_intent=0 new_identity=0 supported=1 waypoint=3
[33m -- [MISSION] Pub goal to  24 -22 1.5[0m
[33m	 cur odom dis = 2.20029
[31m -- [MISSION] Close to goal {}, switch to next.[0m
[INFO] [1791275014.728851893] [waypoint_mission]: [MISSION_GOAL_IDENTITY] stamp_ns=1791275014728849938 new_intent=1 new_identity=1 supported=1 waypoint=4
[33m -- [MISSION] Pub goal to   0   0 1.5[0m
[33m	 cur odom dis = 32.5139
[INFO] [1791275015.738698782] [waypoint_mission]: [MISSION_GOAL_IDENTITY] stamp_ns=1791275014728849938 new_intent=0 new_identity=0 supported=1 waypoint=4
[33m -- [MISSION] Pub goal to   0   0 1.5[0m
[33m	 cur odom dis = 32.5373
[INFO] [1791275016.748657766] [waypoint_mission]: [MISSION_GOAL_IDENTITY] stamp_ns=1791275014728849938 new_intent=0 new_identity=0 supported=1 waypoint=4
[33m -- [MISSION] Pub goal to   0   0 1.5[0m
[33m	 cur odom dis = 27.5501
[INFO] [1791275017.758555178] [waypoint_mission]: [MISSION_GOAL_IDENTITY] stamp_ns=1791275014728849938 new_intent=0 new_identity=0 supported=1 waypoint=4
[33m -- [MISSION] Pub goal to   0   0 1.5[0m
[33m	 cur odom dis = 25.4455
[INFO] [1791275018.768412365] [waypoint_mission]: [MISSION_GOAL_IDENTITY] stamp_ns=1791275014728849938 new_intent=0 new_identity=0 supported=1 waypoint=4
[33m -- [MISSION] Pub goal to   0   0 1.5[0m
[33m	 cur odom dis = 22.4057
[INFO] [1791275019.778352167] [waypoint_mission]: [MISSION_GOAL_IDENTITY] stamp_ns=1791275014728849938 new_intent=0 new_identity=0 supported=1 waypoint=4
[33m -- [MISSION] Pub goal to   0   0 1.5[0m
[33m	 cur odom dis = 15.5246
[INFO] [1791275020.788333186] [waypoint_mission]: [MISSION_GOAL_IDENTITY] stamp_ns=1791275014728849938 new_intent=0 new_identity=0 supported=1 waypoint=4
[33m -- [MISSION] Pub goal to   0   0 1.5[0m
[33m	 cur odom dis = 8.80632
[INFO] [1791275021.798270971] [waypoint_mission]: [MISSION_GOAL_IDENTITY] stamp_ns=1791275014728849938 new_intent=0 new_identity=0 supported=1 waypoint=4
[33m -- [MISSION] Pub goal to   0   0 1.5[0m
[33m	 cur odom dis = 1.76776
[31m -- [MISSION] Close to goal {}, switch to next.[0m
