[INFO] [1791268025.023543509] [perfect_drone_full_config]: [COMMON_EXECUTOR_SETTINGS] side_threads=3 default_threads=10
[INFO] [1791268025.023683453] [perfect_drone_full_config]: [STATIC_PC_EXECUTOR_SETTINGS] dedicated=1 single_thread=1 timer_geometry_qos_unchanged=1
Load config file: /root/super_ws/forest_liveness_trial_v3_20261006/install/super_planner/share/super_planner/config/static_seedmaps_guard_viability_tight_v7_nearhit_v3.yaml
[0;32m Load param fsm/timer_en success: [0;0m1
[0;32m Load param super_planner/detailed_log_en success: [0;0m0
[0;32m Load param super_planner/detailed_log_max_entries success: [0;0m64
[0;32m Load param fsm/click_goal_en success: [0;0m1
[0;32m Load param fsm/click_yaw_en success: [0;0m1
[0;32m Load param fsm/replan_rate success: [0;0m15
[0;32m Load param fsm/click_height success: [0;0m1.5
[0;32m Load param fsm/cmd_topic success: [0;0m/planning/pos_cmd
[0;32m Load param fsm/mpc_cmd_topic success: [0;0m/planning_cmd/poly_traj
[0;32m Load param fsm/click_goal_topic success: [0;0m/planning/click_goal
[0;32m Load param fsm/map_readiness/enable success: [0;0m1
[0;32m Load param fsm/map_readiness/min_accepted_scans success: [0;0m5
[0;32m Load param fsm/map_readiness/min_committed_scans success: [0;0m5
[0;32m Load param fsm/map_readiness/max_commit_lag_scans success: [0;0m5
[0;32m Load param fsm/map_readiness/min_scan_span_s success: [0;0m1
[0;32m Load param fsm/map_readiness/max_cloud_age_s success: [0;0m0.75
[0;32m Load param fsm/map_readiness/max_map_age_s success: [0;0m0.55
[0;32m Load param fsm/trajectory_guard/enable success: [0;0m1
[0;33m Load param fsm/event_recovery/enable failed, use default value: [0;0m0
[0;33m Load param fsm/trajectory_guard/same_map_replan_coalesce_enable failed, use default value: [0;0m0
[0;33m Load param fsm/trajectory_guard/same_map_replan_min_interval_s failed, use default value: [0;0m0
[0;32m Load param fsm/trajectory_guard/shadow success: [0;0m0
[0;32m Load param fsm/trajectory_guard/max_map_age_s success: [0;0m0.75
[0;32m Load param fsm/trajectory_guard/brake_trigger_map_age_s success: [0;0m0.55
[0;32m Load param fsm/trajectory_guard/brake_trigger_high_speed_map_age_s success: [0;0m0.5
[0;32m Load param fsm/trajectory_guard/brake_trigger_low_speed_mps success: [0;0m2.5
[0;32m Load param fsm/trajectory_guard/brake_trigger_high_speed_mps success: [0;0m3.5
[0;33m Load param fsm/trajectory_guard/full_refresh_ack_sla_s failed, use default value: [0;0m0
[0;32m Load param fsm/trajectory_guard/raw_cloud/enable success: [0;0m0
[0;33m Load param fsm/trajectory_guard/raw_cloud/source_topic failed, use default value: [0;0m
[0;32m Load param fsm/trajectory_guard/raw_cloud/max_age_s success: [0;0m0.75
[0;32m Load param fsm/trajectory_guard/raw_cloud/clearance_m success: [0;0m0.3
[0;32m Load param fsm/trajectory_guard/validation_sample_dt_s success: [0;0m0.005
[0;32m Load param fsm/trajectory_guard/shadow_min_interval_s success: [0;0m0
[0;32m Load param fsm/trajectory_guard/additional_clearance_m success: [0;0m0
[0;33m Load param fsm/trajectory_guard/brake_min_duration_s failed, use default value: [0;0m0.4
[0;32m Load param fsm/trajectory_guard/brake_max_duration_s success: [0;0m3
[0;32m Load param fsm/trajectory_guard/brake_max_acc_mps2 success: [0;0m20
[0;32m Load param fsm/trajectory_guard/brake_max_jerk_mps3 success: [0;0m120
[0;32m Load param fsm/trajectory_guard/brake_command_max_age_s success: [0;0m0.1
[0;32m Load param fsm/trajectory_guard/brake_command_max_position_error_m success: [0;0m0.5
[0;32m Load param fsm/trajectory_guard/brake_command_max_velocity_error_mps success: [0;0m2
[0;32m Load param fsm/trajectory_guard/brake_retry_interval_s success: [0;0m0.1
[0;32m Load param fsm/trajectory_guard/unknown_as_occupied success: [0;0m1
[0;33m Load param fsm/trajectory_guard/raw_cloud/ciri_shadow_en failed, use default value: [0;0m0
[0;33m Load param fsm/trajectory_guard/raw_cloud/accum_window_s failed, use default value: [0;0m1.5
[0;33m Load param fsm/trajectory_guard/raw_cloud/ciri_min_points failed, use default value: [0;0m200
[0;33m Load param fsm/trajectory_guard/raw_cloud/ciri_voxel_m failed, use default value: [0;0m0.1
[0;33m Load param fsm/trajectory_guard/raw_cloud/near_field_shadow_en failed, use default value: [0;0m0
[0;33m Load param fsm/trajectory_guard/raw_cloud/near_field_clearance_m failed, use default value: [0;0m0.2
[0;33m Load param fsm/trajectory_guard/raw_cloud/near_field_horizon_s failed, use default value: [0;0m1
[0;33m Load param fsm/trajectory_guard/raw_cloud/near_field_sample_dt_s failed, use default value: [0;0m0.01
[0;33m Load param fsm/trajectory_guard/raw_cloud/near_field_min_interval_s failed, use default value: [0;0m0.1
[0;33m Load param fsm/trajectory_guard/raw_cloud/near_field_min_points failed, use default value: [0;0m200
[0;33m Load param fsm/trajectory_guard/raw_cloud/near_field_voxel_m failed, use default value: [0;0m0
[0;33m Load param fsm/trajectory_guard/raw_cloud/near_field_test_replay_mode failed, use default value: [0;0m0
[0;33m Load param fsm/trajectory_guard/raw_cloud/near_field_enforce_en failed, use default value: [0;0m0
[0;33m Load param fsm/trajectory_guard/raw_cloud/near_field_result_max_age_s failed, use default value: [0;0m0.2
[0;33m Load param fsm/trajectory_guard/raw_cloud/near_field_max_sequence_lag failed, use default value: [0;0m1
[0;33m Load param fsm/trajectory_guard/raw_cloud/near_field_egress_tolerance_m failed, use default value: [0;0m0.005
[0;33m Load param fsm/trajectory_guard/raw_cloud/near_field_egress_min_progress_m failed, use default value: [0;0m0.02
[0;33m Load param fsm/trajectory_guard/frontend_risk/shadow_en failed, use default value: [0;0m0
[0;33m Load param fsm/trajectory_guard/frontend_risk/enforce_en failed, use default value: [0;0m0
[0;33m Load param fsm/trajectory_guard/frontend_risk/topic failed, use default value: [0;0m/planning/trajectory_risk_verdict
[0;33m Load param fsm/trajectory_guard/frontend_risk/result_max_age_s failed, use default value: [0;0m0.2
[0;33m Load param fsm/trajectory_guard/frontend_risk/source_max_age_s failed, use default value: [0;0m0.75
[0;33m Load param fsm/trajectory_guard/frontend_risk/current_body_enforce_en failed, use default value: [0;0m0
[0;33m Load param fsm/trajectory_guard/frontend_risk/current_body_result_max_age_s failed, use default value: [0;0m0.15
[0;33m Load param fsm/trajectory_guard/frontend_risk/current_body_source_max_age_s failed, use default value: [0;0m0.2
[0;32m Load param super_planner/yaw_dot_max success: [0;0m3
[0;32m Load param super_planner/visualization_en success: [0;0m0
[0;32m Load param rog_map/resolution success: [0;0m0.05
Load config file: /root/super_ws/forest_liveness_trial_v3_20261006/install/super_planner/share/super_planner/config/static_seedmaps_guard_viability_tight_v7_nearhit_v3.yaml
[0;32m Load param rog_map/esdf/resolution success: [0;0m0.1
[0;32m Load param rog_map/esdf/enable success: [0;0m0
[0;32m Load param rog_map/esdf/local_update_box success: [0;0m[5 5 3 ]
[0;32m Load param rog_map/load_pcd_en success: [0;0m0
[0;32m Load param rog_map/map_sliding/enable success: [0;0m0
[0;32m Load param rog_map/map_sliding/threshold success: [0;0m3
[0;32m Load param rog_map/fix_map_origin success: [0;0m[0 0 1.5 ]
[0;32m Load param rog_map/frontier_extraction_en success: [0;0m0
[0;32m Load param rog_map/ros_callback/enable success: [0;0m1
[0;32m Load param rog_map/ros_callback/cloud_topic success: [0;0m/cloud_registered
[0;33m Load param rog_map/ros_callback/cloud_reliable failed, use default value: [0;0m0
[0;32m Load param rog_map/ros_callback/odom_topic success: [0;0m/lidar_slam/odom
[0;32m Load param rog_map/ros_callback/odom_timeout success: [0;0m2
[0;32m Load param rog_map/visualization/enable success: [0;0m0
[0;32m Load param rog_map/visualization/use_dynamic_reconfigure success: [0;0m0
[0;32m Load param rog_map/visualization/pub_unknown_map_en success: [0;0m0
[0;32m Load param rog_map/visualization/frame_id success: [0;0mworld
[0;32m Load param rog_map/visualization/time_rate success: [0;0m2
[0;32m Load param rog_map/visualization/frame_rate success: [0;0m0
[0;32m Load param rog_map/visualization/range success: [0;0m[15 15 4 ]
[0;32m Load param rog_map/resolution success: [0;0m0.05
[0;32m Load param rog_map/inflation_resolution success: [0;0m0.1
[0;32m Load param rog_map/unk_inflation_en success: [0;0m0
[0;32m Load param rog_map/unk_inflation_step success: [0;0m1
[0;32m Load param rog_map/inflation_step success: [0;0m3
[0;32m Load param rog_map/intensity_thresh success: [0;0m-10
[0;32m Load param rog_map/map_size success: [0;0m[70 70 6 ]
[0;32m Load param rog_map/point_filt_num success: [0;0m1
[0;32m Load param rog_map/raycasting/enable success: [0;0m0
[0;32m Load param rog_map/raycasting/batch_update_size success: [0;0m1
[0;32m Load param rog_map/raycasting/unk_thresh success: [0;0m1
[0;32m Load param rog_map/raycasting/p_hit success: [0;0m0.9
[0;32m Load param rog_map/raycasting/p_miss success: [0;0m0.49
[0;32m Load param rog_map/raycasting/p_min success: [0;0m0.12
[0;32m Load param rog_map/raycasting/p_max success: [0;0m0.98
[0;32m Load param rog_map/raycasting/p_occ success: [0;0m0.85
[0;32m Load param rog_map/raycasting/p_free success: [0;0m0.499
[0;32m Load param rog_map/raycasting/p_free success: [0;0m0.499
[0;32m Load param rog_map/raycasting/ray_range success: [0;0m[0.5 100 ]
[0;32m Load param rog_map/raycasting/occupancy_only_min_range success: [0;0m0.1
[OCCUPANCY_ONLY_RANGE] enabled=1 hit_min=0.1 free_ray_min=0.5 startup_clear_radius=0.5
[0;33m Load param rog_map/raycasting/observed_mark_range_max failed, use default value: [0;0m10
[0;32m Load param rog_map/raycasting/local_update_box success: [0;0m[100 100 5 ]
[0;32m Load param rog_map/virtual_ground_height success: [0;0m-0.1
[0;32m Load param rog_map/virtual_ceil_height success: [0;0m3.5
[32m -- [RM-Config] inflation_resolution: 0.1[0m
 -- [ROG-Map] Init, resetMapSize: ORIGIN_AT_CORNER.
 -- [ROG-Map] Init, resetMapSize: virtual_ceil_height: 3.1500000000000004, virtual_ground_height: 0.25.
[34m	[ROG] n_free: 1[0m
[34m	[ROG] n_occ: 1[0m
[34m	[ROG] l_hit: 2.19722[0m
[34m	[ROG] l_miss: -0.0400053[0m
[34m	[ROG] l_min: -1.99243[0m
[34m	[ROG] l_max: 3.89182[0m
[34m	[ROG] l_occ: 1.7346[0m
[34m	[ROG] l_free: -0.00399995[0m
[33m -- [Inf-Map] Clear all local map.[0m
[32m -- [CounterMap] Init successfully -- .[0m
[32m	resolution: 0.1[0m
[32m	map_sliding_en: 0[0m
[32m	local_map_size_i: 709 709  69[0m
[32m	local_map_size_d: 70.9 70.9  6.9[0m
[33m -- [Inf-Map] Clear all local map.[0m
[32m -- [InfMap] Init successfully -- .[0m
[32m	resolution: 0.1[0m
[32m	map_sliding_en: 0[0m
[32m	local_map_size_i: 709 709  69[0m
[32m	local_map_size_d: 70.9 70.9  6.9[0m
[ProbMap] virtual_ceil_height: 3.15
[ProbMap] virtual_ground_height: 0.25
[33m -- [ProbMap] Map sliding disabled, set origin to [  0   0 1.5] -- [0m
[33m -- [Prob-Map] Clear all local map.[0m
[32m -- [ProbMap] Init successfully -- .[0m
[32m	resolution: 0.05[0m
[32m	map_sliding_en: 0[0m
[32m	local_map_size_i: 1401 1401  121[0m
[32m	local_map_size_d: 70.05 70.05  6.05[0m
[THREAD_CPU_ROLE] version=1 pid=155743 tid=155760 role=map_update_worker
[38;2;000;128;000m -- [ROGMap] Immutable planner snapshot enabled (fixed occupancy-only map).
[0m -- [ROG_MAP_OCCUPIED_BOX_SCAN] fast=true compare=false immutable=true comparison_overhead=false
 -- [ROG_MAP_SNAPSHOT_LINE_QUERY] enabled=true immutable=true active=true changed_publication=reject
 -- [ROG_MAP_SNAPSHOT_NEIGHBOR_CACHE] enabled=true immutable=true line_query=true active=true entries=4096 max_neighbors=512 bytes_per_thread=88136 publication_check=required
Load config file: /root/super_ws/forest_liveness_trial_v3_20261006/install/super_planner/share/super_planner/config/static_seedmaps_guard_viability_tight_v7_nearhit_v3.yaml
Load config file: /root/super_ws/forest_liveness_trial_v3_20261006/install/super_planner/share/super_planner/config/static_seedmaps_guard_viability_tight_v7_nearhit_v3.yaml
[0;32m Load param traj_opt/switch/print_optimizer_log success: [0;0m0
[0;32m Load param traj_opt/flatness/mass success: [0;0m1.64
[0;32m Load param traj_opt/flatness/dh success: [0;0m0.35
[0;32m Load param traj_opt/flatness/dv success: [0;0m0.35
[0;32m Load param traj_opt/flatness/grav success: [0;0m9.81
[0;32m Load param traj_opt/flatness/cp success: [0;0m0.001
[0;32m Load param traj_opt/flatness/v_eps success: [0;0m0.0001
[0;32m Load param traj_opt/switch/save_log_en success: [0;0m0
[0;32m Load param traj_opt/exp_traj/pos_constraint_type success: [0;0m1
[0;33m Load param traj_opt/exp_traj/piece_num failed, use default value: [0;0m1
[0;33m Load param traj_opt/exp_traj/uniform_time_en failed, use default value: [0;0m0
[0;32m Load param traj_opt/exp_traj/block_energy_cost success: [0;0m0
[0;32m Load param traj_opt/exp_traj/opt_accuracy success: [0;0m5e-06
[0;33m Load param traj_opt/exp_traj/max_iterations failed, use default value: [0;0m2048
[0;32m Load param traj_opt/exp_traj/integral_reso success: [0;0m15
[0;32m Load param traj_opt/exp_traj/smooth_eps success: [0;0m0.01
[0;32m Load param traj_opt/boundary/max_vel success: [0;0m7
[0;32m Load param traj_opt/boundary/max_acc success: [0;0m20
[0;32m Load param traj_opt/boundary/max_jerk success: [0;0m120
[0;32m Load param traj_opt/boundary/max_omg success: [0;0m2.5
[0;32m Load param traj_opt/boundary/max_acc_thr success: [0;0m17
[0;32m Load param traj_opt/boundary/min_acc_thr success: [0;0m6
[0;32m Load param traj_opt/boundary/penna_margin success: [0;0m0.05
[0;33m Load param traj_opt/exp_traj/penna_scale failed, use default value: [0;0m-1
[0;32m Load param traj_opt/exp_traj/penna_t success: [0;0m1e+07
[0;33m Load param traj_opt/exp_traj/penna_ts failed, use default value: [0;0m-1
[0;32m Load param traj_opt/exp_traj/penna_pos success: [0;0m5e+09
[0;32m Load param traj_opt/exp_traj/penna_clr success: [0;0m1e+06
[0;32m Load param traj_opt/exp_traj/clearance_margin success: [0;0m0.1
[0;32m Load param traj_opt/exp_traj/clearance_speed_gate success: [0;0m1.5
[0;32m Load param traj_opt/exp_traj/clearance_speed_transition success: [0;0m0.5
[0;33m Load param traj_opt/exp_traj/penna_passage_center failed, use default value: [0;0m-1
[0;33m Load param traj_opt/exp_traj/passage_center_max_width failed, use default value: [0;0m0
[0;33m Load param traj_opt/exp_traj/passage_center_min_opposition_cos failed, use default value: [0;0m0.9
[0;33m Load param traj_opt/exp_traj/passage_center_min_horizontal_normal failed, use default value: [0;0m0.8
[0;33m Load param traj_opt/exp_traj/passage_center_deadband failed, use default value: [0;0m0.15
[0;33m Load param traj_opt/exp_traj/passage_center_log_en failed, use default value: [0;0m0
[0;32m Load param traj_opt/exp_traj/penna_vel success: [0;0m5e+08
[0;32m Load param traj_opt/exp_traj/penna_acc success: [0;0m5e+08
[0;32m Load param traj_opt/exp_traj/penna_jerk success: [0;0m-5e+08
[0;32m Load param traj_opt/exp_traj/penna_attract success: [0;0m5e+08
[0;32m Load param traj_opt/exp_traj/penna_omg success: [0;0m-1
[0;32m Load param traj_opt/exp_traj/penna_thr success: [0;0m-1
Load config file: /root/super_ws/forest_liveness_trial_v3_20261006/install/super_planner/share/super_planner/config/static_seedmaps_guard_viability_tight_v7_nearhit_v3.yaml
[0;32m Load param traj_opt/switch/print_optimizer_log success: [0;0m0
[0;32m Load param traj_opt/flatness/mass success: [0;0m1.64
[0;32m Load param traj_opt/flatness/dh success: [0;0m0.35
[0;32m Load param traj_opt/flatness/dv success: [0;0m0.35
[0;32m Load param traj_opt/flatness/grav success: [0;0m9.81
[0;32m Load param traj_opt/flatness/cp success: [0;0m0.001
[0;32m Load param traj_opt/flatness/v_eps success: [0;0m0.0001
[0;32m Load param traj_opt/switch/save_log_en success: [0;0m0
[0;32m Load param traj_opt/backup_traj/pos_constraint_type success: [0;0m2
[0;32m Load param traj_opt/backup_traj/piece_num success: [0;0m2
[0;32m Load param traj_opt/backup_traj/uniform_time_en success: [0;0m1
[0;32m Load param traj_opt/backup_traj/block_energy_cost success: [0;0m1
[0;32m Load param traj_opt/backup_traj/opt_accuracy success: [0;0m1e-05
[0;33m Load param traj_opt/backup_traj/max_iterations failed, use default value: [0;0m2048
[0;32m Load param traj_opt/backup_traj/integral_reso success: [0;0m12
[0;32m Load param traj_opt/backup_traj/smooth_eps success: [0;0m0.01
[0;32m Load param traj_opt/boundary/max_vel success: [0;0m7
[0;32m Load param traj_opt/boundary/max_acc success: [0;0m20
[0;32m Load param traj_opt/boundary/max_jerk success: [0;0m120
[0;32m Load param traj_opt/boundary/max_omg success: [0;0m2.5
[0;32m Load param traj_opt/boundary/max_acc_thr success: [0;0m17
[0;32m Load param traj_opt/boundary/min_acc_thr success: [0;0m6
[0;32m Load param traj_opt/boundary/penna_margin success: [0;0m0.05
[0;33m Load param traj_opt/backup_traj/penna_scale failed, use default value: [0;0m-1
[0;32m Load param traj_opt/backup_traj/penna_t success: [0;0m100
[0;32m Load param traj_opt/backup_traj/penna_ts success: [0;0m1e+07
[0;32m Load param traj_opt/backup_traj/penna_pos success: [0;0m1e+10
[0;32m Load param traj_opt/backup_traj/penna_clr success: [0;0m1e+06
[0;32m Load param traj_opt/backup_traj/clearance_margin success: [0;0m0.1
[0;32m Load param traj_opt/backup_traj/clearance_speed_gate success: [0;0m1.5
[0;32m Load param traj_opt/backup_traj/clearance_speed_transition success: [0;0m0.5
[0;33m Load param traj_opt/backup_traj/penna_passage_center failed, use default value: [0;0m-1
[0;33m Load param traj_opt/backup_traj/passage_center_max_width failed, use default value: [0;0m0
[0;33m Load param traj_opt/backup_traj/passage_center_min_opposition_cos failed, use default value: [0;0m0.9
[0;33m Load param traj_opt/backup_traj/passage_center_min_horizontal_normal failed, use default value: [0;0m0.8
[0;33m Load param traj_opt/backup_traj/passage_center_deadband failed, use default value: [0;0m0.15
[0;33m Load param traj_opt/backup_traj/passage_center_log_en failed, use default value: [0;0m0
[0;32m Load param traj_opt/backup_traj/penna_vel success: [0;0m1e+08
[0;32m Load param traj_opt/backup_traj/penna_acc success: [0;0m1e+08
[0;32m Load param traj_opt/backup_traj/penna_jerk success: [0;0m-1e+06
[0;33m Load param traj_opt/backup_traj/penna_attract failed, use default value: [0;0m-1
[0;32m Load param traj_opt/backup_traj/penna_omg success: [0;0m-1
[0;32m Load param traj_opt/backup_traj/penna_thr success: [0;0m-1
[0;32m Load param super_planner/print_log success: [0;0m0
[0;32m Load param super_planner/detailed_log_en success: [0;0m0
[0;32m Load param super_planner/visualization_en success: [0;0m0
[0;32m Load param super_planner/backup_traj_en success: [0;0m1
[0;32m Load param super_planner/goal_vel_en success: [0;0m0
[0;32m Load param super_planner/goal_yaw_en success: [0;0m0
[0;32m Load param super_planner/visual_process success: [0;0m0
[0;32m Load param super_planner/use_fov_cut success: [0;0m0
[0;33m Load param super_planner/fov_horizontal_angle failed, use default value: [0;0m-1
[0;33m Load param super_planner/fov_center_heading failed, use default value: [0;0m0
[0;32m Load param super_planner/frontend_in_known_free success: [0;0m0
[0;32m Load param fsm/trajectory_guard/enable success: [0;0m1
[0;32m Load param fsm/trajectory_guard/shadow success: [0;0m0
[0;32m Load param fsm/trajectory_guard/validation_sample_dt_s success: [0;0m0.005
[0;32m Load param fsm/trajectory_guard/shadow_min_interval_s success: [0;0m0
[0;32m Load param fsm/trajectory_guard/additional_clearance_m success: [0;0m0
[0;32m Load param fsm/trajectory_guard/escape_max_duration_s success: [0;0m1
[0;32m Load param fsm/trajectory_guard/unknown_as_occupied success: [0;0m1
[0;32m Load param fsm/trajectory_guard/escape_entry_grace_s success: [0;0m0
[0;32m Load param fsm/trajectory_guard/initial_footprint_egress_enable success: [0;0m1
[0;32m Load param super_planner/safe_corridor_line_max_length success: [0;0m6
[0;32m Load param super_planner/sensing_horizon success: [0;0m-1
[0;32m Load param super_planner/obs_skip_num success: [0;0m2
[0;32m Load param super_planner/replan_forward_dt success: [0;0m0.1
[0;32m Load param super_planner/planning_compute_budget_s success: [0;0m0.5
[0;32m Load param super_planner/corridor_bound_dis success: [0;0m0.8
[0;32m Load param super_planner/corridor_line_max_length success: [0;0m1
[0;32m Load param super_planner/planning_horizon success: [0;0m7
[0;32m Load param super_planner/receding_dis success: [0;0m1
[0;32m Load param super_planner/robot_r success: [0;0m0.2
[0;32m Load param super_planner/corridor_use_inflated_obstacles success: [0;0m0
[0;32m Load param super_planner/corridor_use_inflated_seed_lines success: [0;0m0
[0;32m Load param super_planner/corridor_guard_retry_inflated success: [0;0m1
[0;32m Load param super_planner/guard_corridor_retry_alternate_every success: [0;0m4
[0;32m Load param super_planner/guard_topology_reroute/enable success: [0;0m1
[0;32m Load param super_planner/guard_topology_reroute/radius_m success: [0;0m0.8
[0;32m Load param super_planner/guard_topology_reroute/growth_m success: [0;0m0
[0;32m Load param super_planner/guard_topology_reroute/max_radius_m success: [0;0m0.8
[0;32m Load param super_planner/guard_topology_reroute/max_zones success: [0;0m6
[0;32m Load param super_planner/guard_topology_reroute/max_stop_speed_mps success: [0;0m0.2
[0;32m Load param super_planner/guard_topology_reroute/escalate_every_rejects success: [0;0m3
[0;32m Load param super_planner/guard_topology_reroute/collision_merge_m success: [0;0m0.5
[0;32m Load param super_planner/guard_topology_reroute/start_clearance_m success: [0;0m0.3
[0;32m Load param super_planner/guard_topology_reroute/block_spacing_m success: [0;0m1
[0;32m Load param super_planner/guard_topology_reroute/direction_merge_angle_deg success: [0;0m30
[0;32m Load param super_planner/guard_topology_reroute/no_path_reset_attempts success: [0;0m3
[0;32m Load param super_planner/guard_topology_reroute/vertical_recovery_enable success: [0;0m1
[0;32m Load param super_planner/guard_topology_reroute/vertical_recovery_lift_m success: [0;0m0.6
[0;32m Load param super_planner/guard_topology_reroute/vertical_recovery_trigger_distance_m success: [0;0m0.75
[0;32m Load param super_planner/guard_topology_reroute/local_escape_enable success: [0;0m1
[0;32m Load param super_planner/guard_topology_reroute/local_escape_distance_m success: [0;0m0.6
[0;32m Load param super_planner/guard_topology_reroute/local_escape_max_distance_m success: [0;0m1.2
[0;32m Load param super_planner/guard_topology_reroute/local_escape_distance_steps success: [0;0m2
[0;32m Load param super_planner/guard_topology_reroute/local_escape_attempts success: [0;0m4
[0;32m Load param super_planner/guard_topology_reroute/episode_progress_reset_m success: [0;0m2
[0;32m Load param super_planner/guard_topology_reroute/saturation_vertical_attempts success: [0;0m1
[0;32m Load param super_planner/guard_topology_reroute/base_no_path_vertical_attempts success: [0;0m1
[0;32m Load param super_planner/guard_direct_goal_fallback/enable success: [0;0m1
[0;32m Load param super_planner/guard_direct_goal_fallback/max_distance_m success: [0;0m3
[0;32m Load param super_planner/guard_direct_goal_fallback/min_duration_s success: [0;0m1
[0;32m Load param super_planner/guard_viability/enable success: [0;0m1
[0;32m Load param super_planner/guard_viability/horizon_s success: [0;0m2
[0;32m Load param super_planner/guard_viability/sample_dt_s success: [0;0m0.3
[0;32m Load param super_planner/guard_viability/brake_max_acc_mps2 success: [0;0m20
[0;32m Load param super_planner/guard_viability/brake_max_jerk_mps3 success: [0;0m120
[0;32m Load param super_planner/guard_viability/brake_min_duration_s success: [0;0m0.4
[0;32m Load param super_planner/guard_viability/brake_max_duration_s success: [0;0m3
[0;32m Load param super_planner/guard_viability/brake_attempts success: [0;0m12
[0;32m Load param super_planner/guard_viability/speed_scale_step success: [0;0m1.25
[0;32m Load param super_planner/guard_viability/speed_scale_max success: [0;0m3
[0;32m Load param super_planner/guard_viability/max_retries success: [0;0m4
[0;32m Load param super_planner/corridor_min_margin success: [0;0m0.2
[0;32m Load param super_planner/corridor_pref_margin success: [0;0m0.3
[0;32m Load param super_planner/iris_iter_num success: [0;0m2
[0;32m Load param super_planner/yaw_mode success: [0;0m1
[0;32m Load param super_planner/mpc_horizon success: [0;0m15
[0;32m Load param super_planner/yaw_dot_max success: [0;0m3
[0;32m Load param rog_map/resolution success: [0;0m0.05
[INFO] [1791268026.318738691] [fsm_node]:  -- [BACKUP_DIAGNOSTIC_REPLAY] skip=true operational_solve=unchanged init_log=retained
[INFO] [1791268026.318831081] [fsm_node]: [OPT_CLEARANCE_GATE_FIRST] optimizer=exp enabled=1 objective_unchanged=1
[INFO] [1791268026.318839044] [fsm_node]: [OPT_CLEARANCE_GATE_FIRST] optimizer=backup enabled=1 objective_unchanged=1
[INFO] [1791268026.318854881] [fsm_node]:  -- [TRAJ_GUARD] mode=enforce sample_dt=0.0050s shadow_min_interval=0.000s inflation_radius=0.300m robot_r=0.200m additional_clearance=0.000m hard_clearance=0.300m clearance_offsets=0
[38;2;050;205;050m -- [Viz] Set resolution_ to 0.05
[0m[38;2;050;205;050m -- [Viz] Set visualization_en_ to false
[0mLoad config file: /root/super_ws/forest_liveness_trial_v3_20261006/install/super_planner/share/super_planner/config/static_seedmaps_guard_viability_tight_v7_nearhit_v3.yaml
[0;32m Load param astar/map_voxel_num success: [0;0m[500 500 100 ]
[0;32m Load param astar/allow_diag success: [0;0m1
[0;32m Load param astar/debug_visualization_en success: [0;0m0
[0;32m Load param astar/heu_type success: [0;0m2
[0;32m Load param astar/visual_process success: [0;0m0
[0;32m Load param astar/search_timeout_s success: [0;0m0.25
[32m -- [RM] Init Astar-map.[0m
[34m	map index size: 250 250  50[0m
[34m	map vox_num: 501 501 101[0m
[INFO] [1791268027.823971228] [fsm_node]:  -- [ASYNC_CERTIFIED_RECOVERY] enabled=true executor=existing_replan main_finalization=true default_off=true
[INFO] [1791268027.824117442] [fsm_node]:  -- [ASYNC_GENERATE_TRAJ] enabled=true executor=existing_replan main_finalization=true default_off=true
[INFO] [1791268027.824122996] [fsm_node]:  -- [STOPPED_DEPARTURE_V4] enabled=true physical_origin=true prefix_from_zero=true shared_release=true default_off=true
[INFO] [1791268027.824126586] [fsm_node]:  -- [STOPPED_HOLD_V5] enabled=true stationary_only=true deferred_soft_margin=true hard_checks_required=true default_off=true
[INFO] [1791268027.824130236] [fsm_node]:  -- [GOAL_CHANGE_FULL_REFRESH_V6] enabled=false distinct_identity_only=true following_only=true stop_before_full_ack=true certified_release=true default_off=true
[INFO] [1791268027.824134306] [fsm_node]:  -- [ACTIVE_YAW_SCAN] enabled=false mode=fixed_sector trigger=distinct_goal_or_failed_stopped_plan sequence=stop_yaw_fresh_map_replan rate_deg_s=40.0 yaw_tolerance_deg=8.0 settle_s=0.20 default_off=true
[33m -- [Fsm] CLICKGOAL ENABLE.[0m
[INFO] [1791268027.828327589] [fsm_node]:  -- [GOAL_RETRANSMIT_IDENTITY] enabled=true role=receiver guarded_demand=true identity=creation_stamp_raw_pose_frame default_off=true
[INFO] [1791268027.828359404] [fsm_node]:  -- [GUARDED_DEMAND_REPLAN] enabled=true max_dispatch_interval=0.25 demand_timer_hz=15 guard_command_hz=100 legacy_coalescer=bypassed stop_policy=sampled_unknown_allowed_soft_margin_after_complete_hard_checks stop_policy_revision=2
[WARN] [1791268027.828762972] [perfect_tracking]:  -- [MissionPlanner] Load config by file name: /root/super_ws/src/SUPER/mars_uav_sim/perfect_drone_sim/config/forest_stopped_diagnostic_20261006.yaml
Load config file: /root/super_ws/src/SUPER/mars_uav_sim/perfect_drone_sim/config/forest_stopped_diagnostic_20261006.yaml
[0;32m Load param mesh_resource success: [0;0mpackage://perfect_drone_sim/meshes/yunque-M.dae
[0;32m Load param init_position/x success: [0;0m8.6753
[0;32m Load param init_position/y success: [0;0m18.9734
[0;32m Load param init_position/z success: [0;0m2.68558
[0;32m Load param init_yaw success: [0;0m0
[0;32m Load param sensing_rate success: [0;0m10
Load config file: /root/super_ws/src/SUPER/mars_uav_sim/perfect_drone_sim/config/forest_stopped_diagnostic_20261006.yaml
[0;33m Load param side_entry_v1/enabled failed, use default value: [0;0m0
[0;33m Load param side_entry_v2/enabled failed, use default value: [0;0m0
[0;33m Load param side_entry_v3/enabled failed, use default value: [0;0m0
[0;33m Load param side_entry_v4/enabled failed, use default value: [0;0m0
[0;33m Load param side_entry_v5/enabled failed, use default value: [0;0m0
[0;33m Load param side_entry_v6/enabled failed, use default value: [0;0m0
[0;33m Load param side_entry_v7/enabled failed, use default value: [0;0m0
[0;33m Load param side_entry_v0/speed_min_mps failed, use default value: [0;0m2
[0;33m Load param side_entry_v0/yaw_velocity_mismatch_min_deg failed, use default value: [0;0m50
[0;33m Load param side_entry_v0/require_yaw_velocity_mismatch failed, use default value: [0;0m1
[0;33m Load param side_entry_v0/hold_s failed, use default value: [0;0m0.02
[0;33m Load param side_entry_v0/qualifying_samples failed, use default value: [0;0m0
[0;33m Load param side_entry_v0/prediction_s failed, use default value: [0;0m0.8
[0;33m Load param side_entry_v0/require_velocity_inside failed, use default value: [0;0m1
[0;33m Load param side_entry_v0/fixed_center_enabled failed, use default value: [0;0m0
[0;33m Load param side_entry_v0/fixed_center_x failed, use default value: [0;0m22.5
[0;33m Load param side_entry_v0/fixed_center_y failed, use default value: [0;0m23
[0;33m Load param side_entry_v0/trigger_distance_min_m failed, use default value: [0;0m0.8
[0;33m Load param side_entry_v0/trigger_distance_max_m failed, use default value: [0;0m3.5
[0;33m Load param side_entry_v0/trigger_waypoint_x failed, use default value: [0;0m24
[0;33m Load param side_entry_v0/trigger_waypoint_y failed, use default value: [0;0m24
[0;33m Load param side_entry_v0/trigger_waypoint_radius_m failed, use default value: [0;0m2
[0;33m Load param side_entry_v0/trap_waypoint_radius_m failed, use default value: [0;0m2
[0;33m Load param side_entry_v0/sector_half_angle_deg failed, use default value: [0;0m45
[0;33m Load param side_entry_v0/angular_margin_deg failed, use default value: [0;0m2
[0;33m Load param side_entry_v0/max_nudge_deg failed, use default value: [0;0m20
[0;33m Load param side_entry_v0/radius_m failed, use default value: [0;0m0.25
[0;33m Load param side_entry_v0/height_m failed, use default value: [0;0m3
[0;33m Load param side_entry_v0/point_spacing_m failed, use default value: [0;0m0.05
[0;33m Load param side_entry_v0/z_spacing_m failed, use default value: [0;0m0.1
[0;33m Load param side_entry_v0/sensing_horizon_m failed, use default value: [0;0m15
[0;33m Load param side_entry_v0/intensity failed, use default value: [0;0m14545
Load config file: /root/super_ws/src/SUPER/mars_uav_sim/perfect_drone_sim/config/forest_stopped_diagnostic_20261006.yaml
[0;33m Load param sensor_burst_dropout/enabled failed, use default value: [0;0m0
[0;33m Load param sensor_burst_dropout/warmup_s failed, use default value: [0;0m1
[0;33m Load param sensor_burst_dropout/period_s failed, use default value: [0;0m2
[0;33m Load param sensor_burst_dropout/duration_s failed, use default value: [0;0m0.5
[0;33m Load param sensor_burst_dropout/phase_s failed, use default value: [0;0m0
Load config file: /root/super_ws/src/SUPER/mars_uav_sim/perfect_drone_sim/config/forest_stopped_diagnostic_20261006.yaml
[0;32m Load param sensing_blind success: [0;0m0.1
[0;32m Load param sensing_horizon success: [0;0m15
[0;32m Load param sensing_rate success: [0;0m10
[0;32m Load param lidar_type success: [0;0m2
[0;32m Load param pcd_name success: [0;0mseed_maps/forest_cluster_f01.pcd
[0;32m Load param is_360lidar success: [0;0m1
[0;32m Load param polar_resolution success: [0;0m0.4
[0;33m Load param fx failed, use default value: [0;0m250
[0;33m Load param fy failed, use default value: [0;0m250
[0;33m Load param line_number failed, use default value: [0;0m64
[0;32m Load param downsample_res success: [0;0m0.1
[0;33m Load param yaw_fov failed, use default value: [0;0m360
[0;32m Load param vertical_fov success: [0;0m178
[0;32m Load param depth_image_en success: [0;0m0
[0;33m Load param inf_point_en failed, use default value: [0;0m0
[0;32m Load param print_time_consumption success: [0;0m0
GLAD init success
Load shader frome: /root/super_ws/src/SUPER/mars_uav_sim/marsim_render/config/pattern/360camera.vs
Now initing the point cloud data: 
Number of points = 105.903X 10000
Load data finish 
========== OpenGL Info ==========
Vendor: NVIDIA Corporation
Renderer: NVIDIA GeForce RTX 3050 Ti Laptop GPU/PCIe/SSE2
OpenGL Version: 3.3.0 NVIDIA 550.144.03
GLSL Version: 3.30 NVIDIA via Cg compiler
========== OpenGL Info ==========
[INFO] [1791268028.907006264] [perfect_tracking]: [STATIC_PC_DURABLE_SETTINGS] enabled=0 actual_qos=1 reliability=best_effort durability=volatile history=keep_last depth=100 intra_process=node_default publication_schedule=existing other_qos_unchanged=1
[INFO] [1791268028.907069927] [perfect_tracking]: [STATIC_PC_POLL_SETTINGS] poll_ms=1 bootstrap_once=0 complete_geometry=1 qos_unchanged=1
[INFO] [1791268028.907080556] [perfect_drone_full_config]: [HEADLESS_PARAMETER_SETTINGS] enabled=1 mode=full nodes=3 parameter_services_nodes=0 parameter_event_publisher_nodes=0 local_parameters_preserved=1 default_off=1
[INFO] [1791268028.907087936] [perfect_drone_full_config]: Full raw DDS disabled: renderer -> ROG-Map uses direct latest-only SharedPtr handoff
[INFO] [1791268028.907132208] [perfect_drone_full_config]: [STATIC_PC_EXECUTOR_KIND] cached_entities=0 executor=single callbacks_qos_cadence_unchanged=1 mode=full
[THREAD_CPU_ROLE] version=1 pid=155743 tid=155743 role=sim_render_executor
[THREAD_CPU_ROLE] version=1 pid=155743 tid=155789 role=sim_static_cloud_executor
[38;2;000;128;000m -- [Fsm]: [MainFsmCallback] change state from [INIT] to [WAIT_GOAL].
[0m -- [Fsm] MAP_NOT_READY reason=accepted_count,committed_count,map_version,scan_span,accepted_cloud_age,committed_cloud_age,map_age accepted=0 committed=0 version=0 lag=0 span=0.000s cloud_age=infs committed_cloud_age=infs commit_age=infs in_progress=false
Publish local map size: 72013
[INFO] [1791268029.082668324] [fsm_node]:  -- [DEMAND_REPLAN] checks=1 skips=0 renewals=0 reason=NOT_ORDINARY gen=0 map=1 required_until=0.000 checked_until=0.000
[INFO] [1791268029.082915173] [fsm_node]:  -- [DEMAND_REPLAN_REASONS] checks=1 counted=1 max_dispatch_interval=0.25 final_counts=DISABLED=0,INVALID_POLICY=0,NOT_ORDINARY=1,NEW_GOAL=0,RECOVERY_PENDING=0,SAFETY_PENDING=0,FAILURE_OR_REJECTION=0,NO_SUCCESSFUL_LEASE=0,STALE_OR_UNCERTIFIED_MAP=0,TRAJECTORY_MISMATCH=0,CLOCK_INVALID=0,DISPATCH_DEADLINE=0,ON_BACKUP=0,INSUFFICIENT_GEOMETRY=0,INSUFFICIENT_MOTION_HORIZON=0,NEED_VIABILITY_RENEWAL=0,VIABILITY_RENEWAL_REJECTED=0,EVIDENCE_CHANGED=0,SKIP=0
Publish local map size: 72032
Publish local map size: 72033
Publish local map size: 72053
Publish local map size: 72060
Publish local map size: 72040
Publish local map size: 72043
Publish local map size: 72077
Publish local map size: 72047
[32m -- [Fsm 1.001] Current state: WAIT_GOAL[0m
Publish local map size: 72054
 -- [Fsm] MAP_NOT_READY reason=scan_span accepted=10 committed=10 version=10 lag=0 span=0.896s cloud_age=0.034s committed_cloud_age=0.034s commit_age=0.015s in_progress=false
Publish local map size: 72043
Publish local map size: 72047
 -- [Fsm] MAP_READY accepted=12 committed=11 version=11 lag=1 span=1.097s cloud_age=0.003s committed_cloud_age=0.104s commit_age=0.090s in_progress=true
[32m -- [Fsm] Get goal at [0m24.025 22.025  1.525
[32m -- [Fsm] Receive click goal at: [24.025 22.025  1.525]; goal yaw: 0.000 deg[0m
[38;2;000;128;000m -- [Fsm]: [MainFsmCallback] change state from [WAIT_GOAL] to [GENERATE_TRAJ].
[0mPublish local map size: 72053
 -- [MARSIM] Running FPS: 137.559
Publish local map size: 72082
[INFO] [1791268030.378392988] [fsm_node]:  -- [ASYNC_GENERATE_REQUEST] id=1 hold_revision=1 generation_before=0 goal_queued=1 goal_accepted=1 ack_required=false ack_map=0
Publish local map size: 72067
[WARN] [1791268030.415970916] [fsm_node]:  -- [SUPER] Cannot find continuous corridor on path, overlap only -2.2901321319362563e-15, force return.
[WARN] [1791268030.416052726] [fsm_node]:  -- [SUPER] SearchPolytopeOnPath for new path failed
[WARN] [1791268030.416062814] [fsm_node]:  -- [SUPER] in [PlanFromRest] GenerateExpTrajectory failed with FAILED.
[WARN] [1791268030.418466258] [fsm_node]:  -- [ASYNC_GENERATE_HANDOFF_REJECT] id=1 reason=not_attempted wt=nan generation=0 position_error_m=inf velocity_error_mps=inf acceleration_error_mps2=inf action=retain_hold
[INFO] [1791268030.418497227] [fsm_node]:  -- [ASYNC_GENERATE_RESULT] id=1 computed=true completed=false reason=computed generation_before=0 generation_after=0 dispatched_total=1 completed_total=0 discarded_total=1
[INFO] [1791268030.418518114] [fsm_node]:  -- [ASYNC_GENERATE_REQUEST] id=2 hold_revision=1 generation_before=0 goal_queued=1 goal_accepted=1 ack_required=false ack_map=0
[WARN] [1791268030.480855659] [fsm_node]:  -- [SUPER] Cannot find continuous corridor on path, overlap only -2.742663541592651e-15, force return.
[WARN] [1791268030.480932614] [fsm_node]:  -- [SUPER] SearchPolytopeOnPath for new path failed
[WARN] [1791268030.480942249] [fsm_node]:  -- [SUPER] in [PlanFromRest] GenerateExpTrajectory failed with FAILED.
[WARN] [1791268030.488332389] [fsm_node]:  -- [ASYNC_GENERATE_HANDOFF_REJECT] id=2 reason=not_attempted wt=nan generation=0 position_error_m=inf velocity_error_mps=inf acceleration_error_mps2=inf action=retain_hold
[INFO] [1791268030.488368538] [fsm_node]:  -- [ASYNC_GENERATE_RESULT] id=2 computed=true completed=false reason=computed generation_before=0 generation_after=0 dispatched_total=2 completed_total=0 discarded_total=2
[INFO] [1791268030.488384011] [fsm_node]:  -- [ASYNC_GENERATE_REQUEST] id=3 hold_revision=1 generation_before=0 goal_queued=1 goal_accepted=1 ack_required=false ack_map=0
Publish local map size: 72009
[WARN] [1791268030.539664304] [fsm_node]:  -- [SUPER] Cannot find continuous corridor on path, overlap only -3.3393852643042524e-16, force return.
[WARN] [1791268030.539720349] [fsm_node]:  -- [TRAJ_GUARD_REROUTE_ARM] zone=0 zones=1 center=[7.702,19.486,2.686] radius=0.800 start_distance=1.100 branch=0 depth=0 direction_dot=1.000 reason=corridor_continuity_failed action=block_optimizer_failed_route
[WARN] [1791268030.539728051] [fsm_node]:  -- [TRAJ_GUARD_CORRIDOR_RECOVERY] epoch=1 zones=1 reason=corridor_continuity_failed action=change_topology
[WARN] [1791268030.539732591] [fsm_node]:  -- [SUPER] SearchPolytopeOnPath for new path failed
[WARN] [1791268030.539737792] [fsm_node]:  -- [SUPER] in [PlanFromRest] GenerateExpTrajectory failed with FAILED.
[WARN] [1791268030.548335009] [fsm_node]:  -- [ASYNC_GENERATE_HANDOFF_REJECT] id=3 reason=not_attempted wt=nan generation=0 position_error_m=inf velocity_error_mps=inf acceleration_error_mps2=inf action=retain_hold
[INFO] [1791268030.548368671] [fsm_node]:  -- [ASYNC_GENERATE_RESULT] id=3 computed=true completed=false reason=computed generation_before=0 generation_after=0 dispatched_total=3 completed_total=0 discarded_total=3
[INFO] [1791268030.548382958] [fsm_node]:  -- [ASYNC_GENERATE_REQUEST] id=4 hold_revision=1 generation_before=0 goal_queued=1 goal_accepted=1 ack_required=false ack_map=0
[WARN] [1791268030.600546494] [fsm_node]:  -- [TRAJ_GUARD_REROUTE_SEARCH] zones=1 start=[8.675,18.975,2.675]
Publish local map size: 72070
[WARN] [1791268030.611231790] [fsm_node]:  -- [SUPER] Retrying EXP with inflated guard corridor.
[OPT_CLEARANCE_GATE_SKIP] optimizer=exp gate=0
[33m -- [MINCO] TrajOpt failed, The algorithm routine reaches the maximum number of iterations.[0m
[33m -- [SUPER] Minco exp_traj opt failed.[0m
[WARN] [1791268030.684187635] [fsm_node]:  -- [SUPER] OptimizationExpTrajInPolytopes for new path failed
[WARN] [1791268030.684234736] [fsm_node]:  -- [SUPER] in [PlanFromRest] GenerateExpTrajectory failed with FAILED.
[WARN] [1791268030.688335623] [fsm_node]:  -- [ASYNC_GENERATE_HANDOFF_REJECT] id=4 reason=not_attempted wt=nan generation=0 position_error_m=inf velocity_error_mps=inf acceleration_error_mps2=inf action=retain_hold
[INFO] [1791268030.688385523] [fsm_node]:  -- [ASYNC_GENERATE_RESULT] id=4 computed=true completed=false reason=computed generation_before=0 generation_after=0 dispatched_total=4 completed_total=0 discarded_total=4
[INFO] [1791268030.688399991] [fsm_node]:  -- [ASYNC_GENERATE_REQUEST] id=5 hold_revision=1 generation_before=0 goal_queued=1 goal_accepted=1 ack_required=false ack_map=0
Publish local map size: 72060
[WARN] [1791268030.732446895] [fsm_node]:  -- [TRAJ_GUARD_REROUTE_SEARCH] zones=1 start=[8.675,18.975,2.675]
[WARN] [1791268030.738507712] [fsm_node]:  -- [SUPER] Retrying EXP with inflated guard corridor.
[INFO] [1791268030.773547156] [fsm_node]:  -- [SUPER] in [PlanFromRest] GenerateExpTrajectory SUCCESS.
[OPT_CLEARANCE_GATE_SKIP] optimizer=backup gate=0
[33m Yaw rate too large, 10.173205648447299[0m
[INFO] [1791268030.774897650] [fsm_node]:  -- [TRAJ_GUARD_COMMIT] phase=PlanFromRest/with_backup gen=1 map=18 samples=126 range=[0.000,0.620] escape=false footprint_egress=false escape_done_tt=-1.000
[INFO] [1791268030.778258426] [fsm_node]:  -- [STOPPED_DEPARTURE_CERTIFICATE] trigger=async_generate_complete gen=1 map=18 range=[0.000,0.620] samples=126
[INFO] [1791268030.778426562] [fsm_node]:  -- [STOPPED_DEPARTURE_RELEASE] gen=1 map=18 wt=1791268030.778415680 p_err=0.000000000 v_err=0.000000000 a_err=0.000000000
[INFO] [1791268030.778461350] [fsm_node]:  -- [ASYNC_GENERATE_RESULT] id=5 computed=true completed=true reason=computed generation_before=0 generation_after=1 dispatched_total=5 completed_total=1 discarded_total=4
Publish local map size: 72997
[WARN] [1791268030.887458256] [fsm_node]:  -- [ExpOpt] Opt failed, Omg or thr or Pos violation.
 -- [TRAJ_GUARD_CERT] trigger=main_pre status=SAFE gen=1 map=19 map_age=0.011s map_age_limit=0.550s motion_speed=0.101mps samples=114 range=[0.060,0.620] collision_tt=-1.000 ttc=-1.000 p=[0.000,0.000,0.000]
[33m -- [MINCO] TrajOpt failed, (unknown)[0m
[33m -- [SUPER] Minco exp_traj opt failed.[0m
[WARN] [1791268030.887548271] [fsm_node]:  -- [SUPER] OptimizationExpTrajInPolytopes for new path failed
[WARN] [1791268030.887556443] [fsm_node]:  -- [SUPER] in [ReplanOnce]: GenerateExpTrajectory failed, force return
Publish local map size: 90713
[32m -- [Fsm 2.011] Current state: FOLLOW_TRAJ[0m
 -- [TRAJ_GUARD_CERT] trigger=main_pre status=SAFE gen=1 map=20 map_age=0.011s map_age_limit=0.550s motion_speed=1.629mps samples=92 range=[0.170,0.620] collision_tt=-1.000 ttc=-1.000 p=[0.000,0.000,0.000]
[33m Yaw rate too large, 10.560393822954518[0m
[ERROR] [1791268030.953477978] [fsm_node]:  -- [TRAJ_GUARD_REJECT] phase=ReplanOnce/with_backup segment=APPENDED_BACKUP status=CLEARANCE_MARGIN gen=2 map=20 from_tt=0.023 collision_tt=0.318 collision_p=[7.921,18.394,2.603] samples=87
Publish local map size: 83603
[33m Yaw rate too large, 11.854056375802459[0m
[ERROR] [1791268031.030043897] [fsm_node]:  -- [TRAJ_GUARD_REJECT] phase=ReplanOnce/with_backup segment=EXP status=CLEARANCE_MARGIN gen=2 map=20 from_tt=0.034 collision_tt=0.234 collision_p=[7.905,18.393,2.564] samples=172
[WARN] [1791268031.073941269] [fsm_node]:  -- [SUPER] Retrying EXP with inflated guard corridor.
 -- [TRAJ_GUARD_CERT] trigger=main_pre status=SAFE gen=1 map=21 map_age=0.009s map_age_limit=0.513s motion_speed=3.250mps samples=74 range=[0.260,0.620] collision_tt=-1.000 ttc=-1.000 p=[0.000,0.000,0.000]
Publish local map size: 80814
 -- [TRAJ_GUARD_CERT] trigger=main_pre status=SAFE gen=1 map=22 map_age=0.010s map_age_limit=0.500s motion_speed=3.912mps samples=54 range=[0.360,0.620] collision_tt=-1.000 ttc=-1.000 p=[0.000,0.000,0.000]
[33m Yaw rate too large, 8.191936382514761[0m
[ERROR] [1791268031.139632207] [fsm_node]:  -- [TRAJ_GUARD_REJECT] phase=ReplanOnce/with_backup segment=EXP status=CLEARANCE_MARGIN gen=2 map=22 from_tt=0.077 collision_tt=0.177 collision_p=[7.950,18.350,2.550] samples=94
[WARN] [1791268031.161648519] [fsm_node]:  -- [SUPER] Retrying EXP with inflated guard corridor.
Publish local map size: 73203
[33m -- [MINCO] TrajOpt failed, The algorithm routine reaches the maximum number of iterations.[0m
[33m -- [SUPER] Minco exp_traj opt failed.[0m
[WARN] [1791268031.222930278] [fsm_node]:  -- [SUPER] OptimizationExpTrajInPolytopes for new path failed
[WARN] [1791268031.222967235] [fsm_node]:  -- [SUPER] in [ReplanOnce]: GenerateExpTrajectory failed, force return
[WARN] [1791268031.248703297] [fsm_node]:  -- [SUPER] Retrying EXP with inflated guard corridor.
 -- [TRAJ_GUARD_CERT] trigger=main_pre status=SAFE gen=1 map=23 map_age=0.004s map_age_limit=0.550s motion_speed=2.289mps samples=34 range=[0.460,0.620] collision_tt=-1.000 ttc=-1.000 p=[0.000,0.000,0.000]
[33m -- [CIRI] ERROR! maxVolInsEllipsoid failed.[0m
[33m	 box_min =  6.950000000000000 17.050000000000001  1.755000000000000[0m
[33m	 box_max = 8.550000000000001 18.750000000000000  3.145000000000000[0m
[33m	 seed line = 7.750000000000000 17.949999999999999  2.550000000000000 -->  7.750000000000000 17.850000000000001  2.550000000000000[0m
[33m -- [SUPER] GeneratePolytopeFromLine failed.[0m
[WARN] [1791268031.249436867] [fsm_node]:  -- [SUPER] SearchPolytopeOnPath for new path failed
[WARN] [1791268031.249448421] [fsm_node]:  -- [SUPER] in [ReplanOnce]: GenerateExpTrajectory failed, force return
[WARN] [1791268031.281721924] [fsm_node]:  -- [SUPER] Guard corridor retry: alternating back to normal corridor generator this attempt.
[33m Yaw rate too large, 6.787148749281595[0m
[ERROR] [1791268031.294624936] [fsm_node]:  -- [TRAJ_GUARD_REJECT] phase=ReplanOnce/with_backup segment=EXP status=CLEARANCE_MARGIN gen=2 map=23 from_tt=0.034 collision_tt=0.269 collision_p=[7.812,18.195,2.583] samples=149
Publish local map size: 72468
[WARN] [1791268031.326293510] [fsm_node]:  -- [TRAJ_EXP_CACHE_REUSE_REJECT] gen=1 reason=POSITION_DISCONTINUITY wt=1791268031.326285362 position_error_m=0.472140795 velocity_error_mps=3.839013551 acceleration_error_mps2=13.718479949 action=retain_committed_command
[WARN] [1791268031.392488247] [fsm_node]:  -- [TRAJ_EXP_CACHE_REUSE_REJECT] gen=1 reason=POSITION_DISCONTINUITY wt=1791268031.392473459 position_error_m=0.730725424 velocity_error_mps=4.020833130 acceleration_error_mps2=19.613926446 action=retain_committed_command
 -- [TRAJ_GUARD_CERT] trigger=main_pre status=SAFE gen=1 map=24 map_age=0.004s map_age_limit=0.550s motion_speed=0.627mps samples=14 range=[0.560,0.620] collision_tt=-1.000 ttc=-1.000 p=[0.000,0.000,0.000]
[32m -- [Fsm] Traj finish.[0m
[38;2;000;128;000m -- [Fsm]: [PubCmdCallback] change state from [FOLLOW_TRAJ] to [GENERATE_TRAJ].
[0mPublish local map size: 62534
Publish local map size: 62587
Publish local map size: 62533
[INFO] [1791268031.668366955] [fsm_node]:  -- [ASYNC_GENERATE_REQUEST] id=6 hold_revision=2 generation_before=1 goal_queued=1 goal_accepted=1 ack_required=false ack_map=0
Publish local map size: 62575
[WARN] [1791268031.743215794] [fsm_node]:  -- [SUPER] Retrying EXP with inflated guard corridor.
[INFO] [1791268031.792754065] [fsm_node]:  -- [SUPER] in [PlanFromRest] GenerateExpTrajectory SUCCESS.
[WARN] [1791268031.799923938] [fsm_node]:  -- [TRAJ_GUARD_REROUTE_ARM] zone=0 zones=1 gen=2 rejects=1 center=[6.911,17.666,2.561] radius=0.800 start_distance=1.100 collision=[7.650,18.150,2.550] stop_source=odom direction_source=exp_collision branch=0 depth=0 direction_dot=1.000 odom_speed=0.000 action=block_rejected_route
[ERROR] [1791268031.799951273] [fsm_node]:  -- [TRAJ_GUARD_REJECT] phase=PlanFromRest/with_backup segment=EXP status=CLEARANCE_MARGIN gen=2 map=28 from_tt=0.000 collision_tt=0.265 collision_p=[7.650,18.150,2.550] samples=158
[INFO] [1791268031.808345546] [fsm_node]:  -- [ASYNC_GENERATE_RESULT] id=6 computed=true completed=false reason=computed generation_before=1 generation_after=1 dispatched_total=6 completed_total=1 discarded_total=5
[INFO] [1791268031.808421450] [fsm_node]:  -- [TRAJ_GUARD_RECOVERY_SIGNAL] active=true
[ERROR] [1791268031.808512008] [fsm_node]:  -- [TRAJ_GUARD_BRAKE_REJECTED] trigger=candidate_rejected_without_safe_follow searched=[0.400,3.000]s speed0=0.000 initial_source=fresh_command cmd_age=0.000s cmd_pos_err=0.000 cmd_vel_err=inf motion_speed=inf motion_dt=infs motion_pose_speed=inf motion_twist_speed=0.000 motion_disagreement=inf motion_source=none motion_gen=1/0 motion_gen_continuous=false last_dynamics_ok=true max_vel=0.000 vel_limit=7.000 max_acc=0.000 max_jerk=0.000 last_path_status=SAFE last_map=28 map_age=0.067s raw_status=DISABLED raw_cloud=0 raw_age=infs ciri_shadow=DISABLED ciri_shadow_result=0 ciri_shadow_queued=0 ciri_shadow_age=infs; no brake command published
[ERROR] [1791268031.808588619] [fsm_node]:  -- [TRAJ_GUARD_BRAKE_REJECTED] trigger=emergency_stop_retry searched=[0.400,3.000]s speed0=0.000 initial_source=fresh_command cmd_age=0.000s cmd_pos_err=0.000 cmd_vel_err=inf motion_speed=inf motion_dt=infs motion_pose_speed=inf motion_twist_speed=0.000 motion_disagreement=inf motion_source=none motion_gen=1/1 motion_gen_continuous=true last_dynamics_ok=true max_vel=0.000 vel_limit=7.000 max_acc=0.000 max_jerk=0.000 last_path_status=SAFE last_map=28 map_age=0.068s raw_status=DISABLED raw_cloud=0 raw_age=infs ciri_shadow=DISABLED ciri_shadow_result=0 ciri_shadow_queued=0 ciri_shadow_age=infs; no brake command published
[38;2;000;128;000m -- [Fsm]: [TrajectoryGuardFailClosed] change state from [GENERATE_TRAJ] to [EMER_STOP].
[0mPublish local map size: 62569
Publish local map size: 62570
[ERROR] [1791268031.918420979] [fsm_node]:  -- [TRAJ_GUARD_BRAKE_REJECTED] trigger=emergency_stop_retry searched=[0.400,3.000]s speed0=0.000 initial_source=fresh_command cmd_age=0.090s cmd_pos_err=0.000 cmd_vel_err=0.000 motion_speed=0.000 motion_dt=0.001s motion_pose_speed=0.000 motion_twist_speed=0.000 motion_disagreement=0.000 motion_source=odom_twist motion_gen=1/1 motion_gen_continuous=true last_dynamics_ok=true max_vel=0.000 vel_limit=7.000 max_acc=0.000 max_jerk=0.000 last_path_status=SAFE last_map=29 map_age=0.090s raw_status=DISABLED raw_cloud=0 raw_age=infs ciri_shadow=DISABLED ciri_shadow_result=0 ciri_shadow_queued=0 ciri_shadow_age=infs; no brake command published
Publish local map size: 62538
[ERROR] [1791268032.018478230] [fsm_node]:  -- [TRAJ_GUARD_BRAKE_REJECTED] trigger=emergency_stop_retry searched=[0.400,3.000]s speed0=0.000 initial_source=odom_twist cmd_age=0.190s cmd_pos_err=0.000 cmd_vel_err=0.000 motion_speed=0.000 motion_dt=0.001s motion_pose_speed=0.000 motion_twist_speed=0.000 motion_disagreement=0.000 motion_source=odom_twist motion_gen=1/1 motion_gen_continuous=true last_dynamics_ok=true max_vel=0.000 vel_limit=7.000 max_acc=0.000 max_jerk=0.000 last_path_status=SAFE last_map=30 map_age=0.084s raw_status=DISABLED raw_cloud=0 raw_age=infs ciri_shadow=DISABLED ciri_shadow_result=0 ciri_shadow_queued=0 ciri_shadow_age=infs; no brake command published
Publish local map size: 62567
[ERROR] [1791268032.128403302] [fsm_node]:  -- [TRAJ_GUARD_BRAKE_REJECTED] trigger=emergency_stop_retry searched=[0.400,3.000]s speed0=0.000 initial_source=odom_twist cmd_age=0.300s cmd_pos_err=0.000 cmd_vel_err=0.000 motion_speed=0.000 motion_dt=0.001s motion_pose_speed=0.000 motion_twist_speed=0.000 motion_disagreement=0.000 motion_source=odom_twist motion_gen=1/1 motion_gen_continuous=true last_dynamics_ok=true max_vel=0.000 vel_limit=7.000 max_acc=0.000 max_jerk=0.000 last_path_status=SAFE last_map=31 map_age=0.094s raw_status=DISABLED raw_cloud=0 raw_age=infs ciri_shadow=DISABLED ciri_shadow_result=0 ciri_shadow_queued=0 ciri_shadow_age=infs; no brake command published
 -- [MARSIM] Running FPS: 178.553393671787717
Publish local map size: 62565
[WARN] [1791268032.228484483] [fsm_node]:  -- [TRAJ_GUARD_STATIONARY_HOLD] trigger=emergency_stop_retry stable_for=0.310s displacement=0.000m action=publish_certified_hold
[ERROR] [1791268032.228554802] [fsm_node]:  -- [TRAJ_GUARD_BRAKE] trigger=emergency_stop_retry duration=0.400s speed0=0.000 initial_source=odom_twist cmd_age=0.400s cmd_pos_err=0.000 cmd_vel_err=0.000 motion_speed=0.000 motion_dt=0.001s motion_pose_speed=0.000 motion_twist_speed=0.000 motion_disagreement=0.000 motion_source=odom_twist motion_gen=1/1 motion_gen_continuous=true max_vel=0.000 vel_limit=7.000 max_acc=0.000 max_jerk=0.000 dynamics_ok=true path_status=SAFE map=32 map_age=0.093s raw_status=DISABLED raw_cloud=0 raw_age=0.000s ciri_shadow=DISABLED ciri_shadow_result=0 ciri_shadow_queued=0 ciri_shadow_age=infs stop=[7.831,18.269,2.561]
[INFO] [1791268032.238485660] [fsm_node]:  -- [ASYNC_RECOVERY_REQUEST] id=1 revision=6 generation_before=1 request_seq=0 stamp_ns=0 ack_map=0
[WARN] [1791268032.250358767] [fsm_node]:  -- [TRAJ_GUARD_REROUTE_SEARCH] zones=1 start=[7.825,18.275,2.575]
[WARN] [1791268032.268690814] [fsm_node]:  -- [SUPER] Retrying EXP with inflated guard corridor.
[38;2;000;128;000m -- [Fsm]: [TrajectoryGuard] change state from [EMER_STOP] to [EMER_STOP].
[0mPublish local map size: 62611
[INFO] [1791268032.314395801] [fsm_node]:  -- [SUPER] in [PlanFromRest] GenerateExpTrajectory SUCCESS.
[33m Yaw rate too large, 6.764140164119715[0m
[INFO] [1791268032.324941894] [fsm_node]:  -- [TRAJ_GUARD_COMMIT] phase=PlanFromRest/with_backup gen=2 map=33 samples=161 range=[0.000,0.790] escape=false footprint_egress=false escape_done_tt=-1.000
[INFO] [1791268032.328315613] [fsm_node]:  -- [STOPPED_DEPARTURE_CERTIFICATE] trigger=async_brake_recovery gen=2 map=33 range=[0.000,0.790] samples=161
[INFO] [1791268032.328372454] [fsm_node]:  -- [STOPPED_DEPARTURE_RELEASE] gen=2 map=33 wt=1791268032.328363180 p_err=0.000000000 v_err=0.000000000 a_err=0.000000000
[INFO] [1791268032.328392058] [fsm_node]:  -- [TRAJ_GUARD_RECOVERY_SIGNAL] active=false
[INFO] [1791268032.328398996] [fsm_node]:  -- [TRAJ_GUARD_RECOVERED] trigger=emergency_stop_retry gen=2 map=33
[INFO] [1791268032.328403473] [fsm_node]:  -- [ASYNC_RECOVERY_RESULT] id=1 computed=true completed=true revision=6 generation_before=1 generation_after=2 dispatched_total=1 completed_total=1 discarded_total=0
 -- [TRAJ_GUARD_CERT] trigger=main_pre status=SAFE gen=2 map=34 map_age=0.008s map_age_limit=0.550s motion_speed=0.000mps samples=158 range=[0.010,0.790] collision_tt=-1.000 ttc=-1.000 p=[0.000,0.000,0.000]
[32m -- [Fsm 3.431] Current state: FOLLOW_TRAJ[0m
Publish local map size: 68129
 -- [TRAJ_GUARD_CERT] trigger=main_pre status=SAFE gen=2 map=35 map_age=0.012s map_age_limit=0.550s motion_speed=0.440mps samples=136 range=[0.120,0.790] collision_tt=-1.000 ttc=-1.000 p=[0.000,0.000,0.000]
[33m Yaw rate too large, 6.769540826573126[0m
[INFO] [1791268032.500255045] [fsm_node]:  -- [TRAJ_GUARD_COMMIT] phase=ReplanOnce/with_backup gen=3 map=35 samples=128 range=[0.052,0.681] escape=false footprint_egress=false escape_done_tt=-1.000
[32m -- [Fsm] ReplanOnce succeed.[0m
 -- [TRAJ_GUARD_CERT] trigger=poly_publish status=SAFE gen=3 map=35 map_age=0.064s map_age_limit=0.550s motion_speed=1.150mps samples=127 range=[0.052,0.681] collision_tt=-1.000 ttc=-1.000 p=[0.000,0.000,0.000]
Publish local map size: 76215
 -- [TRAJ_GUARD_CERT] trigger=main_pre status=SAFE gen=3 map=36 map_age=0.005s map_age_limit=0.550s motion_speed=1.560mps samples=120 range=[0.090,0.681] collision_tt=-1.000 ttc=-1.000 p=[0.000,0.000,0.000]
Publish local map size: 71771
 -- [TRAJ_GUARD_CERT] trigger=main_pre status=SAFE gen=3 map=37 map_age=0.006s map_age_limit=0.534s motion_speed=2.830mps samples=98 range=[0.200,0.681] collision_tt=-1.000 ttc=-1.000 p=[0.000,0.000,0.000]
[33m Yaw rate too large, 7.146563491677679[0m
[INFO] [1791268032.680702679] [fsm_node]:  -- [TRAJ_GUARD_COMMIT] phase=ReplanOnce/with_backup gen=4 map=37 samples=101 range=[0.034,0.527] escape=false footprint_egress=false escape_done_tt=-1.000
[32m -- [Fsm] ReplanOnce succeed.[0m
 -- [TRAJ_GUARD_CERT] trigger=poly_publish status=SAFE gen=4 map=37 map_age=0.038s map_age_limit=0.522s motion_speed=3.065mps samples=100 range=[0.034,0.527] collision_tt=-1.000 ttc=-1.000 p=[0.000,0.000,0.000]
Publish local map size: 63444
[33m Yaw rate too large, 7.602451354673561[0m
[INFO] [1791268032.745680510] [fsm_node]:  -- [TRAJ_GUARD_COMMIT] phase=ReplanOnce/with_backup gen=5 map=38 samples=90 range=[0.033,0.468] escape=false footprint_egress=false escape_done_tt=-1.000
[32m -- [Fsm] ReplanOnce succeed.[0m
 -- [TRAJ_GUARD_CERT] trigger=poly_publish status=SAFE gen=5 map=38 map_age=0.009s map_age_limit=0.518s motion_speed=3.140mps samples=88 range=[0.033,0.468] collision_tt=-1.000 ttc=-1.000 p=[0.000,0.000,0.000]
Publish local map size: 60068
[33m Yaw rate too large, 7.941599953737819[0m
[INFO] [1791268032.833084979] [fsm_node]:  -- [TRAJ_GUARD_COMMIT] phase=ReplanOnce/with_backup gen=6 map=38 samples=79 range=[0.055,0.435] escape=false footprint_egress=false escape_done_tt=-1.000
[32m -- [Fsm] ReplanOnce succeed.[0m
 -- [TRAJ_GUARD_CERT] trigger=poly_publish status=SAFE gen=6 map=38 map_age=0.096s map_age_limit=0.530s motion_speed=2.896mps samples=78 range=[0.055,0.435] collision_tt=-1.000 ttc=-1.000 p=[0.000,0.000,0.000]
 -- [TRAJ_GUARD_CERT] trigger=main_pre status=SAFE gen=6 map=39 map_age=0.013s map_age_limit=0.531s motion_speed=2.875mps samples=75 range=[0.070,0.435] collision_tt=-1.000 ttc=-1.000 p=[0.000,0.000,0.000]
[33m Yaw rate too large, 7.355093876155106[0m
[ERROR] [1791268032.879634140] [fsm_node]:  -- [TRAJ_GUARD_REJECT] phase=ReplanOnce/with_backup segment=EXP status=CLEARANCE_MARGIN gen=7 map=39 from_tt=0.035 collision_tt=0.270 collision_p=[8.301,17.031,2.391] samples=261
Publish local map size: 60491
[WARN] [1791268032.932815183] [fsm_node]:  -- [SUPER] Retrying EXP with inflated guard corridor.
[WARN] [1791268032.948797813] [fsm_node]:  -- [ExpOpt] Opt failed, Omg or thr or Pos violation.
 -- [TRAJ_GUARD_CERT] trigger=main_pre status=SAFE gen=6 map=40 map_age=0.009s map_age_limit=0.525s motion_speed=3.001mps samples=55 range=[0.170,0.435] collision_tt=-1.000 ttc=-1.000 p=[0.000,0.000,0.000]
[33m -- [MINCO] TrajOpt failed, (unknown)[0m
[33m -- [SUPER] Minco exp_traj opt failed.[0m
[WARN] [1791268032.948850950] [fsm_node]:  -- [SUPER] OptimizationExpTrajInPolytopes for new path failed
[WARN] [1791268032.948860934] [fsm_node]:  -- [SUPER] in [ReplanOnce]: GenerateExpTrajectory failed, force return
[WARN] [1791268033.003646445] [fsm_node]:  -- [SUPER] Retrying EXP with inflated guard corridor.
Publish local map size: 64517
[33m Yaw rate too large, 7.937022085322753[0m
[33m Yaw rate too large, 12.122623021476365[0m
[INFO] [1791268033.017387251] [fsm_node]:  -- [TRAJ_GUARD_COMMIT] phase=ReplanOnce/with_backup gen=7 map=40 samples=224 range=[0.041,1.147] escape=false footprint_egress=false escape_done_tt=-1.000
[32m -- [Fsm] ReplanOnce succeed.[0m
 -- [TRAJ_GUARD_CERT] trigger=poly_publish status=SAFE gen=7 map=40 map_age=0.079s map_age_limit=0.527s motion_speed=2.952mps samples=223 range=[0.041,1.147] collision_tt=-1.000 ttc=-1.000 p=[0.000,0.000,0.000]
 -- [TRAJ_GUARD_CERT] trigger=main_pre status=SAFE gen=7 map=41 map_age=0.008s map_age_limit=0.550s motion_speed=2.470mps samples=216 range=[0.072,1.147] collision_tt=-1.000 ttc=-1.000 p=[0.000,0.000,0.000]
Publish local map size: 76064
 -- [TRAJ_GUARD_CERT] trigger=main_pre status=SAFE gen=7 map=42 map_age=0.011s map_age_limit=0.550s motion_speed=1.047mps samples=194 range=[0.182,1.147] collision_tt=-1.000 ttc=-1.000 p=[0.000,0.000,0.000]
[33m Yaw rate too large, 5.373215777356925[0m
[33m Yaw rate too large, 13.669269496093346[0m
[INFO] [1791268033.193743046] [fsm_node]:  -- [TRAJ_GUARD_COMMIT] phase=ReplanOnce/with_backup gen=8 map=42 samples=169 range=[0.019,0.851] escape=false footprint_egress=false escape_done_tt=-1.000
[32m -- [Fsm] ReplanOnce succeed.[0m
 -- [TRAJ_GUARD_CERT] trigger=poly_publish status=SAFE gen=8 map=42 map_age=0.046s map_age_limit=0.550s motion_speed=0.708mps samples=168 range=[0.019,0.851] collision_tt=-1.000 ttc=-1.000 p=[0.000,0.000,0.000]
Publish local map size: 72881
 -- [TRAJ_GUARD_CERT] trigger=main_pre status=SAFE gen=8 map=43 map_age=0.013s map_age_limit=0.550s motion_speed=0.661mps samples=157 range=[0.074,0.851] collision_tt=-1.000 ttc=-1.000 p=[0.000,0.000,0.000]
[33m Yaw rate too large, 14.030587532001610[0m
[INFO] [1791268033.286713712] [fsm_node]:  -- [TRAJ_GUARD_COMMIT] phase=ReplanOnce/with_backup gen=9 map=43 samples=160 range=[0.046,0.833] escape=false footprint_egress=false escape_done_tt=-1.000
[32m -- [Fsm] ReplanOnce succeed.[0m
 -- [TRAJ_GUARD_CERT] trigger=poly_publish status=SAFE gen=9 map=43 map_age=0.052s map_age_limit=0.550s motion_speed=1.038mps samples=159 range=[0.046,0.833] collision_tt=-1.000 ttc=-1.000 p=[0.000,0.000,0.000]
Publish local map size: 70549
 -- [TRAJ_GUARD_CERT] trigger=main_pre status=SAFE gen=9 map=44 map_age=0.005s map_age_limit=0.550s motion_speed=1.726mps samples=148 range=[0.098,0.833] collision_tt=-1.000 ttc=-1.000 p=[0.000,0.000,0.000]
[32m -- [Fsm 4.441] Current state: FOLLOW_TRAJ[0m
Publish local map size: 65455
[33m Yaw rate too large, 16.710988904611458[0m
[INFO] [1791268033.420646018] [fsm_node]:  -- [TRAJ_GUARD_COMMIT] phase=ReplanOnce/with_backup gen=10 map=44 samples=130 range=[0.048,0.686] escape=false footprint_egress=false escape_done_tt=-1.000
[32m -- [Fsm] ReplanOnce succeed.[0m
 -- [TRAJ_GUARD_CERT] trigger=poly_publish status=SAFE gen=10 map=44 map_age=0.088s map_age_limit=0.522s motion_speed=3.069mps samples=129 range=[0.048,0.686] collision_tt=-1.000 ttc=-1.000 p=[0.000,0.000,0.000]
 -- [TRAJ_GUARD_CERT] trigger=main_pre status=SAFE gen=10 map=45 map_age=0.006s map_age_limit=0.515s motion_speed=3.203mps samples=126 range=[0.066,0.686] collision_tt=-1.000 ttc=-1.000 p=[0.000,0.000,0.000]
Publish local map size: 56084
 -- [TRAJ_GUARD_CERT] trigger=main_pre status=SAFE gen=10 map=46 map_age=0.012s map_age_limit=0.500s motion_speed=4.305mps samples=102 range=[0.186,0.686] collision_tt=-1.000 ttc=-1.000 p=[0.000,0.000,0.000]
[33m Yaw rate too large, 10.215281143258126[0m
[INFO] [1791268033.609527596] [fsm_node]:  -- [TRAJ_GUARD_COMMIT] phase=ReplanOnce/with_backup gen=11 map=46 samples=127 range=[0.039,0.660] escape=false footprint_egress=false escape_done_tt=-1.000
[32m -- [Fsm] ReplanOnce succeed.[0m
 -- [TRAJ_GUARD_CERT] trigger=poly_publish status=SAFE gen=11 map=46 map_age=0.063s map_age_limit=0.500s motion_speed=4.362mps samples=126 range=[0.039,0.660] collision_tt=-1.000 ttc=-1.000 p=[0.000,0.000,0.000]
Publish local map size: 50597
 -- [TRAJ_GUARD_CERT] trigger=main_pre status=SAFE gen=11 map=47 map_age=0.009s map_age_limit=0.500s motion_speed=4.272mps samples=118 range=[0.078,0.660] collision_tt=-1.000 ttc=-1.000 p=[0.000,0.000,0.000]
Publish local map size: 54380
 -- [TRAJ_GUARD_CERT] trigger=main_pre status=SAFE gen=11 map=48 map_age=0.009s map_age_limit=0.500s motion_speed=3.637mps samples=96 range=[0.188,0.660] collision_tt=-1.000 ttc=-1.000 p=[0.000,0.000,0.000]
[33m Yaw rate too large, 6.103250027194634[0m
[INFO] [1791268033.789842922] [fsm_node]:  -- [TRAJ_GUARD_COMMIT] phase=ReplanOnce/with_backup gen=12 map=48 samples=193 range=[0.021,0.975] escape=false footprint_egress=false escape_done_tt=-1.000
[32m -- [Fsm] ReplanOnce succeed.[0m
 -- [TRAJ_GUARD_CERT] trigger=poly_publish status=SAFE gen=12 map=48 map_age=0.041s map_age_limit=0.501s motion_speed=3.479mps samples=192 range=[0.022,0.975] collision_tt=-1.000 ttc=-1.000 p=[0.000,0.000,0.000]
Publish local map size: 61824
[THREAD_CPU_PROFILE] version=1 pid=155743 steady_ns=13966841040437 final=0 stage=map_cloud_enqueue calls=49 inclusive_cpu_s=0.000235998 exclusive_cpu_s=0.000235998 clock_errors=0
[THREAD_CPU_PROFILE] version=1 pid=155743 steady_ns=13966841040437 final=0 stage=map_worker calls=49 inclusive_cpu_s=1.179975737 exclusive_cpu_s=0.000272670 clock_errors=0
[THREAD_CPU_PROFILE] version=1 pid=155743 steady_ns=13966841040437 final=0 stage=map_ros_to_pcl calls=49 inclusive_cpu_s=0.071913765 exclusive_cpu_s=0.071913765 clock_errors=0
[THREAD_CPU_PROFILE] version=1 pid=155743 steady_ns=13966841040437 final=0 stage=map_prob_update calls=49 inclusive_cpu_s=0.990212014 exclusive_cpu_s=0.990212014 clock_errors=0
[THREAD_CPU_PROFILE] version=1 pid=155743 steady_ns=13966841040437 final=0 stage=map_snapshot_commit_health calls=49 inclusive_cpu_s=0.114857303 exclusive_cpu_s=0.114857303 clock_errors=0
[THREAD_CPU_PROFILE] version=1 pid=155743 steady_ns=13966841040437 final=0 stage=map_ack_and_log calls=49 inclusive_cpu_s=0.002719985 exclusive_cpu_s=0.002719985 clock_errors=0
[THREAD_CPU_PROFILE] version=1 pid=155743 steady_ns=13966841040437 final=0 stage=fsm_main_callback calls=501 inclusive_cpu_s=0.009383809 exclusive_cpu_s=0.002636454 clock_errors=0
[THREAD_CPU_PROFILE] version=1 pid=155743 steady_ns=13966841040437 final=0 stage=fsm_main_core calls=400 inclusive_cpu_s=0.002848757 exclusive_cpu_s=0.002316261 clock_errors=0
[THREAD_CPU_PROFILE] version=1 pid=155743 steady_ns=13966841040437 final=0 stage=fsm_replan_callback calls=76 inclusive_cpu_s=1.079903059 exclusive_cpu_s=0.001263581 clock_errors=0
[THREAD_CPU_PROFILE] version=1 pid=155743 steady_ns=13966841040437 final=0 stage=fsm_replan_core calls=60 inclusive_cpu_s=1.076216938 exclusive_cpu_s=0.001167463 clock_errors=0
[THREAD_CPU_PROFILE] version=1 pid=155743 steady_ns=13966841040437 final=0 stage=fsm_command_callback calls=501 inclusive_cpu_s=0.003302984 exclusive_cpu_s=0.003302984 clock_errors=0
[THREAD_CPU_PROFILE] version=1 pid=155743 steady_ns=13966841040437 final=0 stage=guard_certificate calls=475 inclusive_cpu_s=0.002882754 exclusive_cpu_s=0.001237357 clock_errors=0
[THREAD_CPU_PROFILE] version=1 pid=155743 steady_ns=13966841040437 final=0 stage=guard_brake calls=6 inclusive_cpu_s=0.001128283 exclusive_cpu_s=0.000600053 clock_errors=0
[THREAD_CPU_PROFILE] version=1 pid=155743 steady_ns=13966841040437 final=0 stage=guard_recover calls=10 inclusive_cpu_s=0.000151032 exclusive_cpu_s=0.000151032 clock_errors=0
[THREAD_CPU_PROFILE] version=1 pid=155743 steady_ns=13966841040437 final=0 stage=planner_generate_exp calls=28 inclusive_cpu_s=0.935464002 exclusive_cpu_s=0.001711086 clock_errors=0
[THREAD_CPU_PROFILE] version=1 pid=155743 steady_ns=13966841040437 final=0 stage=planner_generate_backup calls=18 inclusive_cpu_s=0.136426117 exclusive_cpu_s=0.016779038 clock_errors=0
[THREAD_CPU_PROFILE] version=1 pid=155743 steady_ns=13966841040437 final=0 stage=planner_commit calls=18 inclusive_cpu_s=0.002711670 exclusive_cpu_s=0.000937708 clock_errors=0
[THREAD_CPU_PROFILE] version=1 pid=155743 steady_ns=13966841040437 final=0 stage=planner_validate_geometry calls=166 inclusive_cpu_s=0.007093519 exclusive_cpu_s=0.007093519 clock_errors=0
[THREAD_CPU_PROFILE] version=1 pid=155743 steady_ns=13966841040437 final=0 stage=planner_stop_viability calls=24 inclusive_cpu_s=0.004740001 exclusive_cpu_s=0.000517362 clock_errors=0
[THREAD_CPU_PROFILE] version=1 pid=155743 steady_ns=13966841040437 final=0 stage=planner_path_search calls=26 inclusive_cpu_s=0.376997712 exclusive_cpu_s=0.376997712 clock_errors=0
[THREAD_CPU_PROFILE] version=1 pid=155743 steady_ns=13966841040437 final=0 stage=planner_exp_optimize calls=22 inclusive_cpu_s=0.494162775 exclusive_cpu_s=0.494162775 clock_errors=0
[THREAD_CPU_PROFILE] version=1 pid=155743 steady_ns=13966841040437 final=0 stage=planner_backup_optimize calls=18 inclusive_cpu_s=0.119647079 exclusive_cpu_s=0.119647079 clock_errors=0
[THREAD_CPU_PROFILE] version=1 pid=155743 steady_ns=13966841040437 final=0 stage=planner_corridor_search calls=26 inclusive_cpu_s=0.062592429 exclusive_cpu_s=0.062592429 clock_errors=0
[THREAD_CPU_PROFILE] version=1 pid=155743 steady_ns=13966841040437 final=0 stage=planner_velocity_extrema calls=28 inclusive_cpu_s=0.000181816 exclusive_cpu_s=0.000181816 clock_errors=0
[THREAD_CPU_PROFILE] version=1 pid=155743 steady_ns=13966841040437 final=0 stage=planner_visualize_path calls=221 inclusive_cpu_s=0.000508665 exclusive_cpu_s=0.000508665 clock_errors=0
[THREAD_CPU_PROFILE] version=1 pid=155743 steady_ns=13966841040437 final=0 stage=fsm_poly_publish calls=10 inclusive_cpu_s=0.000447686 exclusive_cpu_s=0.000055639 clock_errors=0
[THREAD_CPU_PROFILE] version=1 pid=155743 steady_ns=13966841040437 final=0 stage=sim_static_cloud_callback calls=5000 inclusive_cpu_s=0.077120465 exclusive_cpu_s=0.077120465 clock_errors=0
[THREAD_CPU_PROFILE] version=1 pid=155743 steady_ns=13966841040437 final=0 stage=sim_odom_callback calls=500 inclusive_cpu_s=0.041321800 exclusive_cpu_s=0.041321800 clock_errors=0
[THREAD_CPU_PROFILE] version=1 pid=155743 steady_ns=13966841040437 final=0 stage=sim_render_callback calls=49 inclusive_cpu_s=0.294568172 exclusive_cpu_s=0.294332174 clock_errors=0
[THREAD_CPU_PROFILE] version=1 pid=155743 steady_ns=13966841040437 final=0 stage=map_odom_callback calls=500 inclusive_cpu_s=0.003926355 exclusive_cpu_s=0.003926355 clock_errors=0
 -- [TRAJ_GUARD_CERT] trigger=main_pre status=SAFE gen=12 map=49 map_age=0.013s map_age_limit=0.502s motion_speed=3.469mps samples=179 range=[0.090,0.975] collision_tt=-1.000 ttc=-1.000 p=[0.000,0.000,0.000]
Publish local map size: 62312
[INFO] [1791268033.910945193] [perfect_tracking]: [SENSOR_CADENCE_SUMMARY] frames=50 span_s=4.892771 hz=10.014775 raw_published=0 direct_handoffs=50 payload_bytes=109795552 side_entry_v1_enabled=0 side_entry_v1_spawned=0 side_entry_v1_injected_frames=0
[INFO] [1791268033.911011795] [perfect_tracking]: [SENSOR_BURST_DROPOUT_SUMMARY] enabled=0 warmup_s=1.000000 period_s=2.000000 duration_s=0.500000 phase_s=0.000000 phase_env_override=0 rendered=50 delivered=50 dropped=0 bursts=0 max_consecutive_dropped=0 max_delivered_gap_s=0.108017 dropped_payload_bytes=0
[33m Yaw rate too large, 6.433866386891934[0m
[WARN] [1791268033.925553393] [fsm_node]:  -- [TRAJ_GUARD_VIABILITY_SLOWDOWN] phase=ReplanOnce/with_backup gen=13 scale=1.250 retries=1
[ERROR] [1791268033.925591996] [fsm_node]:  -- [TRAJ_HANDOFF_REJECT] phase=ReplanOnce/with_backup gen=13 from_gen=12 reason=POSITION_DISCONTINUITY wt=1791268033.925588846 candidate_tt=0.023978 position_error_m=0.018333976 velocity_error_mps=0.790545441 acceleration_error_mps2=3.830951488
Publish global map size: 1059030
 -- [TRAJ_GUARD_CERT] trigger=main_pre status=SAFE gen=12 map=50 map_age=0.008s map_age_limit=0.500s motion_speed=3.903mps samples=161 range=[0.180,0.975] collision_tt=-1.000 ttc=-1.000 p=[0.000,0.000,0.000]
Publish global map size: 1059030
[33m Yaw rate too large, 5.104760850789952[0m
[INFO] [1791268033.981118663] [fsm_node]:  -- [TRAJ_GUARD_COMMIT] phase=ReplanOnce/with_backup gen=13 map=50 samples=165 range=[0.015,0.829] escape=false footprint_egress=false escape_done_tt=-1.000
[32m -- [Fsm] ReplanOnce succeed.[0m
 -- [TRAJ_GUARD_CERT] trigger=poly_publish status=SAFE gen=13 map=50 map_age=0.041s map_age_limit=0.500s motion_speed=4.046mps samples=164 range=[0.015,0.829] collision_tt=-1.000 ttc=-1.000 p=[0.000,0.000,0.000]
Publish local map size: 49545
Publish global map size: 1059030
[INFO] [1791268034.098855507] [fsm_node]:  -- [DEMAND_REPLAN] checks=67 skips=12 renewals=14 reason=SKIP gen=13 map=51 required_until=0.339 checked_until=0.829
[INFO] [1791268034.099063079] [fsm_node]:  -- [DEMAND_REPLAN_REASONS] checks=67 counted=67 max_dispatch_interval=0.25 final_counts=DISABLED=0,INVALID_POLICY=0,NOT_ORDINARY=32,NEW_GOAL=10,RECOVERY_PENDING=0,SAFETY_PENDING=0,FAILURE_OR_REJECTION=3,NO_SUCCESSFUL_LEASE=0,STALE_OR_UNCERTIFIED_MAP=3,TRAJECTORY_MISMATCH=0,CLOCK_INVALID=0,DISPATCH_DEADLINE=3,ON_BACKUP=0,INSUFFICIENT_GEOMETRY=0,INSUFFICIENT_MOTION_HORIZON=1,NEED_VIABILITY_RENEWAL=0,VIABILITY_RENEWAL_REJECTED=3,EVIDENCE_CHANGED=0,SKIP=12
 -- [TRAJ_GUARD_CERT] trigger=main_pre status=SAFE gen=13 map=51 map_age=0.012s map_age_limit=0.500s motion_speed=4.069mps samples=151 range=[0.082,0.829] collision_tt=-1.000 ttc=-1.000 p=[0.000,0.000,0.000]
Publish local map size: 48518
[INFO] [1791268034.180542399] [fsm_node]:  -- [TRAJ_GUARD_COMMIT] phase=ReplanOnce/with_backup gen=14 map=52 samples=156 range=[0.016,0.783] escape=false footprint_egress=false escape_done_tt=-1.000
 -- [TRAJ_GUARD_CERT] trigger=main_pre status=SAFE gen=13 map=52 map_age=0.012s map_age_limit=0.500s motion_speed=3.985mps samples=129 range=[0.192,0.829] collision_tt=-1.000 ttc=-1.000 p=[0.000,0.000,0.000]
[32m -- [Fsm] ReplanOnce succeed.[0m
 -- [TRAJ_GUARD_CERT] trigger=poly_publish status=SAFE gen=14 map=52 map_age=0.035s map_age_limit=0.500s motion_speed=4.009mps samples=155 range=[0.017,0.783] collision_tt=-1.000 ttc=-1.000 p=[0.000,0.000,0.000]
Publish local map size: 35461
 -- [TRAJ_GUARD_CERT] trigger=main_pre status=SAFE gen=14 map=53 map_age=0.007s map_age_limit=0.500s motion_speed=4.119mps samples=141 range=[0.084,0.783] collision_tt=-1.000 ttc=-1.000 p=[0.000,0.000,0.000]
Publish local map size: 42033
[INFO] [1791268034.318549130] [fsm_node]:  -- [TRAJ_GUARD_COMMIT] phase=ReplanOnce/with_backup gen=15 map=53 samples=207 range=[0.022,1.045] escape=false footprint_egress=false escape_done_tt=-1.000
[32m -- [Fsm] ReplanOnce succeed.[0m
 -- [TRAJ_GUARD_CERT] trigger=poly_publish status=SAFE gen=15 map=53 map_age=0.078s map_age_limit=0.500s motion_speed=4.449mps samples=206 range=[0.022,1.045] collision_tt=-1.000 ttc=-1.000 p=[0.000,0.000,0.000]
 -- [TRAJ_GUARD_CERT] trigger=main_pre status=SAFE gen=15 map=54 map_age=0.009s map_age_limit=0.500s motion_speed=4.576mps samples=200 range=[0.052,1.045] collision_tt=-1.000 ttc=-1.000 p=[0.000,0.000,0.000]
[32m -- [Fsm 5.451] Current state: FOLLOW_TRAJ[0m
Publish local map size: 48280
 -- [TRAJ_GUARD_CERT] trigger=main_pre status=SAFE gen=15 map=55 map_age=0.013s map_age_limit=0.500s motion_speed=5.521mps samples=178 range=[0.162,1.045] collision_tt=-1.000 ttc=-1.000 p=[0.000,0.000,0.000]
 -- [MARSIM] Running FPS: 226.199284264158592
Publish local map size: 44700
[INFO] [1791268034.512081936] [fsm_node]:  -- [TRAJ_GUARD_COMMIT] phase=ReplanOnce/with_backup gen=16 map=55 samples=246 range=[0.018,1.238] escape=false footprint_egress=false escape_done_tt=-1.000
[32m -- [Fsm] ReplanOnce succeed.[0m
 -- [TRAJ_GUARD_CERT] trigger=poly_publish status=SAFE gen=16 map=55 map_age=0.067s map_age_limit=0.500s motion_speed=6.080mps samples=245 range=[0.018,1.238] collision_tt=-1.000 ttc=-1.000 p=[0.000,0.000,0.000]
 -- [TRAJ_GUARD_CERT] trigger=main_pre status=SAFE gen=16 map=56 map_age=0.009s map_age_limit=0.500s motion_speed=6.324mps samples=238 range=[0.054,1.238] collision_tt=-1.000 ttc=-1.000 p=[0.000,0.000,0.000]
Publish local map size: 38770
[WARN] [1791268034.705835230] [fsm_node]:  -- [TRAJ_GUARD_VIABILITY_SLOWDOWN] phase=ReplanOnce/with_backup gen=17 scale=1.250 retries=1
[ERROR] [1791268034.705905919] [fsm_node]:  -- [TRAJ_HANDOFF_REJECT] phase=ReplanOnce/with_backup gen=17 from_gen=16 reason=POSITION_DISCONTINUITY wt=1791268034.705903292 candidate_tt=0.013631 position_error_m=0.019013041 velocity_error_mps=1.396244103 acceleration_error_mps2=3.519684007
 -- [TRAJ_GUARD_CERT] trigger=main_pre status=SAFE gen=16 map=57 map_age=0.012s map_age_limit=0.500s motion_speed=6.899mps samples=216 range=[0.164,1.238] collision_tt=-1.000 ttc=-1.000 p=[0.000,0.000,0.000]
Publish local map size: 38049
[INFO] [1791268034.768472428] [fsm_node]:  -- [TRAJ_GUARD_COMMIT] phase=ReplanOnce/with_backup gen=17 map=58 samples=244 range=[0.010,1.216] escape=false footprint_egress=false escape_done_tt=-1.000
 -- [TRAJ_GUARD_CERT] trigger=main_pre status=SAFE gen=16 map=58 map_age=0.010s map_age_limit=0.500s motion_speed=6.982mps samples=198 range=[0.254,1.238] collision_tt=-1.000 ttc=-1.000 p=[0.000,0.000,0.000]
[32m -- [Fsm] ReplanOnce succeed.[0m
 -- [TRAJ_GUARD_CERT] trigger=poly_publish status=SAFE gen=17 map=58 map_age=0.031s map_age_limit=0.500s motion_speed=6.983mps samples=243 range=[0.010,1.216] collision_tt=-1.000 ttc=-1.000 p=[0.000,0.000,0.000]
Publish local map size: 41085
 -- [TRAJ_GUARD_CERT] trigger=main_pre status=SAFE gen=17 map=59 map_age=0.013s map_age_limit=0.500s motion_speed=6.975mps samples=225 range=[0.100,1.216] collision_tt=-1.000 ttc=-1.000 p=[0.000,0.000,0.000]
Publish local map size: 45969
[WARN] [1791268034.963627903] [fsm_node]:  -- [TRAJ_GUARD_VIABILITY_SLOWDOWN] phase=ReplanOnce/with_backup gen=18 scale=1.250 retries=1
[ERROR] [1791268034.963692990] [fsm_node]:  -- [TRAJ_HANDOFF_REJECT] phase=ReplanOnce/with_backup gen=18 from_gen=17 reason=POSITION_DISCONTINUITY wt=1791268034.963686943 candidate_tt=0.007600 position_error_m=0.010563615 velocity_error_mps=1.390083430 acceleration_error_mps2=2.603422020
 -- [TRAJ_GUARD_CERT] trigger=main_pre status=SAFE gen=17 map=60 map_age=0.014s map_age_limit=0.500s motion_speed=6.950mps samples=205 range=[0.200,1.216] collision_tt=-1.000 ttc=-1.000 p=[0.000,0.000,0.000]
Publish local map size: 55004
[INFO] [1791268035.031616477] [fsm_node]:  -- [TRAJ_GUARD_COMMIT] phase=ReplanOnce/with_backup gen=18 map=60 samples=249 range=[0.009,1.242] escape=false footprint_egress=false escape_done_tt=-1.000
[32m -- [Fsm] ReplanOnce succeed.[0m
 -- [TRAJ_GUARD_CERT] trigger=poly_publish status=SAFE gen=18 map=60 map_age=0.087s map_age_limit=0.500s motion_speed=6.972mps samples=248 range=[0.009,1.242] collision_tt=-1.000 ttc=-1.000 p=[0.000,0.000,0.000]
 -- [TRAJ_GUARD_CERT] trigger=main_pre status=SAFE gen=18 map=61 map_age=0.016s map_age_limit=0.500s motion_speed=6.988mps samples=241 range=[0.046,1.242] collision_tt=-1.000 ttc=-1.000 p=[0.000,0.000,0.000]
Publish local map size: 34586
[INFO] [1791268035.161288557] [fsm_node]:  -- [TRAJ_GUARD_COMMIT] phase=ReplanOnce/with_backup gen=19 map=62 samples=247 range=[0.007,1.232] escape=false footprint_egress=false escape_done_tt=-1.000
 -- [TRAJ_GUARD_CERT] trigger=main_pre status=SAFE gen=18 map=62 map_age=0.015s map_age_limit=0.500s motion_speed=6.975mps samples=223 range=[0.136,1.242] collision_tt=-1.000 ttc=-1.000 p=[0.000,0.000,0.000]
[32m -- [Fsm] ReplanOnce succeed.[0m
 -- [TRAJ_GUARD_CERT] trigger=poly_publish status=SAFE gen=19 map=62 map_age=0.018s map_age_limit=0.500s motion_speed=6.975mps samples=246 range=[0.007,1.232] collision_tt=-1.000 ttc=-1.000 p=[0.000,0.000,0.000]
Publish local map size: 30993
 -- [TRAJ_GUARD_CERT] trigger=main_pre status=SAFE gen=19 map=63 map_age=0.008s map_age_limit=0.500s motion_speed=6.922mps samples=227 range=[0.104,1.232] collision_tt=-1.000 ttc=-1.000 p=[0.000,0.000,0.000]
Publish local map size: 27758
 -- [TRAJ_GUARD_CERT] trigger=main_pre status=SAFE gen=19 map=64 map_age=0.010s map_age_limit=0.500s motion_speed=6.963mps samples=207 range=[0.204,1.232] collision_tt=-1.000 ttc=-1.000 p=[0.000,0.000,0.000]
[32m -- [Fsm 6.451] Current state: FOLLOW_TRAJ[0m
[INFO] [1791268035.381347759] [fsm_node]:  -- [TRAJ_GUARD_COMMIT] phase=ReplanOnce/with_backup gen=20 map=64 samples=218 range=[0.029,1.105] escape=false footprint_egress=false escape_done_tt=-1.000
[32m -- [Fsm] ReplanOnce succeed.[0m
 -- [TRAJ_GUARD_CERT] trigger=poly_publish status=SAFE gen=20 map=64 map_age=0.033s map_age_limit=0.500s motion_speed=6.981mps samples=217 range=[0.029,1.105] collision_tt=-1.000 ttc=-1.000 p=[0.000,0.000,0.000]
Publish local map size: 25015
 -- [TRAJ_GUARD_CERT] trigger=main_pre status=SAFE gen=20 map=65 map_age=0.014s map_age_limit=0.500s motion_speed=6.999mps samples=201 range=[0.106,1.105] collision_tt=-1.000 ttc=-1.000 p=[0.000,0.000,0.000]
Publish local map size: 22971
[INFO] [1791268035.564151168] [fsm_node]:  -- [TRAJ_GUARD_COMMIT] phase=ReplanOnce/with_backup gen=21 map=66 samples=240 range=[0.014,1.200] escape=false footprint_egress=false escape_done_tt=-1.000
[32m -- [Fsm] ReplanOnce succeed.[0m
 -- [TRAJ_GUARD_CERT] trigger=poly_publish status=SAFE gen=21 map=66 map_age=0.012s map_age_limit=0.500s motion_speed=6.988mps samples=239 range=[0.014,1.200] collision_tt=-1.000 ttc=-1.000 p=[0.000,0.000,0.000]
Publish local map size: 26389
 -- [TRAJ_GUARD_CERT] trigger=main_pre status=SAFE gen=21 map=67 map_age=0.009s map_age_limit=0.500s motion_speed=6.998mps samples=218 range=[0.118,1.200] collision_tt=-1.000 ttc=-1.000 p=[0.000,0.000,0.000]
Publish local map size: 22504
[INFO] [1791268035.763452700] [fsm_node]:  -- [TRAJ_GUARD_COMMIT] phase=ReplanOnce/with_backup gen=22 map=68 samples=234 range=[0.015,1.171] escape=false footprint_egress=false escape_done_tt=-1.000
[32m -- [Fsm] ReplanOnce succeed.[0m
 -- [TRAJ_GUARD_CERT] trigger=poly_publish status=SAFE gen=22 map=68 map_age=0.008s map_age_limit=0.500s motion_speed=6.978mps samples=233 range=[0.015,1.171] collision_tt=-1.000 ttc=-1.000 p=[0.000,0.000,0.000]
Publish local map size: 30882
[INFO] [1791268035.891345161] [fsm_node]:  -- [TRAJ_GUARD_COMMIT] phase=ReplanOnce/with_backup gen=23 map=69 samples=255 range=[0.011,1.272] escape=false footprint_egress=false escape_done_tt=-1.000
 -- [TRAJ_GUARD_CERT] trigger=main_pre status=SAFE gen=22 map=69 map_age=0.009s map_age_limit=0.500s motion_speed=6.957mps samples=212 range=[0.120,1.171] collision_tt=-1.000 ttc=-1.000 p=[0.000,0.000,0.000]
[32m -- [Fsm] ReplanOnce succeed.[0m
 -- [TRAJ_GUARD_CERT] trigger=poly_publish status=SAFE gen=23 map=69 map_age=0.033s map_age_limit=0.500s motion_speed=6.964mps samples=254 range=[0.011,1.272] collision_tt=-1.000 ttc=-1.000 p=[0.000,0.000,0.000]
Publish local map size: 31188
 -- [TRAJ_GUARD_CERT] trigger=main_pre status=SAFE gen=23 map=70 map_age=0.009s map_age_limit=0.500s motion_speed=6.991mps samples=238 range=[0.088,1.272] collision_tt=-1.000 ttc=-1.000 p=[0.000,0.000,0.000]
Publish local map size: 25421
[INFO] [1791268036.086728762] [fsm_node]:  -- [TRAJ_GUARD_COMMIT] phase=ReplanOnce/no_backup gen=24 map=71 samples=243 range=[0.008,1.209] escape=false footprint_egress=false escape_done_tt=-1.000
 -- [TRAJ_GUARD_CERT] trigger=main_pre status=SAFE gen=23 map=71 map_age=0.007s map_age_limit=0.500s motion_speed=6.998mps samples=220 range=[0.178,1.272] collision_tt=-1.000 ttc=-1.000 p=[0.000,0.000,0.000]
[32m -- [Fsm] ReplanOnce succeed.[0m
 -- [TRAJ_GUARD_CERT] trigger=poly_publish status=SAFE gen=24 map=71 map_age=0.036s map_age_limit=0.500s motion_speed=6.994mps samples=242 range=[0.009,1.209] collision_tt=-1.000 ttc=-1.000 p=[0.000,0.000,0.000]
Publish local map size: 30774
 -- [TRAJ_GUARD_CERT] trigger=main_pre status=SAFE gen=24 map=72 map_age=0.009s map_age_limit=0.500s motion_speed=6.986mps samples=227 range=[0.080,1.209] collision_tt=-1.000 ttc=-1.000 p=[0.000,0.000,0.000]
Publish local map size: 27525
[INFO] [1791268036.281665180] [fsm_node]:  -- [TRAJ_GUARD_COMMIT] phase=ReplanOnce/no_backup gen=25 map=73 samples=194 range=[0.005,0.965] escape=false footprint_egress=false escape_done_tt=-1.000
 -- [TRAJ_GUARD_CERT] trigger=main_pre status=SAFE gen=24 map=73 map_age=0.007s map_age_limit=0.500s motion_speed=6.966mps samples=207 range=[0.180,1.209] collision_tt=-1.000 ttc=-1.000 p=[0.000,0.000,0.000]
[32m -- [Fsm] ReplanOnce succeed.[0m
 -- [TRAJ_GUARD_CERT] trigger=poly_publish status=SAFE gen=25 map=73 map_age=0.031s map_age_limit=0.500s motion_speed=6.904mps samples=193 range=[0.006,0.965] collision_tt=-1.000 ttc=-1.000 p=[0.000,0.000,0.000]
 -- [MARSIM] Running FPS: 176.532281075404057
Publish local map size: 24077
 -- [TRAJ_GUARD_CERT] trigger=main_pre status=SAFE gen=25 map=74 map_age=0.013s map_age_limit=0.500s motion_speed=6.521mps samples=176 range=[0.092,0.965] collision_tt=-1.000 ttc=-1.000 p=[0.000,0.000,0.000]
[32m -- [Fsm 7.460] Current state: FOLLOW_TRAJ[0m
Publish local map size: 21750
[INFO] [1791268036.476958188] [fsm_node]:  -- [TRAJ_GUARD_COMMIT] phase=ReplanOnce/no_backup gen=26 map=75 samples=155 range=[0.003,0.764] escape=false footprint_egress=false escape_done_tt=-1.000
 -- [TRAJ_GUARD_CERT] trigger=main_pre status=SAFE gen=25 map=75 map_age=0.015s map_age_limit=0.500s motion_speed=6.164mps samples=156 range=[0.192,0.965] collision_tt=-1.000 ttc=-1.000 p=[0.000,0.000,0.000]
[32m -- [Fsm] ReplanOnce succeed.[0m
 -- [TRAJ_GUARD_CERT] trigger=poly_publish status=SAFE gen=26 map=75 map_age=0.024s map_age_limit=0.500s motion_speed=6.164mps samples=154 range=[0.003,0.764] collision_tt=-1.000 ttc=-1.000 p=[0.000,0.000,0.000]
Publish local map size: 20101
 -- [TRAJ_GUARD_CERT] trigger=main_pre status=SAFE gen=26 map=76 map_age=0.009s map_age_limit=0.500s motion_speed=6.069mps samples=137 range=[0.084,0.764] collision_tt=-1.000 ttc=-1.000 p=[0.000,0.000,0.000]
Publish local map size: 33612
[INFO] [1791268036.673574745] [fsm_node]:  -- [TRAJ_GUARD_COMMIT] phase=ReplanOnce/no_backup gen=27 map=77 samples=115 range=[0.001,0.563] escape=false footprint_egress=false escape_done_tt=-1.000
 -- [TRAJ_GUARD_CERT] trigger=main_pre status=SAFE gen=26 map=77 map_age=0.012s map_age_limit=0.500s motion_speed=5.927mps samples=117 range=[0.184,0.764] collision_tt=-1.000 ttc=-1.000 p=[0.000,0.000,0.000]
[32m -- [Fsm] ReplanOnce succeed.[0m
 -- [TRAJ_GUARD_CERT] trigger=poly_publish status=SAFE gen=27 map=77 map_age=0.027s map_age_limit=0.500s motion_speed=5.901mps samples=114 range=[0.002,0.563] collision_tt=-1.000 ttc=-1.000 p=[0.000,0.000,0.000]
Publish local map size: 36437
[INFO] [1791268036.727331744] [rclcpp]: signal_handler(signum=2)
[INFO] [1791268036.728018798] [perfect_tracking]: [SENSOR_CADENCE_SUMMARY] frames=78 span_s=7.695641 hz=10.005664 raw_published=0 direct_handoffs=78 payload_bytes=140496256 side_entry_v1_enabled=0 side_entry_v1_spawned=0 side_entry_v1_injected_frames=0
[INFO] [1791268036.728036450] [perfect_tracking]: [SENSOR_BURST_DROPOUT_SUMMARY] enabled=0 warmup_s=1.000000 period_s=2.000000 duration_s=0.500000 phase_s=0.000000 phase_env_override=0 rendered=78 delivered=78 dropped=0 bursts=0 max_consecutive_dropped=0 max_delivered_gap_s=0.108017 dropped_payload_bytes=0
Retained replan num: 27, total recorded: 46, dropped: 0, retained length: 22.180606343210357, average retained computation time: 4.262180370370371 ms
[31mError: Could not open file for writing.
[0m[THREAD_CPU_PROFILE] version=1 pid=155743 steady_ns=13969696857778 final=1 stage=map_cloud_enqueue calls=78 inclusive_cpu_s=0.000366822 exclusive_cpu_s=0.000366822 clock_errors=0
[THREAD_CPU_PROFILE] version=1 pid=155743 steady_ns=13969696857778 final=1 stage=map_worker calls=78 inclusive_cpu_s=2.360421673 exclusive_cpu_s=0.000617509 clock_errors=0
[THREAD_CPU_PROFILE] version=1 pid=155743 steady_ns=13969696857778 final=1 stage=map_ros_to_pcl calls=78 inclusive_cpu_s=0.095100900 exclusive_cpu_s=0.095100900 clock_errors=0
[THREAD_CPU_PROFILE] version=1 pid=155743 steady_ns=13969696857778 final=1 stage=map_prob_update calls=78 inclusive_cpu_s=1.995363151 exclusive_cpu_s=1.995363151 clock_errors=0
[THREAD_CPU_PROFILE] version=1 pid=155743 steady_ns=13969696857778 final=1 stage=map_snapshot_commit_health calls=78 inclusive_cpu_s=0.264688432 exclusive_cpu_s=0.264688432 clock_errors=0
[THREAD_CPU_PROFILE] version=1 pid=155743 steady_ns=13969696857778 final=1 stage=map_ack_and_log calls=78 inclusive_cpu_s=0.004651681 exclusive_cpu_s=0.004651681 clock_errors=0
[THREAD_CPU_PROFILE] version=1 pid=155743 steady_ns=13969696857778 final=1 stage=fsm_main_callback calls=783 inclusive_cpu_s=0.017676965 exclusive_cpu_s=0.003965758 clock_errors=0
[THREAD_CPU_PROFILE] version=1 pid=155743 steady_ns=13969696857778 final=1 stage=fsm_main_core calls=682 inclusive_cpu_s=0.004430652 exclusive_cpu_s=0.003055520 clock_errors=0
[THREAD_CPU_PROFILE] version=1 pid=155743 steady_ns=13969696857778 final=1 stage=fsm_replan_callback calls=119 inclusive_cpu_s=1.323167862 exclusive_cpu_s=0.002138913 clock_errors=0
[THREAD_CPU_PROFILE] version=1 pid=155743 steady_ns=13969696857778 final=1 stage=fsm_replan_core calls=78 inclusive_cpu_s=1.309953195 exclusive_cpu_s=0.001784427 clock_errors=0
[THREAD_CPU_PROFILE] version=1 pid=155743 steady_ns=13969696857778 final=1 stage=fsm_command_callback calls=783 inclusive_cpu_s=0.008124013 exclusive_cpu_s=0.008124013 clock_errors=0
[THREAD_CPU_PROFILE] version=1 pid=155743 steady_ns=13969696857778 final=1 stage=guard_certificate calls=1072 inclusive_cpu_s=0.009104759 exclusive_cpu_s=0.003383984 clock_errors=0
[THREAD_CPU_PROFILE] version=1 pid=155743 steady_ns=13969696857778 final=1 stage=guard_brake calls=6 inclusive_cpu_s=0.001128283 exclusive_cpu_s=0.000600053 clock_errors=0
[THREAD_CPU_PROFILE] version=1 pid=155743 steady_ns=13969696857778 final=1 stage=guard_recover calls=10 inclusive_cpu_s=0.000151032 exclusive_cpu_s=0.000151032 clock_errors=0
[THREAD_CPU_PROFILE] version=1 pid=155743 steady_ns=13969696857778 final=1 stage=planner_generate_exp calls=46 inclusive_cpu_s=1.090981410 exclusive_cpu_s=0.002919502 clock_errors=0
[THREAD_CPU_PROFILE] version=1 pid=155743 steady_ns=13969696857778 final=1 stage=planner_generate_backup calls=36 inclusive_cpu_s=0.207243623 exclusive_cpu_s=0.057935138 clock_errors=0
[THREAD_CPU_PROFILE] version=1 pid=155743 steady_ns=13969696857778 final=1 stage=planner_commit calls=36 inclusive_cpu_s=0.008453547 exclusive_cpu_s=0.002426777 clock_errors=0
[THREAD_CPU_PROFILE] version=1 pid=155743 steady_ns=13969696857778 final=1 stage=planner_validate_geometry calls=462 inclusive_cpu_s=0.021556134 exclusive_cpu_s=0.021556134 clock_errors=0
[THREAD_CPU_PROFILE] version=1 pid=155743 steady_ns=13969696857778 final=1 stage=planner_stop_viability calls=69 inclusive_cpu_s=0.015030179 exclusive_cpu_s=0.001601430 clock_errors=0
[THREAD_CPU_PROFILE] version=1 pid=155743 steady_ns=13969696857778 final=1 stage=planner_path_search calls=40 inclusive_cpu_s=0.476039591 exclusive_cpu_s=0.476039591 clock_errors=0
[THREAD_CPU_PROFILE] version=1 pid=155743 steady_ns=13969696857778 final=1 stage=planner_exp_optimize calls=40 inclusive_cpu_s=0.528347402 exclusive_cpu_s=0.528347402 clock_errors=0
[THREAD_CPU_PROFILE] version=1 pid=155743 steady_ns=13969696857778 final=1 stage=planner_backup_optimize calls=32 inclusive_cpu_s=0.149308485 exclusive_cpu_s=0.149308485 clock_errors=0
[THREAD_CPU_PROFILE] version=1 pid=155743 steady_ns=13969696857778 final=1 stage=planner_corridor_search calls=44 inclusive_cpu_s=0.083674915 exclusive_cpu_s=0.083674915 clock_errors=0
[THREAD_CPU_PROFILE] version=1 pid=155743 steady_ns=13969696857778 final=1 stage=planner_velocity_extrema calls=61 inclusive_cpu_s=0.000450192 exclusive_cpu_s=0.000450192 clock_errors=0
[THREAD_CPU_PROFILE] version=1 pid=155743 steady_ns=13969696857778 final=1 stage=planner_visualize_path calls=503 inclusive_cpu_s=0.001351301 exclusive_cpu_s=0.001351301 clock_errors=0
[THREAD_CPU_PROFILE] version=1 pid=155743 steady_ns=13969696857778 final=1 stage=fsm_poly_publish calls=25 inclusive_cpu_s=0.001490188 exclusive_cpu_s=0.000154273 clock_errors=0
[THREAD_CPU_PROFILE] version=1 pid=155743 steady_ns=13969696857778 final=1 stage=sim_static_cloud_callback calls=7719 inclusive_cpu_s=0.215533411 exclusive_cpu_s=0.215533411 clock_errors=0
[THREAD_CPU_PROFILE] version=1 pid=155743 steady_ns=13969696857778 final=1 stage=sim_odom_callback calls=782 inclusive_cpu_s=0.062648841 exclusive_cpu_s=0.062648841 clock_errors=0
[THREAD_CPU_PROFILE] version=1 pid=155743 steady_ns=13969696857778 final=1 stage=sim_render_callback calls=78 inclusive_cpu_s=0.458693663 exclusive_cpu_s=0.458326841 clock_errors=0
[THREAD_CPU_PROFILE] version=1 pid=155743 steady_ns=13969696857778 final=1 stage=map_odom_callback calls=782 inclusive_cpu_s=0.006115349 exclusive_cpu_s=0.006115349 clock_errors=0
