[WARN] [1789559063.792656290] [perfect_tracking]:  -- [MissionPlanner] Load config by file name: /root/super_ws/src/SUPER/mars_uav_sim/perfect_drone_sim/config/seed5.yaml
Load config file: /root/super_ws/src/SUPER/mars_uav_sim/perfect_drone_sim/config/seed5.yaml
[0;32m Load param mesh_resource success: [0;0mpackage://perfect_drone_sim/meshes/yunque-M.dae
[0;32m Load param init_position/x success: [0;0m0
[0;32m Load param init_position/y success: [0;0m0
[0;32m Load param init_position/z success: [0;0m1.5
[0;32m Load param init_yaw success: [0;0m0
[0;32m Load param sensing_rate success: [0;0m10
Load config file: /root/super_ws/src/SUPER/mars_uav_sim/perfect_drone_sim/config/seed5.yaml
[0;33m Load param side_entry_v1/enabled failed, use default value: [0;0m0
[0;33m Load param side_entry_v2/enabled failed, use default value: [0;0m0
[0;33m Load param side_entry_v3/enabled failed, use default value: [0;0m0
[0;33m Load param side_entry_v4/enabled failed, use default value: [0;0m0
[0;33m Load param side_entry_v5/enabled failed, use default value: [0;0m0
[0;33m Load param side_entry_v6/enabled failed, use default value: [0;0m0
[0;33m Load param side_entry_v7/enabled failed, use default value: [0;0m0
[0;33m Load param side_entry_v0/speed_min_mps failed, use default value: [0;0m2
[0;33m Load param side_entry_v0/yaw_velocity_mismatch_min_deg failed, use default value: [0;0m50
[0;33m Load param side_entry_v0/require_yaw_velocity_mismatch failed, use default value: [0;0m1
[0;33m Load param side_entry_v0/hold_s failed, use default value: [0;0m0.02
[0;33m Load param side_entry_v0/qualifying_samples failed, use default value: [0;0m0
[0;33m Load param side_entry_v0/prediction_s failed, use default value: [0;0m0.8
[0;33m Load param side_entry_v0/require_velocity_inside failed, use default value: [0;0m1
[0;33m Load param side_entry_v0/fixed_center_enabled failed, use default value: [0;0m0
[0;33m Load param side_entry_v0/fixed_center_x failed, use default value: [0;0m22.5
[0;33m Load param side_entry_v0/fixed_center_y failed, use default value: [0;0m23
[0;33m Load param side_entry_v0/trigger_distance_min_m failed, use default value: [0;0m0.8
[0;33m Load param side_entry_v0/trigger_distance_max_m failed, use default value: [0;0m3.5
[0;33m Load param side_entry_v0/trigger_waypoint_x failed, use default value: [0;0m24
[0;33m Load param side_entry_v0/trigger_waypoint_y failed, use default value: [0;0m24
[0;33m Load param side_entry_v0/trigger_waypoint_radius_m failed, use default value: [0;0m2
[0;33m Load param side_entry_v0/trap_waypoint_radius_m failed, use default value: [0;0m2
[0;33m Load param side_entry_v0/sector_half_angle_deg failed, use default value: [0;0m45
[0;33m Load param side_entry_v0/angular_margin_deg failed, use default value: [0;0m2
[0;33m Load param side_entry_v0/max_nudge_deg failed, use default value: [0;0m20
[0;33m Load param side_entry_v0/radius_m failed, use default value: [0;0m0.25
[0;33m Load param side_entry_v0/height_m failed, use default value: [0;0m3
[0;33m Load param side_entry_v0/point_spacing_m failed, use default value: [0;0m0.05
[0;33m Load param side_entry_v0/z_spacing_m failed, use default value: [0;0m0.1
[0;33m Load param side_entry_v0/sensing_horizon_m failed, use default value: [0;0m15
[0;33m Load param side_entry_v0/intensity failed, use default value: [0;0m14545
Load config file: /root/super_ws/src/SUPER/mars_uav_sim/perfect_drone_sim/config/seed5.yaml
[0;33m Load param sensor_burst_dropout/enabled failed, use default value: [0;0m0
[0;33m Load param sensor_burst_dropout/warmup_s failed, use default value: [0;0m1
[0;33m Load param sensor_burst_dropout/period_s failed, use default value: [0;0m2
[0;33m Load param sensor_burst_dropout/duration_s failed, use default value: [0;0m0.5
[0;33m Load param sensor_burst_dropout/phase_s failed, use default value: [0;0m0
Load config file: /root/super_ws/src/SUPER/mars_uav_sim/perfect_drone_sim/config/seed5.yaml
[0;32m Load param sensing_blind success: [0;0m0.1
[0;32m Load param sensing_horizon success: [0;0m15
[0;32m Load param sensing_rate success: [0;0m10
[0;32m Load param lidar_type success: [0;0m2
[0;32m Load param pcd_name success: [0;0mseed_maps/seed5.pcd
[0;32m Load param is_360lidar success: [0;0m1
[0;32m Load param polar_resolution success: [0;0m0.4
[0;33m Load param fx failed, use default value: [0;0m250
[0;33m Load param fy failed, use default value: [0;0m250
[0;33m Load param line_number failed, use default value: [0;0m64
[0;32m Load param downsample_res success: [0;0m0.1
[0;33m Load param yaw_fov failed, use default value: [0;0m360
[0;32m Load param vertical_fov success: [0;0m178
[0;32m Load param depth_image_en success: [0;0m0
[0;33m Load param inf_point_en failed, use default value: [0;0m0
[0;32m Load param print_time_consumption success: [0;0m0
GLAD init success
Load shader frome: /root/super_ws/src/SUPER/mars_uav_sim/marsim_render/config/pattern/360camera.vs
Failed to find match for field 'intensity'.
Now initing the point cloud data: 
Number of points = 63.55X 10000
Load data finish 
========== OpenGL Info ==========
Vendor: NVIDIA Corporation
Renderer: NVIDIA GeForce RTX 3050 Ti Laptop GPU/PCIe/SSE2
OpenGL Version: 3.3.0 NVIDIA 550.144.03
GLSL Version: 3.30 NVIDIA via Cg compiler
========== OpenGL Info ==========
[INFO] [1789559064.506643537] [perfect_tracking]: [STATIC_PC_DURABLE_SETTINGS] enabled=1 actual_qos=1 reliability=reliable durability=transient_local history=keep_last depth=1 intra_process=disabled publication_schedule=latched_once other_qos_unchanged=1
[INFO] [1789559064.506728996] [perfect_tracking]: [STATIC_PC_POLL_SETTINGS] poll_ms=0 bootstrap_once=1 complete_geometry=1 qos_unchanged=0
[INFO] [1789559064.527559981] [perfect_tracking]: [STATIC_PC_LATCHED_SERIALIZATION] point_step=32 tail_zeroed_bytes=12 declared_fields_and_homogeneous_bytes_unchanged=1
[INFO] [1789559064.537381059] [perfect_tracking]: [STATIC_PC_LATCHED_PUBLICATION] publications=1 points=635500 bytes=20336000 stamp_ns=1789559064525314570 timers_created=0 poll_callbacks=0 complete_geometry=1
Publish local map size: 14758
Publish local map size: 14726
Publish local map size: 14722
Publish local map size: 14711
Publish local map size: 14683
Publish local map size: 14775
Publish local map size: 14754
Publish local map size: 14714
Publish local map size: 14688
Publish local map size: 14727
Publish local map size: 14756
Publish local map size: 14727
Publish local map size: 14711
Publish local map size: 14678
Publish local map size: 14711
Publish local map size: 14706
Publish local map size: 14668
Publish local map size: 14683
Publish local map size: 14727
Publish local map size: 14758
Publish local map size: 14715
Publish local map size: 14721
Publish local map size: 14715
Publish local map size: 14737
Publish local map size: 14707
Publish local map size: 14715
 -- [MARSIM] Running FPS: 264.432
Publish local map size: 14671
Publish local map size: 14758
Publish local map size: 14711
Publish local map size: 14712
Publish local map size: 14710
Publish local map size: 14717
Publish local map size: 14779
Publish local map size: 14738
 -- [MARSIM] Running FPS: 72.7247
Publish local map size: 14710
Publish local map size: 14671
Publish local map size: 14731
Publish local map size: 14717
Publish local map size: 14694
Publish local map size: 14731
Publish local map size: 14689
Publish local map size: 14756
Publish local map size: 14692
Publish local map size: 14727
Publish local map size: 14758
Publish local map size: 14714
Publish local map size: 14727
Publish local map size: 14756
Publish local map size: 14714
Publish local map size: 14737
[INFO] [1789559069.509393802] [perfect_tracking]: [STATIC_PC_LATCHED_SUMMARY] enabled=1 publications=1 points=635500 bytes=20336000 stamp_ns=1789559064525314570 timers_created=0 poll_callbacks=0
[INFO] [1789559069.509449139] [perfect_tracking]: [SENSOR_CADENCE_SUMMARY] frames=50 span_s=4.897105 hz=10.005912 raw_published=50 direct_handoffs=0 payload_bytes=23552416 side_entry_v1_enabled=0 side_entry_v1_spawned=0 side_entry_v1_injected_frames=0
[INFO] [1789559069.509464032] [perfect_tracking]: [SENSOR_BURST_DROPOUT_SUMMARY] enabled=0 warmup_s=1.000000 period_s=2.000000 duration_s=0.500000 phase_s=0.000000 phase_env_override=0 rendered=50 delivered=50 dropped=0 bursts=0 max_consecutive_dropped=0 max_delivered_gap_s=0.112240 dropped_payload_bytes=0
Publish local map size: 14711
Publish local map size: 14711
Publish local map size: 14688
Publish local map size: 14675
Publish local map size: 14671
Publish local map size: 14706
Publish local map size: 14737
Publish local map size: 14726
Publish local map size: 14725
Publish local map size: 14708
 -- [MARSIM] Running FPS: 259.556
Publish local map size: 14761
Publish local map size: 14699
Publish local map size: 14699
Publish local map size: 14765
Publish local map size: 14711
Publish local map size: 14762
Publish local map size: 14689
Publish local map size: 14760
Publish local map size: 14726
Publish local map size: 14741
Publish local map size: 14712
Publish local map size: 14725
Publish local map size: 14708
Publish local map size: 14738
Publish local map size: 14779
 -- [MARSIM] Running FPS: 136.984
Publish local map size: 14702
Publish local map size: 14714
Publish local map size: 14758
Publish local map size: 14731
Publish local map size: 14754
Publish local map size: 14737
Publish local map size: 14671
Publish local map size: 14727
Publish local map size: 14714
 -- [MARSIM] Running FPS: 89.2876
Publish local map size: 14712
Publish local map size: 14717
Publish local map size: 14694
Publish local map size: 14725
Publish local map size: 14717
Publish local map size: 14711
Publish local map size: 14754
Publish local map size: 14717
Publish local map size: 14731
Publish local map size: 14731
Publish local map size: 14765
Publish local map size: 14694
Publish local map size: 14757
Publish local map size: 14722
Publish local map size: 14738
Publish local map size: 14761
[INFO] [1789559074.512229744] [perfect_tracking]: [STATIC_PC_LATCHED_SUMMARY] enabled=1 publications=1 points=635500 bytes=20336000 stamp_ns=1789559064525314570 timers_created=0 poll_callbacks=0
[INFO] [1789559074.512323806] [perfect_tracking]: [SENSOR_CADENCE_SUMMARY] frames=100 span_s=9.899884 hz=10.000117 raw_published=100 direct_handoffs=0 payload_bytes=47110400 side_entry_v1_enabled=0 side_entry_v1_spawned=0 side_entry_v1_injected_frames=0
[INFO] [1789559074.512349508] [perfect_tracking]: [SENSOR_BURST_DROPOUT_SUMMARY] enabled=0 warmup_s=1.000000 period_s=2.000000 duration_s=0.500000 phase_s=0.000000 phase_env_override=0 rendered=100 delivered=100 dropped=0 bursts=0 max_consecutive_dropped=0 max_delivered_gap_s=0.112240 dropped_payload_bytes=0
[INFO] [1789559074.548375866] [rclcpp]: signal_handler(signum=2)
[INFO] [1789559074.549090260] [perfect_tracking]: [STATIC_PC_LATCHED_SUMMARY] enabled=1 publications=1 points=635500 bytes=20336000 stamp_ns=1789559064525314570 timers_created=0 poll_callbacks=0
[INFO] [1789559074.549140907] [perfect_tracking]: [SENSOR_CADENCE_SUMMARY] frames=100 span_s=9.899884 hz=10.000117 raw_published=100 direct_handoffs=0 payload_bytes=47110400 side_entry_v1_enabled=0 side_entry_v1_spawned=0 side_entry_v1_injected_frames=0
[INFO] [1789559074.549162654] [perfect_tracking]: [SENSOR_BURST_DROPOUT_SUMMARY] enabled=0 warmup_s=1.000000 period_s=2.000000 duration_s=0.500000 phase_s=0.000000 phase_env_override=0 rendered=100 delivered=100 dropped=0 bursts=0 max_consecutive_dropped=0 max_delivered_gap_s=0.112240 dropped_payload_bytes=0
