{
  "checks": {
    "actual_rviz_late_reconnect": true,
    "binding:binary_adaptive": true,
    "binding:binary_full": true,
    "binding:binary_standalone": true,
    "binding:installed_view_benchmark": true,
    "binding:installed_view_fpv": true,
    "binding:installed_view_launcher": true,
    "binding:installed_view_top_down": true,
    "binding:installed_view_watch_sector": true,
    "binding:runtime_durable_policy": true,
    "binding:runtime_latched_policy": true,
    "binding:runtime_model": true,
    "binding:runtime_view_benchmark": true,
    "binding:runtime_view_fpv": true,
    "binding:runtime_view_launcher": true,
    "binding:runtime_view_top_down": true,
    "binding:runtime_view_watch_sector": true,
    "binding:seed9_config": true,
    "binding:seed9_pcd": true,
    "binding_inventory": true,
    "expected_geometry": true,
    "installed_matches_source:benchmark": true,
    "installed_matches_source:fpv": true,
    "installed_matches_source:launcher": true,
    "installed_matches_source:top_down": true,
    "installed_matches_source:watch_sector": true,
    "map": true,
    "schema": true,
    "six_transport_cases": true,
    "transport:0": true,
    "transport:1": true,
    "transport:2": true,
    "transport:3": true,
    "transport:4": true,
    "transport:5": true,
    "transport_case_coverage": true
  },
  "errors": [],
  "evidence_sha256": {
    "/root/super-sector-filter/results/c22_normal_five_20260916/iteration03/static_preflight/seed9/actual_rviz/late.json": "22efe808a1718043ef1d55c81eb181e6f8fa40e1162a6748c7ff8f297dd78a88",
    "/root/super-sector-filter/results/c22_normal_five_20260916/iteration03/static_preflight/seed9/actual_rviz/late.log": "9ed96877112506a6243961e7b4fc03c71da9826574ad002ca1cc69b75445a277",
    "/root/super-sector-filter/results/c22_normal_five_20260916/iteration03/static_preflight/seed9/actual_rviz/late.png": "0d1b4175024c0d44e2b2618effa144e049bf01a124dd45ead69be49ef58f1ef9",
    "/root/super-sector-filter/results/c22_normal_five_20260916/iteration03/static_preflight/seed9/actual_rviz/reconnected.json": "6d4f822edc452cd09ebc82f4179dfb2939a6d131dd554ad3938e48521c4c0f79",
    "/root/super-sector-filter/results/c22_normal_five_20260916/iteration03/static_preflight/seed9/actual_rviz/reconnected.log": "33cc818f407942ac05ec2c9797cd84d499500fd004860afa5e8c90595893ea55",
    "/root/super-sector-filter/results/c22_normal_five_20260916/iteration03/static_preflight/seed9/actual_rviz/reconnected.png": "a297954041d1ea48fc042ddf33df6ffd7f14232eaf0b72139d87453b097081d4",
    "/root/super-sector-filter/results/c22_normal_five_20260916/iteration03/static_preflight/seed9/actual_rviz/result.json": "686b7002f62ccf529a477b0889a556acd797837113f8542faf27cbebbd6b19aa",
    "/root/super-sector-filter/results/c22_normal_five_20260916/iteration03/static_preflight/seed9/actual_rviz/simulator.log": "76057a28a7455305482182ca4957d9f2cf69d33547ed4bec19b45746f1a6e9b2",
    "/root/super-sector-filter/results/c22_normal_five_20260916/iteration03/static_preflight/seed9/adaptive_late/result.json": "21a5926bb936cb24dac96b602c7a91a10b804a5dfeea79fe4019c27f36de24de",
    "/root/super-sector-filter/results/c22_normal_five_20260916/iteration03/static_preflight/seed9/adaptive_late/simulator.log": "10a62ff95eb41ed7a62ba9a1a40edd53561c6fdb5c808604b3fc1a24200aaa4d",
    "/root/super-sector-filter/results/c22_normal_five_20260916/iteration03/static_preflight/seed9/adaptive_reader-first/result.json": "dd4784d8a800a9127af77b0e5f27463057e3855a96258e69a98424d430322937",
    "/root/super-sector-filter/results/c22_normal_five_20260916/iteration03/static_preflight/seed9/adaptive_reader-first/simulator.log": "b46dfdf3d5eb7e5050b26f7a885a8db42567f1a97f2d5bcf7cf384c6de99fa3f",
    "/root/super-sector-filter/results/c22_normal_five_20260916/iteration03/static_preflight/seed9/full_late/result.json": "53bbf2fdb5e2c771901fc0fb9321f06219250a3c50d43ddfff05c35294913aa2",
    "/root/super-sector-filter/results/c22_normal_five_20260916/iteration03/static_preflight/seed9/full_late/simulator.log": "699cfc59b7bc4aceafe4e72321b727fd627cf2e4b143c75c75af5d84981b01b0",
    "/root/super-sector-filter/results/c22_normal_five_20260916/iteration03/static_preflight/seed9/full_reader-first/result.json": "a35255bbb8246cf1d52ec2c4005857d558baf93445eeba6e9af42df271cf849a",
    "/root/super-sector-filter/results/c22_normal_five_20260916/iteration03/static_preflight/seed9/full_reader-first/simulator.log": "7c4323bd82a7d7b07d7fd8dc72287b453e4f9735b33a9080f1a9bcec9a001102",
    "/root/super-sector-filter/results/c22_normal_five_20260916/iteration03/static_preflight/seed9/standalone_late/result.json": "287ceddc3339e847218254d9fb525d2df2fe80943cb753fde72d0053e54ffa43",
    "/root/super-sector-filter/results/c22_normal_five_20260916/iteration03/static_preflight/seed9/standalone_late/simulator.log": "372d67b084acc8f8d73c5bbaf8b9e6aeb4eb58e44a4d18b19da04095538e3fff",
    "/root/super-sector-filter/results/c22_normal_five_20260916/iteration03/static_preflight/seed9/standalone_reader-first/result.json": "94c40284999d133cbeadf793e632107ee96c83faf40fb9adf06f1719f531448a",
    "/root/super-sector-filter/results/c22_normal_five_20260916/iteration03/static_preflight/seed9/standalone_reader-first/simulator.log": "14327d5bf8ce086154edc58d6b4957637dc2165997a99cd39fc8b2fcd1115381"
  },
  "manifest_sha256": "91501942db0bb14ba5947d6df9df8523ce0738987b06ba28de568c249a5a023e",
  "runtime_sha256": {
    "binary_adaptive": "924e27f62e5d067df84b4a4dbf6c47114f0703f0de15af6ccefc0b1e1e974dcf",
    "binary_full": "20bfb253cda7186924d14ff889feb390d37a8ce8b7ef6d7a2f6c2296d72b54c4",
    "binary_standalone": "2907507a8932aeeb93fd48277c8e119308c45257c21d70749fd07d27e1e12e58",
    "installed_view_benchmark": "bf82601ba8c6123efb062800d1bb424f2848656589c4ab063fd9a0df9c556b38",
    "installed_view_fpv": "4d0468a17b9785b1404d2e2ba1d673bbb6f4b052c83145cc5b02e7e7311e2acc",
    "installed_view_launcher": "39c2edbb2068ad65b068c3c96c74c7f23263b9616b6a007e6d04a406bb1e9b43",
    "installed_view_top_down": "451ba3b7b4747059d0d0af96f4c11eb23ce3e015d602dca6b6475d028ae9a906",
    "installed_view_watch_sector": "8cc47c1f90244e77af709153372953690e0fc362b614935b77d2f6371b6a494a",
    "runtime_durable_policy": "8019947966077efb30d6769a9650c050fe48cbc1e6c79f7e4cb0787ab44d1a75",
    "runtime_latched_policy": "86c79423eef8a5460ed253d2291d886b5b03842e8f357ecbfebb5c195caeee6a",
    "runtime_model": "8f8f3dc03b70c4eda4f61cedbccfff91644270033de90b9ad8697c55382fd8c4",
    "runtime_view_benchmark": "bf82601ba8c6123efb062800d1bb424f2848656589c4ab063fd9a0df9c556b38",
    "runtime_view_fpv": "4d0468a17b9785b1404d2e2ba1d673bbb6f4b052c83145cc5b02e7e7311e2acc",
    "runtime_view_launcher": "39c2edbb2068ad65b068c3c96c74c7f23263b9616b6a007e6d04a406bb1e9b43",
    "runtime_view_top_down": "451ba3b7b4747059d0d0af96f4c11eb23ce3e015d602dca6b6475d028ae9a906",
    "runtime_view_watch_sector": "8cc47c1f90244e77af709153372953690e0fc362b614935b77d2f6371b6a494a",
    "seed9_config": "a6b8e5611418ffa4c5b90b46671c10f1b7835549cef144cb897bc6102c3df944",
    "seed9_pcd": "a2cff026e14101c8ba2c5b2373578c7cd656f535387518bebd74234aa4183863"
  },
  "schema": "static-latched-contract-v1",
  "scope": "No-flight transport and actual RViz reader migration; not flight/CPU/safety certification",
  "valid": true
}
