{
  "checks": {
    "actual_rviz_late_reconnect": true,
    "binding:binary_adaptive": true,
    "binding:binary_full": true,
    "binding:binary_standalone": true,
    "binding:installed_view_benchmark": true,
    "binding:installed_view_fpv": true,
    "binding:installed_view_launcher": true,
    "binding:installed_view_top_down": true,
    "binding:installed_view_watch_sector": true,
    "binding:runtime_durable_policy": true,
    "binding:runtime_latched_policy": true,
    "binding:runtime_model": true,
    "binding:runtime_view_benchmark": true,
    "binding:runtime_view_fpv": true,
    "binding:runtime_view_launcher": true,
    "binding:runtime_view_top_down": true,
    "binding:runtime_view_watch_sector": true,
    "binding:seed3_config": true,
    "binding:seed3_pcd": true,
    "binding_inventory": true,
    "expected_geometry": true,
    "installed_matches_source:benchmark": true,
    "installed_matches_source:fpv": true,
    "installed_matches_source:launcher": true,
    "installed_matches_source:top_down": true,
    "installed_matches_source:watch_sector": true,
    "map": true,
    "schema": true,
    "six_transport_cases": true,
    "transport:0": true,
    "transport:1": true,
    "transport:2": true,
    "transport:3": true,
    "transport:4": true,
    "transport:5": true,
    "transport_case_coverage": true
  },
  "errors": [],
  "evidence_sha256": {
    "/root/super-sector-filter/results/c22_normal_five_20260916/iteration03/static_preflight/seed3/actual_rviz/late.json": "5d1d29a461ca4ac96093cc6a848c65ac87b1aaa0c8c1477b9622a74705f8f53d",
    "/root/super-sector-filter/results/c22_normal_five_20260916/iteration03/static_preflight/seed3/actual_rviz/late.log": "14cecebf7525950caf314d96739e5825e148692826ea1664d7f4f17d26d53668",
    "/root/super-sector-filter/results/c22_normal_five_20260916/iteration03/static_preflight/seed3/actual_rviz/late.png": "114d1e2a04e05b7cb792c24d7bc37d4660efb58f92c57d63f9ec9dfc66edca56",
    "/root/super-sector-filter/results/c22_normal_five_20260916/iteration03/static_preflight/seed3/actual_rviz/reconnected.json": "3bd63cd4161e76842377632a259d4db944a012c3895ebb21edf4a04f51cc8e79",
    "/root/super-sector-filter/results/c22_normal_five_20260916/iteration03/static_preflight/seed3/actual_rviz/reconnected.log": "8bbe75d0de2eb72e1362dd938821536cc81020c8131dd49547fc0ad7e63e1a69",
    "/root/super-sector-filter/results/c22_normal_five_20260916/iteration03/static_preflight/seed3/actual_rviz/reconnected.png": "74eaaeaa4d9d89e2aeaef5a3f50d07c7d95e142b7e618cc005697a03ff553c9c",
    "/root/super-sector-filter/results/c22_normal_five_20260916/iteration03/static_preflight/seed3/actual_rviz/result.json": "d49ac4e6d871de881c20e872096ba29e143782da1495c504bf343e8fc3c550e1",
    "/root/super-sector-filter/results/c22_normal_five_20260916/iteration03/static_preflight/seed3/actual_rviz/simulator.log": "3d78307a71fa66a3cea4eff12dd7a9ae32a027eb570327000fcdd4cdc092ed0b",
    "/root/super-sector-filter/results/c22_normal_five_20260916/iteration03/static_preflight/seed3/adaptive_late/result.json": "1b484f1bde76f2825063cfb1cbd02e7ffd1a97fd3214f780c96b7a1fe1a8bcde",
    "/root/super-sector-filter/results/c22_normal_five_20260916/iteration03/static_preflight/seed3/adaptive_late/simulator.log": "a60d90b60d4ed3bef7e7d81dd8208e5e4340da5b0171415fbde769d2f04a3d94",
    "/root/super-sector-filter/results/c22_normal_five_20260916/iteration03/static_preflight/seed3/adaptive_reader-first/result.json": "6739da8dfc11763576e580b42aea156367e93d593a6ab571cb74f379f9b5f860",
    "/root/super-sector-filter/results/c22_normal_five_20260916/iteration03/static_preflight/seed3/adaptive_reader-first/simulator.log": "12c6656e77aa93f354426c56bea8dee27c976a68e72a29867fbcb8286f2ec3e5",
    "/root/super-sector-filter/results/c22_normal_five_20260916/iteration03/static_preflight/seed3/full_late/result.json": "6ea29bb96e6fb5fc8f7b1be3c452d33cadee36e46ab2b261c2b791060d515eea",
    "/root/super-sector-filter/results/c22_normal_five_20260916/iteration03/static_preflight/seed3/full_late/simulator.log": "38db4b842ee9aa9e07be497f033673b1bfc5e659ef2d9b672efa9df4e3491f55",
    "/root/super-sector-filter/results/c22_normal_five_20260916/iteration03/static_preflight/seed3/full_reader-first/result.json": "747265f8691f8d70d7cd2dea9718b347059d650ac4f109f31223b88a24a5c1ee",
    "/root/super-sector-filter/results/c22_normal_five_20260916/iteration03/static_preflight/seed3/full_reader-first/simulator.log": "c7325a23a2f68bf75491938ad70f20327b946a868914be7bd52c3b688aacd848",
    "/root/super-sector-filter/results/c22_normal_five_20260916/iteration03/static_preflight/seed3/standalone_late/result.json": "c98ec13980c9959fb93e9a51d2ad6d1da212e9beb0c622cf729ae67b71c74a04",
    "/root/super-sector-filter/results/c22_normal_five_20260916/iteration03/static_preflight/seed3/standalone_late/simulator.log": "ed54054e5e86f6ee4371d5f0a0452a1c938c62b1ae254a29d2a759f849ead508",
    "/root/super-sector-filter/results/c22_normal_five_20260916/iteration03/static_preflight/seed3/standalone_reader-first/result.json": "d5ab9254c0a387f818896afe959ac608c5780abcc156dc18bd58125f196e94f2",
    "/root/super-sector-filter/results/c22_normal_five_20260916/iteration03/static_preflight/seed3/standalone_reader-first/simulator.log": "b903ce1399cb08406b60b8f01dd6a04d7c2831cb4cf9c8d02229ae715db5a911"
  },
  "manifest_sha256": "26c63cc1ea42eb8f1d8418df30772c444423c77bbccb7ce7d612336f111f0b63",
  "runtime_sha256": {
    "binary_adaptive": "924e27f62e5d067df84b4a4dbf6c47114f0703f0de15af6ccefc0b1e1e974dcf",
    "binary_full": "20bfb253cda7186924d14ff889feb390d37a8ce8b7ef6d7a2f6c2296d72b54c4",
    "binary_standalone": "2907507a8932aeeb93fd48277c8e119308c45257c21d70749fd07d27e1e12e58",
    "installed_view_benchmark": "bf82601ba8c6123efb062800d1bb424f2848656589c4ab063fd9a0df9c556b38",
    "installed_view_fpv": "4d0468a17b9785b1404d2e2ba1d673bbb6f4b052c83145cc5b02e7e7311e2acc",
    "installed_view_launcher": "39c2edbb2068ad65b068c3c96c74c7f23263b9616b6a007e6d04a406bb1e9b43",
    "installed_view_top_down": "451ba3b7b4747059d0d0af96f4c11eb23ce3e015d602dca6b6475d028ae9a906",
    "installed_view_watch_sector": "8cc47c1f90244e77af709153372953690e0fc362b614935b77d2f6371b6a494a",
    "runtime_durable_policy": "8019947966077efb30d6769a9650c050fe48cbc1e6c79f7e4cb0787ab44d1a75",
    "runtime_latched_policy": "86c79423eef8a5460ed253d2291d886b5b03842e8f357ecbfebb5c195caeee6a",
    "runtime_model": "8f8f3dc03b70c4eda4f61cedbccfff91644270033de90b9ad8697c55382fd8c4",
    "runtime_view_benchmark": "bf82601ba8c6123efb062800d1bb424f2848656589c4ab063fd9a0df9c556b38",
    "runtime_view_fpv": "4d0468a17b9785b1404d2e2ba1d673bbb6f4b052c83145cc5b02e7e7311e2acc",
    "runtime_view_launcher": "39c2edbb2068ad65b068c3c96c74c7f23263b9616b6a007e6d04a406bb1e9b43",
    "runtime_view_top_down": "451ba3b7b4747059d0d0af96f4c11eb23ce3e015d602dca6b6475d028ae9a906",
    "runtime_view_watch_sector": "8cc47c1f90244e77af709153372953690e0fc362b614935b77d2f6371b6a494a",
    "seed3_config": "441ea73e21e01c179359cdef8742452faff9513ced36df832ee6361b6a12b243",
    "seed3_pcd": "be00f75aaf26d5e47a4b54605eb72e6daee8ce546cb1c6de9ad9ea47f77b9bb0"
  },
  "schema": "static-latched-contract-v1",
  "scope": "No-flight transport and actual RViz reader migration; not flight/CPU/safety certification",
  "valid": true
}
