[WARN] [1791255736.200309987] [waypoint_mission]:  -- [MissionPlanner] Load config by file name: /root/super_ws/src/SUPER/mission_planner/config/waypoint.yaml
[WARN] [1791255736.200379726] [waypoint_mission]:  -- [MissionPlanner] Load data by file name: /root/super_ws/src/SUPER/mission_planner/data/forest_wide_zigzag_v2.txt
Load config file: /root/super_ws/src/SUPER/mission_planner/config/waypoint.yaml
[0;32m Load param start_trigger_type success: [0;0m2
[0;32m Load param start_program_delay success: [0;0m3
[0;32m Load param cmd_type success: [0;0m1
[0;32m Load param switch_dis success: [0;0m3
[0;32m Load param odom_timeout success: [0;0m0.1
[0;32m Load param publish_dt success: [0;0m1
[0;32m Load param goal_pub_topic success: [0;0m/planning/click_goal
[0;32m Load param odom_topic success: [0;0m/lidar_slam/odom
[32m -- [MISSION] Load 5 waypoints.[0m
[34m -- [MISSION] Waypoint 0 at (-24, 22, 1.5) Switch dis = 1.5[0m
[34m -- [MISSION] Waypoint 1 at (24, 22, 1.5) Switch dis = 1.5[0m
[34m -- [MISSION] Waypoint 2 at (-24, -22, 1.5) Switch dis = 1.5[0m
[34m -- [MISSION] Waypoint 3 at (24, -22, 1.5) Switch dis = 1.5[0m
[34m -- [MISSION] Waypoint 4 at (0, 0, 1.5) Switch dis = 1.5[0m
[INFO] [1791255736.204265792] [waypoint_mission]: [MISSION_GOAL_IDENTITY_SETTINGS] enabled=1 executor=single callbacks_serialized=1 timers_qos_unchanged=1
Cur t = 1.79126e+09 start t = 1.79126e+09
Cur t = 1.79126e+09 start t = 1.79126e+09
Cur t = 1.79126e+09 start t = 1.79126e+09
Cur t = 1.79126e+09 start t = 1.79126e+09
Cur t = 1.79126e+09 start t = 1.79126e+09
Cur t = 1.79126e+09 start t = 1.79126e+09
Cur t = 1.79126e+09 start t = 1.79126e+09
Cur t = 1.79126e+09 start t = 1.79126e+09
Cur t = 1.79126e+09 start t = 1.79126e+09
Cur t = 1.79126e+09 start t = 1.79126e+09
Cur t = 1.79126e+09 start t = 1.79126e+09
Cur t = 1.79126e+09 start t = 1.79126e+09
Cur t = 1.79126e+09 start t = 1.79126e+09
Cur t = 1.79126e+09 start t = 1.79126e+09
Cur t = 1.79126e+09 start t = 1.79126e+09
Cur t = 1.79126e+09 start t = 1.79126e+09
Cur t = 1.79126e+09 start t = 1.79126e+09
Cur t = 1.79126e+09 start t = 1.79126e+09
Cur t = 1.79126e+09 start t = 1.79126e+09
Cur t = 1.79126e+09 start t = 1.79126e+09
Cur t = 1.79126e+09 start t = 1.79126e+09
Cur t = 1.79126e+09 start t = 1.79126e+09
Cur t = 1.79126e+09 start t = 1.79126e+09
Cur t = 1.79126e+09 start t = 1.79126e+09
Cur t = 1.79126e+09 start t = 1.79126e+09
Cur t = 1.79126e+09 start t = 1.79126e+09
Cur t = 1.79126e+09 start t = 1.79126e+09
Cur t = 1.79126e+09 start t = 1.79126e+09
Cur t = 1.79126e+09 start t = 1.79126e+09
Cur t = 1.79126e+09 start t = 1.79126e+09
Cur t = 1.79126e+09 start t = 1.79126e+09
Cur t = 1.79126e+09 start t = 1.79126e+09
Cur t = 1.79126e+09 start t = 1.79126e+09
Cur t = 1.79126e+09 start t = 1.79126e+09
Cur t = 1.79126e+09 start t = 1.79126e+09
Cur t = 1.79126e+09 start t = 1.79126e+09
Cur t = 1.79126e+09 start t = 1.79126e+09
Cur t = 1.79126e+09 start t = 1.79126e+09
Cur t = 1.79126e+09 start t = 1.79126e+09
Cur t = 1.79126e+09 start t = 1.79126e+09
Cur t = 1.79126e+09 start t = 1.79126e+09
Cur t = 1.79126e+09 start t = 1.79126e+09
Cur t = 1.79126e+09 start t = 1.79126e+09
Cur t = 1.79126e+09 start t = 1.79126e+09
Cur t = 1.79126e+09 start t = 1.79126e+09
Cur t = 1.79126e+09 start t = 1.79126e+09
Cur t = 1.79126e+09 start t = 1.79126e+09
Cur t = 1.79126e+09 start t = 1.79126e+09
Cur t = 1.79126e+09 start t = 1.79126e+09
Cur t = 1.79126e+09 start t = 1.79126e+09
Cur t = 1.79126e+09 start t = 1.79126e+09
Cur t = 1.79126e+09 start t = 1.79126e+09
Cur t = 1.79126e+09 start t = 1.79126e+09
Cur t = 1.79126e+09 start t = 1.79126e+09
Cur t = 1.79126e+09 start t = 1.79126e+09
Cur t = 1.79126e+09 start t = 1.79126e+09
Cur t = 1.79126e+09 start t = 1.79126e+09
Cur t = 1.79126e+09 start t = 1.79126e+09
Cur t = 1.79126e+09 start t = 1.79126e+09
Cur t = 1.79126e+09 start t = 1.79126e+09
Cur t = 1.79126e+09 start t = 1.79126e+09
Cur t = 1.79126e+09 start t = 1.79126e+09
Cur t = 1.79126e+09 start t = 1.79126e+09
Cur t = 1.79126e+09 start t = 1.79126e+09
Cur t = 1.79126e+09 start t = 1.79126e+09
Cur t = 1.79126e+09 start t = 1.79126e+09
Cur t = 1.79126e+09 start t = 1.79126e+09
Cur t = 1.79126e+09 start t = 1.79126e+09
Cur t = 1.79126e+09 start t = 1.79126e+09
Cur t = 1.79126e+09 start t = 1.79126e+09
Cur t = 1.79126e+09 start t = 1.79126e+09
Cur t = 1.79126e+09 start t = 1.79126e+09
Cur t = 1.79126e+09 start t = 1.79126e+09
Cur t = 1.79126e+09 start t = 1.79126e+09
Cur t = 1.79126e+09 start t = 1.79126e+09
Cur t = 1.79126e+09 start t = 1.79126e+09
Cur t = 1.79126e+09 start t = 1.79126e+09
Cur t = 1.79126e+09 start t = 1.79126e+09
Cur t = 1.79126e+09 start t = 1.79126e+09
Cur t = 1.79126e+09 start t = 1.79126e+09
Cur t = 1.79126e+09 start t = 1.79126e+09
Cur t = 1.79126e+09 start t = 1.79126e+09
Cur t = 1.79126e+09 start t = 1.79126e+09
Cur t = 1.79126e+09 start t = 1.79126e+09
Cur t = 1.79126e+09 start t = 1.79126e+09
Cur t = 1.79126e+09 start t = 1.79126e+09
Cur t = 1.79126e+09 start t = 1.79126e+09
Cur t = 1.79126e+09 start t = 1.79126e+09
Cur t = 1.79126e+09 start t = 1.79126e+09
Cur t = 1.79126e+09 start t = 1.79126e+09
Cur t = 1.79126e+09 start t = 1.79126e+09
Cur t = 1.79126e+09 start t = 1.79126e+09
Cur t = 1.79126e+09 start t = 1.79126e+09
Cur t = 1.79126e+09 start t = 1.79126e+09
Cur t = 1.79126e+09 start t = 1.79126e+09
Cur t = 1.79126e+09 start t = 1.79126e+09
Cur t = 1.79126e+09 start t = 1.79126e+09
Cur t = 1.79126e+09 start t = 1.79126e+09
Cur t = 1.79126e+09 start t = 1.79126e+09
Cur t = 1.79126e+09 start t = 1.79126e+09
Cur t = 1.79126e+09 start t = 1.79126e+09
Cur t = 1.79126e+09 start t = 1.79126e+09
Cur t = 1.79126e+09 start t = 1.79126e+09
Cur t = 1.79126e+09 start t = 1.79126e+09
Cur t = 1.79126e+09 start t = 1.79126e+09
Cur t = 1.79126e+09 start t = 1.79126e+09
Cur t = 1.79126e+09 start t = 1.79126e+09
Cur t = 1.79126e+09 start t = 1.79126e+09
Cur t = 1.79126e+09 start t = 1.79126e+09
Cur t = 1.79126e+09 start t = 1.79126e+09
Cur t = 1.79126e+09 start t = 1.79126e+09
Cur t = 1.79126e+09 start t = 1.79126e+09
Cur t = 1.79126e+09 start t = 1.79126e+09
Cur t = 1.79126e+09 start t = 1.79126e+09
Cur t = 1.79126e+09 start t = 1.79126e+09
Cur t = 1.79126e+09 start t = 1.79126e+09
Cur t = 1.79126e+09 start t = 1.79126e+09
Cur t = 1.79126e+09 start t = 1.79126e+09
Cur t = 1.79126e+09 start t = 1.79126e+09
Cur t = 1.79126e+09 start t = 1.79126e+09
Cur t = 1.79126e+09 start t = 1.79126e+09
Cur t = 1.79126e+09 start t = 1.79126e+09
Cur t = 1.79126e+09 start t = 1.79126e+09
Cur t = 1.79126e+09 start t = 1.79126e+09
Cur t = 1.79126e+09 start t = 1.79126e+09
Cur t = 1.79126e+09 start t = 1.79126e+09
Cur t = 1.79126e+09 start t = 1.79126e+09
Cur t = 1.79126e+09 start t = 1.79126e+09
Cur t = 1.79126e+09 start t = 1.79126e+09
Cur t = 1.79126e+09 start t = 1.79126e+09
Cur t = 1.79126e+09 start t = 1.79126e+09
Cur t = 1.79126e+09 start t = 1.79126e+09
Cur t = 1.79126e+09 start t = 1.79126e+09
Cur t = 1.79126e+09 start t = 1.79126e+09
Cur t = 1.79126e+09 start t = 1.79126e+09
Cur t = 1.79126e+09 start t = 1.79126e+09
Cur t = 1.79126e+09 start t = 1.79126e+09
Cur t = 1.79126e+09 start t = 1.79126e+09
Cur t = 1.79126e+09 start t = 1.79126e+09
Cur t = 1.79126e+09 start t = 1.79126e+09
Cur t = 1.79126e+09 start t = 1.79126e+09
Cur t = 1.79126e+09 start t = 1.79126e+09
Cur t = 1.79126e+09 start t = 1.79126e+09
Cur t = 1.79126e+09 start t = 1.79126e+09
Cur t = 1.79126e+09 start t = 1.79126e+09
Cur t = 1.79126e+09 start t = 1.79126e+09
Cur t = 1.79126e+09 start t = 1.79126e+09
Cur t = 1.79126e+09 start t = 1.79126e+09
Cur t = 1.79126e+09 start t = 1.79126e+09
Cur t = 1.79126e+09 start t = 1.79126e+09
Cur t = 1.79126e+09 start t = 1.79126e+09
Cur t = 1.79126e+09 start t = 1.79126e+09
Cur t = 1.79126e+09 start t = 1.79126e+09
Cur t = 1.79126e+09 start t = 1.79126e+09
Cur t = 1.79126e+09 start t = 1.79126e+09
Cur t = 1.79126e+09 start t = 1.79126e+09
Cur t = 1.79126e+09 start t = 1.79126e+09
Cur t = 1.79126e+09 start t = 1.79126e+09
Cur t = 1.79126e+09 start t = 1.79126e+09
Cur t = 1.79126e+09 start t = 1.79126e+09
Cur t = 1.79126e+09 start t = 1.79126e+09
Cur t = 1.79126e+09 start t = 1.79126e+09
Cur t = 1.79126e+09 start t = 1.79126e+09
Cur t = 1.79126e+09 start t = 1.79126e+09
Cur t = 1.79126e+09 start t = 1.79126e+09
Cur t = 1.79126e+09 start t = 1.79126e+09
Cur t = 1.79126e+09 start t = 1.79126e+09
Cur t = 1.79126e+09 start t = 1.79126e+09
Cur t = 1.79126e+09 start t = 1.79126e+09
Cur t = 1.79126e+09 start t = 1.79126e+09
Cur t = 1.79126e+09 start t = 1.79126e+09
Cur t = 1.79126e+09 start t = 1.79126e+09
Cur t = 1.79126e+09 start t = 1.79126e+09
Cur t = 1.79126e+09 start t = 1.79126e+09
Cur t = 1.79126e+09 start t = 1.79126e+09
Cur t = 1.79126e+09 start t = 1.79126e+09
Cur t = 1.79126e+09 start t = 1.79126e+09
Cur t = 1.79126e+09 start t = 1.79126e+09
Cur t = 1.79126e+09 start t = 1.79126e+09
Cur t = 1.79126e+09 start t = 1.79126e+09
Cur t = 1.79126e+09 start t = 1.79126e+09
Cur t = 1.79126e+09 start t = 1.79126e+09
Cur t = 1.79126e+09 start t = 1.79126e+09
Cur t = 1.79126e+09 start t = 1.79126e+09
Cur t = 1.79126e+09 start t = 1.79126e+09
Cur t = 1.79126e+09 start t = 1.79126e+09
Cur t = 1.79126e+09 start t = 1.79126e+09
Cur t = 1.79126e+09 start t = 1.79126e+09
Cur t = 1.79126e+09 start t = 1.79126e+09
Cur t = 1.79126e+09 start t = 1.79126e+09
Cur t = 1.79126e+09 start t = 1.79126e+09
Cur t = 1.79126e+09 start t = 1.79126e+09
Cur t = 1.79126e+09 start t = 1.79126e+09
Cur t = 1.79126e+09 start t = 1.79126e+09
Cur t = 1.79126e+09 start t = 1.79126e+09
Cur t = 1.79126e+09 start t = 1.79126e+09
Cur t = 1.79126e+09 start t = 1.79126e+09
Cur t = 1.79126e+09 start t = 1.79126e+09
Cur t = 1.79126e+09 start t = 1.79126e+09
Cur t = 1.79126e+09 start t = 1.79126e+09
Cur t = 1.79126e+09 start t = 1.79126e+09
Cur t = 1.79126e+09 start t = 1.79126e+09
Cur t = 1.79126e+09 start t = 1.79126e+09
Cur t = 1.79126e+09 start t = 1.79126e+09
Cur t = 1.79126e+09 start t = 1.79126e+09
Cur t = 1.79126e+09 start t = 1.79126e+09
Cur t = 1.79126e+09 start t = 1.79126e+09
Cur t = 1.79126e+09 start t = 1.79126e+09
Cur t = 1.79126e+09 start t = 1.79126e+09
Cur t = 1.79126e+09 start t = 1.79126e+09
Cur t = 1.79126e+09 start t = 1.79126e+09
Cur t = 1.79126e+09 start t = 1.79126e+09
Cur t = 1.79126e+09 start t = 1.79126e+09
Cur t = 1.79126e+09 start t = 1.79126e+09
Cur t = 1.79126e+09 start t = 1.79126e+09
Cur t = 1.79126e+09 start t = 1.79126e+09
Cur t = 1.79126e+09 start t = 1.79126e+09
Cur t = 1.79126e+09 start t = 1.79126e+09
Cur t = 1.79126e+09 start t = 1.79126e+09
Cur t = 1.79126e+09 start t = 1.79126e+09
Cur t = 1.79126e+09 start t = 1.79126e+09
Cur t = 1.79126e+09 start t = 1.79126e+09
Cur t = 1.79126e+09 start t = 1.79126e+09
Cur t = 1.79126e+09 start t = 1.79126e+09
Cur t = 1.79126e+09 start t = 1.79126e+09
Cur t = 1.79126e+09 start t = 1.79126e+09
Cur t = 1.79126e+09 start t = 1.79126e+09
Cur t = 1.79126e+09 start t = 1.79126e+09
Cur t = 1.79126e+09 start t = 1.79126e+09
Cur t = 1.79126e+09 start t = 1.79126e+09
Cur t = 1.79126e+09 start t = 1.79126e+09
Cur t = 1.79126e+09 start t = 1.79126e+09
Cur t = 1.79126e+09 start t = 1.79126e+09
Cur t = 1.79126e+09 start t = 1.79126e+09
Cur t = 1.79126e+09 start t = 1.79126e+09
Cur t = 1.79126e+09 start t = 1.79126e+09
Cur t = 1.79126e+09 start t = 1.79126e+09
Cur t = 1.79126e+09 start t = 1.79126e+09
Cur t = 1.79126e+09 start t = 1.79126e+09
Cur t = 1.79126e+09 start t = 1.79126e+09
Cur t = 1.79126e+09 start t = 1.79126e+09
Cur t = 1.79126e+09 start t = 1.79126e+09
Cur t = 1.79126e+09 start t = 1.79126e+09
Cur t = 1.79126e+09 start t = 1.79126e+09
Cur t = 1.79126e+09 start t = 1.79126e+09
Cur t = 1.79126e+09 start t = 1.79126e+09
Cur t = 1.79126e+09 start t = 1.79126e+09
Cur t = 1.79126e+09 start t = 1.79126e+09
Cur t = 1.79126e+09 start t = 1.79126e+09
Cur t = 1.79126e+09 start t = 1.79126e+09
Cur t = 1.79126e+09 start t = 1.79126e+09
Cur t = 1.79126e+09 start t = 1.79126e+09
Cur t = 1.79126e+09 start t = 1.79126e+09
Cur t = 1.79126e+09 start t = 1.79126e+09
Cur t = 1.79126e+09 start t = 1.79126e+09
Cur t = 1.79126e+09 start t = 1.79126e+09
Cur t = 1.79126e+09 start t = 1.79126e+09
Cur t = 1.79126e+09 start t = 1.79126e+09
Cur t = 1.79126e+09 start t = 1.79126e+09
Cur t = 1.79126e+09 start t = 1.79126e+09
Cur t = 1.79126e+09 start t = 1.79126e+09
Cur t = 1.79126e+09 start t = 1.79126e+09
Cur t = 1.79126e+09 start t = 1.79126e+09
Cur t = 1.79126e+09 start t = 1.79126e+09
Cur t = 1.79126e+09 start t = 1.79126e+09
Cur t = 1.79126e+09 start t = 1.79126e+09
Cur t = 1.79126e+09 start t = 1.79126e+09
Cur t = 1.79126e+09 start t = 1.79126e+09
Cur t = 1.79126e+09 start t = 1.79126e+09
Cur t = 1.79126e+09 start t = 1.79126e+09
Cur t = 1.79126e+09 start t = 1.79126e+09
Cur t = 1.79126e+09 start t = 1.79126e+09
Cur t = 1.79126e+09 start t = 1.79126e+09
Cur t = 1.79126e+09 start t = 1.79126e+09
Cur t = 1.79126e+09 start t = 1.79126e+09
Cur t = 1.79126e+09 start t = 1.79126e+09
Cur t = 1.79126e+09 start t = 1.79126e+09
Cur t = 1.79126e+09 start t = 1.79126e+09
Cur t = 1.79126e+09 start t = 1.79126e+09
Cur t = 1.79126e+09 start t = 1.79126e+09
Cur t = 1.79126e+09 start t = 1.79126e+09
Cur t = 1.79126e+09 start t = 1.79126e+09
Cur t = 1.79126e+09 start t = 1.79126e+09
Cur t = 1.79126e+09 start t = 1.79126e+09
Cur t = 1.79126e+09 start t = 1.79126e+09
Cur t = 1.79126e+09 start t = 1.79126e+09
Cur t = 1.79126e+09 start t = 1.79126e+09
Cur t = 1.79126e+09 start t = 1.79126e+09
Cur t = 1.79126e+09 start t = 1.79126e+09
Cur t = 1.79126e+09 start t = 1.79126e+09
Cur t = 1.79126e+09 start t = 1.79126e+09
Cur t = 1.79126e+09 start t = 1.79126e+09
Cur t = 1.79126e+09 start t = 1.79126e+09
Cur t = 1.79126e+09 start t = 1.79126e+09
Cur t = 1.79126e+09 start t = 1.79126e+09
Cur t = 1.79126e+09 start t = 1.79126e+09
Cur t = 1.79126e+09 start t = 1.79126e+09
Cur t = 1.79126e+09 start t = 1.79126e+09
Cur t = 1.79126e+09 start t = 1.79126e+09
Cur t = 1.79126e+09 start t = 1.79126e+09
[33m -- [MISSION] System start delay passed.[0m
[INFO] [1791255739.212051188] [waypoint_mission]: [MISSION_GOAL_IDENTITY] stamp_ns=1791255739212045417 new_intent=1 new_identity=1 supported=1 waypoint=0
[33m -- [MISSION] Pub goal to -24  22 1.5[0m
[33m	 cur odom dis = 32.5576
[INFO] [1791255740.212077062] [waypoint_mission]: [MISSION_GOAL_IDENTITY] stamp_ns=1791255739212045417 new_intent=0 new_identity=0 supported=1 waypoint=0
[33m -- [MISSION] Pub goal to -24  22 1.5[0m
[33m	 cur odom dis = 32.5576
[INFO] [1791255741.212142479] [waypoint_mission]: [MISSION_GOAL_IDENTITY] stamp_ns=1791255739212045417 new_intent=0 new_identity=0 supported=1 waypoint=0
[33m -- [MISSION] Pub goal to -24  22 1.5[0m
[33m	 cur odom dis = 32.5576
[INFO] [1791255742.212167056] [waypoint_mission]: [MISSION_GOAL_IDENTITY] stamp_ns=1791255739212045417 new_intent=0 new_identity=0 supported=1 waypoint=0
[33m -- [MISSION] Pub goal to -24  22 1.5[0m
[33m	 cur odom dis = 32.5576
[INFO] [1791255743.212204199] [waypoint_mission]: [MISSION_GOAL_IDENTITY] stamp_ns=1791255739212045417 new_intent=0 new_identity=0 supported=1 waypoint=0
[33m -- [MISSION] Pub goal to -24  22 1.5[0m
[33m	 cur odom dis = 32.5576
[INFO] [1791255744.212215875] [waypoint_mission]: [MISSION_GOAL_IDENTITY] stamp_ns=1791255739212045417 new_intent=0 new_identity=0 supported=1 waypoint=0
[33m -- [MISSION] Pub goal to -24  22 1.5[0m
[33m	 cur odom dis = 28.6903
[INFO] [1791255745.212259494] [waypoint_mission]: [MISSION_GOAL_IDENTITY] stamp_ns=1791255739212045417 new_intent=0 new_identity=0 supported=1 waypoint=0
[33m -- [MISSION] Pub goal to -24  22 1.5[0m
[33m	 cur odom dis = 22.7589
[INFO] [1791255746.212311270] [waypoint_mission]: [MISSION_GOAL_IDENTITY] stamp_ns=1791255739212045417 new_intent=0 new_identity=0 supported=1 waypoint=0
[33m -- [MISSION] Pub goal to -24  22 1.5[0m
[33m	 cur odom dis = 16.54
[INFO] [1791255747.212355024] [waypoint_mission]: [MISSION_GOAL_IDENTITY] stamp_ns=1791255739212045417 new_intent=0 new_identity=0 supported=1 waypoint=0
[33m -- [MISSION] Pub goal to -24  22 1.5[0m
[33m	 cur odom dis = 16.54
[INFO] [1791255748.212382839] [waypoint_mission]: [MISSION_GOAL_IDENTITY] stamp_ns=1791255739212045417 new_intent=0 new_identity=0 supported=1 waypoint=0
[33m -- [MISSION] Pub goal to -24  22 1.5[0m
[33m	 cur odom dis = 16.54
[INFO] [1791255749.212423178] [waypoint_mission]: [MISSION_GOAL_IDENTITY] stamp_ns=1791255739212045417 new_intent=0 new_identity=0 supported=1 waypoint=0
[33m -- [MISSION] Pub goal to -24  22 1.5[0m
[33m	 cur odom dis = 16.54
[INFO] [1791255750.212443681] [waypoint_mission]: [MISSION_GOAL_IDENTITY] stamp_ns=1791255739212045417 new_intent=0 new_identity=0 supported=1 waypoint=0
[33m -- [MISSION] Pub goal to -24  22 1.5[0m
[33m	 cur odom dis = 16.54
[INFO] [1791255751.212621899] [waypoint_mission]: [MISSION_GOAL_IDENTITY] stamp_ns=1791255739212045417 new_intent=0 new_identity=0 supported=1 waypoint=0
[33m -- [MISSION] Pub goal to -24  22 1.5[0m
[33m	 cur odom dis = 16.54
[INFO] [1791255752.222554949] [waypoint_mission]: [MISSION_GOAL_IDENTITY] stamp_ns=1791255739212045417 new_intent=0 new_identity=0 supported=1 waypoint=0
[33m -- [MISSION] Pub goal to -24  22 1.5[0m
[33m	 cur odom dis = 16.54
[INFO] [1791255753.222593064] [waypoint_mission]: [MISSION_GOAL_IDENTITY] stamp_ns=1791255739212045417 new_intent=0 new_identity=0 supported=1 waypoint=0
[33m -- [MISSION] Pub goal to -24  22 1.5[0m
[33m	 cur odom dis = 16.54
[INFO] [1791255754.222629956] [waypoint_mission]: [MISSION_GOAL_IDENTITY] stamp_ns=1791255739212045417 new_intent=0 new_identity=0 supported=1 waypoint=0
[33m -- [MISSION] Pub goal to -24  22 1.5[0m
[33m	 cur odom dis = 16.54
[INFO] [1791255755.222641926] [waypoint_mission]: [MISSION_GOAL_IDENTITY] stamp_ns=1791255739212045417 new_intent=0 new_identity=0 supported=1 waypoint=0
[33m -- [MISSION] Pub goal to -24  22 1.5[0m
[33m	 cur odom dis = 16.54
[INFO] [1791255756.222713186] [waypoint_mission]: [MISSION_GOAL_IDENTITY] stamp_ns=1791255739212045417 new_intent=0 new_identity=0 supported=1 waypoint=0
[33m -- [MISSION] Pub goal to -24  22 1.5[0m
[33m	 cur odom dis = 16.54
[INFO] [1791255757.222724908] [waypoint_mission]: [MISSION_GOAL_IDENTITY] stamp_ns=1791255739212045417 new_intent=0 new_identity=0 supported=1 waypoint=0
[33m -- [MISSION] Pub goal to -24  22 1.5[0m
[33m	 cur odom dis = 16.54
[INFO] [1791255758.222778499] [waypoint_mission]: [MISSION_GOAL_IDENTITY] stamp_ns=1791255739212045417 new_intent=0 new_identity=0 supported=1 waypoint=0
[33m -- [MISSION] Pub goal to -24  22 1.5[0m
[33m	 cur odom dis = 16.54
[INFO] [1791255759.222805409] [waypoint_mission]: [MISSION_GOAL_IDENTITY] stamp_ns=1791255739212045417 new_intent=0 new_identity=0 supported=1 waypoint=0
[33m -- [MISSION] Pub goal to -24  22 1.5[0m
[33m	 cur odom dis = 16.54
[INFO] [1791255760.222836230] [waypoint_mission]: [MISSION_GOAL_IDENTITY] stamp_ns=1791255739212045417 new_intent=0 new_identity=0 supported=1 waypoint=0
[33m -- [MISSION] Pub goal to -24  22 1.5[0m
[33m	 cur odom dis = 16.54
[INFO] [1791255761.222871368] [waypoint_mission]: [MISSION_GOAL_IDENTITY] stamp_ns=1791255739212045417 new_intent=0 new_identity=0 supported=1 waypoint=0
[33m -- [MISSION] Pub goal to -24  22 1.5[0m
[33m	 cur odom dis = 16.54
[INFO] [1791255762.222917598] [waypoint_mission]: [MISSION_GOAL_IDENTITY] stamp_ns=1791255739212045417 new_intent=0 new_identity=0 supported=1 waypoint=0
[33m -- [MISSION] Pub goal to -24  22 1.5[0m
[33m	 cur odom dis = 16.54
[INFO] [1791255763.222942765] [waypoint_mission]: [MISSION_GOAL_IDENTITY] stamp_ns=1791255739212045417 new_intent=0 new_identity=0 supported=1 waypoint=0
[33m -- [MISSION] Pub goal to -24  22 1.5[0m
[33m	 cur odom dis = 16.54
[INFO] [1791255764.222965765] [waypoint_mission]: [MISSION_GOAL_IDENTITY] stamp_ns=1791255739212045417 new_intent=0 new_identity=0 supported=1 waypoint=0
[33m -- [MISSION] Pub goal to -24  22 1.5[0m
[33m	 cur odom dis = 16.54
[INFO] [1791255765.223032848] [waypoint_mission]: [MISSION_GOAL_IDENTITY] stamp_ns=1791255739212045417 new_intent=0 new_identity=0 supported=1 waypoint=0
[33m -- [MISSION] Pub goal to -24  22 1.5[0m
[33m	 cur odom dis = 16.5402
[INFO] [1791255766.223047058] [waypoint_mission]: [MISSION_GOAL_IDENTITY] stamp_ns=1791255739212045417 new_intent=0 new_identity=0 supported=1 waypoint=0
[33m -- [MISSION] Pub goal to -24  22 1.5[0m
[33m	 cur odom dis = 13.0839
[INFO] [1791255767.223075435] [waypoint_mission]: [MISSION_GOAL_IDENTITY] stamp_ns=1791255739212045417 new_intent=0 new_identity=0 supported=1 waypoint=0
[33m -- [MISSION] Pub goal to -24  22 1.5[0m
[33m	 cur odom dis = 6.76612
[31m -- [MISSION] Close to goal {}, switch to next.[0m
[INFO] [1791255768.093142949] [waypoint_mission]: [MISSION_GOAL_IDENTITY] stamp_ns=1791255768093141687 new_intent=1 new_identity=1 supported=1 waypoint=1
[33m -- [MISSION] Pub goal to  24  22 1.5[0m
[33m	 cur odom dis = 46.6815
[INFO] [1791255769.093152985] [waypoint_mission]: [MISSION_GOAL_IDENTITY] stamp_ns=1791255768093141687 new_intent=0 new_identity=0 supported=1 waypoint=1
[33m -- [MISSION] Pub goal to  24  22 1.5[0m
[33m	 cur odom dis = 48.4743
[INFO] [1791255770.093174696] [waypoint_mission]: [MISSION_GOAL_IDENTITY] stamp_ns=1791255768093141687 new_intent=0 new_identity=0 supported=1 waypoint=1
[33m -- [MISSION] Pub goal to  24  22 1.5[0m
[33m	 cur odom dis = 48.4743
[INFO] [1791255771.093252385] [waypoint_mission]: [MISSION_GOAL_IDENTITY] stamp_ns=1791255768093141687 new_intent=0 new_identity=0 supported=1 waypoint=1
[33m -- [MISSION] Pub goal to  24  22 1.5[0m
[33m	 cur odom dis = 48.4743
[INFO] [1791255772.093295167] [waypoint_mission]: [MISSION_GOAL_IDENTITY] stamp_ns=1791255768093141687 new_intent=0 new_identity=0 supported=1 waypoint=1
[33m -- [MISSION] Pub goal to  24  22 1.5[0m
[33m	 cur odom dis = 48.4743
[INFO] [1791255773.103290750] [waypoint_mission]: [MISSION_GOAL_IDENTITY] stamp_ns=1791255768093141687 new_intent=0 new_identity=0 supported=1 waypoint=1
[33m -- [MISSION] Pub goal to  24  22 1.5[0m
[33m	 cur odom dis = 48.4743
[INFO] [1791255774.103330629] [waypoint_mission]: [MISSION_GOAL_IDENTITY] stamp_ns=1791255768093141687 new_intent=0 new_identity=0 supported=1 waypoint=1
[33m -- [MISSION] Pub goal to  24  22 1.5[0m
[33m	 cur odom dis = 46.7458
[INFO] [1791255775.103386860] [waypoint_mission]: [MISSION_GOAL_IDENTITY] stamp_ns=1791255768093141687 new_intent=0 new_identity=0 supported=1 waypoint=1
[33m -- [MISSION] Pub goal to  24  22 1.5[0m
[33m	 cur odom dis = 40.1651
[INFO] [1791255776.103420962] [waypoint_mission]: [MISSION_GOAL_IDENTITY] stamp_ns=1791255768093141687 new_intent=0 new_identity=0 supported=1 waypoint=1
[33m -- [MISSION] Pub goal to  24  22 1.5[0m
[33m	 cur odom dis = 33.622
[INFO] [1791255777.103423267] [waypoint_mission]: [MISSION_GOAL_IDENTITY] stamp_ns=1791255768093141687 new_intent=0 new_identity=0 supported=1 waypoint=1
[33m -- [MISSION] Pub goal to  24  22 1.5[0m
[33m	 cur odom dis = 27.454
[INFO] [1791255778.103462157] [waypoint_mission]: [MISSION_GOAL_IDENTITY] stamp_ns=1791255768093141687 new_intent=0 new_identity=0 supported=1 waypoint=1
[33m -- [MISSION] Pub goal to  24  22 1.5[0m
[33m	 cur odom dis = 21.2529
[INFO] [1791255779.103529553] [waypoint_mission]: [MISSION_GOAL_IDENTITY] stamp_ns=1791255768093141687 new_intent=0 new_identity=0 supported=1 waypoint=1
[33m -- [MISSION] Pub goal to  24  22 1.5[0m
[33m	 cur odom dis = 16.9476
[INFO] [1791255780.103573817] [waypoint_mission]: [MISSION_GOAL_IDENTITY] stamp_ns=1791255768093141687 new_intent=0 new_identity=0 supported=1 waypoint=1
[33m -- [MISSION] Pub goal to  24  22 1.5[0m
[33m	 cur odom dis = 17.1608
[INFO] [1791255781.103599525] [waypoint_mission]: [MISSION_GOAL_IDENTITY] stamp_ns=1791255768093141687 new_intent=0 new_identity=0 supported=1 waypoint=1
[33m -- [MISSION] Pub goal to  24  22 1.5[0m
[33m	 cur odom dis = 17.1607
[INFO] [1791255782.103642060] [waypoint_mission]: [MISSION_GOAL_IDENTITY] stamp_ns=1791255768093141687 new_intent=0 new_identity=0 supported=1 waypoint=1
[33m -- [MISSION] Pub goal to  24  22 1.5[0m
[33m	 cur odom dis = 17.1607
[INFO] [1791255783.113677893] [waypoint_mission]: [MISSION_GOAL_IDENTITY] stamp_ns=1791255768093141687 new_intent=0 new_identity=0 supported=1 waypoint=1
[33m -- [MISSION] Pub goal to  24  22 1.5[0m
[33m	 cur odom dis = 17.168
[INFO] [1791255784.113698874] [waypoint_mission]: [MISSION_GOAL_IDENTITY] stamp_ns=1791255768093141687 new_intent=0 new_identity=0 supported=1 waypoint=1
[33m -- [MISSION] Pub goal to  24  22 1.5[0m
[33m	 cur odom dis = 18.4608
[INFO] [1791255785.113746338] [waypoint_mission]: [MISSION_GOAL_IDENTITY] stamp_ns=1791255768093141687 new_intent=0 new_identity=0 supported=1 waypoint=1
[33m -- [MISSION] Pub goal to  24  22 1.5[0m
[33m	 cur odom dis = 18.4608
[INFO] [1791255786.113783418] [waypoint_mission]: [MISSION_GOAL_IDENTITY] stamp_ns=1791255768093141687 new_intent=0 new_identity=0 supported=1 waypoint=1
[33m -- [MISSION] Pub goal to  24  22 1.5[0m
[33m	 cur odom dis = 18.0422
[INFO] [1791255787.123801417] [waypoint_mission]: [MISSION_GOAL_IDENTITY] stamp_ns=1791255768093141687 new_intent=0 new_identity=0 supported=1 waypoint=1
[33m -- [MISSION] Pub goal to  24  22 1.5[0m
[33m	 cur odom dis = 16.288
[INFO] [1791255788.123854523] [waypoint_mission]: [MISSION_GOAL_IDENTITY] stamp_ns=1791255768093141687 new_intent=0 new_identity=0 supported=1 waypoint=1
[33m -- [MISSION] Pub goal to  24  22 1.5[0m
[33m	 cur odom dis = 9.84013
[INFO] [1791255789.123865074] [waypoint_mission]: [MISSION_GOAL_IDENTITY] stamp_ns=1791255768093141687 new_intent=0 new_identity=0 supported=1 waypoint=1
[33m -- [MISSION] Pub goal to  24  22 1.5[0m
[33m	 cur odom dis = 3.03174
[31m -- [MISSION] Close to goal {}, switch to next.[0m
[INFO] [1791255789.353880543] [waypoint_mission]: [MISSION_GOAL_IDENTITY] stamp_ns=1791255789353878393 new_intent=1 new_identity=1 supported=1 waypoint=2
[33m -- [MISSION] Pub goal to -24 -22 1.5[0m
[33m	 cur odom dis = 63.6424
[INFO] [1791255790.353905117] [waypoint_mission]: [MISSION_GOAL_IDENTITY] stamp_ns=1791255789353878393 new_intent=0 new_identity=0 supported=1 waypoint=2
[33m -- [MISSION] Pub goal to -24 -22 1.5[0m
[33m	 cur odom dis = 65.3124
[INFO] [1791255791.353947091] [waypoint_mission]: [MISSION_GOAL_IDENTITY] stamp_ns=1791255789353878393 new_intent=0 new_identity=0 supported=1 waypoint=2
[33m -- [MISSION] Pub goal to -24 -22 1.5[0m
[33m	 cur odom dis = 65.3124
[INFO] [1791255792.353985118] [waypoint_mission]: [MISSION_GOAL_IDENTITY] stamp_ns=1791255789353878393 new_intent=0 new_identity=0 supported=1 waypoint=2
[33m -- [MISSION] Pub goal to -24 -22 1.5[0m
[33m	 cur odom dis = 65.3124
[INFO] [1791255793.354093691] [waypoint_mission]: [MISSION_GOAL_IDENTITY] stamp_ns=1791255789353878393 new_intent=0 new_identity=0 supported=1 waypoint=2
[33m -- [MISSION] Pub goal to -24 -22 1.5[0m
[33m	 cur odom dis = 65.3124
[INFO] [1791255794.364109843] [waypoint_mission]: [MISSION_GOAL_IDENTITY] stamp_ns=1791255789353878393 new_intent=0 new_identity=0 supported=1 waypoint=2
[33m -- [MISSION] Pub goal to -24 -22 1.5[0m
[33m	 cur odom dis = 65.3124
[INFO] [1791255795.374123193] [waypoint_mission]: [MISSION_GOAL_IDENTITY] stamp_ns=1791255789353878393 new_intent=0 new_identity=0 supported=1 waypoint=2
[33m -- [MISSION] Pub goal to -24 -22 1.5[0m
[33m	 cur odom dis = 64.2515
[INFO] [1791255796.374147987] [waypoint_mission]: [MISSION_GOAL_IDENTITY] stamp_ns=1791255789353878393 new_intent=0 new_identity=0 supported=1 waypoint=2
[33m -- [MISSION] Pub goal to -24 -22 1.5[0m
[33m	 cur odom dis = 58.0361
[INFO] [1791255797.374191571] [waypoint_mission]: [MISSION_GOAL_IDENTITY] stamp_ns=1791255789353878393 new_intent=0 new_identity=0 supported=1 waypoint=2
[33m -- [MISSION] Pub goal to -24 -22 1.5[0m
[33m	 cur odom dis = 51.9949
[INFO] [1791255798.374228011] [waypoint_mission]: [MISSION_GOAL_IDENTITY] stamp_ns=1791255789353878393 new_intent=0 new_identity=0 supported=1 waypoint=2
[33m -- [MISSION] Pub goal to -24 -22 1.5[0m
[33m	 cur odom dis = 45.1431
[INFO] [1791255799.374248052] [waypoint_mission]: [MISSION_GOAL_IDENTITY] stamp_ns=1791255789353878393 new_intent=0 new_identity=0 supported=1 waypoint=2
[33m -- [MISSION] Pub goal to -24 -22 1.5[0m
[33m	 cur odom dis = 38.299
[INFO] [1791255800.374270677] [waypoint_mission]: [MISSION_GOAL_IDENTITY] stamp_ns=1791255789353878393 new_intent=0 new_identity=0 supported=1 waypoint=2
[33m -- [MISSION] Pub goal to -24 -22 1.5[0m
[33m	 cur odom dis = 31.515
[INFO] [1791255801.374306825] [waypoint_mission]: [MISSION_GOAL_IDENTITY] stamp_ns=1791255789353878393 new_intent=0 new_identity=0 supported=1 waypoint=2
[33m -- [MISSION] Pub goal to -24 -22 1.5[0m
[33m	 cur odom dis = 24.7455
[INFO] [1791255802.374344704] [waypoint_mission]: [MISSION_GOAL_IDENTITY] stamp_ns=1791255789353878393 new_intent=0 new_identity=0 supported=1 waypoint=2
[33m -- [MISSION] Pub goal to -24 -22 1.5[0m
[33m	 cur odom dis = 20.2892
[INFO] [1791255803.374366070] [waypoint_mission]: [MISSION_GOAL_IDENTITY] stamp_ns=1791255789353878393 new_intent=0 new_identity=0 supported=1 waypoint=2
[33m -- [MISSION] Pub goal to -24 -22 1.5[0m
[33m	 cur odom dis = 20.2171
[INFO] [1791255804.374401312] [waypoint_mission]: [MISSION_GOAL_IDENTITY] stamp_ns=1791255789353878393 new_intent=0 new_identity=0 supported=1 waypoint=2
[33m -- [MISSION] Pub goal to -24 -22 1.5[0m
[33m	 cur odom dis = 20.1189
[INFO] [1791255805.374431963] [waypoint_mission]: [MISSION_GOAL_IDENTITY] stamp_ns=1791255789353878393 new_intent=0 new_identity=0 supported=1 waypoint=2
[33m -- [MISSION] Pub goal to -24 -22 1.5[0m
[33m	 cur odom dis = 14.0865
[INFO] [1791255806.374469115] [waypoint_mission]: [MISSION_GOAL_IDENTITY] stamp_ns=1791255789353878393 new_intent=0 new_identity=0 supported=1 waypoint=2
[33m -- [MISSION] Pub goal to -24 -22 1.5[0m
[33m	 cur odom dis = 10.8843
[INFO] [1791255807.374511032] [waypoint_mission]: [MISSION_GOAL_IDENTITY] stamp_ns=1791255789353878393 new_intent=0 new_identity=0 supported=1 waypoint=2
[33m -- [MISSION] Pub goal to -24 -22 1.5[0m
[33m	 cur odom dis = 10.2426
[INFO] [1791255808.374556698] [waypoint_mission]: [MISSION_GOAL_IDENTITY] stamp_ns=1791255789353878393 new_intent=0 new_identity=0 supported=1 waypoint=2
[33m -- [MISSION] Pub goal to -24 -22 1.5[0m
[33m	 cur odom dis = 10.0845
[INFO] [1791255809.374608369] [waypoint_mission]: [MISSION_GOAL_IDENTITY] stamp_ns=1791255789353878393 new_intent=0 new_identity=0 supported=1 waypoint=2
[33m -- [MISSION] Pub goal to -24 -22 1.5[0m
[33m	 cur odom dis = 10.0845
[INFO] [1791255810.374647825] [waypoint_mission]: [MISSION_GOAL_IDENTITY] stamp_ns=1791255789353878393 new_intent=0 new_identity=0 supported=1 waypoint=2
[33m -- [MISSION] Pub goal to -24 -22 1.5[0m
[33m	 cur odom dis = 10.0302
[INFO] [1791255811.374686673] [waypoint_mission]: [MISSION_GOAL_IDENTITY] stamp_ns=1791255789353878393 new_intent=0 new_identity=0 supported=1 waypoint=2
[33m -- [MISSION] Pub goal to -24 -22 1.5[0m
[33m	 cur odom dis = 8.63863
[INFO] [1791255812.374720393] [waypoint_mission]: [MISSION_GOAL_IDENTITY] stamp_ns=1791255789353878393 new_intent=0 new_identity=0 supported=1 waypoint=2
[33m -- [MISSION] Pub goal to -24 -22 1.5[0m
[33m	 cur odom dis = 7.79412
[INFO] [1791255813.374735066] [waypoint_mission]: [MISSION_GOAL_IDENTITY] stamp_ns=1791255789353878393 new_intent=0 new_identity=0 supported=1 waypoint=2
[33m -- [MISSION] Pub goal to -24 -22 1.5[0m
[33m	 cur odom dis = 6.71614
[INFO] [1791255814.374786441] [waypoint_mission]: [MISSION_GOAL_IDENTITY] stamp_ns=1791255789353878393 new_intent=0 new_identity=0 supported=1 waypoint=2
[33m -- [MISSION] Pub goal to -24 -22 1.5[0m
[33m	 cur odom dis = 2.86889
[31m -- [MISSION] Close to goal {}, switch to next.[0m
[INFO] [1791255814.764813481] [waypoint_mission]: [MISSION_GOAL_IDENTITY] stamp_ns=1791255814764809693 new_intent=1 new_identity=1 supported=1 waypoint=3
[33m -- [MISSION] Pub goal to  24 -22 1.5[0m
[33m	 cur odom dis = 47.2848
[INFO] [1791255815.764809179] [waypoint_mission]: [MISSION_GOAL_IDENTITY] stamp_ns=1791255814764809693 new_intent=0 new_identity=0 supported=1 waypoint=3
[33m -- [MISSION] Pub goal to  24 -22 1.5[0m
[33m	 cur odom dis = 48.0146
[INFO] [1791255816.764863943] [waypoint_mission]: [MISSION_GOAL_IDENTITY] stamp_ns=1791255814764809693 new_intent=0 new_identity=0 supported=1 waypoint=3
[33m -- [MISSION] Pub goal to  24 -22 1.5[0m
[33m	 cur odom dis = 48.0146
[INFO] [1791255817.764925702] [waypoint_mission]: [MISSION_GOAL_IDENTITY] stamp_ns=1791255814764809693 new_intent=0 new_identity=0 supported=1 waypoint=3
[33m -- [MISSION] Pub goal to  24 -22 1.5[0m
[33m	 cur odom dis = 48.0146
[INFO] [1791255818.764936647] [waypoint_mission]: [MISSION_GOAL_IDENTITY] stamp_ns=1791255814764809693 new_intent=0 new_identity=0 supported=1 waypoint=3
[33m -- [MISSION] Pub goal to  24 -22 1.5[0m
[33m	 cur odom dis = 47.746
[INFO] [1791255819.774981632] [waypoint_mission]: [MISSION_GOAL_IDENTITY] stamp_ns=1791255814764809693 new_intent=0 new_identity=0 supported=1 waypoint=3
[33m -- [MISSION] Pub goal to  24 -22 1.5[0m
[33m	 cur odom dis = 41.8013
[INFO] [1791255820.774982816] [waypoint_mission]: [MISSION_GOAL_IDENTITY] stamp_ns=1791255814764809693 new_intent=0 new_identity=0 supported=1 waypoint=3
[33m -- [MISSION] Pub goal to  24 -22 1.5[0m
[33m	 cur odom dis = 35.6352
[INFO] [1791255821.775050974] [waypoint_mission]: [MISSION_GOAL_IDENTITY] stamp_ns=1791255814764809693 new_intent=0 new_identity=0 supported=1 waypoint=3
[33m -- [MISSION] Pub goal to  24 -22 1.5[0m
[33m	 cur odom dis = 31.9049
[INFO] [1791255822.775084288] [waypoint_mission]: [MISSION_GOAL_IDENTITY] stamp_ns=1791255814764809693 new_intent=0 new_identity=0 supported=1 waypoint=3
[33m -- [MISSION] Pub goal to  24 -22 1.5[0m
[33m	 cur odom dis = 31.2312
[INFO] [1791255823.775118040] [waypoint_mission]: [MISSION_GOAL_IDENTITY] stamp_ns=1791255814764809693 new_intent=0 new_identity=0 supported=1 waypoint=3
[33m -- [MISSION] Pub goal to  24 -22 1.5[0m
[33m	 cur odom dis = 27.6479
[INFO] [1791255824.775153048] [waypoint_mission]: [MISSION_GOAL_IDENTITY] stamp_ns=1791255814764809693 new_intent=0 new_identity=0 supported=1 waypoint=3
[33m -- [MISSION] Pub goal to  24 -22 1.5[0m
[33m	 cur odom dis = 25.6299
[INFO] [1791255825.775190326] [waypoint_mission]: [MISSION_GOAL_IDENTITY] stamp_ns=1791255814764809693 new_intent=0 new_identity=0 supported=1 waypoint=3
[33m -- [MISSION] Pub goal to  24 -22 1.5[0m
[33m	 cur odom dis = 25.6299
[INFO] [1791255826.775250886] [waypoint_mission]: [MISSION_GOAL_IDENTITY] stamp_ns=1791255814764809693 new_intent=0 new_identity=0 supported=1 waypoint=3
[33m -- [MISSION] Pub goal to  24 -22 1.5[0m
[33m	 cur odom dis = 25.6299
[INFO] [1791255827.785216949] [waypoint_mission]: [MISSION_GOAL_IDENTITY] stamp_ns=1791255814764809693 new_intent=0 new_identity=0 supported=1 waypoint=3
[33m -- [MISSION] Pub goal to  24 -22 1.5[0m
[33m	 cur odom dis = 25.6299
[INFO] [1791255828.785260128] [waypoint_mission]: [MISSION_GOAL_IDENTITY] stamp_ns=1791255814764809693 new_intent=0 new_identity=0 supported=1 waypoint=3
[33m -- [MISSION] Pub goal to  24 -22 1.5[0m
[33m	 cur odom dis = 25.9063
[INFO] [1791255829.785286286] [waypoint_mission]: [MISSION_GOAL_IDENTITY] stamp_ns=1791255814764809693 new_intent=0 new_identity=0 supported=1 waypoint=3
[33m -- [MISSION] Pub goal to  24 -22 1.5[0m
[33m	 cur odom dis = 20.029
[INFO] [1791255830.785373368] [waypoint_mission]: [MISSION_GOAL_IDENTITY] stamp_ns=1791255814764809693 new_intent=0 new_identity=0 supported=1 waypoint=3
[33m -- [MISSION] Pub goal to  24 -22 1.5[0m
[33m	 cur odom dis = 13.2415
[INFO] [1791255831.785379570] [waypoint_mission]: [MISSION_GOAL_IDENTITY] stamp_ns=1791255814764809693 new_intent=0 new_identity=0 supported=1 waypoint=3
[33m -- [MISSION] Pub goal to  24 -22 1.5[0m
[33m	 cur odom dis = 6.40931
[31m -- [MISSION] Close to goal {}, switch to next.[0m
[INFO] [1791255832.525440275] [waypoint_mission]: [MISSION_GOAL_IDENTITY] stamp_ns=1791255832525435517 new_intent=1 new_identity=1 supported=1 waypoint=4
[33m -- [MISSION] Pub goal to   0   0 1.5[0m
[33m	 cur odom dis = 32.3797
[INFO] [1791255833.525435587] [waypoint_mission]: [MISSION_GOAL_IDENTITY] stamp_ns=1791255832525435517 new_intent=0 new_identity=0 supported=1 waypoint=4
[33m -- [MISSION] Pub goal to   0   0 1.5[0m
[33m	 cur odom dis = 32.3979
[INFO] [1791255834.535447813] [waypoint_mission]: [MISSION_GOAL_IDENTITY] stamp_ns=1791255832525435517 new_intent=0 new_identity=0 supported=1 waypoint=4
[33m -- [MISSION] Pub goal to   0   0 1.5[0m
[33m	 cur odom dis = 32.3979
[INFO] [1791255835.535516824] [waypoint_mission]: [MISSION_GOAL_IDENTITY] stamp_ns=1791255832525435517 new_intent=0 new_identity=0 supported=1 waypoint=4
[33m -- [MISSION] Pub goal to   0   0 1.5[0m
[33m	 cur odom dis = 31.4968
[INFO] [1791255836.535547494] [waypoint_mission]: [MISSION_GOAL_IDENTITY] stamp_ns=1791255832525435517 new_intent=0 new_identity=0 supported=1 waypoint=4
[33m -- [MISSION] Pub goal to   0   0 1.5[0m
[33m	 cur odom dis = 25.6084
[INFO] [1791255837.535587129] [waypoint_mission]: [MISSION_GOAL_IDENTITY] stamp_ns=1791255832525435517 new_intent=0 new_identity=0 supported=1 waypoint=4
[33m -- [MISSION] Pub goal to   0   0 1.5[0m
[33m	 cur odom dis = 24.9224
[INFO] [1791255838.535612151] [waypoint_mission]: [MISSION_GOAL_IDENTITY] stamp_ns=1791255832525435517 new_intent=0 new_identity=0 supported=1 waypoint=4
[33m -- [MISSION] Pub goal to   0   0 1.5[0m
[33m	 cur odom dis = 20.7085
[INFO] [1791255839.535644743] [waypoint_mission]: [MISSION_GOAL_IDENTITY] stamp_ns=1791255832525435517 new_intent=0 new_identity=0 supported=1 waypoint=4
[33m -- [MISSION] Pub goal to   0   0 1.5[0m
[33m	 cur odom dis = 20.7085
[INFO] [1791255840.545692580] [waypoint_mission]: [MISSION_GOAL_IDENTITY] stamp_ns=1791255832525435517 new_intent=0 new_identity=0 supported=1 waypoint=4
[33m -- [MISSION] Pub goal to   0   0 1.5[0m
[33m	 cur odom dis = 18.0647
[INFO] [1791255841.545756542] [waypoint_mission]: [MISSION_GOAL_IDENTITY] stamp_ns=1791255832525435517 new_intent=0 new_identity=0 supported=1 waypoint=4
[33m -- [MISSION] Pub goal to   0   0 1.5[0m
[33m	 cur odom dis = 11.2239
[INFO] [1791255842.545772682] [waypoint_mission]: [MISSION_GOAL_IDENTITY] stamp_ns=1791255832525435517 new_intent=0 new_identity=0 supported=1 waypoint=4
[33m -- [MISSION] Pub goal to   0   0 1.5[0m
[33m	 cur odom dis = 4.36631
[31m -- [MISSION] Close to goal {}, switch to next.[0m
