[INFO] [1789531197.492441975] [perfect_drone_full_config]: [COMMON_EXECUTOR_SETTINGS] side_threads=2 default_threads=10
[INFO] [1789531197.492586057] [perfect_drone_full_config]: [STATIC_PC_EXECUTOR_SETTINGS] dedicated=1 single_thread=1 timer_geometry_qos_unchanged=1
Load config file: /root/super_ws/install/super_planner/share/super_planner/config/static_seedmaps_guard_viability_tight_v7.yaml
[0;32m Load param fsm/timer_en success: [0;0m1
[0;32m Load param super_planner/detailed_log_en success: [0;0m0
[0;32m Load param super_planner/detailed_log_max_entries success: [0;0m64
[0;32m Load param fsm/click_goal_en success: [0;0m1
[0;32m Load param fsm/click_yaw_en success: [0;0m1
[0;32m Load param fsm/replan_rate success: [0;0m15
[0;32m Load param fsm/click_height success: [0;0m1.5
[0;32m Load param fsm/cmd_topic success: [0;0m/planning/pos_cmd
[0;32m Load param fsm/mpc_cmd_topic success: [0;0m/planning_cmd/poly_traj
[0;32m Load param fsm/click_goal_topic success: [0;0m/planning/click_goal
[0;32m Load param fsm/map_readiness/enable success: [0;0m1
[0;32m Load param fsm/map_readiness/min_accepted_scans success: [0;0m5
[0;32m Load param fsm/map_readiness/min_committed_scans success: [0;0m5
[0;32m Load param fsm/map_readiness/max_commit_lag_scans success: [0;0m5
[0;32m Load param fsm/map_readiness/min_scan_span_s success: [0;0m1
[0;32m Load param fsm/map_readiness/max_cloud_age_s success: [0;0m0.75
[0;32m Load param fsm/map_readiness/max_map_age_s success: [0;0m0.55
[0;32m Load param fsm/trajectory_guard/enable success: [0;0m1
[0;33m Load param fsm/event_recovery/enable failed, use default value: [0;0m0
[0;33m Load param fsm/trajectory_guard/same_map_replan_coalesce_enable failed, use default value: [0;0m0
[0;33m Load param fsm/trajectory_guard/same_map_replan_min_interval_s failed, use default value: [0;0m0
[0;32m Load param fsm/trajectory_guard/shadow success: [0;0m0
[0;32m Load param fsm/trajectory_guard/max_map_age_s success: [0;0m0.75
[0;32m Load param fsm/trajectory_guard/brake_trigger_map_age_s success: [0;0m0.55
[0;32m Load param fsm/trajectory_guard/brake_trigger_high_speed_map_age_s success: [0;0m0.5
[0;32m Load param fsm/trajectory_guard/brake_trigger_low_speed_mps success: [0;0m2.5
[0;32m Load param fsm/trajectory_guard/brake_trigger_high_speed_mps success: [0;0m3.5
[0;33m Load param fsm/trajectory_guard/full_refresh_ack_sla_s failed, use default value: [0;0m0
[0;32m Load param fsm/trajectory_guard/raw_cloud/enable success: [0;0m0
[0;33m Load param fsm/trajectory_guard/raw_cloud/source_topic failed, use default value: [0;0m
[0;32m Load param fsm/trajectory_guard/raw_cloud/max_age_s success: [0;0m0.75
[0;32m Load param fsm/trajectory_guard/raw_cloud/clearance_m success: [0;0m0.3
[0;32m Load param fsm/trajectory_guard/validation_sample_dt_s success: [0;0m0.005
[0;32m Load param fsm/trajectory_guard/shadow_min_interval_s success: [0;0m0
[0;32m Load param fsm/trajectory_guard/additional_clearance_m success: [0;0m0
[0;33m Load param fsm/trajectory_guard/brake_min_duration_s failed, use default value: [0;0m0.4
[0;32m Load param fsm/trajectory_guard/brake_max_duration_s success: [0;0m3
[0;32m Load param fsm/trajectory_guard/brake_max_acc_mps2 success: [0;0m20
[0;32m Load param fsm/trajectory_guard/brake_max_jerk_mps3 success: [0;0m120
[0;32m Load param fsm/trajectory_guard/brake_command_max_age_s success: [0;0m0.1
[0;32m Load param fsm/trajectory_guard/brake_command_max_position_error_m success: [0;0m0.5
[0;32m Load param fsm/trajectory_guard/brake_command_max_velocity_error_mps success: [0;0m2
[0;32m Load param fsm/trajectory_guard/brake_retry_interval_s success: [0;0m0.1
[0;32m Load param fsm/trajectory_guard/unknown_as_occupied success: [0;0m1
[0;33m Load param fsm/trajectory_guard/raw_cloud/ciri_shadow_en failed, use default value: [0;0m0
[0;33m Load param fsm/trajectory_guard/raw_cloud/accum_window_s failed, use default value: [0;0m1.5
[0;33m Load param fsm/trajectory_guard/raw_cloud/ciri_min_points failed, use default value: [0;0m200
[0;33m Load param fsm/trajectory_guard/raw_cloud/ciri_voxel_m failed, use default value: [0;0m0.1
[0;33m Load param fsm/trajectory_guard/raw_cloud/near_field_shadow_en failed, use default value: [0;0m0
[0;33m Load param fsm/trajectory_guard/raw_cloud/near_field_clearance_m failed, use default value: [0;0m0.2
[0;33m Load param fsm/trajectory_guard/raw_cloud/near_field_horizon_s failed, use default value: [0;0m1
[0;33m Load param fsm/trajectory_guard/raw_cloud/near_field_sample_dt_s failed, use default value: [0;0m0.01
[0;33m Load param fsm/trajectory_guard/raw_cloud/near_field_min_interval_s failed, use default value: [0;0m0.1
[0;33m Load param fsm/trajectory_guard/raw_cloud/near_field_min_points failed, use default value: [0;0m200
[0;33m Load param fsm/trajectory_guard/raw_cloud/near_field_voxel_m failed, use default value: [0;0m0
[0;33m Load param fsm/trajectory_guard/raw_cloud/near_field_test_replay_mode failed, use default value: [0;0m0
[0;33m Load param fsm/trajectory_guard/raw_cloud/near_field_enforce_en failed, use default value: [0;0m0
[0;33m Load param fsm/trajectory_guard/raw_cloud/near_field_result_max_age_s failed, use default value: [0;0m0.2
[0;33m Load param fsm/trajectory_guard/raw_cloud/near_field_max_sequence_lag failed, use default value: [0;0m1
[0;33m Load param fsm/trajectory_guard/raw_cloud/near_field_egress_tolerance_m failed, use default value: [0;0m0.005
[0;33m Load param fsm/trajectory_guard/raw_cloud/near_field_egress_min_progress_m failed, use default value: [0;0m0.02
[0;33m Load param fsm/trajectory_guard/frontend_risk/shadow_en failed, use default value: [0;0m0
[0;33m Load param fsm/trajectory_guard/frontend_risk/enforce_en failed, use default value: [0;0m0
[0;33m Load param fsm/trajectory_guard/frontend_risk/topic failed, use default value: [0;0m/planning/trajectory_risk_verdict
[0;33m Load param fsm/trajectory_guard/frontend_risk/result_max_age_s failed, use default value: [0;0m0.2
[0;33m Load param fsm/trajectory_guard/frontend_risk/source_max_age_s failed, use default value: [0;0m0.75
[0;33m Load param fsm/trajectory_guard/frontend_risk/current_body_enforce_en failed, use default value: [0;0m0
[0;33m Load param fsm/trajectory_guard/frontend_risk/current_body_result_max_age_s failed, use default value: [0;0m0.15
[0;33m Load param fsm/trajectory_guard/frontend_risk/current_body_source_max_age_s failed, use default value: [0;0m0.2
[0;32m Load param super_planner/yaw_dot_max success: [0;0m3
[0;32m Load param super_planner/visualization_en success: [0;0m0
[0;32m Load param rog_map/resolution success: [0;0m0.05
Load config file: /root/super_ws/install/super_planner/share/super_planner/config/static_seedmaps_guard_viability_tight_v7.yaml
[0;32m Load param rog_map/esdf/resolution success: [0;0m0.1
[0;32m Load param rog_map/esdf/enable success: [0;0m0
[0;32m Load param rog_map/esdf/local_update_box success: [0;0m[5 5 3 ]
[0;32m Load param rog_map/load_pcd_en success: [0;0m0
[0;32m Load param rog_map/map_sliding/enable success: [0;0m0
[0;32m Load param rog_map/map_sliding/threshold success: [0;0m3
[0;32m Load param rog_map/fix_map_origin success: [0;0m[0 0 1.5 ]
[0;32m Load param rog_map/frontier_extraction_en success: [0;0m0
[0;32m Load param rog_map/ros_callback/enable success: [0;0m1
[0;32m Load param rog_map/ros_callback/cloud_topic success: [0;0m/cloud_registered
[0;33m Load param rog_map/ros_callback/cloud_reliable failed, use default value: [0;0m0
[0;32m Load param rog_map/ros_callback/odom_topic success: [0;0m/lidar_slam/odom
[0;32m Load param rog_map/ros_callback/odom_timeout success: [0;0m2
[0;32m Load param rog_map/visualization/enable success: [0;0m0
[0;32m Load param rog_map/visualization/use_dynamic_reconfigure success: [0;0m0
[0;32m Load param rog_map/visualization/pub_unknown_map_en success: [0;0m0
[0;32m Load param rog_map/visualization/frame_id success: [0;0mworld
[0;32m Load param rog_map/visualization/time_rate success: [0;0m2
[0;32m Load param rog_map/visualization/frame_rate success: [0;0m0
[0;32m Load param rog_map/visualization/range success: [0;0m[15 15 4 ]
[0;32m Load param rog_map/resolution success: [0;0m0.05
[0;32m Load param rog_map/inflation_resolution success: [0;0m0.1
[0;32m Load param rog_map/unk_inflation_en success: [0;0m0
[0;32m Load param rog_map/unk_inflation_step success: [0;0m1
[0;32m Load param rog_map/inflation_step success: [0;0m3
[0;32m Load param rog_map/intensity_thresh success: [0;0m-10
[0;32m Load param rog_map/map_size success: [0;0m[70 70 6 ]
[0;32m Load param rog_map/point_filt_num success: [0;0m1
[0;32m Load param rog_map/raycasting/enable success: [0;0m0
[0;32m Load param rog_map/raycasting/batch_update_size success: [0;0m1
[0;32m Load param rog_map/raycasting/unk_thresh success: [0;0m1
[0;32m Load param rog_map/raycasting/p_hit success: [0;0m0.9
[0;32m Load param rog_map/raycasting/p_miss success: [0;0m0.49
[0;32m Load param rog_map/raycasting/p_min success: [0;0m0.12
[0;32m Load param rog_map/raycasting/p_max success: [0;0m0.98
[0;32m Load param rog_map/raycasting/p_occ success: [0;0m0.85
[0;32m Load param rog_map/raycasting/p_free success: [0;0m0.499
[0;32m Load param rog_map/raycasting/p_free success: [0;0m0.499
[0;32m Load param rog_map/raycasting/ray_range success: [0;0m[0.5 100 ]
[0;33m Load param rog_map/raycasting/observed_mark_range_max failed, use default value: [0;0m10
[0;32m Load param rog_map/raycasting/local_update_box success: [0;0m[100 100 5 ]
[0;32m Load param rog_map/virtual_ground_height success: [0;0m-0.1
[0;32m Load param rog_map/virtual_ceil_height success: [0;0m3.5
[32m -- [RM-Config] inflation_resolution: 0.1[0m
 -- [ROG-Map] Init, resetMapSize: ORIGIN_AT_CORNER.
 -- [ROG-Map] Init, resetMapSize: virtual_ceil_height: 3.1500000000000004, virtual_ground_height: 0.25.
[34m	[ROG] n_free: 1[0m
[34m	[ROG] n_occ: 1[0m
[34m	[ROG] l_hit: 2.19722[0m
[34m	[ROG] l_miss: -0.0400053[0m
[34m	[ROG] l_min: -1.99243[0m
[34m	[ROG] l_max: 3.89182[0m
[34m	[ROG] l_occ: 1.7346[0m
[34m	[ROG] l_free: -0.00399995[0m
[33m -- [Inf-Map] Clear all local map.[0m
[32m -- [CounterMap] Init successfully -- .[0m
[32m	resolution: 0.1[0m
[32m	map_sliding_en: 0[0m
[32m	local_map_size_i: 709 709  69[0m
[32m	local_map_size_d: 70.9 70.9  6.9[0m
[33m -- [Inf-Map] Clear all local map.[0m
[32m -- [InfMap] Init successfully -- .[0m
[32m	resolution: 0.1[0m
[32m	map_sliding_en: 0[0m
[32m	local_map_size_i: 709 709  69[0m
[32m	local_map_size_d: 70.9 70.9  6.9[0m
[ProbMap] virtual_ceil_height: 3.15
[ProbMap] virtual_ground_height: 0.25
[33m -- [ProbMap] Map sliding disabled, set origin to [  0   0 1.5] -- [0m
[33m -- [Prob-Map] Clear all local map.[0m
[32m -- [ProbMap] Init successfully -- .[0m
[32m	resolution: 0.05[0m
[32m	map_sliding_en: 0[0m
[32m	local_map_size_i: 1401 1401  121[0m
[32m	local_map_size_d: 70.05 70.05  6.05[0m
[38;2;000;128;000m -- [ROGMap] Immutable planner snapshot enabled (fixed occupancy-only map).
[0m -- [ROG_MAP_OCCUPIED_BOX_SCAN] fast=false compare=false immutable=true comparison_overhead=false
 -- [ROG_MAP_SNAPSHOT_LINE_QUERY] enabled=false immutable=true active=false changed_publication=reject
 -- [ROG_MAP_SNAPSHOT_NEIGHBOR_CACHE] enabled=false immutable=true line_query=false active=false entries=4096 max_neighbors=512 bytes_per_thread=88136 publication_check=required
Load config file: /root/super_ws/install/super_planner/share/super_planner/config/static_seedmaps_guard_viability_tight_v7.yaml
Load config file: /root/super_ws/install/super_planner/share/super_planner/config/static_seedmaps_guard_viability_tight_v7.yaml
[0;32m Load param traj_opt/switch/print_optimizer_log success: [0;0m0
[0;32m Load param traj_opt/flatness/mass success: [0;0m1.64
[0;32m Load param traj_opt/flatness/dh success: [0;0m0.35
[0;32m Load param traj_opt/flatness/dv success: [0;0m0.35
[0;32m Load param traj_opt/flatness/grav success: [0;0m9.81
[0;32m Load param traj_opt/flatness/cp success: [0;0m0.001
[0;32m Load param traj_opt/flatness/v_eps success: [0;0m0.0001
[0;32m Load param traj_opt/switch/save_log_en success: [0;0m0
[0;32m Load param traj_opt/exp_traj/pos_constraint_type success: [0;0m1
[0;33m Load param traj_opt/exp_traj/piece_num failed, use default value: [0;0m1
[0;33m Load param traj_opt/exp_traj/uniform_time_en failed, use default value: [0;0m0
[0;32m Load param traj_opt/exp_traj/block_energy_cost success: [0;0m0
[0;32m Load param traj_opt/exp_traj/opt_accuracy success: [0;0m5e-06
[0;33m Load param traj_opt/exp_traj/max_iterations failed, use default value: [0;0m2048
[0;32m Load param traj_opt/exp_traj/integral_reso success: [0;0m15
[0;32m Load param traj_opt/exp_traj/smooth_eps success: [0;0m0.01
[0;32m Load param traj_opt/boundary/max_vel success: [0;0m7
[0;32m Load param traj_opt/boundary/max_acc success: [0;0m20
[0;32m Load param traj_opt/boundary/max_jerk success: [0;0m120
[0;32m Load param traj_opt/boundary/max_omg success: [0;0m2.5
[0;32m Load param traj_opt/boundary/max_acc_thr success: [0;0m17
[0;32m Load param traj_opt/boundary/min_acc_thr success: [0;0m6
[0;32m Load param traj_opt/boundary/penna_margin success: [0;0m0.05
[0;33m Load param traj_opt/exp_traj/penna_scale failed, use default value: [0;0m-1
[0;32m Load param traj_opt/exp_traj/penna_t success: [0;0m1e+07
[0;33m Load param traj_opt/exp_traj/penna_ts failed, use default value: [0;0m-1
[0;32m Load param traj_opt/exp_traj/penna_pos success: [0;0m5e+09
[0;32m Load param traj_opt/exp_traj/penna_clr success: [0;0m1e+06
[0;32m Load param traj_opt/exp_traj/clearance_margin success: [0;0m0.1
[0;32m Load param traj_opt/exp_traj/clearance_speed_gate success: [0;0m1.5
[0;32m Load param traj_opt/exp_traj/clearance_speed_transition success: [0;0m0.5
[0;33m Load param traj_opt/exp_traj/penna_passage_center failed, use default value: [0;0m-1
[0;33m Load param traj_opt/exp_traj/passage_center_max_width failed, use default value: [0;0m0
[0;33m Load param traj_opt/exp_traj/passage_center_min_opposition_cos failed, use default value: [0;0m0.9
[0;33m Load param traj_opt/exp_traj/passage_center_min_horizontal_normal failed, use default value: [0;0m0.8
[0;33m Load param traj_opt/exp_traj/passage_center_deadband failed, use default value: [0;0m0.15
[0;33m Load param traj_opt/exp_traj/passage_center_log_en failed, use default value: [0;0m0
[0;32m Load param traj_opt/exp_traj/penna_vel success: [0;0m5e+08
[0;32m Load param traj_opt/exp_traj/penna_acc success: [0;0m5e+08
[0;32m Load param traj_opt/exp_traj/penna_jerk success: [0;0m-5e+08
[0;32m Load param traj_opt/exp_traj/penna_attract success: [0;0m5e+08
[0;32m Load param traj_opt/exp_traj/penna_omg success: [0;0m-1
[0;32m Load param traj_opt/exp_traj/penna_thr success: [0;0m-1
Load config file: /root/super_ws/install/super_planner/share/super_planner/config/static_seedmaps_guard_viability_tight_v7.yaml
[0;32m Load param traj_opt/switch/print_optimizer_log success: [0;0m0
[0;32m Load param traj_opt/flatness/mass success: [0;0m1.64
[0;32m Load param traj_opt/flatness/dh success: [0;0m0.35
[0;32m Load param traj_opt/flatness/dv success: [0;0m0.35
[0;32m Load param traj_opt/flatness/grav success: [0;0m9.81
[0;32m Load param traj_opt/flatness/cp success: [0;0m0.001
[0;32m Load param traj_opt/flatness/v_eps success: [0;0m0.0001
[0;32m Load param traj_opt/switch/save_log_en success: [0;0m0
[0;32m Load param traj_opt/backup_traj/pos_constraint_type success: [0;0m2
[0;32m Load param traj_opt/backup_traj/piece_num success: [0;0m2
[0;32m Load param traj_opt/backup_traj/uniform_time_en success: [0;0m1
[0;32m Load param traj_opt/backup_traj/block_energy_cost success: [0;0m1
[0;32m Load param traj_opt/backup_traj/opt_accuracy success: [0;0m1e-05
[0;33m Load param traj_opt/backup_traj/max_iterations failed, use default value: [0;0m2048
[0;32m Load param traj_opt/backup_traj/integral_reso success: [0;0m12
[0;32m Load param traj_opt/backup_traj/smooth_eps success: [0;0m0.01
[0;32m Load param traj_opt/boundary/max_vel success: [0;0m7
[0;32m Load param traj_opt/boundary/max_acc success: [0;0m20
[0;32m Load param traj_opt/boundary/max_jerk success: [0;0m120
[0;32m Load param traj_opt/boundary/max_omg success: [0;0m2.5
[0;32m Load param traj_opt/boundary/max_acc_thr success: [0;0m17
[0;32m Load param traj_opt/boundary/min_acc_thr success: [0;0m6
[0;32m Load param traj_opt/boundary/penna_margin success: [0;0m0.05
[0;33m Load param traj_opt/backup_traj/penna_scale failed, use default value: [0;0m-1
[0;32m Load param traj_opt/backup_traj/penna_t success: [0;0m100
[0;32m Load param traj_opt/backup_traj/penna_ts success: [0;0m1e+07
[0;32m Load param traj_opt/backup_traj/penna_pos success: [0;0m1e+10
[0;32m Load param traj_opt/backup_traj/penna_clr success: [0;0m1e+06
[0;32m Load param traj_opt/backup_traj/clearance_margin success: [0;0m0.1
[0;32m Load param traj_opt/backup_traj/clearance_speed_gate success: [0;0m1.5
[0;32m Load param traj_opt/backup_traj/clearance_speed_transition success: [0;0m0.5
[0;33m Load param traj_opt/backup_traj/penna_passage_center failed, use default value: [0;0m-1
[0;33m Load param traj_opt/backup_traj/passage_center_max_width failed, use default value: [0;0m0
[0;33m Load param traj_opt/backup_traj/passage_center_min_opposition_cos failed, use default value: [0;0m0.9
[0;33m Load param traj_opt/backup_traj/passage_center_min_horizontal_normal failed, use default value: [0;0m0.8
[0;33m Load param traj_opt/backup_traj/passage_center_deadband failed, use default value: [0;0m0.15
[0;33m Load param traj_opt/backup_traj/passage_center_log_en failed, use default value: [0;0m0
[0;32m Load param traj_opt/backup_traj/penna_vel success: [0;0m1e+08
[0;32m Load param traj_opt/backup_traj/penna_acc success: [0;0m1e+08
[0;32m Load param traj_opt/backup_traj/penna_jerk success: [0;0m-1e+06
[0;33m Load param traj_opt/backup_traj/penna_attract failed, use default value: [0;0m-1
[0;32m Load param traj_opt/backup_traj/penna_omg success: [0;0m-1
[0;32m Load param traj_opt/backup_traj/penna_thr success: [0;0m-1
[0;32m Load param super_planner/print_log success: [0;0m0
[0;32m Load param super_planner/detailed_log_en success: [0;0m0
[0;32m Load param super_planner/visualization_en success: [0;0m0
[0;32m Load param super_planner/backup_traj_en success: [0;0m1
[0;32m Load param super_planner/goal_vel_en success: [0;0m0
[0;32m Load param super_planner/goal_yaw_en success: [0;0m0
[0;32m Load param super_planner/visual_process success: [0;0m0
[0;32m Load param super_planner/use_fov_cut success: [0;0m0
[0;33m Load param super_planner/fov_horizontal_angle failed, use default value: [0;0m-1
[0;33m Load param super_planner/fov_center_heading failed, use default value: [0;0m0
[0;32m Load param super_planner/frontend_in_known_free success: [0;0m0
[0;32m Load param fsm/trajectory_guard/enable success: [0;0m1
[0;32m Load param fsm/trajectory_guard/shadow success: [0;0m0
[0;32m Load param fsm/trajectory_guard/validation_sample_dt_s success: [0;0m0.005
[0;32m Load param fsm/trajectory_guard/shadow_min_interval_s success: [0;0m0
[0;32m Load param fsm/trajectory_guard/additional_clearance_m success: [0;0m0
[0;32m Load param fsm/trajectory_guard/escape_max_duration_s success: [0;0m1
[0;32m Load param fsm/trajectory_guard/unknown_as_occupied success: [0;0m1
[0;32m Load param fsm/trajectory_guard/escape_entry_grace_s success: [0;0m0
[0;32m Load param fsm/trajectory_guard/initial_footprint_egress_enable success: [0;0m1
[0;32m Load param super_planner/safe_corridor_line_max_length success: [0;0m6
[0;32m Load param super_planner/sensing_horizon success: [0;0m-1
[0;32m Load param super_planner/obs_skip_num success: [0;0m2
[0;32m Load param super_planner/replan_forward_dt success: [0;0m0.1
[0;32m Load param super_planner/corridor_bound_dis success: [0;0m0.8
[0;32m Load param super_planner/corridor_line_max_length success: [0;0m1
[0;32m Load param super_planner/planning_horizon success: [0;0m7
[0;32m Load param super_planner/receding_dis success: [0;0m1
[0;32m Load param super_planner/robot_r success: [0;0m0.2
[0;32m Load param super_planner/corridor_use_inflated_obstacles success: [0;0m0
[0;32m Load param super_planner/corridor_use_inflated_seed_lines success: [0;0m0
[0;32m Load param super_planner/corridor_guard_retry_inflated success: [0;0m1
[0;32m Load param super_planner/guard_corridor_retry_alternate_every success: [0;0m4
[0;32m Load param super_planner/guard_topology_reroute/enable success: [0;0m1
[0;32m Load param super_planner/guard_topology_reroute/radius_m success: [0;0m0.8
[0;32m Load param super_planner/guard_topology_reroute/growth_m success: [0;0m0
[0;32m Load param super_planner/guard_topology_reroute/max_radius_m success: [0;0m0.8
[0;32m Load param super_planner/guard_topology_reroute/max_zones success: [0;0m6
[0;32m Load param super_planner/guard_topology_reroute/max_stop_speed_mps success: [0;0m0.2
[0;32m Load param super_planner/guard_topology_reroute/escalate_every_rejects success: [0;0m3
[0;32m Load param super_planner/guard_topology_reroute/collision_merge_m success: [0;0m0.5
[0;32m Load param super_planner/guard_topology_reroute/start_clearance_m success: [0;0m0.3
[0;32m Load param super_planner/guard_topology_reroute/block_spacing_m success: [0;0m1
[0;32m Load param super_planner/guard_topology_reroute/direction_merge_angle_deg success: [0;0m30
[0;32m Load param super_planner/guard_topology_reroute/no_path_reset_attempts success: [0;0m3
[0;32m Load param super_planner/guard_topology_reroute/vertical_recovery_enable success: [0;0m1
[0;32m Load param super_planner/guard_topology_reroute/vertical_recovery_lift_m success: [0;0m0.6
[0;32m Load param super_planner/guard_topology_reroute/vertical_recovery_trigger_distance_m success: [0;0m0.75
[0;32m Load param super_planner/guard_topology_reroute/local_escape_enable success: [0;0m1
[0;32m Load param super_planner/guard_topology_reroute/local_escape_distance_m success: [0;0m0.6
[0;32m Load param super_planner/guard_topology_reroute/local_escape_attempts success: [0;0m4
[0;32m Load param super_planner/guard_topology_reroute/episode_progress_reset_m success: [0;0m2
[0;32m Load param super_planner/guard_topology_reroute/saturation_vertical_attempts success: [0;0m1
[0;32m Load param super_planner/guard_topology_reroute/base_no_path_vertical_attempts success: [0;0m1
[0;32m Load param super_planner/guard_direct_goal_fallback/enable success: [0;0m1
[0;32m Load param super_planner/guard_direct_goal_fallback/max_distance_m success: [0;0m3
[0;32m Load param super_planner/guard_direct_goal_fallback/min_duration_s success: [0;0m1
[0;32m Load param super_planner/guard_viability/enable success: [0;0m1
[0;32m Load param super_planner/guard_viability/horizon_s success: [0;0m2
[0;32m Load param super_planner/guard_viability/sample_dt_s success: [0;0m0.3
[0;32m Load param super_planner/guard_viability/brake_max_acc_mps2 success: [0;0m20
[0;32m Load param super_planner/guard_viability/brake_max_jerk_mps3 success: [0;0m120
[0;32m Load param super_planner/guard_viability/brake_min_duration_s success: [0;0m0.4
[0;32m Load param super_planner/guard_viability/brake_max_duration_s success: [0;0m3
[0;32m Load param super_planner/guard_viability/brake_attempts success: [0;0m12
[0;32m Load param super_planner/guard_viability/speed_scale_step success: [0;0m1.25
[0;32m Load param super_planner/guard_viability/speed_scale_max success: [0;0m3
[0;32m Load param super_planner/guard_viability/max_retries success: [0;0m4
[0;32m Load param super_planner/corridor_min_margin success: [0;0m0.2
[0;32m Load param super_planner/corridor_pref_margin success: [0;0m0.3
[0;32m Load param super_planner/iris_iter_num success: [0;0m2
[0;32m Load param super_planner/yaw_mode success: [0;0m1
[0;32m Load param super_planner/mpc_horizon success: [0;0m15
[0;32m Load param super_planner/yaw_dot_max success: [0;0m3
[0;32m Load param rog_map/resolution success: [0;0m0.05
[INFO] [1789531198.852858806] [fsm_node]:  -- [TRAJ_GUARD] mode=enforce sample_dt=0.0050s shadow_min_interval=0.000s inflation_radius=0.300m robot_r=0.200m additional_clearance=0.000m hard_clearance=0.300m clearance_offsets=0
[38;2;050;205;050m -- [Viz] Set resolution_ to 0.05
[0m[38;2;050;205;050m -- [Viz] Set visualization_en_ to false
[0mLoad config file: /root/super_ws/install/super_planner/share/super_planner/config/static_seedmaps_guard_viability_tight_v7.yaml
[0;32m Load param astar/map_voxel_num success: [0;0m[500 500 100 ]
[0;32m Load param astar/allow_diag success: [0;0m1
[0;32m Load param astar/debug_visualization_en success: [0;0m0
[0;32m Load param astar/heu_type success: [0;0m2
[0;32m Load param astar/visual_process success: [0;0m0
[32m -- [RM] Init Astar-map.[0m
[34m	map index size: 250 250  50[0m
[34m	map vox_num: 501 501 101[0m
[33m -- [Fsm] CLICKGOAL ENABLE.[0m
[WARN] [1789531200.410218539] [perfect_tracking]:  -- [MissionPlanner] Load config by file name: /root/super_ws/src/SUPER/mars_uav_sim/perfect_drone_sim/config/seed1.yaml
Load config file: /root/super_ws/src/SUPER/mars_uav_sim/perfect_drone_sim/config/seed1.yaml
[0;32m Load param mesh_resource success: [0;0mpackage://perfect_drone_sim/meshes/yunque-M.dae
[0;32m Load param init_position/x success: [0;0m0
[0;32m Load param init_position/y success: [0;0m0
[0;32m Load param init_position/z success: [0;0m1.5
[0;32m Load param init_yaw success: [0;0m0
[0;32m Load param sensing_rate success: [0;0m10
Load config file: /root/super_ws/src/SUPER/mars_uav_sim/perfect_drone_sim/config/seed1.yaml
[0;33m Load param side_entry_v1/enabled failed, use default value: [0;0m0
[0;33m Load param side_entry_v2/enabled failed, use default value: [0;0m0
[0;33m Load param side_entry_v3/enabled failed, use default value: [0;0m0
[0;33m Load param side_entry_v4/enabled failed, use default value: [0;0m0
[0;33m Load param side_entry_v5/enabled failed, use default value: [0;0m0
[0;33m Load param side_entry_v6/enabled failed, use default value: [0;0m0
[0;33m Load param side_entry_v7/enabled failed, use default value: [0;0m0
[0;33m Load param side_entry_v0/speed_min_mps failed, use default value: [0;0m2
[0;33m Load param side_entry_v0/yaw_velocity_mismatch_min_deg failed, use default value: [0;0m50
[0;33m Load param side_entry_v0/require_yaw_velocity_mismatch failed, use default value: [0;0m1
[0;33m Load param side_entry_v0/hold_s failed, use default value: [0;0m0.02
[0;33m Load param side_entry_v0/qualifying_samples failed, use default value: [0;0m0
[0;33m Load param side_entry_v0/prediction_s failed, use default value: [0;0m0.8
[0;33m Load param side_entry_v0/require_velocity_inside failed, use default value: [0;0m1
[0;33m Load param side_entry_v0/fixed_center_enabled failed, use default value: [0;0m0
[0;33m Load param side_entry_v0/fixed_center_x failed, use default value: [0;0m22.5
[0;33m Load param side_entry_v0/fixed_center_y failed, use default value: [0;0m23
[0;33m Load param side_entry_v0/trigger_distance_min_m failed, use default value: [0;0m0.8
[0;33m Load param side_entry_v0/trigger_distance_max_m failed, use default value: [0;0m3.5
[0;33m Load param side_entry_v0/trigger_waypoint_x failed, use default value: [0;0m24
[0;33m Load param side_entry_v0/trigger_waypoint_y failed, use default value: [0;0m24
[0;33m Load param side_entry_v0/trigger_waypoint_radius_m failed, use default value: [0;0m2
[0;33m Load param side_entry_v0/trap_waypoint_radius_m failed, use default value: [0;0m2
[0;33m Load param side_entry_v0/sector_half_angle_deg failed, use default value: [0;0m45
[0;33m Load param side_entry_v0/angular_margin_deg failed, use default value: [0;0m2
[0;33m Load param side_entry_v0/max_nudge_deg failed, use default value: [0;0m20
[0;33m Load param side_entry_v0/radius_m failed, use default value: [0;0m0.25
[0;33m Load param side_entry_v0/height_m failed, use default value: [0;0m3
[0;33m Load param side_entry_v0/point_spacing_m failed, use default value: [0;0m0.05
[0;33m Load param side_entry_v0/z_spacing_m failed, use default value: [0;0m0.1
[0;33m Load param side_entry_v0/sensing_horizon_m failed, use default value: [0;0m15
[0;33m Load param side_entry_v0/intensity failed, use default value: [0;0m14545
Load config file: /root/super_ws/src/SUPER/mars_uav_sim/perfect_drone_sim/config/seed1.yaml
[0;33m Load param sensor_burst_dropout/enabled failed, use default value: [0;0m0
[0;33m Load param sensor_burst_dropout/warmup_s failed, use default value: [0;0m1
[0;33m Load param sensor_burst_dropout/period_s failed, use default value: [0;0m2
[0;33m Load param sensor_burst_dropout/duration_s failed, use default value: [0;0m0.5
[0;33m Load param sensor_burst_dropout/phase_s failed, use default value: [0;0m0
Load config file: /root/super_ws/src/SUPER/mars_uav_sim/perfect_drone_sim/config/seed1.yaml
[0;32m Load param sensing_blind success: [0;0m0.1
[0;32m Load param sensing_horizon success: [0;0m15
[0;32m Load param sensing_rate success: [0;0m10
[0;32m Load param lidar_type success: [0;0m2
[0;32m Load param pcd_name success: [0;0mseed_maps/seed1.pcd
[0;32m Load param is_360lidar success: [0;0m1
[0;32m Load param polar_resolution success: [0;0m0.4
[0;33m Load param fx failed, use default value: [0;0m250
[0;33m Load param fy failed, use default value: [0;0m250
[0;33m Load param line_number failed, use default value: [0;0m64
[0;32m Load param downsample_res success: [0;0m0.1
[0;33m Load param yaw_fov failed, use default value: [0;0m360
[0;32m Load param vertical_fov success: [0;0m178
[0;32m Load param depth_image_en success: [0;0m0
[0;33m Load param inf_point_en failed, use default value: [0;0m0
[0;32m Load param print_time_consumption success: [0;0m0
GLAD init success
Load shader frome: /root/super_ws/src/SUPER/mars_uav_sim/marsim_render/config/pattern/360camera.vs
Now initing the point cloud data: 
Number of points = 24.149X 10000
Load data finish 
========== OpenGL Info ==========
Vendor: NVIDIA Corporation
Renderer: NVIDIA GeForce RTX 3050 Ti Laptop GPU/PCIe/SSE2
OpenGL Version: 3.3.0 NVIDIA 550.144.03
GLSL Version: 3.30 NVIDIA via Cg compiler
========== OpenGL Info ==========
[INFO] [1789531200.793614056] [perfect_tracking]: [STATIC_PC_DURABLE_SETTINGS] enabled=1 actual_qos=1 reliability=reliable durability=transient_local history=keep_last depth=1 intra_process=disabled publication_schedule=latched_once other_qos_unchanged=1
[INFO] [1789531200.793679559] [perfect_tracking]: [STATIC_PC_POLL_SETTINGS] poll_ms=0 bootstrap_once=1 complete_geometry=1 qos_unchanged=0
[INFO] [1789531200.801056377] [perfect_tracking]: [STATIC_PC_LATCHED_SERIALIZATION] point_step=32 tail_zeroed_bytes=12 declared_fields_and_homogeneous_bytes_unchanged=1
[INFO] [1789531200.805939359] [perfect_tracking]: [STATIC_PC_LATCHED_PUBLICATION] publications=1 points=241490 bytes=7727680 stamp_ns=1789531200800088757 timers_created=0 poll_callbacks=0 complete_geometry=1
[INFO] [1789531200.805971488] [perfect_drone_full_config]: [HEADLESS_PARAMETER_SETTINGS] enabled=1 mode=full nodes=3 parameter_services_nodes=0 parameter_event_publisher_nodes=0 local_parameters_preserved=1 default_off=1
[INFO] [1789531200.805980337] [perfect_drone_full_config]: Full raw DDS disabled: renderer -> ROG-Map uses direct latest-only SharedPtr handoff
[INFO] [1789531200.806039092] [perfect_drone_full_config]: [STATIC_PC_EXECUTOR_KIND] cached_entities=0 executor=single callbacks_qos_cadence_unchanged=1 mode=full
[INFO] [1789531200.901083148] [perfect_tracking]: [SENSOR_ACQUISITION_FRAME] frame=1 cycle=0 full=1 stamp_ns=1789531200893827846 width=900 height=445 readback_pixels=801000 conversion_rays=115200 generated_points=9599 bytes=307168 half_angle_deg=45.000
Publish local map size: 9599
[INFO] [1789531200.997932712] [perfect_tracking]: [SENSOR_ACQUISITION_FRAME] frame=2 cycle=0 full=1 stamp_ns=1789531200993787449 width=900 height=445 readback_pixels=801000 conversion_rays=115200 generated_points=9580 bytes=306560 half_angle_deg=45.000
Publish local map size: 9580
[INFO] [1789531201.098777235] [perfect_tracking]: [SENSOR_ACQUISITION_FRAME] frame=3 cycle=0 full=1 stamp_ns=1789531201093825005 width=900 height=445 readback_pixels=801000 conversion_rays=115200 generated_points=9580 bytes=306560 half_angle_deg=45.000
Publish local map size: 9580
[INFO] [1789531201.198443259] [perfect_tracking]: [SENSOR_ACQUISITION_FRAME] frame=4 cycle=0 full=1 stamp_ns=1789531201193926692 width=900 height=445 readback_pixels=801000 conversion_rays=115200 generated_points=9590 bytes=306880 half_angle_deg=45.000
Publish local map size: 9590
[INFO] [1789531201.299353334] [perfect_tracking]: [SENSOR_ACQUISITION_FRAME] frame=5 cycle=0 full=1 stamp_ns=1789531201293833582 width=900 height=445 readback_pixels=801000 conversion_rays=115200 generated_points=9576 bytes=306432 half_angle_deg=45.000
Publish local map size: 9576
[INFO] [1789531201.399191352] [perfect_tracking]: [SENSOR_ACQUISITION_FRAME] frame=6 cycle=0 full=1 stamp_ns=1789531201393763526 width=900 height=445 readback_pixels=801000 conversion_rays=115200 generated_points=9602 bytes=307264 half_angle_deg=45.000
Publish local map size: 9602
[INFO] [1789531201.497017537] [perfect_tracking]: [SENSOR_ACQUISITION_FRAME] frame=7 cycle=0 full=1 stamp_ns=1789531201493763290 width=900 height=445 readback_pixels=801000 conversion_rays=115200 generated_points=9599 bytes=307168 half_angle_deg=45.000
Publish local map size: 9599
[INFO] [1789531201.598583230] [perfect_tracking]: [SENSOR_ACQUISITION_FRAME] frame=8 cycle=0 full=1 stamp_ns=1789531201593826437 width=900 height=445 readback_pixels=801000 conversion_rays=115200 generated_points=9611 bytes=307552 half_angle_deg=45.000
Publish local map size: 9611
[INFO] [1789531201.699194080] [perfect_tracking]: [SENSOR_ACQUISITION_FRAME] frame=9 cycle=0 full=1 stamp_ns=1789531201693888821 width=900 height=445 readback_pixels=801000 conversion_rays=115200 generated_points=9562 bytes=305984 half_angle_deg=45.000
Publish local map size: 9562
[INFO] [1789531201.797688592] [perfect_tracking]: [SENSOR_ACQUISITION_FRAME] frame=10 cycle=0 full=1 stamp_ns=1789531201793839190 width=900 height=445 readback_pixels=801000 conversion_rays=115200 generated_points=9556 bytes=305792 half_angle_deg=45.000
Publish local map size: 9556
[33m -- [Fsm] Wait for goal.[0m
[32m -- [Fsm 1.003] Current state: INIT[0m
[INFO] [1789531201.898528798] [perfect_tracking]: [SENSOR_ACQUISITION_FRAME] frame=11 cycle=0 full=1 stamp_ns=1789531201893780156 width=900 height=445 readback_pixels=801000 conversion_rays=115200 generated_points=9601 bytes=307232 half_angle_deg=45.000
Publish local map size: 9601
[INFO] [1789531201.998301248] [perfect_tracking]: [SENSOR_ACQUISITION_FRAME] frame=12 cycle=0 full=1 stamp_ns=1789531201993786179 width=900 height=445 readback_pixels=801000 conversion_rays=115200 generated_points=9556 bytes=305792 half_angle_deg=45.000
Publish local map size: 9556
[INFO] [1789531202.100306570] [perfect_tracking]: [SENSOR_ACQUISITION_FRAME] frame=13 cycle=0 full=1 stamp_ns=1789531202093979171 width=900 height=445 readback_pixels=801000 conversion_rays=115200 generated_points=9590 bytes=306880 half_angle_deg=45.000
Publish local map size: 9590
[INFO] [1789531202.198760440] [perfect_tracking]: [SENSOR_ACQUISITION_FRAME] frame=14 cycle=0 full=1 stamp_ns=1789531202193790892 width=900 height=445 readback_pixels=801000 conversion_rays=115200 generated_points=9576 bytes=306432 half_angle_deg=45.000
Publish local map size: 9576
[INFO] [1789531202.299031068] [perfect_tracking]: [SENSOR_ACQUISITION_FRAME] frame=15 cycle=0 full=1 stamp_ns=1789531202293814294 width=900 height=445 readback_pixels=801000 conversion_rays=115200 generated_points=9622 bytes=307904 half_angle_deg=45.000
Publish local map size: 9622
[INFO] [1789531202.399343319] [perfect_tracking]: [SENSOR_ACQUISITION_FRAME] frame=16 cycle=0 full=1 stamp_ns=1789531202393819674 width=900 height=445 readback_pixels=801000 conversion_rays=115200 generated_points=9568 bytes=306176 half_angle_deg=45.000
Publish local map size: 9568
[INFO] [1789531202.497289740] [perfect_tracking]: [SENSOR_ACQUISITION_FRAME] frame=17 cycle=0 full=1 stamp_ns=1789531202493807198 width=900 height=445 readback_pixels=801000 conversion_rays=115200 generated_points=9561 bytes=305952 half_angle_deg=45.000
Publish local map size: 9561
[INFO] [1789531202.597607610] [perfect_tracking]: [SENSOR_ACQUISITION_FRAME] frame=18 cycle=0 full=1 stamp_ns=1789531202593804657 width=900 height=445 readback_pixels=801000 conversion_rays=115200 generated_points=9576 bytes=306432 half_angle_deg=45.000
Publish local map size: 9576
[INFO] [1789531202.699311522] [perfect_tracking]: [SENSOR_ACQUISITION_FRAME] frame=19 cycle=0 full=1 stamp_ns=1789531202693929077 width=900 height=445 readback_pixels=801000 conversion_rays=115200 generated_points=9563 bytes=306016 half_angle_deg=45.000
Publish local map size: 9563
 -- [MARSIM] Running FPS: 192.531
[INFO] [1789531202.799132299] [perfect_tracking]: [SENSOR_ACQUISITION_FRAME] frame=20 cycle=0 full=1 stamp_ns=1789531202793793297 width=900 height=445 readback_pixels=801000 conversion_rays=115200 generated_points=9599 bytes=307168 half_angle_deg=45.000
Publish local map size: 9599
[33m -- [Fsm] Wait for goal.[0m
[32m -- [Fsm 2.013] Current state: INIT[0m
[INFO] [1789531202.898011388] [perfect_tracking]: [SENSOR_ACQUISITION_FRAME] frame=21 cycle=0 full=1 stamp_ns=1789531202893951822 width=900 height=445 readback_pixels=801000 conversion_rays=115200 generated_points=9576 bytes=306432 half_angle_deg=45.000
Publish local map size: 9576
[INFO] [1789531202.999149323] [perfect_tracking]: [SENSOR_ACQUISITION_FRAME] frame=22 cycle=0 full=1 stamp_ns=1789531202993794199 width=900 height=445 readback_pixels=801000 conversion_rays=115200 generated_points=9573 bytes=306336 half_angle_deg=45.000
Publish local map size: 9573
[INFO] [1789531203.098136021] [perfect_tracking]: [SENSOR_ACQUISITION_FRAME] frame=23 cycle=0 full=1 stamp_ns=1789531203093777464 width=900 height=445 readback_pixels=801000 conversion_rays=115200 generated_points=9568 bytes=306176 half_angle_deg=45.000
Publish local map size: 9568
[INFO] [1789531203.198017640] [perfect_tracking]: [SENSOR_ACQUISITION_FRAME] frame=24 cycle=0 full=1 stamp_ns=1789531203193823856 width=900 height=445 readback_pixels=801000 conversion_rays=115200 generated_points=9580 bytes=306560 half_angle_deg=45.000
Publish local map size: 9580
[INFO] [1789531203.299392001] [perfect_tracking]: [SENSOR_ACQUISITION_FRAME] frame=25 cycle=0 full=1 stamp_ns=1789531203293907969 width=900 height=445 readback_pixels=801000 conversion_rays=115200 generated_points=9590 bytes=306880 half_angle_deg=45.000
Publish local map size: 9590
[INFO] [1789531203.398653842] [perfect_tracking]: [SENSOR_ACQUISITION_FRAME] frame=26 cycle=0 full=1 stamp_ns=1789531203393799056 width=900 height=445 readback_pixels=801000 conversion_rays=115200 generated_points=9576 bytes=306432 half_angle_deg=45.000
Publish local map size: 9576
[INFO] [1789531203.497866976] [perfect_tracking]: [SENSOR_ACQUISITION_FRAME] frame=27 cycle=0 full=1 stamp_ns=1789531203493827368 width=900 height=445 readback_pixels=801000 conversion_rays=115200 generated_points=9553 bytes=305696 half_angle_deg=45.000
Publish local map size: 9553
[INFO] [1789531203.599302748] [perfect_tracking]: [SENSOR_ACQUISITION_FRAME] frame=28 cycle=0 full=1 stamp_ns=1789531203593934958 width=900 height=445 readback_pixels=801000 conversion_rays=115200 generated_points=9599 bytes=307168 half_angle_deg=45.000
Publish local map size: 9599
[INFO] [1789531203.697898327] [perfect_tracking]: [SENSOR_ACQUISITION_FRAME] frame=29 cycle=0 full=1 stamp_ns=1789531203693898166 width=900 height=445 readback_pixels=801000 conversion_rays=115200 generated_points=9622 bytes=307904 half_angle_deg=45.000
Publish local map size: 9622
[INFO] [1789531203.799401920] [perfect_tracking]: [SENSOR_ACQUISITION_FRAME] frame=30 cycle=0 full=1 stamp_ns=1789531203793822411 width=900 height=445 readback_pixels=801000 conversion_rays=115200 generated_points=9559 bytes=305888 half_angle_deg=45.000
Publish local map size: 9559
[33m -- [Fsm] Wait for goal.[0m
[32m -- [Fsm 3.023] Current state: INIT[0m
[INFO] [1789531203.895986744] [perfect_tracking]: [SENSOR_ACQUISITION_FRAME] frame=31 cycle=0 full=1 stamp_ns=1789531203893820380 width=900 height=445 readback_pixels=801000 conversion_rays=115200 generated_points=9607 bytes=307424 half_angle_deg=45.000
Publish local map size: 9607
[INFO] [1789531203.998411515] [perfect_tracking]: [SENSOR_ACQUISITION_FRAME] frame=32 cycle=0 full=1 stamp_ns=1789531203993850551 width=900 height=445 readback_pixels=801000 conversion_rays=115200 generated_points=9586 bytes=306752 half_angle_deg=45.000
Publish local map size: 9586
[INFO] [1789531204.099540465] [perfect_tracking]: [SENSOR_ACQUISITION_FRAME] frame=33 cycle=0 full=1 stamp_ns=1789531204093843885 width=900 height=445 readback_pixels=801000 conversion_rays=115200 generated_points=9602 bytes=307264 half_angle_deg=45.000
Publish local map size: 9602
[INFO] [1789531204.197538500] [perfect_tracking]: [SENSOR_ACQUISITION_FRAME] frame=34 cycle=0 full=1 stamp_ns=1789531204193938074 width=900 height=445 readback_pixels=801000 conversion_rays=115200 generated_points=9580 bytes=306560 half_angle_deg=45.000
Publish local map size: 9580
[INFO] [1789531204.297844497] [perfect_tracking]: [SENSOR_ACQUISITION_FRAME] frame=35 cycle=0 full=1 stamp_ns=1789531204293797434 width=900 height=445 readback_pixels=801000 conversion_rays=115200 generated_points=9622 bytes=307904 half_angle_deg=45.000
Publish local map size: 9622
[INFO] [1789531204.398807081] [perfect_tracking]: [SENSOR_ACQUISITION_FRAME] frame=36 cycle=0 full=1 stamp_ns=1789531204394021989 width=900 height=445 readback_pixels=801000 conversion_rays=115200 generated_points=9555 bytes=305760 half_angle_deg=45.000
Publish local map size: 9555
[INFO] [1789531204.496747605] [perfect_tracking]: [SENSOR_ACQUISITION_FRAME] frame=37 cycle=0 full=1 stamp_ns=1789531204493821968 width=900 height=445 readback_pixels=801000 conversion_rays=115200 generated_points=9555 bytes=305760 half_angle_deg=45.000
Publish local map size: 9555
[INFO] [1789531204.597863653] [perfect_tracking]: [SENSOR_ACQUISITION_FRAME] frame=38 cycle=0 full=1 stamp_ns=1789531204593817598 width=900 height=445 readback_pixels=801000 conversion_rays=115200 generated_points=9568 bytes=306176 half_angle_deg=45.000
Publish local map size: 9568
[INFO] [1789531204.699126638] [perfect_tracking]: [SENSOR_ACQUISITION_FRAME] frame=39 cycle=0 full=1 stamp_ns=1789531204693881206 width=900 height=445 readback_pixels=801000 conversion_rays=115200 generated_points=9597 bytes=307104 half_angle_deg=45.000
Publish local map size: 9597
[INFO] [1789531204.799210824] [perfect_tracking]: [SENSOR_ACQUISITION_FRAME] frame=40 cycle=0 full=1 stamp_ns=1789531204793844050 width=900 height=445 readback_pixels=801000 conversion_rays=115200 generated_points=9555 bytes=305760 half_angle_deg=45.000
Publish local map size: 9555
[33m -- [Fsm] Wait for goal.[0m
[32m -- [Fsm 4.023] Current state: INIT[0m
[INFO] [1789531204.899240317] [perfect_tracking]: [SENSOR_ACQUISITION_FRAME] frame=41 cycle=0 full=1 stamp_ns=1789531204893843772 width=900 height=445 readback_pixels=801000 conversion_rays=115200 generated_points=9549 bytes=305568 half_angle_deg=45.000
Publish local map size: 9549
[INFO] [1789531204.999277517] [perfect_tracking]: [SENSOR_ACQUISITION_FRAME] frame=42 cycle=0 full=1 stamp_ns=1789531204993988854 width=900 height=445 readback_pixels=801000 conversion_rays=115200 generated_points=9601 bytes=307232 half_angle_deg=45.000
Publish local map size: 9601
 -- [MARSIM] Running FPS: 222.000
[INFO] [1789531205.098903008] [perfect_tracking]: [SENSOR_ACQUISITION_FRAME] frame=43 cycle=0 full=1 stamp_ns=1789531205094000737 width=900 height=445 readback_pixels=801000 conversion_rays=115200 generated_points=9559 bytes=305888 half_angle_deg=45.000
Publish local map size: 9559
[INFO] [1789531205.198763600] [perfect_tracking]: [SENSOR_ACQUISITION_FRAME] frame=44 cycle=0 full=1 stamp_ns=1789531205193854099 width=900 height=445 readback_pixels=801000 conversion_rays=115200 generated_points=9563 bytes=306016 half_angle_deg=45.000
Publish local map size: 9563
[INFO] [1789531205.299719151] [perfect_tracking]: [SENSOR_ACQUISITION_FRAME] frame=45 cycle=0 full=1 stamp_ns=1789531205293815904 width=900 height=445 readback_pixels=801000 conversion_rays=115200 generated_points=9598 bytes=307136 half_angle_deg=45.000
Publish local map size: 9598
[INFO] [1789531205.399393099] [perfect_tracking]: [SENSOR_ACQUISITION_FRAME] frame=46 cycle=0 full=1 stamp_ns=1789531205393902615 width=900 height=445 readback_pixels=801000 conversion_rays=115200 generated_points=9611 bytes=307552 half_angle_deg=45.000
Publish local map size: 9611
[INFO] [1789531205.498884441] [perfect_tracking]: [SENSOR_ACQUISITION_FRAME] frame=47 cycle=0 full=1 stamp_ns=1789531205493971960 width=900 height=445 readback_pixels=801000 conversion_rays=115200 generated_points=9563 bytes=306016 half_angle_deg=45.000
Publish local map size: 9563
[INFO] [1789531205.598216107] [perfect_tracking]: [SENSOR_ACQUISITION_FRAME] frame=48 cycle=0 full=1 stamp_ns=1789531205593932564 width=900 height=445 readback_pixels=801000 conversion_rays=115200 generated_points=9601 bytes=307232 half_angle_deg=45.000
Publish local map size: 9601
[INFO] [1789531205.699233872] [perfect_tracking]: [SENSOR_ACQUISITION_FRAME] frame=49 cycle=0 full=1 stamp_ns=1789531205693943351 width=900 height=445 readback_pixels=801000 conversion_rays=115200 generated_points=9611 bytes=307552 half_angle_deg=45.000
Publish local map size: 9611
[INFO] [1789531205.799646079] [perfect_tracking]: [SENSOR_ACQUISITION_FRAME] frame=50 cycle=0 full=1 stamp_ns=1789531205793844727 width=900 height=445 readback_pixels=801000 conversion_rays=115200 generated_points=9580 bytes=306560 half_angle_deg=45.000
Publish local map size: 9580
[INFO] [1789531205.799848205] [perfect_tracking]: [STATIC_PC_LATCHED_SUMMARY] enabled=1 publications=1 points=241490 bytes=7727680 stamp_ns=1789531200800088757 timers_created=0 poll_callbacks=0
[INFO] [1789531205.799870675] [perfect_tracking]: [SENSOR_CADENCE_SUMMARY] frames=50 span_s=4.898562 hz=10.002935 raw_published=0 direct_handoffs=50 payload_bytes=15332032 side_entry_v1_enabled=0 side_entry_v1_spawned=0 side_entry_v1_injected_frames=0
[INFO] [1789531205.799893129] [perfect_tracking]: [SENSOR_BURST_DROPOUT_SUMMARY] enabled=0 warmup_s=1.000000 period_s=2.000000 duration_s=0.500000 phase_s=0.000000 phase_env_override=0 rendered=50 delivered=50 dropped=0 bursts=0 max_consecutive_dropped=0 max_delivered_gap_s=0.102424 dropped_payload_bytes=0
[33m -- [Fsm] Wait for goal.[0m
[32m -- [Fsm 5.033] Current state: INIT[0m
[INFO] [1789531205.900138554] [perfect_tracking]: [SENSOR_ACQUISITION_FRAME] frame=51 cycle=0 full=1 stamp_ns=1789531205893969035 width=900 height=445 readback_pixels=801000 conversion_rays=115200 generated_points=9590 bytes=306880 half_angle_deg=45.000
Publish local map size: 9590
[INFO] [1789531205.998625653] [perfect_tracking]: [SENSOR_ACQUISITION_FRAME] frame=52 cycle=0 full=1 stamp_ns=1789531205993842864 width=900 height=445 readback_pixels=801000 conversion_rays=115200 generated_points=9590 bytes=306880 half_angle_deg=45.000
Publish local map size: 9590
[INFO] [1789531206.098869745] [perfect_tracking]: [SENSOR_ACQUISITION_FRAME] frame=53 cycle=0 full=1 stamp_ns=1789531206093959031 width=900 height=445 readback_pixels=801000 conversion_rays=115200 generated_points=9562 bytes=305984 half_angle_deg=45.000
Publish local map size: 9562
[INFO] [1789531206.197392639] [perfect_tracking]: [SENSOR_ACQUISITION_FRAME] frame=54 cycle=0 full=1 stamp_ns=1789531206193933411 width=900 height=445 readback_pixels=801000 conversion_rays=115200 generated_points=9555 bytes=305760 half_angle_deg=45.000
Publish local map size: 9555
[INFO] [1789531206.299522686] [perfect_tracking]: [SENSOR_ACQUISITION_FRAME] frame=55 cycle=0 full=1 stamp_ns=1789531206293916639 width=900 height=445 readback_pixels=801000 conversion_rays=115200 generated_points=9555 bytes=305760 half_angle_deg=45.000
Publish local map size: 9555
[INFO] [1789531206.399064641] [perfect_tracking]: [SENSOR_ACQUISITION_FRAME] frame=56 cycle=0 full=1 stamp_ns=1789531206393810307 width=900 height=445 readback_pixels=801000 conversion_rays=115200 generated_points=9568 bytes=306176 half_angle_deg=45.000
Publish local map size: 9568
[INFO] [1789531206.500056170] [perfect_tracking]: [SENSOR_ACQUISITION_FRAME] frame=57 cycle=0 full=1 stamp_ns=1789531206493947895 width=900 height=445 readback_pixels=801000 conversion_rays=115200 generated_points=9580 bytes=306560 half_angle_deg=45.000
Publish local map size: 9580
[INFO] [1789531206.597946887] [perfect_tracking]: [SENSOR_ACQUISITION_FRAME] frame=58 cycle=0 full=1 stamp_ns=1789531206594022653 width=900 height=445 readback_pixels=801000 conversion_rays=115200 generated_points=9580 bytes=306560 half_angle_deg=45.000
Publish local map size: 9580
[INFO] [1789531206.698100623] [perfect_tracking]: [SENSOR_ACQUISITION_FRAME] frame=59 cycle=0 full=1 stamp_ns=1789531206693935685 width=900 height=445 readback_pixels=801000 conversion_rays=115200 generated_points=9573 bytes=306336 half_angle_deg=45.000
Publish local map size: 9573
[INFO] [1789531206.798515893] [perfect_tracking]: [SENSOR_ACQUISITION_FRAME] frame=60 cycle=0 full=1 stamp_ns=1789531206793850534 width=900 height=445 readback_pixels=801000 conversion_rays=115200 generated_points=9614 bytes=307648 half_angle_deg=45.000
Publish local map size: 9614
[33m -- [Fsm] Wait for goal.[0m
[32m -- [Fsm 6.034] Current state: INIT[0m
[INFO] [1789531206.899686016] [perfect_tracking]: [SENSOR_ACQUISITION_FRAME] frame=61 cycle=0 full=1 stamp_ns=1789531206893982270 width=900 height=445 readback_pixels=801000 conversion_rays=115200 generated_points=9574 bytes=306368 half_angle_deg=45.000
Publish local map size: 9574
[INFO] [1789531206.999700598] [perfect_tracking]: [SENSOR_ACQUISITION_FRAME] frame=62 cycle=0 full=1 stamp_ns=1789531206993979929 width=900 height=445 readback_pixels=801000 conversion_rays=115200 generated_points=9617 bytes=307744 half_angle_deg=45.000
Publish local map size: 9617
 -- [MARSIM] Running FPS: 198.968
[INFO] [1789531207.098990907] [perfect_tracking]: [SENSOR_ACQUISITION_FRAME] frame=63 cycle=0 full=1 stamp_ns=1789531207093871687 width=900 height=445 readback_pixels=801000 conversion_rays=115200 generated_points=9617 bytes=307744 half_angle_deg=45.000
Publish local map size: 9617
[INFO] [1789531207.198975404] [perfect_tracking]: [SENSOR_ACQUISITION_FRAME] frame=64 cycle=0 full=1 stamp_ns=1789531207194031998 width=900 height=445 readback_pixels=801000 conversion_rays=115200 generated_points=9601 bytes=307232 half_angle_deg=45.000
Publish local map size: 9601
[INFO] [1789531207.299030029] [perfect_tracking]: [SENSOR_ACQUISITION_FRAME] frame=65 cycle=0 full=1 stamp_ns=1789531207293849459 width=900 height=445 readback_pixels=801000 conversion_rays=115200 generated_points=9622 bytes=307904 half_angle_deg=45.000
Publish local map size: 9622
[INFO] [1789531207.399435900] [perfect_tracking]: [SENSOR_ACQUISITION_FRAME] frame=66 cycle=0 full=1 stamp_ns=1789531207393922946 width=900 height=445 readback_pixels=801000 conversion_rays=115200 generated_points=9602 bytes=307264 half_angle_deg=45.000
Publish local map size: 9602
[INFO] [1789531207.497891041] [perfect_tracking]: [SENSOR_ACQUISITION_FRAME] frame=67 cycle=0 full=1 stamp_ns=1789531207493856906 width=900 height=445 readback_pixels=801000 conversion_rays=115200 generated_points=9549 bytes=305568 half_angle_deg=45.000
Publish local map size: 9549
[INFO] [1789531207.598728973] [perfect_tracking]: [SENSOR_ACQUISITION_FRAME] frame=68 cycle=0 full=1 stamp_ns=1789531207593921642 width=900 height=445 readback_pixels=801000 conversion_rays=115200 generated_points=9601 bytes=307232 half_angle_deg=45.000
Publish local map size: 9601
[INFO] [1789531207.699428948] [perfect_tracking]: [SENSOR_ACQUISITION_FRAME] frame=69 cycle=0 full=1 stamp_ns=1789531207693981393 width=900 height=445 readback_pixels=801000 conversion_rays=115200 generated_points=9580 bytes=306560 half_angle_deg=45.000
Publish local map size: 9580
[INFO] [1789531207.799494041] [perfect_tracking]: [SENSOR_ACQUISITION_FRAME] frame=70 cycle=0 full=1 stamp_ns=1789531207793875921 width=900 height=445 readback_pixels=801000 conversion_rays=115200 generated_points=9594 bytes=307008 half_angle_deg=45.000
Publish local map size: 9594
[33m -- [Fsm] Wait for goal.[0m
[32m -- [Fsm 7.034] Current state: INIT[0m
[INFO] [1789531207.898426935] [perfect_tracking]: [SENSOR_ACQUISITION_FRAME] frame=71 cycle=0 full=1 stamp_ns=1789531207893868938 width=900 height=445 readback_pixels=801000 conversion_rays=115200 generated_points=9559 bytes=305888 half_angle_deg=45.000
Publish local map size: 9559
[INFO] [1789531207.999288090] [perfect_tracking]: [SENSOR_ACQUISITION_FRAME] frame=72 cycle=0 full=1 stamp_ns=1789531207993903008 width=900 height=445 readback_pixels=801000 conversion_rays=115200 generated_points=9573 bytes=306336 half_angle_deg=45.000
Publish local map size: 9573
[INFO] [1789531208.099290357] [perfect_tracking]: [SENSOR_ACQUISITION_FRAME] frame=73 cycle=0 full=1 stamp_ns=1789531208093910754 width=900 height=445 readback_pixels=801000 conversion_rays=115200 generated_points=9560 bytes=305920 half_angle_deg=45.000
Publish local map size: 9560
[INFO] [1789531208.199432250] [perfect_tracking]: [SENSOR_ACQUISITION_FRAME] frame=74 cycle=0 full=1 stamp_ns=1789531208193917683 width=900 height=445 readback_pixels=801000 conversion_rays=115200 generated_points=9580 bytes=306560 half_angle_deg=45.000
Publish local map size: 9580
[INFO] [1789531208.298520035] [perfect_tracking]: [SENSOR_ACQUISITION_FRAME] frame=75 cycle=0 full=1 stamp_ns=1789531208293854543 width=900 height=445 readback_pixels=801000 conversion_rays=115200 generated_points=9602 bytes=307264 half_angle_deg=45.000
Publish local map size: 9602
[INFO] [1789531208.399301002] [perfect_tracking]: [SENSOR_ACQUISITION_FRAME] frame=76 cycle=0 full=1 stamp_ns=1789531208393864708 width=900 height=445 readback_pixels=801000 conversion_rays=115200 generated_points=9555 bytes=305760 half_angle_deg=45.000
Publish local map size: 9555
[INFO] [1789531208.499292055] [perfect_tracking]: [SENSOR_ACQUISITION_FRAME] frame=77 cycle=0 full=1 stamp_ns=1789531208493971537 width=900 height=445 readback_pixels=801000 conversion_rays=115200 generated_points=9611 bytes=307552 half_angle_deg=45.000
Publish local map size: 9611
[INFO] [1789531208.597011033] [perfect_tracking]: [SENSOR_ACQUISITION_FRAME] frame=78 cycle=0 full=1 stamp_ns=1789531208593814553 width=900 height=445 readback_pixels=801000 conversion_rays=115200 generated_points=9598 bytes=307136 half_angle_deg=45.000
Publish local map size: 9598
[INFO] [1789531208.697750724] [perfect_tracking]: [SENSOR_ACQUISITION_FRAME] frame=79 cycle=0 full=1 stamp_ns=1789531208693900772 width=900 height=445 readback_pixels=801000 conversion_rays=115200 generated_points=9555 bytes=305760 half_angle_deg=45.000
Publish local map size: 9555
[INFO] [1789531208.797927167] [perfect_tracking]: [SENSOR_ACQUISITION_FRAME] frame=80 cycle=0 full=1 stamp_ns=1789531208793949189 width=900 height=445 readback_pixels=801000 conversion_rays=115200 generated_points=9599 bytes=307168 half_angle_deg=45.000
Publish local map size: 9599
[33m -- [Fsm] Wait for goal.[0m
[32m -- [Fsm 8.034] Current state: INIT[0m
[INFO] [1789531208.899151457] [perfect_tracking]: [SENSOR_ACQUISITION_FRAME] frame=81 cycle=0 full=1 stamp_ns=1789531208893866281 width=900 height=445 readback_pixels=801000 conversion_rays=115200 generated_points=9580 bytes=306560 half_angle_deg=45.000
Publish local map size: 9580
[INFO] [1789531208.998375222] [perfect_tracking]: [SENSOR_ACQUISITION_FRAME] frame=82 cycle=0 full=1 stamp_ns=1789531208993820203 width=900 height=445 readback_pixels=801000 conversion_rays=115200 generated_points=9555 bytes=305760 half_angle_deg=45.000
Publish local map size: 9555
[INFO] [1789531209.099833973] [perfect_tracking]: [SENSOR_ACQUISITION_FRAME] frame=83 cycle=0 full=1 stamp_ns=1789531209093883887 width=900 height=445 readback_pixels=801000 conversion_rays=115200 generated_points=9563 bytes=306016 half_angle_deg=45.000
Publish local map size: 9563
 -- [MARSIM] Running FPS: 204.023
[INFO] [1789531209.199892722] [perfect_tracking]: [SENSOR_ACQUISITION_FRAME] frame=84 cycle=0 full=1 stamp_ns=1789531209193856321 width=900 height=445 readback_pixels=801000 conversion_rays=115200 generated_points=9611 bytes=307552 half_angle_deg=45.000
Publish local map size: 9611
[INFO] [1789531209.298432997] [perfect_tracking]: [SENSOR_ACQUISITION_FRAME] frame=85 cycle=0 full=1 stamp_ns=1789531209293905233 width=900 height=445 readback_pixels=801000 conversion_rays=115200 generated_points=9559 bytes=305888 half_angle_deg=45.000
Publish local map size: 9559
[INFO] [1789531209.399009601] [perfect_tracking]: [SENSOR_ACQUISITION_FRAME] frame=86 cycle=0 full=1 stamp_ns=1789531209393941693 width=900 height=445 readback_pixels=801000 conversion_rays=115200 generated_points=9568 bytes=306176 half_angle_deg=45.000
Publish local map size: 9568
[INFO] [1789531209.498691995] [perfect_tracking]: [SENSOR_ACQUISITION_FRAME] frame=87 cycle=0 full=1 stamp_ns=1789531209493974109 width=900 height=445 readback_pixels=801000 conversion_rays=115200 generated_points=9597 bytes=307104 half_angle_deg=45.000
Publish local map size: 9597
[INFO] [1789531209.598756973] [perfect_tracking]: [SENSOR_ACQUISITION_FRAME] frame=88 cycle=0 full=1 stamp_ns=1789531209593871009 width=900 height=445 readback_pixels=801000 conversion_rays=115200 generated_points=9573 bytes=306336 half_angle_deg=45.000
Publish local map size: 9573
[INFO] [1789531209.699980318] [perfect_tracking]: [SENSOR_ACQUISITION_FRAME] frame=89 cycle=0 full=1 stamp_ns=1789531209693849416 width=900 height=445 readback_pixels=801000 conversion_rays=115200 generated_points=9568 bytes=306176 half_angle_deg=45.000
Publish local map size: 9568
[INFO] [1789531209.799273831] [perfect_tracking]: [SENSOR_ACQUISITION_FRAME] frame=90 cycle=0 full=1 stamp_ns=1789531209793883676 width=900 height=445 readback_pixels=801000 conversion_rays=115200 generated_points=9622 bytes=307904 half_angle_deg=45.000
Publish local map size: 9622
[33m -- [Fsm] Wait for goal.[0m
[32m -- [Fsm 9.044] Current state: INIT[0m
[INFO] [1789531209.899090974] [perfect_tracking]: [SENSOR_ACQUISITION_FRAME] frame=91 cycle=0 full=1 stamp_ns=1789531209893927875 width=900 height=445 readback_pixels=801000 conversion_rays=115200 generated_points=9599 bytes=307168 half_angle_deg=45.000
Publish local map size: 9599
[INFO] [1789531209.998382116] [perfect_tracking]: [SENSOR_ACQUISITION_FRAME] frame=92 cycle=0 full=1 stamp_ns=1789531209993858398 width=900 height=445 readback_pixels=801000 conversion_rays=115200 generated_points=9586 bytes=306752 half_angle_deg=45.000
Publish local map size: 9586
[INFO] [1789531210.099724566] [perfect_tracking]: [SENSOR_ACQUISITION_FRAME] frame=93 cycle=0 full=1 stamp_ns=1789531210093881563 width=900 height=445 readback_pixels=801000 conversion_rays=115200 generated_points=9555 bytes=305760 half_angle_deg=45.000
Publish local map size: 9555
[INFO] [1789531210.198538081] [perfect_tracking]: [SENSOR_ACQUISITION_FRAME] frame=94 cycle=0 full=1 stamp_ns=1789531210193963322 width=900 height=445 readback_pixels=801000 conversion_rays=115200 generated_points=9562 bytes=305984 half_angle_deg=45.000
Publish local map size: 9562
[INFO] [1789531210.298983959] [perfect_tracking]: [SENSOR_ACQUISITION_FRAME] frame=95 cycle=0 full=1 stamp_ns=1789531210293998995 width=900 height=445 readback_pixels=801000 conversion_rays=115200 generated_points=9601 bytes=307232 half_angle_deg=45.000
Publish local map size: 9601
[INFO] [1789531210.399548566] [perfect_tracking]: [SENSOR_ACQUISITION_FRAME] frame=96 cycle=0 full=1 stamp_ns=1789531210393904379 width=900 height=445 readback_pixels=801000 conversion_rays=115200 generated_points=9597 bytes=307104 half_angle_deg=45.000
Publish local map size: 9597
[INFO] [1789531210.499591595] [perfect_tracking]: [SENSOR_ACQUISITION_FRAME] frame=97 cycle=0 full=1 stamp_ns=1789531210493846944 width=900 height=445 readback_pixels=801000 conversion_rays=115200 generated_points=9574 bytes=306368 half_angle_deg=45.000
Publish local map size: 9574
[INFO] [1789531210.598828644] [perfect_tracking]: [SENSOR_ACQUISITION_FRAME] frame=98 cycle=0 full=1 stamp_ns=1789531210593941960 width=900 height=445 readback_pixels=801000 conversion_rays=115200 generated_points=9580 bytes=306560 half_angle_deg=45.000
Publish local map size: 9580
[INFO] [1789531210.699193017] [perfect_tracking]: [SENSOR_ACQUISITION_FRAME] frame=99 cycle=0 full=1 stamp_ns=1789531210693836895 width=900 height=445 readback_pixels=801000 conversion_rays=115200 generated_points=9580 bytes=306560 half_angle_deg=45.000
Publish local map size: 9580
[INFO] [1789531210.799149460] [perfect_tracking]: [SENSOR_ACQUISITION_FRAME] frame=100 cycle=0 full=1 stamp_ns=1789531210793848167 width=900 height=445 readback_pixels=801000 conversion_rays=115200 generated_points=9574 bytes=306368 half_angle_deg=45.000
Publish local map size: 9574
[INFO] [1789531210.799343481] [perfect_tracking]: [STATIC_PC_LATCHED_SUMMARY] enabled=1 publications=1 points=241490 bytes=7727680 stamp_ns=1789531200800088757 timers_created=0 poll_callbacks=0
[INFO] [1789531210.799362363] [perfect_tracking]: [SENSOR_CADENCE_SUMMARY] frames=100 span_s=9.898066 hz=10.001953 raw_published=0 direct_handoffs=100 payload_bytes=30663872 side_entry_v1_enabled=0 side_entry_v1_spawned=0 side_entry_v1_injected_frames=0
[INFO] [1789531210.799382330] [perfect_tracking]: [SENSOR_BURST_DROPOUT_SUMMARY] enabled=0 warmup_s=1.000000 period_s=2.000000 duration_s=0.500000 phase_s=0.000000 phase_env_override=0 rendered=100 delivered=100 dropped=0 bursts=0 max_consecutive_dropped=0 max_delivered_gap_s=0.102424 dropped_payload_bytes=0
[33m -- [Fsm] Wait for goal.[0m
[32m -- [Fsm 10.044] Current state: INIT[0m
[INFO] [1789531210.900956009] [perfect_tracking]: [SENSOR_ACQUISITION_FRAME] frame=101 cycle=0 full=1 stamp_ns=1789531210893994225 width=900 height=445 readback_pixels=801000 conversion_rays=115200 generated_points=9580 bytes=306560 half_angle_deg=45.000
Publish local map size: 9580
[INFO] [1789531210.998255484] [perfect_tracking]: [SENSOR_ACQUISITION_FRAME] frame=102 cycle=0 full=1 stamp_ns=1789531210993862980 width=900 height=445 readback_pixels=801000 conversion_rays=115200 generated_points=9562 bytes=305984 half_angle_deg=45.000
Publish local map size: 9562
[INFO] [1789531211.099770039] [perfect_tracking]: [SENSOR_ACQUISITION_FRAME] frame=103 cycle=0 full=1 stamp_ns=1789531211093944219 width=900 height=445 readback_pixels=801000 conversion_rays=115200 generated_points=9586 bytes=306752 half_angle_deg=45.000
Publish local map size: 9586
 -- [MARSIM] Running FPS: 192.926
[INFO] [1789531211.199328227] [perfect_tracking]: [SENSOR_ACQUISITION_FRAME] frame=104 cycle=0 full=1 stamp_ns=1789531211193960140 width=900 height=445 readback_pixels=801000 conversion_rays=115200 generated_points=9599 bytes=307168 half_angle_deg=45.000
Publish local map size: 9599
[INFO] [1789531211.299100012] [perfect_tracking]: [SENSOR_ACQUISITION_FRAME] frame=105 cycle=0 full=1 stamp_ns=1789531211293845836 width=900 height=445 readback_pixels=801000 conversion_rays=115200 generated_points=9622 bytes=307904 half_angle_deg=45.000
Publish local map size: 9622
[INFO] [1789531211.398230666] [perfect_tracking]: [SENSOR_ACQUISITION_FRAME] frame=106 cycle=0 full=1 stamp_ns=1789531211393963681 width=900 height=445 readback_pixels=801000 conversion_rays=115200 generated_points=9555 bytes=305760 half_angle_deg=45.000
Publish local map size: 9555
[INFO] [1789531211.499274006] [perfect_tracking]: [SENSOR_ACQUISITION_FRAME] frame=107 cycle=0 full=1 stamp_ns=1789531211493923656 width=900 height=445 readback_pixels=801000 conversion_rays=115200 generated_points=9561 bytes=305952 half_angle_deg=45.000
Publish local map size: 9561
[INFO] [1789531211.599492589] [perfect_tracking]: [SENSOR_ACQUISITION_FRAME] frame=108 cycle=0 full=1 stamp_ns=1789531211593843664 width=900 height=445 readback_pixels=801000 conversion_rays=115200 generated_points=9580 bytes=306560 half_angle_deg=45.000
Publish local map size: 9580
[INFO] [1789531211.699552086] [perfect_tracking]: [SENSOR_ACQUISITION_FRAME] frame=109 cycle=0 full=1 stamp_ns=1789531211693853516 width=900 height=445 readback_pixels=801000 conversion_rays=115200 generated_points=9568 bytes=306176 half_angle_deg=45.000
Publish local map size: 9568
[INFO] [1789531211.799068586] [perfect_tracking]: [SENSOR_ACQUISITION_FRAME] frame=110 cycle=0 full=1 stamp_ns=1789531211793848689 width=900 height=445 readback_pixels=801000 conversion_rays=115200 generated_points=9580 bytes=306560 half_angle_deg=45.000
Publish local map size: 9580
[INFO] [1789531211.815325628] [rclcpp]: signal_handler(signum=2)
[INFO] [1789531211.816005310] [perfect_tracking]: [STATIC_PC_LATCHED_SUMMARY] enabled=1 publications=1 points=241490 bytes=7727680 stamp_ns=1789531200800088757 timers_created=0 poll_callbacks=0
[INFO] [1789531211.816023119] [perfect_tracking]: [SENSOR_CADENCE_SUMMARY] frames=110 span_s=10.897985 hz=10.001849 raw_published=0 direct_handoffs=110 payload_bytes=33729248 side_entry_v1_enabled=0 side_entry_v1_spawned=0 side_entry_v1_injected_frames=0
[INFO] [1789531211.816033540] [perfect_tracking]: [SENSOR_BURST_DROPOUT_SUMMARY] enabled=0 warmup_s=1.000000 period_s=2.000000 duration_s=0.500000 phase_s=0.000000 phase_env_override=0 rendered=110 delivered=110 dropped=0 bursts=0 max_consecutive_dropped=0 max_delivered_gap_s=0.102424 dropped_payload_bytes=0
Retained replan num: 0, total recorded: 0, dropped: 0, retained length: 0, average retained computation time: 0 ms
[31mError: Could not open file for writing.
[0m