[WARN] [1791274769.259113877] [waypoint_mission]:  -- [MissionPlanner] Load config by file name: /root/super_ws/src/SUPER/mission_planner/config/waypoint.yaml
[WARN] [1791274769.259179325] [waypoint_mission]:  -- [MissionPlanner] Load data by file name: /root/super_ws/src/SUPER/mission_planner/data/forest_wide_zigzag_v2.txt
Load config file: /root/super_ws/src/SUPER/mission_planner/config/waypoint.yaml
[0;32m Load param start_trigger_type success: [0;0m2
[0;32m Load param start_program_delay success: [0;0m3
[0;32m Load param cmd_type success: [0;0m1
[0;32m Load param switch_dis success: [0;0m3
[0;32m Load param odom_timeout success: [0;0m0.1
[0;32m Load param publish_dt success: [0;0m1
[0;32m Load param goal_pub_topic success: [0;0m/planning/click_goal
[0;32m Load param odom_topic success: [0;0m/lidar_slam/odom
[32m -- [MISSION] Load 5 waypoints.[0m
[34m -- [MISSION] Waypoint 0 at (-24, 22, 1.5) Switch dis = 1.5[0m
[34m -- [MISSION] Waypoint 1 at (24, 22, 1.5) Switch dis = 1.5[0m
[34m -- [MISSION] Waypoint 2 at (-24, -22, 1.5) Switch dis = 1.5[0m
[34m -- [MISSION] Waypoint 3 at (24, -22, 1.5) Switch dis = 1.5[0m
[34m -- [MISSION] Waypoint 4 at (0, 0, 1.5) Switch dis = 1.5[0m
[INFO] [1791274769.263266720] [waypoint_mission]: [MISSION_GOAL_IDENTITY_SETTINGS] enabled=1 executor=single callbacks_serialized=1 timers_qos_unchanged=1
Cur t = 1.79127e+09 start t = 1.79127e+09
Cur t = 1.79127e+09 start t = 1.79127e+09
Cur t = 1.79127e+09 start t = 1.79127e+09
Cur t = 1.79127e+09 start t = 1.79127e+09
Cur t = 1.79127e+09 start t = 1.79127e+09
Cur t = 1.79127e+09 start t = 1.79127e+09
Cur t = 1.79127e+09 start t = 1.79127e+09
Cur t = 1.79127e+09 start t = 1.79127e+09
Cur t = 1.79127e+09 start t = 1.79127e+09
Cur t = 1.79127e+09 start t = 1.79127e+09
Cur t = 1.79127e+09 start t = 1.79127e+09
Cur t = 1.79127e+09 start t = 1.79127e+09
Cur t = 1.79127e+09 start t = 1.79127e+09
Cur t = 1.79127e+09 start t = 1.79127e+09
Cur t = 1.79127e+09 start t = 1.79127e+09
Cur t = 1.79127e+09 start t = 1.79127e+09
Cur t = 1.79127e+09 start t = 1.79127e+09
Cur t = 1.79127e+09 start t = 1.79127e+09
Cur t = 1.79127e+09 start t = 1.79127e+09
Cur t = 1.79127e+09 start t = 1.79127e+09
Cur t = 1.79127e+09 start t = 1.79127e+09
Cur t = 1.79127e+09 start t = 1.79127e+09
Cur t = 1.79127e+09 start t = 1.79127e+09
Cur t = 1.79127e+09 start t = 1.79127e+09
Cur t = 1.79127e+09 start t = 1.79127e+09
Cur t = 1.79127e+09 start t = 1.79127e+09
Cur t = 1.79127e+09 start t = 1.79127e+09
Cur t = 1.79127e+09 start t = 1.79127e+09
Cur t = 1.79127e+09 start t = 1.79127e+09
Cur t = 1.79127e+09 start t = 1.79127e+09
Cur t = 1.79127e+09 start t = 1.79127e+09
Cur t = 1.79127e+09 start t = 1.79127e+09
Cur t = 1.79127e+09 start t = 1.79127e+09
Cur t = 1.79127e+09 start t = 1.79127e+09
Cur t = 1.79127e+09 start t = 1.79127e+09
Cur t = 1.79127e+09 start t = 1.79127e+09
Cur t = 1.79127e+09 start t = 1.79127e+09
Cur t = 1.79127e+09 start t = 1.79127e+09
Cur t = 1.79127e+09 start t = 1.79127e+09
Cur t = 1.79127e+09 start t = 1.79127e+09
Cur t = 1.79127e+09 start t = 1.79127e+09
Cur t = 1.79127e+09 start t = 1.79127e+09
Cur t = 1.79127e+09 start t = 1.79127e+09
Cur t = 1.79127e+09 start t = 1.79127e+09
Cur t = 1.79127e+09 start t = 1.79127e+09
Cur t = 1.79127e+09 start t = 1.79127e+09
Cur t = 1.79127e+09 start t = 1.79127e+09
Cur t = 1.79127e+09 start t = 1.79127e+09
Cur t = 1.79127e+09 start t = 1.79127e+09
Cur t = 1.79127e+09 start t = 1.79127e+09
Cur t = 1.79127e+09 start t = 1.79127e+09
Cur t = 1.79127e+09 start t = 1.79127e+09
Cur t = 1.79127e+09 start t = 1.79127e+09
Cur t = 1.79127e+09 start t = 1.79127e+09
Cur t = 1.79127e+09 start t = 1.79127e+09
Cur t = 1.79127e+09 start t = 1.79127e+09
Cur t = 1.79127e+09 start t = 1.79127e+09
Cur t = 1.79127e+09 start t = 1.79127e+09
Cur t = 1.79127e+09 start t = 1.79127e+09
Cur t = 1.79127e+09 start t = 1.79127e+09
Cur t = 1.79127e+09 start t = 1.79127e+09
Cur t = 1.79127e+09 start t = 1.79127e+09
Cur t = 1.79127e+09 start t = 1.79127e+09
Cur t = 1.79127e+09 start t = 1.79127e+09
Cur t = 1.79127e+09 start t = 1.79127e+09
Cur t = 1.79127e+09 start t = 1.79127e+09
Cur t = 1.79127e+09 start t = 1.79127e+09
Cur t = 1.79127e+09 start t = 1.79127e+09
Cur t = 1.79127e+09 start t = 1.79127e+09
Cur t = 1.79127e+09 start t = 1.79127e+09
Cur t = 1.79127e+09 start t = 1.79127e+09
Cur t = 1.79127e+09 start t = 1.79127e+09
Cur t = 1.79127e+09 start t = 1.79127e+09
Cur t = 1.79127e+09 start t = 1.79127e+09
Cur t = 1.79127e+09 start t = 1.79127e+09
Cur t = 1.79127e+09 start t = 1.79127e+09
Cur t = 1.79127e+09 start t = 1.79127e+09
Cur t = 1.79127e+09 start t = 1.79127e+09
Cur t = 1.79127e+09 start t = 1.79127e+09
Cur t = 1.79127e+09 start t = 1.79127e+09
Cur t = 1.79127e+09 start t = 1.79127e+09
Cur t = 1.79127e+09 start t = 1.79127e+09
Cur t = 1.79127e+09 start t = 1.79127e+09
Cur t = 1.79127e+09 start t = 1.79127e+09
Cur t = 1.79127e+09 start t = 1.79127e+09
Cur t = 1.79127e+09 start t = 1.79127e+09
Cur t = 1.79127e+09 start t = 1.79127e+09
Cur t = 1.79127e+09 start t = 1.79127e+09
Cur t = 1.79127e+09 start t = 1.79127e+09
Cur t = 1.79127e+09 start t = 1.79127e+09
Cur t = 1.79127e+09 start t = 1.79127e+09
Cur t = 1.79127e+09 start t = 1.79127e+09
Cur t = 1.79127e+09 start t = 1.79127e+09
Cur t = 1.79127e+09 start t = 1.79127e+09
Cur t = 1.79127e+09 start t = 1.79127e+09
Cur t = 1.79127e+09 start t = 1.79127e+09
Cur t = 1.79127e+09 start t = 1.79127e+09
Cur t = 1.79127e+09 start t = 1.79127e+09
Cur t = 1.79127e+09 start t = 1.79127e+09
Cur t = 1.79127e+09 start t = 1.79127e+09
Cur t = 1.79127e+09 start t = 1.79127e+09
Cur t = 1.79127e+09 start t = 1.79127e+09
Cur t = 1.79127e+09 start t = 1.79127e+09
Cur t = 1.79127e+09 start t = 1.79127e+09
Cur t = 1.79127e+09 start t = 1.79127e+09
Cur t = 1.79127e+09 start t = 1.79127e+09
Cur t = 1.79127e+09 start t = 1.79127e+09
Cur t = 1.79127e+09 start t = 1.79127e+09
Cur t = 1.79127e+09 start t = 1.79127e+09
Cur t = 1.79127e+09 start t = 1.79127e+09
Cur t = 1.79127e+09 start t = 1.79127e+09
Cur t = 1.79127e+09 start t = 1.79127e+09
Cur t = 1.79127e+09 start t = 1.79127e+09
Cur t = 1.79127e+09 start t = 1.79127e+09
Cur t = 1.79127e+09 start t = 1.79127e+09
Cur t = 1.79127e+09 start t = 1.79127e+09
Cur t = 1.79127e+09 start t = 1.79127e+09
Cur t = 1.79127e+09 start t = 1.79127e+09
Cur t = 1.79127e+09 start t = 1.79127e+09
Cur t = 1.79127e+09 start t = 1.79127e+09
Cur t = 1.79127e+09 start t = 1.79127e+09
Cur t = 1.79127e+09 start t = 1.79127e+09
Cur t = 1.79127e+09 start t = 1.79127e+09
Cur t = 1.79127e+09 start t = 1.79127e+09
Cur t = 1.79127e+09 start t = 1.79127e+09
Cur t = 1.79127e+09 start t = 1.79127e+09
Cur t = 1.79127e+09 start t = 1.79127e+09
Cur t = 1.79127e+09 start t = 1.79127e+09
Cur t = 1.79127e+09 start t = 1.79127e+09
Cur t = 1.79127e+09 start t = 1.79127e+09
Cur t = 1.79127e+09 start t = 1.79127e+09
Cur t = 1.79127e+09 start t = 1.79127e+09
Cur t = 1.79127e+09 start t = 1.79127e+09
Cur t = 1.79127e+09 start t = 1.79127e+09
Cur t = 1.79127e+09 start t = 1.79127e+09
Cur t = 1.79127e+09 start t = 1.79127e+09
Cur t = 1.79127e+09 start t = 1.79127e+09
Cur t = 1.79127e+09 start t = 1.79127e+09
Cur t = 1.79127e+09 start t = 1.79127e+09
Cur t = 1.79127e+09 start t = 1.79127e+09
Cur t = 1.79127e+09 start t = 1.79127e+09
Cur t = 1.79127e+09 start t = 1.79127e+09
Cur t = 1.79127e+09 start t = 1.79127e+09
Cur t = 1.79127e+09 start t = 1.79127e+09
Cur t = 1.79127e+09 start t = 1.79127e+09
Cur t = 1.79127e+09 start t = 1.79127e+09
Cur t = 1.79127e+09 start t = 1.79127e+09
Cur t = 1.79127e+09 start t = 1.79127e+09
Cur t = 1.79127e+09 start t = 1.79127e+09
Cur t = 1.79127e+09 start t = 1.79127e+09
Cur t = 1.79127e+09 start t = 1.79127e+09
Cur t = 1.79127e+09 start t = 1.79127e+09
Cur t = 1.79127e+09 start t = 1.79127e+09
Cur t = 1.79127e+09 start t = 1.79127e+09
Cur t = 1.79127e+09 start t = 1.79127e+09
Cur t = 1.79127e+09 start t = 1.79127e+09
Cur t = 1.79127e+09 start t = 1.79127e+09
Cur t = 1.79127e+09 start t = 1.79127e+09
Cur t = 1.79127e+09 start t = 1.79127e+09
Cur t = 1.79127e+09 start t = 1.79127e+09
Cur t = 1.79127e+09 start t = 1.79127e+09
Cur t = 1.79127e+09 start t = 1.79127e+09
Cur t = 1.79127e+09 start t = 1.79127e+09
Cur t = 1.79127e+09 start t = 1.79127e+09
Cur t = 1.79127e+09 start t = 1.79127e+09
Cur t = 1.79127e+09 start t = 1.79127e+09
Cur t = 1.79127e+09 start t = 1.79127e+09
Cur t = 1.79127e+09 start t = 1.79127e+09
Cur t = 1.79127e+09 start t = 1.79127e+09
Cur t = 1.79127e+09 start t = 1.79127e+09
Cur t = 1.79127e+09 start t = 1.79127e+09
Cur t = 1.79127e+09 start t = 1.79127e+09
Cur t = 1.79127e+09 start t = 1.79127e+09
Cur t = 1.79127e+09 start t = 1.79127e+09
Cur t = 1.79127e+09 start t = 1.79127e+09
Cur t = 1.79127e+09 start t = 1.79127e+09
Cur t = 1.79127e+09 start t = 1.79127e+09
Cur t = 1.79127e+09 start t = 1.79127e+09
Cur t = 1.79127e+09 start t = 1.79127e+09
Cur t = 1.79127e+09 start t = 1.79127e+09
Cur t = 1.79127e+09 start t = 1.79127e+09
Cur t = 1.79127e+09 start t = 1.79127e+09
Cur t = 1.79127e+09 start t = 1.79127e+09
Cur t = 1.79127e+09 start t = 1.79127e+09
Cur t = 1.79127e+09 start t = 1.79127e+09
Cur t = 1.79127e+09 start t = 1.79127e+09
Cur t = 1.79127e+09 start t = 1.79127e+09
Cur t = 1.79127e+09 start t = 1.79127e+09
Cur t = 1.79127e+09 start t = 1.79127e+09
Cur t = 1.79127e+09 start t = 1.79127e+09
Cur t = 1.79127e+09 start t = 1.79127e+09
Cur t = 1.79127e+09 start t = 1.79127e+09
Cur t = 1.79127e+09 start t = 1.79127e+09
Cur t = 1.79127e+09 start t = 1.79127e+09
Cur t = 1.79127e+09 start t = 1.79127e+09
Cur t = 1.79127e+09 start t = 1.79127e+09
Cur t = 1.79127e+09 start t = 1.79127e+09
Cur t = 1.79127e+09 start t = 1.79127e+09
Cur t = 1.79127e+09 start t = 1.79127e+09
Cur t = 1.79127e+09 start t = 1.79127e+09
Cur t = 1.79127e+09 start t = 1.79127e+09
Cur t = 1.79127e+09 start t = 1.79127e+09
Cur t = 1.79127e+09 start t = 1.79127e+09
Cur t = 1.79127e+09 start t = 1.79127e+09
Cur t = 1.79127e+09 start t = 1.79127e+09
Cur t = 1.79127e+09 start t = 1.79127e+09
Cur t = 1.79127e+09 start t = 1.79127e+09
Cur t = 1.79127e+09 start t = 1.79127e+09
Cur t = 1.79127e+09 start t = 1.79127e+09
Cur t = 1.79127e+09 start t = 1.79127e+09
Cur t = 1.79127e+09 start t = 1.79127e+09
Cur t = 1.79127e+09 start t = 1.79127e+09
Cur t = 1.79127e+09 start t = 1.79127e+09
Cur t = 1.79127e+09 start t = 1.79127e+09
Cur t = 1.79127e+09 start t = 1.79127e+09
Cur t = 1.79127e+09 start t = 1.79127e+09
Cur t = 1.79127e+09 start t = 1.79127e+09
Cur t = 1.79127e+09 start t = 1.79127e+09
Cur t = 1.79127e+09 start t = 1.79127e+09
Cur t = 1.79127e+09 start t = 1.79127e+09
Cur t = 1.79127e+09 start t = 1.79127e+09
Cur t = 1.79127e+09 start t = 1.79127e+09
Cur t = 1.79127e+09 start t = 1.79127e+09
Cur t = 1.79127e+09 start t = 1.79127e+09
Cur t = 1.79127e+09 start t = 1.79127e+09
Cur t = 1.79127e+09 start t = 1.79127e+09
Cur t = 1.79127e+09 start t = 1.79127e+09
Cur t = 1.79127e+09 start t = 1.79127e+09
Cur t = 1.79127e+09 start t = 1.79127e+09
Cur t = 1.79127e+09 start t = 1.79127e+09
Cur t = 1.79127e+09 start t = 1.79127e+09
Cur t = 1.79127e+09 start t = 1.79127e+09
Cur t = 1.79127e+09 start t = 1.79127e+09
Cur t = 1.79127e+09 start t = 1.79127e+09
Cur t = 1.79127e+09 start t = 1.79127e+09
Cur t = 1.79127e+09 start t = 1.79127e+09
Cur t = 1.79127e+09 start t = 1.79127e+09
Cur t = 1.79127e+09 start t = 1.79127e+09
Cur t = 1.79127e+09 start t = 1.79127e+09
Cur t = 1.79127e+09 start t = 1.79127e+09
Cur t = 1.79127e+09 start t = 1.79127e+09
Cur t = 1.79127e+09 start t = 1.79127e+09
Cur t = 1.79127e+09 start t = 1.79127e+09
Cur t = 1.79127e+09 start t = 1.79127e+09
Cur t = 1.79127e+09 start t = 1.79127e+09
Cur t = 1.79127e+09 start t = 1.79127e+09
Cur t = 1.79127e+09 start t = 1.79127e+09
Cur t = 1.79127e+09 start t = 1.79127e+09
Cur t = 1.79127e+09 start t = 1.79127e+09
Cur t = 1.79127e+09 start t = 1.79127e+09
Cur t = 1.79127e+09 start t = 1.79127e+09
Cur t = 1.79127e+09 start t = 1.79127e+09
Cur t = 1.79127e+09 start t = 1.79127e+09
Cur t = 1.79127e+09 start t = 1.79127e+09
Cur t = 1.79127e+09 start t = 1.79127e+09
Cur t = 1.79127e+09 start t = 1.79127e+09
Cur t = 1.79127e+09 start t = 1.79127e+09
Cur t = 1.79127e+09 start t = 1.79127e+09
Cur t = 1.79127e+09 start t = 1.79127e+09
Cur t = 1.79127e+09 start t = 1.79127e+09
Cur t = 1.79127e+09 start t = 1.79127e+09
Cur t = 1.79127e+09 start t = 1.79127e+09
Cur t = 1.79127e+09 start t = 1.79127e+09
Cur t = 1.79127e+09 start t = 1.79127e+09
Cur t = 1.79127e+09 start t = 1.79127e+09
Cur t = 1.79127e+09 start t = 1.79127e+09
Cur t = 1.79127e+09 start t = 1.79127e+09
Cur t = 1.79127e+09 start t = 1.79127e+09
Cur t = 1.79127e+09 start t = 1.79127e+09
Cur t = 1.79127e+09 start t = 1.79127e+09
Cur t = 1.79127e+09 start t = 1.79127e+09
Cur t = 1.79127e+09 start t = 1.79127e+09
Cur t = 1.79127e+09 start t = 1.79127e+09
Cur t = 1.79127e+09 start t = 1.79127e+09
Cur t = 1.79127e+09 start t = 1.79127e+09
Cur t = 1.79127e+09 start t = 1.79127e+09
Cur t = 1.79127e+09 start t = 1.79127e+09
Cur t = 1.79127e+09 start t = 1.79127e+09
Cur t = 1.79127e+09 start t = 1.79127e+09
Cur t = 1.79127e+09 start t = 1.79127e+09
Cur t = 1.79127e+09 start t = 1.79127e+09
Cur t = 1.79127e+09 start t = 1.79127e+09
Cur t = 1.79127e+09 start t = 1.79127e+09
Cur t = 1.79127e+09 start t = 1.79127e+09
Cur t = 1.79127e+09 start t = 1.79127e+09
Cur t = 1.79127e+09 start t = 1.79127e+09
Cur t = 1.79127e+09 start t = 1.79127e+09
Cur t = 1.79127e+09 start t = 1.79127e+09
Cur t = 1.79127e+09 start t = 1.79127e+09
Cur t = 1.79127e+09 start t = 1.79127e+09
Cur t = 1.79127e+09 start t = 1.79127e+09
Cur t = 1.79127e+09 start t = 1.79127e+09
Cur t = 1.79127e+09 start t = 1.79127e+09
Cur t = 1.79127e+09 start t = 1.79127e+09
Cur t = 1.79127e+09 start t = 1.79127e+09
Cur t = 1.79127e+09 start t = 1.79127e+09
Cur t = 1.79127e+09 start t = 1.79127e+09
Cur t = 1.79127e+09 start t = 1.79127e+09
Cur t = 1.79127e+09 start t = 1.79127e+09
Cur t = 1.79127e+09 start t = 1.79127e+09
[33m -- [MISSION] System start delay passed.[0m
[INFO] [1791274772.270731785] [waypoint_mission]: [MISSION_GOAL_IDENTITY] stamp_ns=1791274772270726991 new_intent=1 new_identity=1 supported=1 waypoint=0
[33m -- [MISSION] Pub goal to -24  22 1.5[0m
[33m	 cur odom dis = 32.5576
[INFO] [1791274773.280586305] [waypoint_mission]: [MISSION_GOAL_IDENTITY] stamp_ns=1791274772270726991 new_intent=0 new_identity=0 supported=1 waypoint=0
[33m -- [MISSION] Pub goal to -24  22 1.5[0m
[33m	 cur odom dis = 30.0129
[INFO] [1791274774.290489371] [waypoint_mission]: [MISSION_GOAL_IDENTITY] stamp_ns=1791274772270726991 new_intent=0 new_identity=0 supported=1 waypoint=0
[33m -- [MISSION] Pub goal to -24  22 1.5[0m
[33m	 cur odom dis = 23.0097
[INFO] [1791274775.290519422] [waypoint_mission]: [MISSION_GOAL_IDENTITY] stamp_ns=1791274772270726991 new_intent=0 new_identity=0 supported=1 waypoint=0
[33m -- [MISSION] Pub goal to -24  22 1.5[0m
[33m	 cur odom dis = 16.3457
[INFO] [1791274776.300242534] [waypoint_mission]: [MISSION_GOAL_IDENTITY] stamp_ns=1791274772270726991 new_intent=0 new_identity=0 supported=1 waypoint=0
[33m -- [MISSION] Pub goal to -24  22 1.5[0m
[33m	 cur odom dis = 14.9417
[INFO] [1791274777.300277074] [waypoint_mission]: [MISSION_GOAL_IDENTITY] stamp_ns=1791274772270726991 new_intent=0 new_identity=0 supported=1 waypoint=0
[33m -- [MISSION] Pub goal to -24  22 1.5[0m
[33m	 cur odom dis = 9.09245
[INFO] [1791274778.310011920] [waypoint_mission]: [MISSION_GOAL_IDENTITY] stamp_ns=1791274772270726991 new_intent=0 new_identity=0 supported=1 waypoint=0
[33m -- [MISSION] Pub goal to -24  22 1.5[0m
[33m	 cur odom dis = 2.36047
[31m -- [MISSION] Close to goal {}, switch to next.[0m
[INFO] [1791274778.460133316] [waypoint_mission]: [MISSION_GOAL_IDENTITY] stamp_ns=1791274778460129644 new_intent=1 new_identity=1 supported=1 waypoint=1
[33m -- [MISSION] Pub goal to  24  22 1.5[0m
[33m	 cur odom dis = 46.5719
[INFO] [1791274779.469934309] [waypoint_mission]: [MISSION_GOAL_IDENTITY] stamp_ns=1791274778460129644 new_intent=0 new_identity=0 supported=1 waypoint=1
[33m -- [MISSION] Pub goal to  24  22 1.5[0m
[33m	 cur odom dis = 48.0493
[INFO] [1791274780.479890509] [waypoint_mission]: [MISSION_GOAL_IDENTITY] stamp_ns=1791274778460129644 new_intent=0 new_identity=0 supported=1 waypoint=1
[33m -- [MISSION] Pub goal to  24  22 1.5[0m
[33m	 cur odom dis = 42.5214
[INFO] [1791274781.489734563] [waypoint_mission]: [MISSION_GOAL_IDENTITY] stamp_ns=1791274778460129644 new_intent=0 new_identity=0 supported=1 waypoint=1
[33m -- [MISSION] Pub goal to  24  22 1.5[0m
[33m	 cur odom dis = 35.8201
[INFO] [1791274782.499648445] [waypoint_mission]: [MISSION_GOAL_IDENTITY] stamp_ns=1791274778460129644 new_intent=0 new_identity=0 supported=1 waypoint=1
[33m -- [MISSION] Pub goal to  24  22 1.5[0m
[33m	 cur odom dis = 29.6058
[INFO] [1791274783.509468847] [waypoint_mission]: [MISSION_GOAL_IDENTITY] stamp_ns=1791274778460129644 new_intent=0 new_identity=0 supported=1 waypoint=1
[33m -- [MISSION] Pub goal to  24  22 1.5[0m
[33m	 cur odom dis = 24.7405
[INFO] [1791274784.519416695] [waypoint_mission]: [MISSION_GOAL_IDENTITY] stamp_ns=1791274778460129644 new_intent=0 new_identity=0 supported=1 waypoint=1
[33m -- [MISSION] Pub goal to  24  22 1.5[0m
[33m	 cur odom dis = 20.0477
[INFO] [1791274785.529434987] [waypoint_mission]: [MISSION_GOAL_IDENTITY] stamp_ns=1791274778460129644 new_intent=0 new_identity=0 supported=1 waypoint=1
[33m -- [MISSION] Pub goal to  24  22 1.5[0m
[33m	 cur odom dis = 17.7532
[INFO] [1791274786.539300567] [waypoint_mission]: [MISSION_GOAL_IDENTITY] stamp_ns=1791274778460129644 new_intent=0 new_identity=0 supported=1 waypoint=1
[33m -- [MISSION] Pub goal to  24  22 1.5[0m
[33m	 cur odom dis = 17.7532
[INFO] [1791274787.549194284] [waypoint_mission]: [MISSION_GOAL_IDENTITY] stamp_ns=1791274778460129644 new_intent=0 new_identity=0 supported=1 waypoint=1
[33m -- [MISSION] Pub goal to  24  22 1.5[0m
[33m	 cur odom dis = 17.7532
[INFO] [1791274788.558993404] [waypoint_mission]: [MISSION_GOAL_IDENTITY] stamp_ns=1791274778460129644 new_intent=0 new_identity=0 supported=1 waypoint=1
[33m -- [MISSION] Pub goal to  24  22 1.5[0m
[33m	 cur odom dis = 17.7532
[INFO] [1791274789.559026784] [waypoint_mission]: [MISSION_GOAL_IDENTITY] stamp_ns=1791274778460129644 new_intent=0 new_identity=0 supported=1 waypoint=1
[33m -- [MISSION] Pub goal to  24  22 1.5[0m
[33m	 cur odom dis = 19.0194
[INFO] [1791274790.569090470] [waypoint_mission]: [MISSION_GOAL_IDENTITY] stamp_ns=1791274778460129644 new_intent=0 new_identity=0 supported=1 waypoint=1
[33m -- [MISSION] Pub goal to  24  22 1.5[0m
[33m	 cur odom dis = 13.6338
[INFO] [1791274791.578865276] [waypoint_mission]: [MISSION_GOAL_IDENTITY] stamp_ns=1791274778460129644 new_intent=0 new_identity=0 supported=1 waypoint=1
[33m -- [MISSION] Pub goal to  24  22 1.5[0m
[33m	 cur odom dis = 7.96342
[INFO] [1791274792.588630209] [waypoint_mission]: [MISSION_GOAL_IDENTITY] stamp_ns=1791274778460129644 new_intent=0 new_identity=0 supported=1 waypoint=1
[33m -- [MISSION] Pub goal to  24  22 1.5[0m
[33m	 cur odom dis = 1.50284
[31m -- [MISSION] Close to goal {}, switch to next.[0m
[INFO] [1791274792.598742485] [waypoint_mission]: [MISSION_GOAL_IDENTITY] stamp_ns=1791274792598741024 new_intent=1 new_identity=1 supported=1 waypoint=2
[33m -- [MISSION] Pub goal to -24 -22 1.5[0m
[33m	 cur odom dis = 64.7028
[INFO] [1791274793.608499054] [waypoint_mission]: [MISSION_GOAL_IDENTITY] stamp_ns=1791274792598741024 new_intent=0 new_identity=0 supported=1 waypoint=2
[33m -- [MISSION] Pub goal to -24 -22 1.5[0m
[33m	 cur odom dis = 65.2034
[INFO] [1791274794.618547763] [waypoint_mission]: [MISSION_GOAL_IDENTITY] stamp_ns=1791274792598741024 new_intent=0 new_identity=0 supported=1 waypoint=2
[33m -- [MISSION] Pub goal to -24 -22 1.5[0m
[33m	 cur odom dis = 60.6399
[INFO] [1791274795.628427284] [waypoint_mission]: [MISSION_GOAL_IDENTITY] stamp_ns=1791274792598741024 new_intent=0 new_identity=0 supported=1 waypoint=2
[33m -- [MISSION] Pub goal to -24 -22 1.5[0m
[33m	 cur odom dis = 54.0027
[INFO] [1791274796.638206696] [waypoint_mission]: [MISSION_GOAL_IDENTITY] stamp_ns=1791274792598741024 new_intent=0 new_identity=0 supported=1 waypoint=2
[33m -- [MISSION] Pub goal to -24 -22 1.5[0m
[33m	 cur odom dis = 47.3575
[INFO] [1791274797.648127336] [waypoint_mission]: [MISSION_GOAL_IDENTITY] stamp_ns=1791274792598741024 new_intent=0 new_identity=0 supported=1 waypoint=2
[33m -- [MISSION] Pub goal to -24 -22 1.5[0m
[33m	 cur odom dis = 40.7607
[INFO] [1791274798.658027382] [waypoint_mission]: [MISSION_GOAL_IDENTITY] stamp_ns=1791274792598741024 new_intent=0 new_identity=0 supported=1 waypoint=2
[33m -- [MISSION] Pub goal to -24 -22 1.5[0m
[33m	 cur odom dis = 33.7789
[INFO] [1791274799.668041648] [waypoint_mission]: [MISSION_GOAL_IDENTITY] stamp_ns=1791274792598741024 new_intent=0 new_identity=0 supported=1 waypoint=2
[33m -- [MISSION] Pub goal to -24 -22 1.5[0m
[33m	 cur odom dis = 27.0715
[INFO] [1791274800.677832732] [waypoint_mission]: [MISSION_GOAL_IDENTITY] stamp_ns=1791274792598741024 new_intent=0 new_identity=0 supported=1 waypoint=2
[33m -- [MISSION] Pub goal to -24 -22 1.5[0m
[33m	 cur odom dis = 22.276
[INFO] [1791274801.677884465] [waypoint_mission]: [MISSION_GOAL_IDENTITY] stamp_ns=1791274792598741024 new_intent=0 new_identity=0 supported=1 waypoint=2
[33m -- [MISSION] Pub goal to -24 -22 1.5[0m
[33m	 cur odom dis = 20.4502
[INFO] [1791274802.687743974] [waypoint_mission]: [MISSION_GOAL_IDENTITY] stamp_ns=1791274792598741024 new_intent=0 new_identity=0 supported=1 waypoint=2
[33m -- [MISSION] Pub goal to -24 -22 1.5[0m
[33m	 cur odom dis = 20.228
[INFO] [1791274803.697559226] [waypoint_mission]: [MISSION_GOAL_IDENTITY] stamp_ns=1791274792598741024 new_intent=0 new_identity=0 supported=1 waypoint=2
[33m -- [MISSION] Pub goal to -24 -22 1.5[0m
[33m	 cur odom dis = 15.062
[INFO] [1791274804.707459930] [waypoint_mission]: [MISSION_GOAL_IDENTITY] stamp_ns=1791274792598741024 new_intent=0 new_identity=0 supported=1 waypoint=2
[33m -- [MISSION] Pub goal to -24 -22 1.5[0m
[33m	 cur odom dis = 11.2753
[INFO] [1791274805.717329835] [waypoint_mission]: [MISSION_GOAL_IDENTITY] stamp_ns=1791274792598741024 new_intent=0 new_identity=0 supported=1 waypoint=2
[33m -- [MISSION] Pub goal to -24 -22 1.5[0m
[33m	 cur odom dis = 9.80633
[INFO] [1791274806.717336160] [waypoint_mission]: [MISSION_GOAL_IDENTITY] stamp_ns=1791274792598741024 new_intent=0 new_identity=0 supported=1 waypoint=2
[33m -- [MISSION] Pub goal to -24 -22 1.5[0m
[33m	 cur odom dis = 9.2227
[INFO] [1791274807.727143760] [waypoint_mission]: [MISSION_GOAL_IDENTITY] stamp_ns=1791274792598741024 new_intent=0 new_identity=0 supported=1 waypoint=2
[33m -- [MISSION] Pub goal to -24 -22 1.5[0m
[33m	 cur odom dis = 9.09677
[INFO] [1791274808.727223403] [waypoint_mission]: [MISSION_GOAL_IDENTITY] stamp_ns=1791274792598741024 new_intent=0 new_identity=0 supported=1 waypoint=2
[33m -- [MISSION] Pub goal to -24 -22 1.5[0m
[33m	 cur odom dis = 5.13783
[INFO] [1791274809.737045055] [waypoint_mission]: [MISSION_GOAL_IDENTITY] stamp_ns=1791274792598741024 new_intent=0 new_identity=0 supported=1 waypoint=2
[33m -- [MISSION] Pub goal to -24 -22 1.5[0m
[33m	 cur odom dis = 3.9572
[INFO] [1791274810.746902249] [waypoint_mission]: [MISSION_GOAL_IDENTITY] stamp_ns=1791274792598741024 new_intent=0 new_identity=0 supported=1 waypoint=2
[33m -- [MISSION] Pub goal to -24 -22 1.5[0m
[33m	 cur odom dis = 3.94707
[31m -- [MISSION] Close to goal {}, switch to next.[0m
[INFO] [1791274811.586831064] [waypoint_mission]: [MISSION_GOAL_IDENTITY] stamp_ns=1791274811586825890 new_intent=1 new_identity=1 supported=1 waypoint=3
[33m -- [MISSION] Pub goal to  24 -22 1.5[0m
[33m	 cur odom dis = 49.166
[INFO] [1791274812.596798880] [waypoint_mission]: [MISSION_GOAL_IDENTITY] stamp_ns=1791274811586825890 new_intent=0 new_identity=0 supported=1 waypoint=3
[33m -- [MISSION] Pub goal to  24 -22 1.5[0m
[33m	 cur odom dis = 48.22
[INFO] [1791274813.606566001] [waypoint_mission]: [MISSION_GOAL_IDENTITY] stamp_ns=1791274811586825890 new_intent=0 new_identity=0 supported=1 waypoint=3
[33m -- [MISSION] Pub goal to  24 -22 1.5[0m
[33m	 cur odom dis = 43.4637
[INFO] [1791274814.616463130] [waypoint_mission]: [MISSION_GOAL_IDENTITY] stamp_ns=1791274811586825890 new_intent=0 new_identity=0 supported=1 waypoint=3
[33m -- [MISSION] Pub goal to  24 -22 1.5[0m
[33m	 cur odom dis = 36.8337
[INFO] [1791274815.626369798] [waypoint_mission]: [MISSION_GOAL_IDENTITY] stamp_ns=1791274811586825890 new_intent=0 new_identity=0 supported=1 waypoint=3
[33m -- [MISSION] Pub goal to  24 -22 1.5[0m
[33m	 cur odom dis = 31.5327
[INFO] [1791274816.626438421] [waypoint_mission]: [MISSION_GOAL_IDENTITY] stamp_ns=1791274811586825890 new_intent=0 new_identity=0 supported=1 waypoint=3
[33m -- [MISSION] Pub goal to  24 -22 1.5[0m
[33m	 cur odom dis = 25.8711
[INFO] [1791274817.636283773] [waypoint_mission]: [MISSION_GOAL_IDENTITY] stamp_ns=1791274811586825890 new_intent=0 new_identity=0 supported=1 waypoint=3
[33m -- [MISSION] Pub goal to  24 -22 1.5[0m
[33m	 cur odom dis = 19.3438
[INFO] [1791274818.646084131] [waypoint_mission]: [MISSION_GOAL_IDENTITY] stamp_ns=1791274811586825890 new_intent=0 new_identity=0 supported=1 waypoint=3
[33m -- [MISSION] Pub goal to  24 -22 1.5[0m
[33m	 cur odom dis = 13.2551
[INFO] [1791274819.656022555] [waypoint_mission]: [MISSION_GOAL_IDENTITY] stamp_ns=1791274811586825890 new_intent=0 new_identity=0 supported=1 waypoint=3
[33m -- [MISSION] Pub goal to  24 -22 1.5[0m
[33m	 cur odom dis = 8.53691
[INFO] [1791274820.665904476] [waypoint_mission]: [MISSION_GOAL_IDENTITY] stamp_ns=1791274811586825890 new_intent=0 new_identity=0 supported=1 waypoint=3
[33m -- [MISSION] Pub goal to  24 -22 1.5[0m
[33m	 cur odom dis = 2.63419
[31m -- [MISSION] Close to goal {}, switch to next.[0m
[INFO] [1791274820.955940560] [waypoint_mission]: [MISSION_GOAL_IDENTITY] stamp_ns=1791274820955936337 new_intent=1 new_identity=1 supported=1 waypoint=4
[33m -- [MISSION] Pub goal to   0   0 1.5[0m
[33m	 cur odom dis = 32.6602
[INFO] [1791274821.965799740] [waypoint_mission]: [MISSION_GOAL_IDENTITY] stamp_ns=1791274820955936337 new_intent=0 new_identity=0 supported=1 waypoint=4
[33m -- [MISSION] Pub goal to   0   0 1.5[0m
[33m	 cur odom dis = 32.6731
[INFO] [1791274822.975708320] [waypoint_mission]: [MISSION_GOAL_IDENTITY] stamp_ns=1791274820955936337 new_intent=0 new_identity=0 supported=1 waypoint=4
[33m -- [MISSION] Pub goal to   0   0 1.5[0m
[33m	 cur odom dis = 27.8991
[INFO] [1791274823.985575128] [waypoint_mission]: [MISSION_GOAL_IDENTITY] stamp_ns=1791274820955936337 new_intent=0 new_identity=0 supported=1 waypoint=4
[33m -- [MISSION] Pub goal to   0   0 1.5[0m
[33m	 cur odom dis = 23.969
[INFO] [1791274824.995499188] [waypoint_mission]: [MISSION_GOAL_IDENTITY] stamp_ns=1791274820955936337 new_intent=0 new_identity=0 supported=1 waypoint=4
[33m -- [MISSION] Pub goal to   0   0 1.5[0m
[33m	 cur odom dis = 24.379
[INFO] [1791274826.005368932] [waypoint_mission]: [MISSION_GOAL_IDENTITY] stamp_ns=1791274820955936337 new_intent=0 new_identity=0 supported=1 waypoint=4
[33m -- [MISSION] Pub goal to   0   0 1.5[0m
[33m	 cur odom dis = 24.9134
[INFO] [1791274827.005386117] [waypoint_mission]: [MISSION_GOAL_IDENTITY] stamp_ns=1791274820955936337 new_intent=0 new_identity=0 supported=1 waypoint=4
[33m -- [MISSION] Pub goal to   0   0 1.5[0m
[33m	 cur odom dis = 20.2931
[INFO] [1791274828.015342559] [waypoint_mission]: [MISSION_GOAL_IDENTITY] stamp_ns=1791274820955936337 new_intent=0 new_identity=0 supported=1 waypoint=4
[33m -- [MISSION] Pub goal to   0   0 1.5[0m
[33m	 cur odom dis = 13.8676
[INFO] [1791274829.025198976] [waypoint_mission]: [MISSION_GOAL_IDENTITY] stamp_ns=1791274820955936337 new_intent=0 new_identity=0 supported=1 waypoint=4
[33m -- [MISSION] Pub goal to   0   0 1.5[0m
[33m	 cur odom dis = 6.96295
[31m -- [MISSION] Close to goal {}, switch to next.[0m
