[WARN] [1791274650.924735879] [waypoint_mission]:  -- [MissionPlanner] Load config by file name: /root/super_ws/src/SUPER/mission_planner/config/waypoint.yaml
[WARN] [1791274650.924804560] [waypoint_mission]:  -- [MissionPlanner] Load data by file name: /root/super_ws/src/SUPER/mission_planner/data/forest_wide_zigzag_v2.txt
Load config file: /root/super_ws/src/SUPER/mission_planner/config/waypoint.yaml
[0;32m Load param start_trigger_type success: [0;0m2
[0;32m Load param start_program_delay success: [0;0m3
[0;32m Load param cmd_type success: [0;0m1
[0;32m Load param switch_dis success: [0;0m3
[0;32m Load param odom_timeout success: [0;0m0.1
[0;32m Load param publish_dt success: [0;0m1
[0;32m Load param goal_pub_topic success: [0;0m/planning/click_goal
[0;32m Load param odom_topic success: [0;0m/lidar_slam/odom
[32m -- [MISSION] Load 5 waypoints.[0m
[34m -- [MISSION] Waypoint 0 at (-24, 22, 1.5) Switch dis = 1.5[0m
[34m -- [MISSION] Waypoint 1 at (24, 22, 1.5) Switch dis = 1.5[0m
[34m -- [MISSION] Waypoint 2 at (-24, -22, 1.5) Switch dis = 1.5[0m
[34m -- [MISSION] Waypoint 3 at (24, -22, 1.5) Switch dis = 1.5[0m
[34m -- [MISSION] Waypoint 4 at (0, 0, 1.5) Switch dis = 1.5[0m
[INFO] [1791274650.928843012] [waypoint_mission]: [MISSION_GOAL_IDENTITY_SETTINGS] enabled=1 executor=single callbacks_serialized=1 timers_qos_unchanged=1
Cur t = 1.79127e+09 start t = 1.79127e+09
Cur t = 1.79127e+09 start t = 1.79127e+09
Cur t = 1.79127e+09 start t = 1.79127e+09
Cur t = 1.79127e+09 start t = 1.79127e+09
Cur t = 1.79127e+09 start t = 1.79127e+09
Cur t = 1.79127e+09 start t = 1.79127e+09
Cur t = 1.79127e+09 start t = 1.79127e+09
Cur t = 1.79127e+09 start t = 1.79127e+09
Cur t = 1.79127e+09 start t = 1.79127e+09
Cur t = 1.79127e+09 start t = 1.79127e+09
Cur t = 1.79127e+09 start t = 1.79127e+09
Cur t = 1.79127e+09 start t = 1.79127e+09
Cur t = 1.79127e+09 start t = 1.79127e+09
Cur t = 1.79127e+09 start t = 1.79127e+09
Cur t = 1.79127e+09 start t = 1.79127e+09
Cur t = 1.79127e+09 start t = 1.79127e+09
Cur t = 1.79127e+09 start t = 1.79127e+09
Cur t = 1.79127e+09 start t = 1.79127e+09
Cur t = 1.79127e+09 start t = 1.79127e+09
Cur t = 1.79127e+09 start t = 1.79127e+09
Cur t = 1.79127e+09 start t = 1.79127e+09
Cur t = 1.79127e+09 start t = 1.79127e+09
Cur t = 1.79127e+09 start t = 1.79127e+09
Cur t = 1.79127e+09 start t = 1.79127e+09
Cur t = 1.79127e+09 start t = 1.79127e+09
Cur t = 1.79127e+09 start t = 1.79127e+09
Cur t = 1.79127e+09 start t = 1.79127e+09
Cur t = 1.79127e+09 start t = 1.79127e+09
Cur t = 1.79127e+09 start t = 1.79127e+09
Cur t = 1.79127e+09 start t = 1.79127e+09
Cur t = 1.79127e+09 start t = 1.79127e+09
Cur t = 1.79127e+09 start t = 1.79127e+09
Cur t = 1.79127e+09 start t = 1.79127e+09
Cur t = 1.79127e+09 start t = 1.79127e+09
Cur t = 1.79127e+09 start t = 1.79127e+09
Cur t = 1.79127e+09 start t = 1.79127e+09
Cur t = 1.79127e+09 start t = 1.79127e+09
Cur t = 1.79127e+09 start t = 1.79127e+09
Cur t = 1.79127e+09 start t = 1.79127e+09
Cur t = 1.79127e+09 start t = 1.79127e+09
Cur t = 1.79127e+09 start t = 1.79127e+09
Cur t = 1.79127e+09 start t = 1.79127e+09
Cur t = 1.79127e+09 start t = 1.79127e+09
Cur t = 1.79127e+09 start t = 1.79127e+09
Cur t = 1.79127e+09 start t = 1.79127e+09
Cur t = 1.79127e+09 start t = 1.79127e+09
Cur t = 1.79127e+09 start t = 1.79127e+09
Cur t = 1.79127e+09 start t = 1.79127e+09
Cur t = 1.79127e+09 start t = 1.79127e+09
Cur t = 1.79127e+09 start t = 1.79127e+09
Cur t = 1.79127e+09 start t = 1.79127e+09
Cur t = 1.79127e+09 start t = 1.79127e+09
Cur t = 1.79127e+09 start t = 1.79127e+09
Cur t = 1.79127e+09 start t = 1.79127e+09
Cur t = 1.79127e+09 start t = 1.79127e+09
Cur t = 1.79127e+09 start t = 1.79127e+09
Cur t = 1.79127e+09 start t = 1.79127e+09
Cur t = 1.79127e+09 start t = 1.79127e+09
Cur t = 1.79127e+09 start t = 1.79127e+09
Cur t = 1.79127e+09 start t = 1.79127e+09
Cur t = 1.79127e+09 start t = 1.79127e+09
Cur t = 1.79127e+09 start t = 1.79127e+09
Cur t = 1.79127e+09 start t = 1.79127e+09
Cur t = 1.79127e+09 start t = 1.79127e+09
Cur t = 1.79127e+09 start t = 1.79127e+09
Cur t = 1.79127e+09 start t = 1.79127e+09
Cur t = 1.79127e+09 start t = 1.79127e+09
Cur t = 1.79127e+09 start t = 1.79127e+09
Cur t = 1.79127e+09 start t = 1.79127e+09
Cur t = 1.79127e+09 start t = 1.79127e+09
Cur t = 1.79127e+09 start t = 1.79127e+09
Cur t = 1.79127e+09 start t = 1.79127e+09
Cur t = 1.79127e+09 start t = 1.79127e+09
Cur t = 1.79127e+09 start t = 1.79127e+09
Cur t = 1.79127e+09 start t = 1.79127e+09
Cur t = 1.79127e+09 start t = 1.79127e+09
Cur t = 1.79127e+09 start t = 1.79127e+09
Cur t = 1.79127e+09 start t = 1.79127e+09
Cur t = 1.79127e+09 start t = 1.79127e+09
Cur t = 1.79127e+09 start t = 1.79127e+09
Cur t = 1.79127e+09 start t = 1.79127e+09
Cur t = 1.79127e+09 start t = 1.79127e+09
Cur t = 1.79127e+09 start t = 1.79127e+09
Cur t = 1.79127e+09 start t = 1.79127e+09
Cur t = 1.79127e+09 start t = 1.79127e+09
Cur t = 1.79127e+09 start t = 1.79127e+09
Cur t = 1.79127e+09 start t = 1.79127e+09
Cur t = 1.79127e+09 start t = 1.79127e+09
Cur t = 1.79127e+09 start t = 1.79127e+09
Cur t = 1.79127e+09 start t = 1.79127e+09
Cur t = 1.79127e+09 start t = 1.79127e+09
Cur t = 1.79127e+09 start t = 1.79127e+09
Cur t = 1.79127e+09 start t = 1.79127e+09
Cur t = 1.79127e+09 start t = 1.79127e+09
Cur t = 1.79127e+09 start t = 1.79127e+09
Cur t = 1.79127e+09 start t = 1.79127e+09
Cur t = 1.79127e+09 start t = 1.79127e+09
Cur t = 1.79127e+09 start t = 1.79127e+09
Cur t = 1.79127e+09 start t = 1.79127e+09
Cur t = 1.79127e+09 start t = 1.79127e+09
Cur t = 1.79127e+09 start t = 1.79127e+09
Cur t = 1.79127e+09 start t = 1.79127e+09
Cur t = 1.79127e+09 start t = 1.79127e+09
Cur t = 1.79127e+09 start t = 1.79127e+09
Cur t = 1.79127e+09 start t = 1.79127e+09
Cur t = 1.79127e+09 start t = 1.79127e+09
Cur t = 1.79127e+09 start t = 1.79127e+09
Cur t = 1.79127e+09 start t = 1.79127e+09
Cur t = 1.79127e+09 start t = 1.79127e+09
Cur t = 1.79127e+09 start t = 1.79127e+09
Cur t = 1.79127e+09 start t = 1.79127e+09
Cur t = 1.79127e+09 start t = 1.79127e+09
Cur t = 1.79127e+09 start t = 1.79127e+09
Cur t = 1.79127e+09 start t = 1.79127e+09
Cur t = 1.79127e+09 start t = 1.79127e+09
Cur t = 1.79127e+09 start t = 1.79127e+09
Cur t = 1.79127e+09 start t = 1.79127e+09
Cur t = 1.79127e+09 start t = 1.79127e+09
Cur t = 1.79127e+09 start t = 1.79127e+09
Cur t = 1.79127e+09 start t = 1.79127e+09
Cur t = 1.79127e+09 start t = 1.79127e+09
Cur t = 1.79127e+09 start t = 1.79127e+09
Cur t = 1.79127e+09 start t = 1.79127e+09
Cur t = 1.79127e+09 start t = 1.79127e+09
Cur t = 1.79127e+09 start t = 1.79127e+09
Cur t = 1.79127e+09 start t = 1.79127e+09
Cur t = 1.79127e+09 start t = 1.79127e+09
Cur t = 1.79127e+09 start t = 1.79127e+09
Cur t = 1.79127e+09 start t = 1.79127e+09
Cur t = 1.79127e+09 start t = 1.79127e+09
Cur t = 1.79127e+09 start t = 1.79127e+09
Cur t = 1.79127e+09 start t = 1.79127e+09
Cur t = 1.79127e+09 start t = 1.79127e+09
Cur t = 1.79127e+09 start t = 1.79127e+09
Cur t = 1.79127e+09 start t = 1.79127e+09
Cur t = 1.79127e+09 start t = 1.79127e+09
Cur t = 1.79127e+09 start t = 1.79127e+09
Cur t = 1.79127e+09 start t = 1.79127e+09
Cur t = 1.79127e+09 start t = 1.79127e+09
Cur t = 1.79127e+09 start t = 1.79127e+09
Cur t = 1.79127e+09 start t = 1.79127e+09
Cur t = 1.79127e+09 start t = 1.79127e+09
Cur t = 1.79127e+09 start t = 1.79127e+09
Cur t = 1.79127e+09 start t = 1.79127e+09
Cur t = 1.79127e+09 start t = 1.79127e+09
Cur t = 1.79127e+09 start t = 1.79127e+09
Cur t = 1.79127e+09 start t = 1.79127e+09
Cur t = 1.79127e+09 start t = 1.79127e+09
Cur t = 1.79127e+09 start t = 1.79127e+09
Cur t = 1.79127e+09 start t = 1.79127e+09
Cur t = 1.79127e+09 start t = 1.79127e+09
Cur t = 1.79127e+09 start t = 1.79127e+09
Cur t = 1.79127e+09 start t = 1.79127e+09
Cur t = 1.79127e+09 start t = 1.79127e+09
Cur t = 1.79127e+09 start t = 1.79127e+09
Cur t = 1.79127e+09 start t = 1.79127e+09
Cur t = 1.79127e+09 start t = 1.79127e+09
Cur t = 1.79127e+09 start t = 1.79127e+09
Cur t = 1.79127e+09 start t = 1.79127e+09
Cur t = 1.79127e+09 start t = 1.79127e+09
Cur t = 1.79127e+09 start t = 1.79127e+09
Cur t = 1.79127e+09 start t = 1.79127e+09
Cur t = 1.79127e+09 start t = 1.79127e+09
Cur t = 1.79127e+09 start t = 1.79127e+09
Cur t = 1.79127e+09 start t = 1.79127e+09
Cur t = 1.79127e+09 start t = 1.79127e+09
Cur t = 1.79127e+09 start t = 1.79127e+09
Cur t = 1.79127e+09 start t = 1.79127e+09
Cur t = 1.79127e+09 start t = 1.79127e+09
Cur t = 1.79127e+09 start t = 1.79127e+09
Cur t = 1.79127e+09 start t = 1.79127e+09
Cur t = 1.79127e+09 start t = 1.79127e+09
Cur t = 1.79127e+09 start t = 1.79127e+09
Cur t = 1.79127e+09 start t = 1.79127e+09
Cur t = 1.79127e+09 start t = 1.79127e+09
Cur t = 1.79127e+09 start t = 1.79127e+09
Cur t = 1.79127e+09 start t = 1.79127e+09
Cur t = 1.79127e+09 start t = 1.79127e+09
Cur t = 1.79127e+09 start t = 1.79127e+09
Cur t = 1.79127e+09 start t = 1.79127e+09
Cur t = 1.79127e+09 start t = 1.79127e+09
Cur t = 1.79127e+09 start t = 1.79127e+09
Cur t = 1.79127e+09 start t = 1.79127e+09
Cur t = 1.79127e+09 start t = 1.79127e+09
Cur t = 1.79127e+09 start t = 1.79127e+09
Cur t = 1.79127e+09 start t = 1.79127e+09
Cur t = 1.79127e+09 start t = 1.79127e+09
Cur t = 1.79127e+09 start t = 1.79127e+09
Cur t = 1.79127e+09 start t = 1.79127e+09
Cur t = 1.79127e+09 start t = 1.79127e+09
Cur t = 1.79127e+09 start t = 1.79127e+09
Cur t = 1.79127e+09 start t = 1.79127e+09
Cur t = 1.79127e+09 start t = 1.79127e+09
Cur t = 1.79127e+09 start t = 1.79127e+09
Cur t = 1.79127e+09 start t = 1.79127e+09
Cur t = 1.79127e+09 start t = 1.79127e+09
Cur t = 1.79127e+09 start t = 1.79127e+09
Cur t = 1.79127e+09 start t = 1.79127e+09
Cur t = 1.79127e+09 start t = 1.79127e+09
Cur t = 1.79127e+09 start t = 1.79127e+09
Cur t = 1.79127e+09 start t = 1.79127e+09
Cur t = 1.79127e+09 start t = 1.79127e+09
Cur t = 1.79127e+09 start t = 1.79127e+09
Cur t = 1.79127e+09 start t = 1.79127e+09
Cur t = 1.79127e+09 start t = 1.79127e+09
Cur t = 1.79127e+09 start t = 1.79127e+09
Cur t = 1.79127e+09 start t = 1.79127e+09
Cur t = 1.79127e+09 start t = 1.79127e+09
Cur t = 1.79127e+09 start t = 1.79127e+09
Cur t = 1.79127e+09 start t = 1.79127e+09
Cur t = 1.79127e+09 start t = 1.79127e+09
Cur t = 1.79127e+09 start t = 1.79127e+09
Cur t = 1.79127e+09 start t = 1.79127e+09
Cur t = 1.79127e+09 start t = 1.79127e+09
Cur t = 1.79127e+09 start t = 1.79127e+09
Cur t = 1.79127e+09 start t = 1.79127e+09
Cur t = 1.79127e+09 start t = 1.79127e+09
Cur t = 1.79127e+09 start t = 1.79127e+09
Cur t = 1.79127e+09 start t = 1.79127e+09
Cur t = 1.79127e+09 start t = 1.79127e+09
Cur t = 1.79127e+09 start t = 1.79127e+09
Cur t = 1.79127e+09 start t = 1.79127e+09
Cur t = 1.79127e+09 start t = 1.79127e+09
Cur t = 1.79127e+09 start t = 1.79127e+09
Cur t = 1.79127e+09 start t = 1.79127e+09
Cur t = 1.79127e+09 start t = 1.79127e+09
Cur t = 1.79127e+09 start t = 1.79127e+09
Cur t = 1.79127e+09 start t = 1.79127e+09
Cur t = 1.79127e+09 start t = 1.79127e+09
Cur t = 1.79127e+09 start t = 1.79127e+09
Cur t = 1.79127e+09 start t = 1.79127e+09
Cur t = 1.79127e+09 start t = 1.79127e+09
Cur t = 1.79127e+09 start t = 1.79127e+09
Cur t = 1.79127e+09 start t = 1.79127e+09
Cur t = 1.79127e+09 start t = 1.79127e+09
Cur t = 1.79127e+09 start t = 1.79127e+09
Cur t = 1.79127e+09 start t = 1.79127e+09
Cur t = 1.79127e+09 start t = 1.79127e+09
Cur t = 1.79127e+09 start t = 1.79127e+09
Cur t = 1.79127e+09 start t = 1.79127e+09
Cur t = 1.79127e+09 start t = 1.79127e+09
Cur t = 1.79127e+09 start t = 1.79127e+09
Cur t = 1.79127e+09 start t = 1.79127e+09
Cur t = 1.79127e+09 start t = 1.79127e+09
Cur t = 1.79127e+09 start t = 1.79127e+09
Cur t = 1.79127e+09 start t = 1.79127e+09
Cur t = 1.79127e+09 start t = 1.79127e+09
Cur t = 1.79127e+09 start t = 1.79127e+09
Cur t = 1.79127e+09 start t = 1.79127e+09
Cur t = 1.79127e+09 start t = 1.79127e+09
Cur t = 1.79127e+09 start t = 1.79127e+09
Cur t = 1.79127e+09 start t = 1.79127e+09
Cur t = 1.79127e+09 start t = 1.79127e+09
Cur t = 1.79127e+09 start t = 1.79127e+09
Cur t = 1.79127e+09 start t = 1.79127e+09
Cur t = 1.79127e+09 start t = 1.79127e+09
Cur t = 1.79127e+09 start t = 1.79127e+09
Cur t = 1.79127e+09 start t = 1.79127e+09
Cur t = 1.79127e+09 start t = 1.79127e+09
Cur t = 1.79127e+09 start t = 1.79127e+09
Cur t = 1.79127e+09 start t = 1.79127e+09
Cur t = 1.79127e+09 start t = 1.79127e+09
Cur t = 1.79127e+09 start t = 1.79127e+09
Cur t = 1.79127e+09 start t = 1.79127e+09
Cur t = 1.79127e+09 start t = 1.79127e+09
Cur t = 1.79127e+09 start t = 1.79127e+09
Cur t = 1.79127e+09 start t = 1.79127e+09
Cur t = 1.79127e+09 start t = 1.79127e+09
Cur t = 1.79127e+09 start t = 1.79127e+09
Cur t = 1.79127e+09 start t = 1.79127e+09
Cur t = 1.79127e+09 start t = 1.79127e+09
Cur t = 1.79127e+09 start t = 1.79127e+09
Cur t = 1.79127e+09 start t = 1.79127e+09
Cur t = 1.79127e+09 start t = 1.79127e+09
Cur t = 1.79127e+09 start t = 1.79127e+09
Cur t = 1.79127e+09 start t = 1.79127e+09
Cur t = 1.79127e+09 start t = 1.79127e+09
Cur t = 1.79127e+09 start t = 1.79127e+09
Cur t = 1.79127e+09 start t = 1.79127e+09
Cur t = 1.79127e+09 start t = 1.79127e+09
Cur t = 1.79127e+09 start t = 1.79127e+09
Cur t = 1.79127e+09 start t = 1.79127e+09
Cur t = 1.79127e+09 start t = 1.79127e+09
Cur t = 1.79127e+09 start t = 1.79127e+09
Cur t = 1.79127e+09 start t = 1.79127e+09
Cur t = 1.79127e+09 start t = 1.79127e+09
Cur t = 1.79127e+09 start t = 1.79127e+09
Cur t = 1.79127e+09 start t = 1.79127e+09
Cur t = 1.79127e+09 start t = 1.79127e+09
Cur t = 1.79127e+09 start t = 1.79127e+09
Cur t = 1.79127e+09 start t = 1.79127e+09
Cur t = 1.79127e+09 start t = 1.79127e+09
Cur t = 1.79127e+09 start t = 1.79127e+09
Cur t = 1.79127e+09 start t = 1.79127e+09
Cur t = 1.79127e+09 start t = 1.79127e+09
Cur t = 1.79127e+09 start t = 1.79127e+09
Cur t = 1.79127e+09 start t = 1.79127e+09
Cur t = 1.79127e+09 start t = 1.79127e+09
Cur t = 1.79127e+09 start t = 1.79127e+09
Cur t = 1.79127e+09 start t = 1.79127e+09
[33m -- [MISSION] System start delay passed.[0m
[INFO] [1791274653.936301664] [waypoint_mission]: [MISSION_GOAL_IDENTITY] stamp_ns=1791274653936296034 new_intent=1 new_identity=1 supported=1 waypoint=0
[33m -- [MISSION] Pub goal to -24  22 1.5[0m
[33m	 cur odom dis = 32.5576
[INFO] [1791274654.946231180] [waypoint_mission]: [MISSION_GOAL_IDENTITY] stamp_ns=1791274653936296034 new_intent=0 new_identity=0 supported=1 waypoint=0
[33m -- [MISSION] Pub goal to -24  22 1.5[0m
[33m	 cur odom dis = 32.5576
[INFO] [1791274655.956040346] [waypoint_mission]: [MISSION_GOAL_IDENTITY] stamp_ns=1791274653936296034 new_intent=0 new_identity=0 supported=1 waypoint=0
[33m -- [MISSION] Pub goal to -24  22 1.5[0m
[33m	 cur odom dis = 32.5576
[INFO] [1791274656.965884684] [waypoint_mission]: [MISSION_GOAL_IDENTITY] stamp_ns=1791274653936296034 new_intent=0 new_identity=0 supported=1 waypoint=0
[33m -- [MISSION] Pub goal to -24  22 1.5[0m
[33m	 cur odom dis = 32.5576
[INFO] [1791274657.965896965] [waypoint_mission]: [MISSION_GOAL_IDENTITY] stamp_ns=1791274653936296034 new_intent=0 new_identity=0 supported=1 waypoint=0
[33m -- [MISSION] Pub goal to -24  22 1.5[0m
[33m	 cur odom dis = 32.5576
[INFO] [1791274658.975648856] [waypoint_mission]: [MISSION_GOAL_IDENTITY] stamp_ns=1791274653936296034 new_intent=0 new_identity=0 supported=1 waypoint=0
[33m -- [MISSION] Pub goal to -24  22 1.5[0m
[33m	 cur odom dis = 32.5576
[INFO] [1791274659.985542603] [waypoint_mission]: [MISSION_GOAL_IDENTITY] stamp_ns=1791274653936296034 new_intent=0 new_identity=0 supported=1 waypoint=0
[33m -- [MISSION] Pub goal to -24  22 1.5[0m
[33m	 cur odom dis = 32.5576
[INFO] [1791274660.995518412] [waypoint_mission]: [MISSION_GOAL_IDENTITY] stamp_ns=1791274653936296034 new_intent=0 new_identity=0 supported=1 waypoint=0
[33m -- [MISSION] Pub goal to -24  22 1.5[0m
[33m	 cur odom dis = 31.8625
[INFO] [1791274662.005449115] [waypoint_mission]: [MISSION_GOAL_IDENTITY] stamp_ns=1791274653936296034 new_intent=0 new_identity=0 supported=1 waypoint=0
[33m -- [MISSION] Pub goal to -24  22 1.5[0m
[33m	 cur odom dis = 25.0059
[INFO] [1791274663.015374566] [waypoint_mission]: [MISSION_GOAL_IDENTITY] stamp_ns=1791274653936296034 new_intent=0 new_identity=0 supported=1 waypoint=0
[33m -- [MISSION] Pub goal to -24  22 1.5[0m
[33m	 cur odom dis = 18.0625
[INFO] [1791274664.025242059] [waypoint_mission]: [MISSION_GOAL_IDENTITY] stamp_ns=1791274653936296034 new_intent=0 new_identity=0 supported=1 waypoint=0
[33m -- [MISSION] Pub goal to -24  22 1.5[0m
[33m	 cur odom dis = 14.2357
[INFO] [1791274665.035172050] [waypoint_mission]: [MISSION_GOAL_IDENTITY] stamp_ns=1791274653936296034 new_intent=0 new_identity=0 supported=1 waypoint=0
[33m -- [MISSION] Pub goal to -24  22 1.5[0m
[33m	 cur odom dis = 12.6066
[INFO] [1791274666.045027405] [waypoint_mission]: [MISSION_GOAL_IDENTITY] stamp_ns=1791274653936296034 new_intent=0 new_identity=0 supported=1 waypoint=0
[33m -- [MISSION] Pub goal to -24  22 1.5[0m
[33m	 cur odom dis = 5.86174
[31m -- [MISSION] Close to goal {}, switch to next.[0m
[INFO] [1791274666.684886767] [waypoint_mission]: [MISSION_GOAL_IDENTITY] stamp_ns=1791274666684883797 new_intent=1 new_identity=1 supported=1 waypoint=1
[33m -- [MISSION] Pub goal to  24  22 1.5[0m
[33m	 cur odom dis = 46.594
[INFO] [1791274667.694800533] [waypoint_mission]: [MISSION_GOAL_IDENTITY] stamp_ns=1791274666684883797 new_intent=0 new_identity=0 supported=1 waypoint=1
[33m -- [MISSION] Pub goal to  24  22 1.5[0m
[33m	 cur odom dis = 48.1714
[INFO] [1791274668.704814118] [waypoint_mission]: [MISSION_GOAL_IDENTITY] stamp_ns=1791274666684883797 new_intent=0 new_identity=0 supported=1 waypoint=1
[33m -- [MISSION] Pub goal to  24  22 1.5[0m
[33m	 cur odom dis = 48.1714
[INFO] [1791274669.714519939] [waypoint_mission]: [MISSION_GOAL_IDENTITY] stamp_ns=1791274666684883797 new_intent=0 new_identity=0 supported=1 waypoint=1
[33m -- [MISSION] Pub goal to  24  22 1.5[0m
[33m	 cur odom dis = 48.1714
[INFO] [1791274670.724546776] [waypoint_mission]: [MISSION_GOAL_IDENTITY] stamp_ns=1791274666684883797 new_intent=0 new_identity=0 supported=1 waypoint=1
[33m -- [MISSION] Pub goal to  24  22 1.5[0m
[33m	 cur odom dis = 48.1714
[INFO] [1791274671.734329181] [waypoint_mission]: [MISSION_GOAL_IDENTITY] stamp_ns=1791274666684883797 new_intent=0 new_identity=0 supported=1 waypoint=1
[33m -- [MISSION] Pub goal to  24  22 1.5[0m
[33m	 cur odom dis = 48.1714
[INFO] [1791274672.744303336] [waypoint_mission]: [MISSION_GOAL_IDENTITY] stamp_ns=1791274666684883797 new_intent=0 new_identity=0 supported=1 waypoint=1
[33m -- [MISSION] Pub goal to  24  22 1.5[0m
[33m	 cur odom dis = 43.8358
[INFO] [1791274673.754148364] [waypoint_mission]: [MISSION_GOAL_IDENTITY] stamp_ns=1791274666684883797 new_intent=0 new_identity=0 supported=1 waypoint=1
[33m -- [MISSION] Pub goal to  24  22 1.5[0m
[33m	 cur odom dis = 37.6937
[INFO] [1791274674.764126892] [waypoint_mission]: [MISSION_GOAL_IDENTITY] stamp_ns=1791274666684883797 new_intent=0 new_identity=0 supported=1 waypoint=1
[33m -- [MISSION] Pub goal to  24  22 1.5[0m
[33m	 cur odom dis = 31.0161
[INFO] [1791274675.774083985] [waypoint_mission]: [MISSION_GOAL_IDENTITY] stamp_ns=1791274666684883797 new_intent=0 new_identity=0 supported=1 waypoint=1
[33m -- [MISSION] Pub goal to  24  22 1.5[0m
[33m	 cur odom dis = 24.6497
[INFO] [1791274676.783992362] [waypoint_mission]: [MISSION_GOAL_IDENTITY] stamp_ns=1791274666684883797 new_intent=0 new_identity=0 supported=1 waypoint=1
[33m -- [MISSION] Pub goal to  24  22 1.5[0m
[33m	 cur odom dis = 18.8148
[INFO] [1791274677.793792198] [waypoint_mission]: [MISSION_GOAL_IDENTITY] stamp_ns=1791274666684883797 new_intent=0 new_identity=0 supported=1 waypoint=1
[33m -- [MISSION] Pub goal to  24  22 1.5[0m
[33m	 cur odom dis = 17.2061
[INFO] [1791274678.803632756] [waypoint_mission]: [MISSION_GOAL_IDENTITY] stamp_ns=1791274666684883797 new_intent=0 new_identity=0 supported=1 waypoint=1
[33m -- [MISSION] Pub goal to  24  22 1.5[0m
[33m	 cur odom dis = 17.3219
[INFO] [1791274679.813616852] [waypoint_mission]: [MISSION_GOAL_IDENTITY] stamp_ns=1791274666684883797 new_intent=0 new_identity=0 supported=1 waypoint=1
[33m -- [MISSION] Pub goal to  24  22 1.5[0m
[33m	 cur odom dis = 17.0946
[INFO] [1791274680.823560872] [waypoint_mission]: [MISSION_GOAL_IDENTITY] stamp_ns=1791274666684883797 new_intent=0 new_identity=0 supported=1 waypoint=1
[33m -- [MISSION] Pub goal to  24  22 1.5[0m
[33m	 cur odom dis = 17.0946
[INFO] [1791274681.833313918] [waypoint_mission]: [MISSION_GOAL_IDENTITY] stamp_ns=1791274666684883797 new_intent=0 new_identity=0 supported=1 waypoint=1
[33m -- [MISSION] Pub goal to  24  22 1.5[0m
[33m	 cur odom dis = 18.7198
[INFO] [1791274682.833365346] [waypoint_mission]: [MISSION_GOAL_IDENTITY] stamp_ns=1791274666684883797 new_intent=0 new_identity=0 supported=1 waypoint=1
[33m -- [MISSION] Pub goal to  24  22 1.5[0m
[33m	 cur odom dis = 17.7368
[INFO] [1791274683.843281748] [waypoint_mission]: [MISSION_GOAL_IDENTITY] stamp_ns=1791274666684883797 new_intent=0 new_identity=0 supported=1 waypoint=1
[33m -- [MISSION] Pub goal to  24  22 1.5[0m
[33m	 cur odom dis = 17.3029
[INFO] [1791274684.853037514] [waypoint_mission]: [MISSION_GOAL_IDENTITY] stamp_ns=1791274666684883797 new_intent=0 new_identity=0 supported=1 waypoint=1
[33m -- [MISSION] Pub goal to  24  22 1.5[0m
[33m	 cur odom dis = 17.3029
[INFO] [1791274685.863077192] [waypoint_mission]: [MISSION_GOAL_IDENTITY] stamp_ns=1791274666684883797 new_intent=0 new_identity=0 supported=1 waypoint=1
[33m -- [MISSION] Pub goal to  24  22 1.5[0m
[33m	 cur odom dis = 17.3029
[INFO] [1791274686.873005240] [waypoint_mission]: [MISSION_GOAL_IDENTITY] stamp_ns=1791274666684883797 new_intent=0 new_identity=0 supported=1 waypoint=1
[33m -- [MISSION] Pub goal to  24  22 1.5[0m
[33m	 cur odom dis = 15.9663
[INFO] [1791274687.882736348] [waypoint_mission]: [MISSION_GOAL_IDENTITY] stamp_ns=1791274666684883797 new_intent=0 new_identity=0 supported=1 waypoint=1
[33m -- [MISSION] Pub goal to  24  22 1.5[0m
[33m	 cur odom dis = 9.9641
[INFO] [1791274688.892597831] [waypoint_mission]: [MISSION_GOAL_IDENTITY] stamp_ns=1791274666684883797 new_intent=0 new_identity=0 supported=1 waypoint=1
[33m -- [MISSION] Pub goal to  24  22 1.5[0m
[33m	 cur odom dis = 3.11545
[31m -- [MISSION] Close to goal {}, switch to next.[0m
[INFO] [1791274689.142692772] [waypoint_mission]: [MISSION_GOAL_IDENTITY] stamp_ns=1791274689142690214 new_intent=1 new_identity=1 supported=1 waypoint=2
[33m -- [MISSION] Pub goal to -24 -22 1.5[0m
[33m	 cur odom dis = 63.6743
[INFO] [1791274690.152497208] [waypoint_mission]: [MISSION_GOAL_IDENTITY] stamp_ns=1791274689142690214 new_intent=0 new_identity=0 supported=1 waypoint=2
[33m -- [MISSION] Pub goal to -24 -22 1.5[0m
[33m	 cur odom dis = 65.3492
[INFO] [1791274691.162396719] [waypoint_mission]: [MISSION_GOAL_IDENTITY] stamp_ns=1791274689142690214 new_intent=0 new_identity=0 supported=1 waypoint=2
[33m -- [MISSION] Pub goal to -24 -22 1.5[0m
[33m	 cur odom dis = 65.3492
[INFO] [1791274692.172328968] [waypoint_mission]: [MISSION_GOAL_IDENTITY] stamp_ns=1791274689142690214 new_intent=0 new_identity=0 supported=1 waypoint=2
[33m -- [MISSION] Pub goal to -24 -22 1.5[0m
[33m	 cur odom dis = 65.3492
[INFO] [1791274693.182162122] [waypoint_mission]: [MISSION_GOAL_IDENTITY] stamp_ns=1791274689142690214 new_intent=0 new_identity=0 supported=1 waypoint=2
[33m -- [MISSION] Pub goal to -24 -22 1.5[0m
[33m	 cur odom dis = 65.3492
[INFO] [1791274694.182173030] [waypoint_mission]: [MISSION_GOAL_IDENTITY] stamp_ns=1791274689142690214 new_intent=0 new_identity=0 supported=1 waypoint=2
[33m -- [MISSION] Pub goal to -24 -22 1.5[0m
[33m	 cur odom dis = 65.3492
[INFO] [1791274695.192135002] [waypoint_mission]: [MISSION_GOAL_IDENTITY] stamp_ns=1791274689142690214 new_intent=0 new_identity=0 supported=1 waypoint=2
[33m -- [MISSION] Pub goal to -24 -22 1.5[0m
[33m	 cur odom dis = 63.622
[INFO] [1791274696.201855614] [waypoint_mission]: [MISSION_GOAL_IDENTITY] stamp_ns=1791274689142690214 new_intent=0 new_identity=0 supported=1 waypoint=2
[33m -- [MISSION] Pub goal to -24 -22 1.5[0m
[33m	 cur odom dis = 57.8208
[INFO] [1791274697.211900878] [waypoint_mission]: [MISSION_GOAL_IDENTITY] stamp_ns=1791274689142690214 new_intent=0 new_identity=0 supported=1 waypoint=2
[33m -- [MISSION] Pub goal to -24 -22 1.5[0m
[33m	 cur odom dis = 57.5114
[INFO] [1791274698.221809775] [waypoint_mission]: [MISSION_GOAL_IDENTITY] stamp_ns=1791274689142690214 new_intent=0 new_identity=0 supported=1 waypoint=2
[33m -- [MISSION] Pub goal to -24 -22 1.5[0m
[33m	 cur odom dis = 52.3567
[INFO] [1791274699.231595964] [waypoint_mission]: [MISSION_GOAL_IDENTITY] stamp_ns=1791274689142690214 new_intent=0 new_identity=0 supported=1 waypoint=2
[33m -- [MISSION] Pub goal to -24 -22 1.5[0m
[33m	 cur odom dis = 45.4758
[INFO] [1791274700.241552478] [waypoint_mission]: [MISSION_GOAL_IDENTITY] stamp_ns=1791274689142690214 new_intent=0 new_identity=0 supported=1 waypoint=2
[33m -- [MISSION] Pub goal to -24 -22 1.5[0m
[33m	 cur odom dis = 38.5835
[INFO] [1791274701.251334876] [waypoint_mission]: [MISSION_GOAL_IDENTITY] stamp_ns=1791274689142690214 new_intent=0 new_identity=0 supported=1 waypoint=2
[33m -- [MISSION] Pub goal to -24 -22 1.5[0m
[33m	 cur odom dis = 31.9802
[INFO] [1791274702.251338871] [waypoint_mission]: [MISSION_GOAL_IDENTITY] stamp_ns=1791274689142690214 new_intent=0 new_identity=0 supported=1 waypoint=2
[33m -- [MISSION] Pub goal to -24 -22 1.5[0m
[33m	 cur odom dis = 26.1134
[INFO] [1791274703.261372490] [waypoint_mission]: [MISSION_GOAL_IDENTITY] stamp_ns=1791274689142690214 new_intent=0 new_identity=0 supported=1 waypoint=2
[33m -- [MISSION] Pub goal to -24 -22 1.5[0m
[33m	 cur odom dis = 21.3659
[INFO] [1791274704.271167899] [waypoint_mission]: [MISSION_GOAL_IDENTITY] stamp_ns=1791274689142690214 new_intent=0 new_identity=0 supported=1 waypoint=2
[33m -- [MISSION] Pub goal to -24 -22 1.5[0m
[33m	 cur odom dis = 20.0252
[INFO] [1791274705.280981155] [waypoint_mission]: [MISSION_GOAL_IDENTITY] stamp_ns=1791274689142690214 new_intent=0 new_identity=0 supported=1 waypoint=2
[33m -- [MISSION] Pub goal to -24 -22 1.5[0m
[33m	 cur odom dis = 15.5798
[INFO] [1791274706.281003153] [waypoint_mission]: [MISSION_GOAL_IDENTITY] stamp_ns=1791274689142690214 new_intent=0 new_identity=0 supported=1 waypoint=2
[33m -- [MISSION] Pub goal to -24 -22 1.5[0m
[33m	 cur odom dis = 10.8396
[INFO] [1791274707.290881675] [waypoint_mission]: [MISSION_GOAL_IDENTITY] stamp_ns=1791274689142690214 new_intent=0 new_identity=0 supported=1 waypoint=2
[33m -- [MISSION] Pub goal to -24 -22 1.5[0m
[33m	 cur odom dis = 10.4847
[INFO] [1791274708.300772426] [waypoint_mission]: [MISSION_GOAL_IDENTITY] stamp_ns=1791274689142690214 new_intent=0 new_identity=0 supported=1 waypoint=2
[33m -- [MISSION] Pub goal to -24 -22 1.5[0m
[33m	 cur odom dis = 10.4082
[INFO] [1791274709.310705916] [waypoint_mission]: [MISSION_GOAL_IDENTITY] stamp_ns=1791274689142690214 new_intent=0 new_identity=0 supported=1 waypoint=2
[33m -- [MISSION] Pub goal to -24 -22 1.5[0m
[33m	 cur odom dis = 7.10465
[INFO] [1791274710.320557727] [waypoint_mission]: [MISSION_GOAL_IDENTITY] stamp_ns=1791274689142690214 new_intent=0 new_identity=0 supported=1 waypoint=2
[33m -- [MISSION] Pub goal to -24 -22 1.5[0m
[33m	 cur odom dis = 6.97632
[31m -- [MISSION] Close to goal {}, switch to next.[0m
[INFO] [1791274711.200370220] [waypoint_mission]: [MISSION_GOAL_IDENTITY] stamp_ns=1791274711200366584 new_intent=1 new_identity=1 supported=1 waypoint=3
[33m -- [MISSION] Pub goal to  24 -22 1.5[0m
[33m	 cur odom dis = 46.5629
[INFO] [1791274712.210273545] [waypoint_mission]: [MISSION_GOAL_IDENTITY] stamp_ns=1791274711200366584 new_intent=0 new_identity=0 supported=1 waypoint=3
[33m -- [MISSION] Pub goal to  24 -22 1.5[0m
[33m	 cur odom dis = 46.7501
[INFO] [1791274713.210273766] [waypoint_mission]: [MISSION_GOAL_IDENTITY] stamp_ns=1791274711200366584 new_intent=0 new_identity=0 supported=1 waypoint=3
[33m -- [MISSION] Pub goal to  24 -22 1.5[0m
[33m	 cur odom dis = 46.7501
[INFO] [1791274714.220166099] [waypoint_mission]: [MISSION_GOAL_IDENTITY] stamp_ns=1791274711200366584 new_intent=0 new_identity=0 supported=1 waypoint=3
[33m -- [MISSION] Pub goal to  24 -22 1.5[0m
[33m	 cur odom dis = 46.7501
[INFO] [1791274715.230069645] [waypoint_mission]: [MISSION_GOAL_IDENTITY] stamp_ns=1791274711200366584 new_intent=0 new_identity=0 supported=1 waypoint=3
[33m -- [MISSION] Pub goal to  24 -22 1.5[0m
[33m	 cur odom dis = 46.7501
[INFO] [1791274716.239912915] [waypoint_mission]: [MISSION_GOAL_IDENTITY] stamp_ns=1791274711200366584 new_intent=0 new_identity=0 supported=1 waypoint=3
[33m -- [MISSION] Pub goal to  24 -22 1.5[0m
[33m	 cur odom dis = 46.7501
[INFO] [1791274717.249966037] [waypoint_mission]: [MISSION_GOAL_IDENTITY] stamp_ns=1791274711200366584 new_intent=0 new_identity=0 supported=1 waypoint=3
[33m -- [MISSION] Pub goal to  24 -22 1.5[0m
[33m	 cur odom dis = 44.617
[INFO] [1791274718.259667284] [waypoint_mission]: [MISSION_GOAL_IDENTITY] stamp_ns=1791274711200366584 new_intent=0 new_identity=0 supported=1 waypoint=3
[33m -- [MISSION] Pub goal to  24 -22 1.5[0m
[33m	 cur odom dis = 38.0714
[INFO] [1791274719.269700097] [waypoint_mission]: [MISSION_GOAL_IDENTITY] stamp_ns=1791274711200366584 new_intent=0 new_identity=0 supported=1 waypoint=3
[33m -- [MISSION] Pub goal to  24 -22 1.5[0m
[33m	 cur odom dis = 32.4972
[INFO] [1791274720.279615495] [waypoint_mission]: [MISSION_GOAL_IDENTITY] stamp_ns=1791274711200366584 new_intent=0 new_identity=0 supported=1 waypoint=3
[33m -- [MISSION] Pub goal to  24 -22 1.5[0m
[33m	 cur odom dis = 31.3403
[INFO] [1791274721.289395701] [waypoint_mission]: [MISSION_GOAL_IDENTITY] stamp_ns=1791274711200366584 new_intent=0 new_identity=0 supported=1 waypoint=3
[33m -- [MISSION] Pub goal to  24 -22 1.5[0m
[33m	 cur odom dis = 26.7079
[INFO] [1791274722.299251898] [waypoint_mission]: [MISSION_GOAL_IDENTITY] stamp_ns=1791274711200366584 new_intent=0 new_identity=0 supported=1 waypoint=3
[33m -- [MISSION] Pub goal to  24 -22 1.5[0m
[33m	 cur odom dis = 20.2897
[INFO] [1791274723.299292982] [waypoint_mission]: [MISSION_GOAL_IDENTITY] stamp_ns=1791274711200366584 new_intent=0 new_identity=0 supported=1 waypoint=3
[33m -- [MISSION] Pub goal to  24 -22 1.5[0m
[33m	 cur odom dis = 13.4719
[INFO] [1791274724.309122867] [waypoint_mission]: [MISSION_GOAL_IDENTITY] stamp_ns=1791274711200366584 new_intent=0 new_identity=0 supported=1 waypoint=3
[33m -- [MISSION] Pub goal to  24 -22 1.5[0m
[33m	 cur odom dis = 6.51273
[31m -- [MISSION] Close to goal {}, switch to next.[0m
[INFO] [1791274725.049139329] [waypoint_mission]: [MISSION_GOAL_IDENTITY] stamp_ns=1791274725049134910 new_intent=1 new_identity=1 supported=1 waypoint=4
[33m -- [MISSION] Pub goal to   0   0 1.5[0m
[33m	 cur odom dis = 32.1682
[INFO] [1791274726.058913689] [waypoint_mission]: [MISSION_GOAL_IDENTITY] stamp_ns=1791274725049134910 new_intent=0 new_identity=0 supported=1 waypoint=4
[33m -- [MISSION] Pub goal to   0   0 1.5[0m
[33m	 cur odom dis = 32.2263
[INFO] [1791274727.068804099] [waypoint_mission]: [MISSION_GOAL_IDENTITY] stamp_ns=1791274725049134910 new_intent=0 new_identity=0 supported=1 waypoint=4
[33m -- [MISSION] Pub goal to   0   0 1.5[0m
[33m	 cur odom dis = 32.2263
[INFO] [1791274728.078712649] [waypoint_mission]: [MISSION_GOAL_IDENTITY] stamp_ns=1791274725049134910 new_intent=0 new_identity=0 supported=1 waypoint=4
[33m -- [MISSION] Pub goal to   0   0 1.5[0m
[33m	 cur odom dis = 32.2263
[INFO] [1791274729.088598303] [waypoint_mission]: [MISSION_GOAL_IDENTITY] stamp_ns=1791274725049134910 new_intent=0 new_identity=0 supported=1 waypoint=4
[33m -- [MISSION] Pub goal to   0   0 1.5[0m
[33m	 cur odom dis = 32.2263
[INFO] [1791274730.098547214] [waypoint_mission]: [MISSION_GOAL_IDENTITY] stamp_ns=1791274725049134910 new_intent=0 new_identity=0 supported=1 waypoint=4
[33m -- [MISSION] Pub goal to   0   0 1.5[0m
[33m	 cur odom dis = 32.2263
[INFO] [1791274731.108342441] [waypoint_mission]: [MISSION_GOAL_IDENTITY] stamp_ns=1791274725049134910 new_intent=0 new_identity=0 supported=1 waypoint=4
[33m -- [MISSION] Pub goal to   0   0 1.5[0m
[33m	 cur odom dis = 32.2263
[INFO] [1791274732.118277944] [waypoint_mission]: [MISSION_GOAL_IDENTITY] stamp_ns=1791274725049134910 new_intent=0 new_identity=0 supported=1 waypoint=4
[33m -- [MISSION] Pub goal to   0   0 1.5[0m
[33m	 cur odom dis = 31.4917
[INFO] [1791274733.118292574] [waypoint_mission]: [MISSION_GOAL_IDENTITY] stamp_ns=1791274725049134910 new_intent=0 new_identity=0 supported=1 waypoint=4
[33m -- [MISSION] Pub goal to   0   0 1.5[0m
[33m	 cur odom dis = 26.3181
[INFO] [1791274734.128222037] [waypoint_mission]: [MISSION_GOAL_IDENTITY] stamp_ns=1791274725049134910 new_intent=0 new_identity=0 supported=1 waypoint=4
[33m -- [MISSION] Pub goal to   0   0 1.5[0m
[33m	 cur odom dis = 24.8842
[INFO] [1791274735.138000805] [waypoint_mission]: [MISSION_GOAL_IDENTITY] stamp_ns=1791274725049134910 new_intent=0 new_identity=0 supported=1 waypoint=4
[33m -- [MISSION] Pub goal to   0   0 1.5[0m
[33m	 cur odom dis = 22.9225
[INFO] [1791274736.147955509] [waypoint_mission]: [MISSION_GOAL_IDENTITY] stamp_ns=1791274725049134910 new_intent=0 new_identity=0 supported=1 waypoint=4
[33m -- [MISSION] Pub goal to   0   0 1.5[0m
[33m	 cur odom dis = 22.9217
[INFO] [1791274737.157952442] [waypoint_mission]: [MISSION_GOAL_IDENTITY] stamp_ns=1791274725049134910 new_intent=0 new_identity=0 supported=1 waypoint=4
[33m -- [MISSION] Pub goal to   0   0 1.5[0m
[33m	 cur odom dis = 18.3859
[INFO] [1791274738.167691833] [waypoint_mission]: [MISSION_GOAL_IDENTITY] stamp_ns=1791274725049134910 new_intent=0 new_identity=0 supported=1 waypoint=4
[33m -- [MISSION] Pub goal to   0   0 1.5[0m
[33m	 cur odom dis = 11.5397
[INFO] [1791274739.177613688] [waypoint_mission]: [MISSION_GOAL_IDENTITY] stamp_ns=1791274725049134910 new_intent=0 new_identity=0 supported=1 waypoint=4
[33m -- [MISSION] Pub goal to   0   0 1.5[0m
[33m	 cur odom dis = 4.55784
[31m -- [MISSION] Close to goal {}, switch to next.[0m
