START standalone_reader-first_attempt1
FINISH {'name': 'standalone_reader-first_attempt1', 'returncode': 0}
START standalone_late_attempt1
FINISH {'name': 'standalone_late_attempt1', 'returncode': 0}
START full_reader-first_attempt1
FINISH {'name': 'full_reader-first_attempt1', 'returncode': 0}
START full_late_attempt1
FINISH {'name': 'full_late_attempt1', 'returncode': 0}
START adaptive_reader-first_attempt1
FINISH {'name': 'adaptive_reader-first_attempt1', 'returncode': 0}
START adaptive_late_attempt1
FINISH {'name': 'adaptive_late_attempt1', 'returncode': 0}
START actual_rviz_attempt1
FINISH {'name': 'actual_rviz_attempt1', 'returncode': 0}
START acceptance
FINISH {'name': 'acceptance', 'returncode': 0}
START diagnostic_1
FINISH {'name': 'diagnostic_1', 'returncode': 0}
START diagnostic_2
FINISH {'name': 'diagnostic_2', 'returncode': 0}
START diagnostic_3
FINISH {'name': 'diagnostic_3', 'returncode': 0}
