{
  "checks": {
    "actual_rviz_late_reconnect": true,
    "binding:binary_adaptive": true,
    "binding:binary_full": true,
    "binding:binary_standalone": true,
    "binding:installed_view_benchmark": true,
    "binding:installed_view_fpv": true,
    "binding:installed_view_launcher": true,
    "binding:installed_view_top_down": true,
    "binding:installed_view_watch_sector": true,
    "binding:runtime_durable_policy": true,
    "binding:runtime_latched_policy": true,
    "binding:runtime_model": true,
    "binding:runtime_view_benchmark": true,
    "binding:runtime_view_fpv": true,
    "binding:runtime_view_launcher": true,
    "binding:runtime_view_top_down": true,
    "binding:runtime_view_watch_sector": true,
    "binding:seed1_config": true,
    "binding:seed1_pcd": true,
    "binding_inventory": true,
    "expected_geometry": true,
    "installed_matches_source:benchmark": true,
    "installed_matches_source:fpv": true,
    "installed_matches_source:launcher": true,
    "installed_matches_source:top_down": true,
    "installed_matches_source:watch_sector": true,
    "map": true,
    "schema": true,
    "six_transport_cases": true,
    "transport:0": true,
    "transport:1": true,
    "transport:2": true,
    "transport:3": true,
    "transport:4": true,
    "transport:5": true,
    "transport_case_coverage": true
  },
  "errors": [],
  "evidence_sha256": {
    "/root/super-sector-filter/results/c22_normal_five_20260916/iteration02/static_preflight/seed1/actual_rviz/late.json": "903c109f5c4e445f0e8dc693df2f6d6200c7c75f32b852d869215f5718af2015",
    "/root/super-sector-filter/results/c22_normal_five_20260916/iteration02/static_preflight/seed1/actual_rviz/late.log": "e742cdb3a2773de6677ddce068675d85dccfed3590be0fdd4b3bb748d184596b",
    "/root/super-sector-filter/results/c22_normal_five_20260916/iteration02/static_preflight/seed1/actual_rviz/late.png": "15df47d5b9cca2f71978275f98fc93b83890238f5680c049a37831bfd0dbb18d",
    "/root/super-sector-filter/results/c22_normal_five_20260916/iteration02/static_preflight/seed1/actual_rviz/reconnected.json": "29b407defb51cc5a53734ac2f89bb8f8ae8b390508d7d36e950ffe5084f4f89a",
    "/root/super-sector-filter/results/c22_normal_five_20260916/iteration02/static_preflight/seed1/actual_rviz/reconnected.log": "7f80188401e40c8b444d5294b818aaa7f1fdb3e3064461203116b28edf0577ca",
    "/root/super-sector-filter/results/c22_normal_five_20260916/iteration02/static_preflight/seed1/actual_rviz/reconnected.png": "d8512af0dba6c423b8a852980e5ff5f5fe6397185591b692800bdf711a0d543b",
    "/root/super-sector-filter/results/c22_normal_five_20260916/iteration02/static_preflight/seed1/actual_rviz/result.json": "c488541f3cc4b1cd0c07e01edb3edf1c2096c7420c457030ad1e1822b15153fa",
    "/root/super-sector-filter/results/c22_normal_five_20260916/iteration02/static_preflight/seed1/actual_rviz/simulator.log": "268666a8334f62a0ed43f6c7cbd3f46262e3d8579a247461a4d84a48780f0e73",
    "/root/super-sector-filter/results/c22_normal_five_20260916/iteration02/static_preflight/seed1/adaptive_late/result.json": "7091aa67fa294211c144e4531b2f04ea16a0a222094f0d963caa9e15f5aebda1",
    "/root/super-sector-filter/results/c22_normal_five_20260916/iteration02/static_preflight/seed1/adaptive_late/simulator.log": "4946da2914fff4d40fb76700c3fff686fea78895505f686a9ab3e7a8a6017e9c",
    "/root/super-sector-filter/results/c22_normal_five_20260916/iteration02/static_preflight/seed1/adaptive_reader-first/result.json": "be6bb7dd9b520835cbcd60a60e18f091fb013da7a6b2a4ce8f3da2d69330b49d",
    "/root/super-sector-filter/results/c22_normal_five_20260916/iteration02/static_preflight/seed1/adaptive_reader-first/simulator.log": "0fd6b595db695680e843feeb0e1e82af3d58ac6f3ede6b8c985ac5fe00cb0268",
    "/root/super-sector-filter/results/c22_normal_five_20260916/iteration02/static_preflight/seed1/full_late/result.json": "0d2b0d7e1a92baef04dcda1841a2e689c96976eb9c5bece47a518eecedccc230",
    "/root/super-sector-filter/results/c22_normal_five_20260916/iteration02/static_preflight/seed1/full_late/simulator.log": "25c9c1b9cef6b8815056eaeeb314042d379ca3dfd4d15e0963d68affd38db402",
    "/root/super-sector-filter/results/c22_normal_five_20260916/iteration02/static_preflight/seed1/full_reader-first/result.json": "6be2a84b2ffcff93ad8a9bdae4b06fc7d39cb213eb677d4324c09824e0f8b602",
    "/root/super-sector-filter/results/c22_normal_five_20260916/iteration02/static_preflight/seed1/full_reader-first/simulator.log": "4e1d1b2998b7b36b44789a9e2c863abc8fdefc7fdd57ab560a64c1ab48faf035",
    "/root/super-sector-filter/results/c22_normal_five_20260916/iteration02/static_preflight/seed1/standalone_late/result.json": "2688465c0cd929446092455c6f14a5a2e021134583d41a0951d4524ea34c6439",
    "/root/super-sector-filter/results/c22_normal_five_20260916/iteration02/static_preflight/seed1/standalone_late/simulator.log": "289a6da070c3092f8ebf938a45bf5f3ac096279d2538771bd7bb177792508efb",
    "/root/super-sector-filter/results/c22_normal_five_20260916/iteration02/static_preflight/seed1/standalone_reader-first/result.json": "92df1dcfe81c2258fa846426b01c53dbb25e7c6e9d49104d95d6bc5984ee851f",
    "/root/super-sector-filter/results/c22_normal_five_20260916/iteration02/static_preflight/seed1/standalone_reader-first/simulator.log": "7c3adda8c0fc7e7072028644c41eda04e96b831a3de8c6f7cacc2837d358d558"
  },
  "manifest_sha256": "4ff9c45da29eb5dc0b452747bcad9d08da27188e217cbb00bd4636aadc859f94",
  "runtime_sha256": {
    "binary_adaptive": "924e27f62e5d067df84b4a4dbf6c47114f0703f0de15af6ccefc0b1e1e974dcf",
    "binary_full": "20bfb253cda7186924d14ff889feb390d37a8ce8b7ef6d7a2f6c2296d72b54c4",
    "binary_standalone": "2907507a8932aeeb93fd48277c8e119308c45257c21d70749fd07d27e1e12e58",
    "installed_view_benchmark": "bf82601ba8c6123efb062800d1bb424f2848656589c4ab063fd9a0df9c556b38",
    "installed_view_fpv": "4d0468a17b9785b1404d2e2ba1d673bbb6f4b052c83145cc5b02e7e7311e2acc",
    "installed_view_launcher": "39c2edbb2068ad65b068c3c96c74c7f23263b9616b6a007e6d04a406bb1e9b43",
    "installed_view_top_down": "451ba3b7b4747059d0d0af96f4c11eb23ce3e015d602dca6b6475d028ae9a906",
    "installed_view_watch_sector": "8cc47c1f90244e77af709153372953690e0fc362b614935b77d2f6371b6a494a",
    "runtime_durable_policy": "8019947966077efb30d6769a9650c050fe48cbc1e6c79f7e4cb0787ab44d1a75",
    "runtime_latched_policy": "86c79423eef8a5460ed253d2291d886b5b03842e8f357ecbfebb5c195caeee6a",
    "runtime_model": "8f8f3dc03b70c4eda4f61cedbccfff91644270033de90b9ad8697c55382fd8c4",
    "runtime_view_benchmark": "bf82601ba8c6123efb062800d1bb424f2848656589c4ab063fd9a0df9c556b38",
    "runtime_view_fpv": "4d0468a17b9785b1404d2e2ba1d673bbb6f4b052c83145cc5b02e7e7311e2acc",
    "runtime_view_launcher": "39c2edbb2068ad65b068c3c96c74c7f23263b9616b6a007e6d04a406bb1e9b43",
    "runtime_view_top_down": "451ba3b7b4747059d0d0af96f4c11eb23ce3e015d602dca6b6475d028ae9a906",
    "runtime_view_watch_sector": "8cc47c1f90244e77af709153372953690e0fc362b614935b77d2f6371b6a494a",
    "seed1_config": "39a9c7de83e2ad197beb9f827a0c07d1d7193b4b3966134458b433ad62001d1c",
    "seed1_pcd": "7a9f832753fb0a23af8de6ca30245853e7f3c6ecf1ec00835712228ebe24b55c"
  },
  "schema": "static-latched-contract-v1",
  "scope": "No-flight transport and actual RViz reader migration; not flight/CPU/safety certification",
  "valid": true
}
