{
  "checks": {
    "actual_rviz_late_reconnect": true,
    "binding:binary_adaptive": true,
    "binding:binary_full": true,
    "binding:binary_standalone": true,
    "binding:installed_view_benchmark": true,
    "binding:installed_view_fpv": true,
    "binding:installed_view_launcher": true,
    "binding:installed_view_top_down": true,
    "binding:installed_view_watch_sector": true,
    "binding:runtime_durable_policy": true,
    "binding:runtime_latched_policy": true,
    "binding:runtime_model": true,
    "binding:runtime_view_benchmark": true,
    "binding:runtime_view_fpv": true,
    "binding:runtime_view_launcher": true,
    "binding:runtime_view_top_down": true,
    "binding:runtime_view_watch_sector": true,
    "binding:seed3_config": true,
    "binding:seed3_pcd": true,
    "binding_inventory": true,
    "expected_geometry": true,
    "installed_matches_source:benchmark": true,
    "installed_matches_source:fpv": true,
    "installed_matches_source:launcher": true,
    "installed_matches_source:top_down": true,
    "installed_matches_source:watch_sector": true,
    "map": true,
    "schema": true,
    "six_transport_cases": true,
    "transport:0": true,
    "transport:1": true,
    "transport:2": true,
    "transport:3": true,
    "transport:4": true,
    "transport:5": true,
    "transport_case_coverage": true
  },
  "errors": [],
  "evidence_sha256": {
    "/root/super-sector-filter/results/c22_normal_five_20260916/iteration02/static_preflight/seed3/actual_rviz/late.json": "e9472e049e9c7b73d64f9b31d90ed89b403540a69e68930acadbee67125fc3f3",
    "/root/super-sector-filter/results/c22_normal_five_20260916/iteration02/static_preflight/seed3/actual_rviz/late.log": "a672f7d4d3bfdf51cd5f494c7729fdd1d3efaf2073fd2b8c57c53388725c6aba",
    "/root/super-sector-filter/results/c22_normal_five_20260916/iteration02/static_preflight/seed3/actual_rviz/late.png": "0ea4f03e5c158559aa21af20e000317338459d607487330df7fdfba0d2da1fcd",
    "/root/super-sector-filter/results/c22_normal_five_20260916/iteration02/static_preflight/seed3/actual_rviz/reconnected.json": "d17d52d41c7d2524bd492fe296a4207523f097e5f1eced0e574b365ebc9fbc3a",
    "/root/super-sector-filter/results/c22_normal_five_20260916/iteration02/static_preflight/seed3/actual_rviz/reconnected.log": "c77158462c0212c893257a8cf044924b4cfa830a3f5f8937f9ead391a41f6853",
    "/root/super-sector-filter/results/c22_normal_five_20260916/iteration02/static_preflight/seed3/actual_rviz/reconnected.png": "74eaaeaa4d9d89e2aeaef5a3f50d07c7d95e142b7e618cc005697a03ff553c9c",
    "/root/super-sector-filter/results/c22_normal_five_20260916/iteration02/static_preflight/seed3/actual_rviz/result.json": "68b12a0da478a96453a32791a013fb57d56d083bfe781df34892db347e2df0e9",
    "/root/super-sector-filter/results/c22_normal_five_20260916/iteration02/static_preflight/seed3/actual_rviz/simulator.log": "41c70a3731bab234e74e9b58731efe31f5e65706916dd38d85d7eabe942d1f6c",
    "/root/super-sector-filter/results/c22_normal_five_20260916/iteration02/static_preflight/seed3/adaptive_late/result.json": "09dd941b3b35bb4d174c6cda4816981da1c1b3e34de60ba2f22f625041b0e3df",
    "/root/super-sector-filter/results/c22_normal_five_20260916/iteration02/static_preflight/seed3/adaptive_late/simulator.log": "e060597c707720b3cda124b881a5c630e4f42baa518186266a0575f84f0ac3a7",
    "/root/super-sector-filter/results/c22_normal_five_20260916/iteration02/static_preflight/seed3/adaptive_reader-first/result.json": "d6c116391a1c4fb1602a82557fae47fa0481910ad22ccbd32439c501ec5875ca",
    "/root/super-sector-filter/results/c22_normal_five_20260916/iteration02/static_preflight/seed3/adaptive_reader-first/simulator.log": "1cfeec1a85c88ebea4c529146e73c9e15c3494d11615845ec365fd70450c058d",
    "/root/super-sector-filter/results/c22_normal_five_20260916/iteration02/static_preflight/seed3/full_late/result.json": "686fb3b74e72b03a43e9803ed05cd0b979d4b8297e5e84c43265903a39383e86",
    "/root/super-sector-filter/results/c22_normal_five_20260916/iteration02/static_preflight/seed3/full_late/simulator.log": "d490375cf2975c7724b14674805705a7b40772748d5072924e3f4eb3f6de5b48",
    "/root/super-sector-filter/results/c22_normal_five_20260916/iteration02/static_preflight/seed3/full_reader-first/result.json": "964be0d452257163c60e0702756b92a9753b93628c5753b67de7e24e8f49b83a",
    "/root/super-sector-filter/results/c22_normal_five_20260916/iteration02/static_preflight/seed3/full_reader-first/simulator.log": "b08e81fae15a35632c665165c6b539a69b4d9c7d10b0816fde43942caf7efded",
    "/root/super-sector-filter/results/c22_normal_five_20260916/iteration02/static_preflight/seed3/standalone_late/result.json": "538d03e9ae3570fdbe04a29973a0b98cb78c536752da9a6313fb7f45317ad446",
    "/root/super-sector-filter/results/c22_normal_five_20260916/iteration02/static_preflight/seed3/standalone_late/simulator.log": "5d00421112a44532a513a27bd481b1eb75550afa6b369a6e3c98ffb89bbe8b3c",
    "/root/super-sector-filter/results/c22_normal_five_20260916/iteration02/static_preflight/seed3/standalone_reader-first/result.json": "6356142a9e3bf71e9041244af3b6d0aa8485a5903093b716acdbceef26b9318c",
    "/root/super-sector-filter/results/c22_normal_five_20260916/iteration02/static_preflight/seed3/standalone_reader-first/simulator.log": "c3ab64b96cc667afab451a958a323274ccf82128507668cfcceb2bc5ae2fa60c"
  },
  "manifest_sha256": "7a848285cc5857f002cf1de58dc8398ff1ea9d45779513454601cb5016062209",
  "runtime_sha256": {
    "binary_adaptive": "924e27f62e5d067df84b4a4dbf6c47114f0703f0de15af6ccefc0b1e1e974dcf",
    "binary_full": "20bfb253cda7186924d14ff889feb390d37a8ce8b7ef6d7a2f6c2296d72b54c4",
    "binary_standalone": "2907507a8932aeeb93fd48277c8e119308c45257c21d70749fd07d27e1e12e58",
    "installed_view_benchmark": "bf82601ba8c6123efb062800d1bb424f2848656589c4ab063fd9a0df9c556b38",
    "installed_view_fpv": "4d0468a17b9785b1404d2e2ba1d673bbb6f4b052c83145cc5b02e7e7311e2acc",
    "installed_view_launcher": "39c2edbb2068ad65b068c3c96c74c7f23263b9616b6a007e6d04a406bb1e9b43",
    "installed_view_top_down": "451ba3b7b4747059d0d0af96f4c11eb23ce3e015d602dca6b6475d028ae9a906",
    "installed_view_watch_sector": "8cc47c1f90244e77af709153372953690e0fc362b614935b77d2f6371b6a494a",
    "runtime_durable_policy": "8019947966077efb30d6769a9650c050fe48cbc1e6c79f7e4cb0787ab44d1a75",
    "runtime_latched_policy": "86c79423eef8a5460ed253d2291d886b5b03842e8f357ecbfebb5c195caeee6a",
    "runtime_model": "8f8f3dc03b70c4eda4f61cedbccfff91644270033de90b9ad8697c55382fd8c4",
    "runtime_view_benchmark": "bf82601ba8c6123efb062800d1bb424f2848656589c4ab063fd9a0df9c556b38",
    "runtime_view_fpv": "4d0468a17b9785b1404d2e2ba1d673bbb6f4b052c83145cc5b02e7e7311e2acc",
    "runtime_view_launcher": "39c2edbb2068ad65b068c3c96c74c7f23263b9616b6a007e6d04a406bb1e9b43",
    "runtime_view_top_down": "451ba3b7b4747059d0d0af96f4c11eb23ce3e015d602dca6b6475d028ae9a906",
    "runtime_view_watch_sector": "8cc47c1f90244e77af709153372953690e0fc362b614935b77d2f6371b6a494a",
    "seed3_config": "441ea73e21e01c179359cdef8742452faff9513ced36df832ee6361b6a12b243",
    "seed3_pcd": "be00f75aaf26d5e47a4b54605eb72e6daee8ce546cb1c6de9ad9ea47f77b9bb0"
  },
  "schema": "static-latched-contract-v1",
  "scope": "No-flight transport and actual RViz reader migration; not flight/CPU/safety certification",
  "valid": true
}
