{
  "valid": false,
  "command": [
    "/root/super_ws/install/perfect_drone_sim/lib/perfect_drone_sim/perfect_drone_node",
    "--ros-args",
    "-p",
    "config_name:=seed1.yaml"
  ],
  "ros_domain_id": "190",
  "no_fsm": true,
  "no_commands_published": true,
  "poll_ms": 1,
  "two_phase": false,
  "durable": true,
  "reader_qos": "legacy",
  "sequence": "late",
  "expected_sha256": "b3064409563b3d41cdc5f982a058b2df7a776627cae7cf367086176bccd6439f",
  "phases": [
    "bootstrap_without_subscribers"
  ],
  "publisher_actual_qos": {
    "reliability": "reliable",
    "durability": "transient_local",
    "history": "keep_last",
    "depth": 1
  },
  "offered_qos": {
    "reliability": 1,
    "durability": 1,
    "history": 3,
    "depth": 0
  },
  "graph_qos_verified": {
    "reliability": true,
    "durability": true,
    "history": false,
    "depth": false
  },
  "error": "timeout waiting for first persistent late subscriber",
  "clouds": {
    "first": [],
    "second": [],
    "reconnected": []
  },
  "elapsed_s": 11.199962337967008,
  "simulator_exit_code": 0,
  "exact_child_reaped": true
}
