{
  "valid": false,
  "command": [
    "/root/super_ws/install/perfect_drone_sim/lib/perfect_drone_sim/perfect_drone_node",
    "--ros-args",
    "-p",
    "config_name:=seed1.yaml"
  ],
  "ros_domain_id": "190",
  "no_fsm": true,
  "no_commands_published": true,
  "poll_ms": 1,
  "two_phase": false,
  "durable": true,
  "reader_qos": "legacy",
  "sequence": "reader-first",
  "expected_sha256": "b3064409563b3d41cdc5f982a058b2df7a776627cae7cf367086176bccd6439f",
  "phases": [
    "reader_first_static_geometry",
    "reader_first_waited_past_bootstrap_window"
  ],
  "publisher_actual_qos": {
    "reliability": "reliable",
    "durability": "transient_local",
    "history": "keep_last",
    "depth": 1
  },
  "offered_qos": {
    "reliability": 1,
    "durability": 1,
    "history": 3,
    "depth": 0
  },
  "graph_qos_verified": {
    "reliability": true,
    "durability": true,
    "history": false,
    "depth": false
  },
  "geometry_sha256": "b3064409563b3d41cdc5f982a058b2df7a776627cae7cf367086176bccd6439f",
  "geometry_layout": {
    "width": 241490,
    "height": 1,
    "point_step": 32,
    "row_step": 7727680,
    "is_bigendian": false,
    "is_dense": true,
    "fields": [
      {
        "name": "x",
        "offset": 0,
        "datatype": 7,
        "count": 1
      },
      {
        "name": "y",
        "offset": 4,
        "datatype": 7,
        "count": 1
      },
      {
        "name": "z",
        "offset": 8,
        "datatype": 7,
        "count": 1
      },
      {
        "name": "intensity",
        "offset": 16,
        "datatype": 7,
        "count": 1
      }
    ]
  },
  "geometry_validated_clouds": 8,
  "reader_first_geometry_valid": true,
  "reader_first_geometry_sha256": "b3064409563b3d41cdc5f982a058b2df7a776627cae7cf367086176bccd6439f",
  "error": "timeout waiting for second persistent subscriber",
  "clouds": {
    "first": [
      {
        "elapsed_s": 5.688522231997922,
        "points": 241490,
        "point_step": 32,
        "bytes": 7727680,
        "frame": "world",
        "sha256": "b3064409563b3d41cdc5f982a058b2df7a776627cae7cf367086176bccd6439f",
        "stamp_ns": 1789524891836707432
      },
      {
        "elapsed_s": 5.71904195996467,
        "points": 241490,
        "point_step": 32,
        "bytes": 7727680,
        "frame": "world",
        "sha256": "b3064409563b3d41cdc5f982a058b2df7a776627cae7cf367086176bccd6439f",
        "stamp_ns": 1789524891876843034
      },
      {
        "elapsed_s": 5.7269557600375265,
        "points": 241490,
        "point_step": 32,
        "bytes": 7727680,
        "frame": "world",
        "sha256": "b3064409563b3d41cdc5f982a058b2df7a776627cae7cf367086176bccd6439f",
        "stamp_ns": 1789524891881325244
      },
      {
        "elapsed_s": 5.736821903963573,
        "points": 241490,
        "point_step": 32,
        "bytes": 7727680,
        "frame": "world",
        "sha256": "b3064409563b3d41cdc5f982a058b2df7a776627cae7cf367086176bccd6439f",
        "stamp_ns": 1789524891898310480
      },
      {
        "elapsed_s": 5.743844604934566,
        "points": 241490,
        "point_step": 32,
        "bytes": 7727680,
        "frame": "world",
        "sha256": "b3064409563b3d41cdc5f982a058b2df7a776627cae7cf367086176bccd6439f",
        "stamp_ns": 1789524891902287923
      },
      {
        "elapsed_s": 5.750667409040034,
        "points": 241490,
        "point_step": 32,
        "bytes": 7727680,
        "frame": "world",
        "sha256": "b3064409563b3d41cdc5f982a058b2df7a776627cae7cf367086176bccd6439f",
        "stamp_ns": 1789524891910562876
      },
      {
        "elapsed_s": 5.757329994929023,
        "points": 241490,
        "point_step": 32,
        "bytes": 7727680,
        "frame": "world",
        "sha256": "b3064409563b3d41cdc5f982a058b2df7a776627cae7cf367086176bccd6439f",
        "stamp_ns": 1789524891915405482
      },
      {
        "elapsed_s": 5.763768475037068,
        "points": 241490,
        "point_step": 32,
        "bytes": 7727680,
        "frame": "world",
        "sha256": "b3064409563b3d41cdc5f982a058b2df7a776627cae7cf367086176bccd6439f",
        "stamp_ns": 1789524891921300008
      }
    ],
    "second": [],
    "reconnected": []
  },
  "elapsed_s": 16.242827591951936,
  "simulator_exit_code": 0,
  "exact_child_reaped": true
}
