[INFO] [1781165934.799621882] [g_fly]: home: (-0.00,0.03,-0.02) yaw=-6deg -> takeoff z=1.5
[INFO] [1781165935.775887322] [g_fly]: [climbing] pos=(0.00,0.02,-0.02)
[INFO] [1781165936.774740196] [g_fly]: [climbing] pos=(-0.00,0.01,-0.02)
[INFO] [1781165937.774800468] [g_fly]: [climbing] pos=(-0.01,0.01,-0.04)
[INFO] [1781165938.775410370] [g_fly]: [climbing] pos=(-0.01,0.02,-0.04)
[INFO] [1781165939.774809037] [g_fly]: [climbing] pos=(-0.01,0.03,-0.03)
[INFO] [1781165940.775594861] [g_fly]: [climbing] pos=(-0.02,0.02,-0.02)
[INFO] [1781165941.775286660] [g_fly]: [climbing] pos=(0.14,0.00,0.16)
[INFO] [1781165942.774744855] [g_fly]: [climbing] pos=(0.24,0.02,0.58)
[INFO] [1781165943.774803362] [g_fly]: [climbing] pos=(0.03,0.01,0.90)
[INFO] [1781165944.774548005] [g_fly]: [climbing] pos=(-0.07,0.02,1.10)
[INFO] [1781165945.774532087] [g_fly]: [climbing] pos=(-0.06,0.06,1.25)
[INFO] [1781165946.775241355] [g_fly]: [climbing] pos=(-0.05,0.05,1.34)
[INFO] [1781165947.775534271] [g_fly]: [climbing] pos=(-0.04,0.04,1.40)
[INFO] [1781165947.825310478] [g_fly]: *** HOVER reached at z=1.41 ***
[INFO] [1781165947.826468513] [g_fly]: *** GOAL sent: (12.0,0.0,1.5) ***
[INFO] [1781165948.775165253] [g_fly]: [to_goal] pos=(0.04,0.08,1.40) | goal_d=11.96
[INFO] [1781165949.774649394] [g_fly]: [to_goal] pos=(1.75,0.76,1.34) | goal_d=10.28
[INFO] [1781165950.774847960] [g_fly]: [to_goal] pos=(2.59,1.07,1.10) | goal_d=9.47
[INFO] [1781165951.774972206] [g_fly]: [to_goal] pos=(5.18,1.33,1.02) | goal_d=6.95
[INFO] [1781165952.775744437] [g_fly]: [to_goal] pos=(9.86,0.67,1.36) | goal_d=2.25
[INFO] [1781165953.325313368] [g_fly]: *** GOAL REACHED (d=0.50) ***
[INFO] [1781165953.774897570] [g_fly]: [done] pos=(12.13,0.06,1.46) | goal_d=0.14
[INFO] [1781165954.775172677] [g_fly]: [done] pos=(12.12,-0.27,1.47) | goal_d=0.29
[INFO] [1781165955.774829703] [g_fly]: [done] pos=(11.97,-0.27,1.47) | goal_d=0.27
[INFO] [1781165956.775126786] [g_fly]: [done] pos=(11.92,-0.09,1.49) | goal_d=0.12
[INFO] [1781165957.774891010] [g_fly]: [done] pos=(11.91,-0.00,1.49) | goal_d=0.09
[INFO] [1781165958.774787515] [g_fly]: [done] pos=(11.91,0.05,1.50) | goal_d=0.10
[INFO] [1781165959.775452297] [g_fly]: [done] pos=(11.92,0.07,1.50) | goal_d=0.11
[INFO] [1781165960.774613832] [g_fly]: [done] pos=(11.94,0.07,1.50) | goal_d=0.10
[INFO] [1781165961.774653929] [g_fly]: [done] pos=(11.95,0.04,1.50) | goal_d=0.07
[INFO] [1781165962.775439281] [g_fly]: [done] pos=(11.95,0.00,1.50) | goal_d=0.05
[INFO] [1781165963.774516002] [g_fly]: [done] pos=(11.95,0.01,1.50) | goal_d=0.05
[INFO] [1781165964.774592501] [g_fly]: [done] pos=(11.95,0.03,1.51) | goal_d=0.06
[INFO] [1781165965.776120525] [g_fly]: [done] pos=(11.96,0.02,1.51) | goal_d=0.04
[INFO] [1781165966.774864315] [g_fly]: [done] pos=(11.97,0.02,1.50) | goal_d=0.04
[INFO] [1781165967.775283719] [g_fly]: [done] pos=(11.98,0.02,1.50) | goal_d=0.03
[INFO] [1781165968.775309342] [g_fly]: [done] pos=(12.00,-0.00,1.49) | goal_d=0.00
[INFO] [1781165969.774597884] [g_fly]: [done] pos=(11.98,0.00,1.49) | goal_d=0.02
[INFO] [1781165970.775167816] [g_fly]: [done] pos=(11.99,0.02,1.50) | goal_d=0.02
[INFO] [1781165971.774540310] [g_fly]: [done] pos=(12.02,0.01,1.50) | goal_d=0.02
[INFO] [1781165972.775287344] [g_fly]: [done] pos=(12.02,-0.00,1.50) | goal_d=0.02
[INFO] [1781165973.774805782] [g_fly]: [done] pos=(12.01,-0.02,1.49) | goal_d=0.02
[INFO] [1781165974.775150529] [g_fly]: [done] pos=(12.01,-0.03,1.50) | goal_d=0.03
[INFO] [1781165975.774617836] [g_fly]: [done] pos=(12.01,0.00,1.50) | goal_d=0.01
[INFO] [1781165976.774836289] [g_fly]: [done] pos=(11.99,0.01,1.49) | goal_d=0.02
[INFO] [1781165977.774621732] [g_fly]: [done] pos=(11.98,-0.00,1.50) | goal_d=0.02
[INFO] [1781165978.775637308] [g_fly]: [done] pos=(11.97,0.02,1.51) | goal_d=0.03
[INFO] [1781165979.776040771] [g_fly]: [done] pos=(11.99,0.02,1.50) | goal_d=0.03
[INFO] [1781165980.775139479] [g_fly]: [done] pos=(11.98,0.03,1.50) | goal_d=0.04
[INFO] [1781165981.775049621] [g_fly]: [done] pos=(12.00,0.02,1.50) | goal_d=0.02
[INFO] [1781165982.774997047] [g_fly]: [done] pos=(12.01,0.02,1.51) | goal_d=0.02
[INFO] [1781165983.775921179] [g_fly]: [done] pos=(12.02,0.01,1.51) | goal_d=0.02
[INFO] [1781165984.776719589] [g_fly]: [done] pos=(12.00,-0.01,1.51) | goal_d=0.01
[INFO] [1781165985.775309821] [g_fly]: [done] pos=(12.00,-0.00,1.51) | goal_d=0.00
[INFO] [1781165986.775164258] [g_fly]: [done] pos=(12.02,-0.01,1.51) | goal_d=0.03
[INFO] [1781165987.776312317] [g_fly]: [done] pos=(12.00,-0.01,1.50) | goal_d=0.01
[INFO] [1781165988.775376965] [g_fly]: [done] pos=(11.97,0.01,1.49) | goal_d=0.04
[INFO] [1781165989.775107850] [g_fly]: [done] pos=(12.00,0.02,1.49) | goal_d=0.02
[INFO] [1781165990.774913520] [g_fly]: [done] pos=(12.01,0.00,1.50) | goal_d=0.02
[INFO] [1781165991.775175453] [g_fly]: [done] pos=(12.00,-0.01,1.49) | goal_d=0.01
[INFO] [1781165992.774944393] [g_fly]: [done] pos=(11.99,0.02,1.49) | goal_d=0.03
[INFO] [1781165993.775660612] [g_fly]: [done] pos=(12.00,0.02,1.50) | goal_d=0.02
[INFO] [1781165994.775282739] [g_fly]: [done] pos=(12.01,0.01,1.49) | goal_d=0.01
[INFO] [1781165995.775417555] [g_fly]: [done] pos=(12.02,-0.02,1.49) | goal_d=0.03
[INFO] [1781165996.775778909] [g_fly]: [done] pos=(11.99,-0.02,1.49) | goal_d=0.02
[INFO] [1781165997.775172873] [g_fly]: [done] pos=(11.97,-0.00,1.49) | goal_d=0.03
[INFO] [1781165998.774867843] [g_fly]: [done] pos=(12.00,0.00,1.51) | goal_d=0.00
[INFO] [1781165999.774756748] [g_fly]: [done] pos=(12.03,0.00,1.52) | goal_d=0.03
[INFO] [1781166000.775358337] [g_fly]: [done] pos=(12.02,-0.02,1.51) | goal_d=0.03
[INFO] [1781166001.775221775] [g_fly]: [done] pos=(12.03,0.00,1.50) | goal_d=0.03
[INFO] [1781166002.774726923] [g_fly]: [done] pos=(12.00,0.01,1.50) | goal_d=0.01
[INFO] [1781166003.774731464] [g_fly]: [done] pos=(11.98,-0.00,1.50) | goal_d=0.02
[INFO] [1781166004.775387989] [g_fly]: [done] pos=(11.98,-0.00,1.50) | goal_d=0.02
[INFO] [1781166005.775297613] [g_fly]: [done] pos=(12.02,-0.00,1.50) | goal_d=0.02
[INFO] [1781166006.775042774] [g_fly]: [done] pos=(12.01,-0.00,1.50) | goal_d=0.01
[INFO] [1781166007.774856511] [g_fly]: [done] pos=(11.98,0.00,1.50) | goal_d=0.02
[INFO] [1781166008.774738592] [g_fly]: [done] pos=(11.98,-0.00,1.50) | goal_d=0.02
[INFO] [1781166009.774984545] [g_fly]: [done] pos=(11.99,0.02,1.49) | goal_d=0.02
[INFO] [1781166010.774863209] [g_fly]: [done] pos=(11.99,-0.00,1.49) | goal_d=0.01
[INFO] [1781166011.774500077] [g_fly]: [done] pos=(12.01,-0.01,1.49) | goal_d=0.01
[INFO] [1781166012.774961517] [g_fly]: [done] pos=(12.01,0.03,1.50) | goal_d=0.03
[INFO] [1781166013.775039152] [g_fly]: [done] pos=(12.02,0.02,1.50) | goal_d=0.03
[INFO] [1781166014.774682302] [g_fly]: [done] pos=(12.00,-0.01,1.49) | goal_d=0.01
[INFO] [1781166015.774566281] [g_fly]: [done] pos=(11.98,-0.01,1.50) | goal_d=0.02
[INFO] [1781166016.775179320] [g_fly]: [done] pos=(11.99,-0.00,1.51) | goal_d=0.01
[INFO] [1781166017.775079077] [g_fly]: [done] pos=(11.99,-0.01,1.51) | goal_d=0.01
[INFO] [1781166018.775289505] [g_fly]: [done] pos=(11.98,0.01,1.49) | goal_d=0.02
[INFO] [1781166019.774594710] [g_fly]: [done] pos=(12.02,0.02,1.50) | goal_d=0.03
[INFO] [1781166020.774893363] [g_fly]: [done] pos=(12.02,0.02,1.50) | goal_d=0.03
[INFO] [1781166021.775259672] [g_fly]: [done] pos=(11.98,0.00,1.51) | goal_d=0.02
[INFO] [1781166022.775079871] [g_fly]: [done] pos=(11.98,0.00,1.51) | goal_d=0.02
[INFO] [1781166023.774740640] [g_fly]: [done] pos=(12.00,0.00,1.49) | goal_d=0.01
[INFO] [1781166024.774786553] [g_fly]: [done] pos=(12.01,0.03,1.49) | goal_d=0.03
[INFO] [1781166025.775193938] [g_fly]: [done] pos=(12.02,0.03,1.49) | goal_d=0.03
[INFO] [1781166026.774768854] [g_fly]: [done] pos=(12.01,0.01,1.51) | goal_d=0.02
[INFO] [1781166027.774830933] [g_fly]: [done] pos=(11.98,-0.01,1.51) | goal_d=0.02
[INFO] [1781166028.775062296] [g_fly]: [done] pos=(11.99,-0.01,1.51) | goal_d=0.02
[INFO] [1781166029.775444235] [g_fly]: [done] pos=(11.99,0.02,1.50) | goal_d=0.02
[INFO] [1781166030.774766436] [g_fly]: [done] pos=(12.02,0.01,1.50) | goal_d=0.02
[INFO] [1781166031.775316306] [g_fly]: [done] pos=(12.00,-0.01,1.50) | goal_d=0.01
[INFO] [1781166032.774890995] [g_fly]: [done] pos=(12.00,-0.02,1.50) | goal_d=0.02
[INFO] [1781166033.774894609] [g_fly]: [done] pos=(12.01,0.00,1.50) | goal_d=0.01
[INFO] [1781166034.774608894] [g_fly]: [done] pos=(12.02,-0.02,1.50) | goal_d=0.03
[INFO] [1781166035.774989207] [g_fly]: [done] pos=(12.02,-0.01,1.51) | goal_d=0.02
[INFO] [1781166036.774655452] [g_fly]: [done] pos=(11.99,0.02,1.50) | goal_d=0.02
[INFO] [1781166037.775099101] [g_fly]: [done] pos=(11.97,0.01,1.50) | goal_d=0.03
[INFO] [1781166038.774836251] [g_fly]: [done] pos=(11.98,0.01,1.49) | goal_d=0.02
[INFO] [1781166039.774622927] [g_fly]: [done] pos=(11.99,0.00,1.50) | goal_d=0.01
[INFO] [1781166040.774648435] [g_fly]: [done] pos=(11.99,-0.01,1.50) | goal_d=0.01
[INFO] [1781166041.774928386] [g_fly]: [done] pos=(12.00,-0.02,1.52) | goal_d=0.02
[INFO] [1781166042.774748116] [g_fly]: [done] pos=(12.03,0.01,1.50) | goal_d=0.03
[INFO] [1781166043.774706223] [g_fly]: [done] pos=(12.02,0.00,1.50) | goal_d=0.02
[INFO] [1781166044.774817887] [g_fly]: [done] pos=(11.99,0.01,1.50) | goal_d=0.02
[INFO] [1781166045.774659353] [g_fly]: [done] pos=(12.02,-0.03,1.50) | goal_d=0.03
[INFO] [1781166046.774932279] [g_fly]: [done] pos=(12.01,-0.02,1.49) | goal_d=0.03
[INFO] [1781166047.774854418] [g_fly]: [done] pos=(12.01,-0.01,1.49) | goal_d=0.02
[INFO] [1781166048.775515196] [g_fly]: [done] pos=(12.00,-0.02,1.50) | goal_d=0.02
[INFO] [1781166049.775507355] [g_fly]: [done] pos=(12.00,-0.02,1.49) | goal_d=0.02
[INFO] [1781166050.774849296] [g_fly]: [done] pos=(11.99,0.02,1.50) | goal_d=0.02
[INFO] [1781166051.774831925] [g_fly]: [done] pos=(11.99,0.02,1.50) | goal_d=0.02
[INFO] [1781166052.774632233] [g_fly]: [done] pos=(12.01,0.02,1.51) | goal_d=0.02
[INFO] [1781166053.775980829] [g_fly]: [done] pos=(12.00,-0.01,1.50) | goal_d=0.01
[INFO] [1781166054.774941330] [g_fly]: [done] pos=(11.99,-0.01,1.49) | goal_d=0.02
[INFO] [1781166055.775409791] [g_fly]: [done] pos=(11.99,0.00,1.49) | goal_d=0.01
[INFO] [1781166056.775765499] [g_fly]: [done] pos=(11.99,0.00,1.49) | goal_d=0.01
[INFO] [1781166057.775755370] [g_fly]: [done] pos=(12.02,0.01,1.50) | goal_d=0.02
[INFO] [1781166058.775338099] [g_fly]: [done] pos=(12.01,0.00,1.50) | goal_d=0.01
[INFO] [1781166059.775474598] [g_fly]: [done] pos=(11.99,-0.02,1.50) | goal_d=0.02
[INFO] [1781166060.774973708] [g_fly]: [done] pos=(12.02,-0.00,1.50) | goal_d=0.02
[INFO] [1781166061.775096121] [g_fly]: [done] pos=(12.02,0.01,1.50) | goal_d=0.02
[INFO] [1781166062.775044583] [g_fly]: [done] pos=(12.00,-0.01,1.49) | goal_d=0.01
[INFO] [1781166063.774836385] [g_fly]: [done] pos=(11.99,-0.00,1.49) | goal_d=0.01
[INFO] [1781166064.776074102] [g_fly]: [done] pos=(12.00,-0.01,1.49) | goal_d=0.01
[INFO] [1781166065.775090721] [g_fly]: [done] pos=(12.00,0.01,1.50) | goal_d=0.01
[INFO] [1781166066.774749468] [g_fly]: [done] pos=(12.00,0.01,1.50) | goal_d=0.01
[INFO] [1781166067.774671431] [g_fly]: [done] pos=(12.01,0.00,1.50) | goal_d=0.01
[INFO] [1781166068.774972746] [g_fly]: [done] pos=(12.02,-0.02,1.50) | goal_d=0.02
[INFO] [1781166069.774837157] [g_fly]: [done] pos=(12.01,-0.02,1.49) | goal_d=0.02
[INFO] [1781166070.775002324] [g_fly]: [done] pos=(12.00,0.01,1.50) | goal_d=0.01
[INFO] [1781166071.774916127] [g_fly]: [done] pos=(11.99,-0.00,1.51) | goal_d=0.01
[INFO] [1781166072.774819663] [g_fly]: [done] pos=(12.01,-0.01,1.50) | goal_d=0.01
[INFO] [1781166073.775021643] [g_fly]: [done] pos=(12.03,0.01,1.50) | goal_d=0.03
[INFO] [1781166074.775110953] [g_fly]: [done] pos=(12.00,0.01,1.50) | goal_d=0.01
[INFO] [1781166075.774642420] [g_fly]: [done] pos=(12.00,-0.00,1.51) | goal_d=0.00
[INFO] [1781166076.775234040] [g_fly]: [done] pos=(12.00,0.01,1.51) | goal_d=0.01
[INFO] [1781166077.774623584] [g_fly]: [done] pos=(12.01,-0.01,1.50) | goal_d=0.01
[INFO] [1781166078.774980431] [g_fly]: [done] pos=(12.02,-0.01,1.49) | goal_d=0.02
[INFO] [1781166079.774807922] [g_fly]: [done] pos=(12.00,0.01,1.49) | goal_d=0.01
[INFO] [1781166080.774450435] [g_fly]: [done] pos=(11.97,-0.01,1.50) | goal_d=0.03
[INFO] [1781166081.775384386] [g_fly]: [done] pos=(11.99,0.02,1.49) | goal_d=0.02
[INFO] [1781166082.776037786] [g_fly]: [done] pos=(12.00,0.01,1.50) | goal_d=0.01
[INFO] [1781166083.775428870] [g_fly]: [done] pos=(12.00,-0.01,1.50) | goal_d=0.01
[INFO] [1781166084.774798171] [g_fly]: [done] pos=(12.01,-0.00,1.49) | goal_d=0.01
[INFO] [1781166085.774941317] [g_fly]: [done] pos=(12.00,0.02,1.50) | goal_d=0.02
[INFO] [1781166086.774895875] [g_fly]: [done] pos=(12.01,0.02,1.50) | goal_d=0.03
[INFO] [1781166087.776002093] [g_fly]: [done] pos=(12.01,-0.02,1.50) | goal_d=0.02
[INFO] [1781166088.774657242] [g_fly]: [done] pos=(12.00,-0.02,1.50) | goal_d=0.02
[INFO] [1781166089.774631519] [g_fly]: [done] pos=(12.01,-0.00,1.49) | goal_d=0.01
[INFO] [1781166090.774790837] [g_fly]: [done] pos=(11.99,0.02,1.49) | goal_d=0.02
[INFO] [1781166091.775036674] [g_fly]: [done] pos=(11.99,0.03,1.49) | goal_d=0.03
[INFO] [1781166092.775019971] [g_fly]: [done] pos=(12.02,-0.00,1.50) | goal_d=0.02
[INFO] [1781166093.774681878] [g_fly]: [done] pos=(12.03,-0.01,1.51) | goal_d=0.03
[INFO] [1781166094.775131632] [g_fly]: [done] pos=(12.04,0.00,1.50) | goal_d=0.04
[INFO] [1781166095.775327872] [g_fly]: [done] pos=(12.01,-0.01,1.51) | goal_d=0.02
[INFO] [1781166096.774709247] [g_fly]: [done] pos=(11.98,0.00,1.51) | goal_d=0.02
[INFO] [1781166097.774662722] [g_fly]: [done] pos=(11.98,0.01,1.52) | goal_d=0.02
[INFO] [1781166098.774972262] [g_fly]: [done] pos=(11.99,0.04,1.51) | goal_d=0.04
[INFO] [1781166099.774805617] [g_fly]: [done] pos=(12.00,0.03,1.49) | goal_d=0.03
[INFO] [1781166100.775260378] [g_fly]: [done] pos=(11.99,-0.01,1.50) | goal_d=0.01
[INFO] [1781166101.774962564] [g_fly]: [done] pos=(11.99,-0.00,1.49) | goal_d=0.01
[INFO] [1781166102.774682900] [g_fly]: [done] pos=(12.00,-0.01,1.49) | goal_d=0.01
[INFO] [1781166103.775617788] [g_fly]: [done] pos=(12.00,0.01,1.51) | goal_d=0.01
[INFO] [1781166104.774931645] [g_fly]: [done] pos=(12.02,0.01,1.50) | goal_d=0.02
[INFO] [1781166105.774936729] [g_fly]: [done] pos=(12.02,-0.02,1.50) | goal_d=0.03
[INFO] [1781166106.775053014] [g_fly]: [done] pos=(12.01,-0.00,1.50) | goal_d=0.01
[INFO] [1781166107.775072677] [g_fly]: [done] pos=(12.00,0.02,1.51) | goal_d=0.02
[INFO] [1781166108.774977106] [g_fly]: [done] pos=(11.99,-0.00,1.51) | goal_d=0.01
[INFO] [1781166109.775098593] [g_fly]: [done] pos=(11.99,-0.01,1.50) | goal_d=0.02
[INFO] [1781166110.775330064] [g_fly]: [done] pos=(12.01,-0.01,1.50) | goal_d=0.02
[INFO] [1781166111.774854766] [g_fly]: [done] pos=(12.00,-0.01,1.50) | goal_d=0.01
[INFO] [1781166112.775384308] [g_fly]: [done] pos=(11.99,-0.01,1.50) | goal_d=0.01
[INFO] [1781166113.774876517] [g_fly]: [done] pos=(12.00,0.00,1.49) | goal_d=0.01
[INFO] [1781166114.774667461] [g_fly]: [done] pos=(12.00,0.00,1.50) | goal_d=0.00
[INFO] [1781166115.775094600] [g_fly]: [done] pos=(11.99,0.00,1.51) | goal_d=0.01
[INFO] [1781166116.775197495] [g_fly]: [done] pos=(12.00,0.03,1.51) | goal_d=0.03
[INFO] [1781166117.776054009] [g_fly]: [done] pos=(12.00,0.04,1.51) | goal_d=0.04
[INFO] [1781166118.775261758] [g_fly]: [done] pos=(11.98,0.01,1.50) | goal_d=0.03
[INFO] [1781166119.774687158] [g_fly]: [done] pos=(11.99,0.01,1.49) | goal_d=0.01
[INFO] [1781166120.775082726] [g_fly]: [done] pos=(11.99,-0.01,1.50) | goal_d=0.01
