Starting >>> super_planner
-- ROS version: HUMBLE
-- Found ament_cmake: 1.3.11 (/opt/ros/humble/share/ament_cmake/cmake)
-- Override CMake install command with custom implementation using symlinks instead of copying resources
-- Found rclcpp: 16.0.11 (/opt/ros/humble/share/rclcpp/cmake)
-- Found rosidl_generator_c: 3.1.6 (/opt/ros/humble/share/rosidl_generator_c/cmake)
-- Found rosidl_adapter: 3.1.6 (/opt/ros/humble/share/rosidl_adapter/cmake)
-- Found rosidl_generator_cpp: 3.1.6 (/opt/ros/humble/share/rosidl_generator_cpp/cmake)
-- Using all available rosidl_typesupport_c: rosidl_typesupport_fastrtps_c;rosidl_typesupport_introspection_c
-- Using all available rosidl_typesupport_cpp: rosidl_typesupport_fastrtps_cpp;rosidl_typesupport_introspection_cpp
-- Found rmw_implementation_cmake: 6.1.2 (/opt/ros/humble/share/rmw_implementation_cmake/cmake)
-- Found rmw_fastrtps_cpp: 6.2.7 (/opt/ros/humble/share/rmw_fastrtps_cpp/cmake)
-- Using RMW implementation 'rmw_fastrtps_cpp' as default
-- Found rog_map: 0.0.0 (/root/super_ws/install/rog_map/share/rog_map/cmake)
-- Found mars_quadrotor_msgs: 2.0.8 (/root/super_ws/install/mars_quadrotor_msgs/share/mars_quadrotor_msgs/cmake)
-- Found sensor_msgs: 4.9.0 (/opt/ros/humble/share/sensor_msgs/cmake)
-- Found tf2_ros: 0.25.12 (/opt/ros/humble/share/tf2_ros/cmake)
-- Found nav_msgs: 4.2.4 (/opt/ros/humble/share/nav_msgs/cmake)
-- Found visualization_msgs: 4.2.4 (/opt/ros/humble/share/visualization_msgs/cmake)
-- Eigen found (include: /usr/include/eigen3, version: 3.4.0)
-- FLANN found (include: /usr/include, lib: /usr/lib/x86_64-linux-gnu/libflann_cpp.so)
-- OpenNI found (version: 1.5.4.0, include: /usr/include/ni, lib: /usr/lib/libOpenNI.so;libusb::libusb)
-- OpenNI2 found (version: 2.2.0.33, include: /usr/include/openni2, lib: /usr/lib/x86_64-linux-gnu/libOpenNI2.so;libusb::libusb)
** WARNING ** io features related to pcap will be disabled
-- Eigen found (include: /usr/include/eigen3, version: 3.4.0)
-- OpenNI found (version: 1.5.4.0, include: /usr/include/ni, lib: /usr/lib/libOpenNI.so;libusb::libusb)
-- OpenNI2 found (version: 2.2.0.33, include: /usr/include/openni2, lib: /usr/lib/x86_64-linux-gnu/libOpenNI2.so;libusb::libusb)
-- Found Qhull version 8.0.2
-- OpenNI found (version: 1.5.4.0, include: /usr/include/ni, lib: /usr/lib/libOpenNI.so;libusb::libusb)
-- looking for PCL_COMMON
-- looking for PCL_KDTREE
-- looking for PCL_OCTREE
-- looking for PCL_SEARCH
-- looking for PCL_SAMPLE_CONSENSUS
-- looking for PCL_FILTERS
-- looking for PCL_2D
-- looking for PCL_GEOMETRY
-- looking for PCL_IO
-- looking for PCL_FEATURES
-- looking for PCL_ML
-- looking for PCL_SEGMENTATION
-- looking for PCL_VISUALIZATION
-- looking for PCL_SURFACE
-- looking for PCL_REGISTRATION
-- looking for PCL_KEYPOINTS
-- looking for PCL_TRACKING
-- looking for PCL_RECOGNITION
-- looking for PCL_STEREO
-- looking for PCL_APPS
-- looking for PCL_IN_HAND_SCANNER
-- looking for PCL_MODELER
-- looking for PCL_POINT_CLOUD_EDITOR
-- looking for PCL_OUTOFCORE
-- looking for PCL_PEOPLE
-- Found pcl_conversions: 2.4.5 (/opt/ros/humble/share/pcl_conversions/cmake)
-- Found mission_planner: 0.0.0 (/root/super_ws/install/mission_planner/share/mission_planner/cmake)
-- Found ament_cmake_gtest: 1.3.11 (/opt/ros/humble/share/ament_cmake_gtest/cmake)
-- Found gtest sources under '/opt/ros/humble/src/gtest_vendor': C++ tests using 'Google Test' will be built
-- Configuring done
-- Generating done
-- Build files have been written to: /root/super_ws/build/super_planner
Consolidate compiler generated dependencies of target super
[  2%] Building CXX object CMakeFiles/super.dir/src/super_core/fsm.cpp.o
[  5%] Linking CXX static library libsuper.a
[ 63%] Built target super
Consolidate compiler generated dependencies of target fsm_node
[ 65%] Building CXX object CMakeFiles/fsm_node.dir/Apps/fsm_node_ros2.cpp.o
[ 68%] Linking CXX executable fsm_node
[ 68%] Built target fsm_node
Consolidate compiler generated dependencies of target fsm_node_with_sector
[ 71%] Building CXX object CMakeFiles/fsm_node_with_sector.dir/Apps/fsm_node_with_sector_ros2.cpp.o
[ 73%] Linking CXX executable fsm_node_with_sector
[ 73%] Built target fsm_node_with_sector
Consolidate compiler generated dependencies of target gtest_main
[ 78%] Built target gtest_main
Consolidate compiler generated dependencies of target gtest
[ 84%] Built target gtest
Consolidate compiler generated dependencies of target command_publication_policy_test
[ 89%] Built target command_publication_policy_test
Consolidate compiler generated dependencies of target path_publication_policy_test
[ 94%] Built target path_publication_policy_test
Consolidate compiler generated dependencies of target brake_motion_estimate_policy_test
[100%] Built target brake_motion_estimate_policy_test
-- Install configuration: "Release"
-- Execute custom install script
-- Up-to-date symlink: /root/super_ws/install/super_planner/share/super_planner/environment/library_path.sh
-- Up-to-date symlink: /root/super_ws/install/super_planner/share/super_planner/environment/library_path.dsv
-- Up-to-date symlink: /root/super_ws/install/super_planner/include//cereal/access.hpp
-- Up-to-date symlink: /root/super_ws/install/super_planner/include//cereal/archives/adapters.hpp
-- Up-to-date symlink: /root/super_ws/install/super_planner/include//cereal/archives/binary.hpp
-- Up-to-date symlink: /root/super_ws/install/super_planner/include//cereal/archives/binary_file_handler.hpp
-- Up-to-date symlink: /root/super_ws/install/super_planner/include//cereal/archives/json.hpp
-- Up-to-date symlink: /root/super_ws/install/super_planner/include//cereal/archives/portable_binary.hpp
-- Up-to-date symlink: /root/super_ws/install/super_planner/include//cereal/archives/xml.hpp
-- Up-to-date symlink: /root/super_ws/install/super_planner/include//cereal/cereal.hpp
-- Up-to-date symlink: /root/super_ws/install/super_planner/include//cereal/details/helpers.hpp
-- Up-to-date symlink: /root/super_ws/install/super_planner/include//cereal/details/polymorphic_impl.hpp
-- Up-to-date symlink: /root/super_ws/install/super_planner/include//cereal/details/polymorphic_impl_fwd.hpp
-- Up-to-date symlink: /root/super_ws/install/super_planner/include//cereal/details/static_object.hpp
-- Up-to-date symlink: /root/super_ws/install/super_planner/include//cereal/details/traits.hpp
-- Up-to-date symlink: /root/super_ws/install/super_planner/include//cereal/details/util.hpp
-- Up-to-date symlink: /root/super_ws/install/super_planner/include//cereal/external/LICENSE
-- Up-to-date symlink: /root/super_ws/install/super_planner/include//cereal/external/base64.hpp
-- Up-to-date symlink: /root/super_ws/install/super_planner/include//cereal/external/rapidjson/LICENSE
-- Up-to-date symlink: /root/super_ws/install/super_planner/include//cereal/external/rapidjson/allocators.h
-- Up-to-date symlink: /root/super_ws/install/super_planner/include//cereal/external/rapidjson/cursorstreamwrapper.h
-- Up-to-date symlink: /root/super_ws/install/super_planner/include//cereal/external/rapidjson/document.h
-- Up-to-date symlink: /root/super_ws/install/super_planner/include//cereal/external/rapidjson/encodedstream.h
-- Up-to-date symlink: /root/super_ws/install/super_planner/include//cereal/external/rapidjson/encodings.h
-- Up-to-date symlink: /root/super_ws/install/super_planner/include//cereal/external/rapidjson/error/en.h
-- Up-to-date symlink: /root/super_ws/install/super_planner/include//cereal/external/rapidjson/error/error.h
-- Up-to-date symlink: /root/super_ws/install/super_planner/include//cereal/external/rapidjson/filereadstream.h
-- Up-to-date symlink: /root/super_ws/install/super_planner/include//cereal/external/rapidjson/filewritestream.h
-- Up-to-date symlink: /root/super_ws/install/super_planner/include//cereal/external/rapidjson/fwd.h
-- Up-to-date symlink: /root/super_ws/install/super_planner/include//cereal/external/rapidjson/internal/biginteger.h
-- Up-to-date symlink: /root/super_ws/install/super_planner/include//cereal/external/rapidjson/internal/diyfp.h
-- Up-to-date symlink: /root/super_ws/install/super_planner/include//cereal/external/rapidjson/internal/dtoa.h
-- Up-to-date symlink: /root/super_ws/install/super_planner/include//cereal/external/rapidjson/internal/ieee754.h
-- Up-to-date symlink: /root/super_ws/install/super_planner/include//cereal/external/rapidjson/internal/itoa.h
-- Up-to-date symlink: /root/super_ws/install/super_planner/include//cereal/external/rapidjson/internal/meta.h
-- Up-to-date symlink: /root/super_ws/install/super_planner/include//cereal/external/rapidjson/internal/pow10.h
-- Up-to-date symlink: /root/super_ws/install/super_planner/include//cereal/external/rapidjson/internal/regex.h
-- Up-to-date symlink: /root/super_ws/install/super_planner/include//cereal/external/rapidjson/internal/stack.h
-- Up-to-date symlink: /root/super_ws/install/super_planner/include//cereal/external/rapidjson/internal/strfunc.h
-- Up-to-date symlink: /root/super_ws/install/super_planner/include//cereal/external/rapidjson/internal/strtod.h
-- Up-to-date symlink: /root/super_ws/install/super_planner/include//cereal/external/rapidjson/internal/swap.h
-- Up-to-date symlink: /root/super_ws/install/super_planner/include//cereal/external/rapidjson/istreamwrapper.h
-- Up-to-date symlink: /root/super_ws/install/super_planner/include//cereal/external/rapidjson/memorybuffer.h
-- Up-to-date symlink: /root/super_ws/install/super_planner/include//cereal/external/rapidjson/memorystream.h
-- Up-to-date symlink: /root/super_ws/install/super_planner/include//cereal/external/rapidjson/msinttypes/LICENSE
-- Up-to-date symlink: /root/super_ws/install/super_planner/include//cereal/external/rapidjson/msinttypes/inttypes.h
-- Up-to-date symlink: /root/super_ws/install/super_planner/include//cereal/external/rapidjson/msinttypes/stdint.h
-- Up-to-date symlink: /root/super_ws/install/super_planner/include//cereal/external/rapidjson/ostreamwrapper.h
-- Up-to-date symlink: /root/super_ws/install/super_planner/include//cereal/external/rapidjson/pointer.h
-- Up-to-date symlink: /root/super_ws/install/super_planner/include//cereal/external/rapidjson/prettywriter.h
-- Up-to-date symlink: /root/super_ws/install/super_planner/include//cereal/external/rapidjson/rapidjson.h
-- Up-to-date symlink: /root/super_ws/install/super_planner/include//cereal/external/rapidjson/reader.h
-- Up-to-date symlink: /root/super_ws/install/super_planner/include//cereal/external/rapidjson/schema.h
-- Up-to-date symlink: /root/super_ws/install/super_planner/include//cereal/external/rapidjson/stream.h
-- Up-to-date symlink: /root/super_ws/install/super_planner/include//cereal/external/rapidjson/stringbuffer.h
-- Up-to-date symlink: /root/super_ws/install/super_planner/include//cereal/external/rapidjson/writer.h
-- Up-to-date symlink: /root/super_ws/install/super_planner/include//cereal/external/rapidxml/license.txt
-- Up-to-date symlink: /root/super_ws/install/super_planner/include//cereal/external/rapidxml/manual.html
-- Up-to-date symlink: /root/super_ws/install/super_planner/include//cereal/external/rapidxml/rapidxml.hpp
-- Up-to-date symlink: /root/super_ws/install/super_planner/include//cereal/external/rapidxml/rapidxml_iterators.hpp
-- Up-to-date symlink: /root/super_ws/install/super_planner/include//cereal/external/rapidxml/rapidxml_print.hpp
-- Up-to-date symlink: /root/super_ws/install/super_planner/include//cereal/external/rapidxml/rapidxml_utils.hpp
-- Up-to-date symlink: /root/super_ws/install/super_planner/include//cereal/macros.hpp
-- Up-to-date symlink: /root/super_ws/install/super_planner/include//cereal/specialize.hpp
-- Up-to-date symlink: /root/super_ws/install/super_planner/include//cereal/types/array.hpp
-- Up-to-date symlink: /root/super_ws/install/super_planner/include//cereal/types/atomic.hpp
-- Up-to-date symlink: /root/super_ws/install/super_planner/include//cereal/types/base_class.hpp
-- Up-to-date symlink: /root/super_ws/install/super_planner/include//cereal/types/bitset.hpp
-- Up-to-date symlink: /root/super_ws/install/super_planner/include//cereal/types/boost_variant.hpp
-- Up-to-date symlink: /root/super_ws/install/super_planner/include//cereal/types/chrono.hpp
-- Up-to-date symlink: /root/super_ws/install/super_planner/include//cereal/types/common.hpp
-- Up-to-date symlink: /root/super_ws/install/super_planner/include//cereal/types/complex.hpp
-- Up-to-date symlink: /root/super_ws/install/super_planner/include//cereal/types/concepts/pair_associative_container.hpp
-- Up-to-date symlink: /root/super_ws/install/super_planner/include//cereal/types/deque.hpp
-- Up-to-date symlink: /root/super_ws/install/super_planner/include//cereal/types/eigen.hpp
-- Up-to-date symlink: /root/super_ws/install/super_planner/include//cereal/types/forward_list.hpp
-- Up-to-date symlink: /root/super_ws/install/super_planner/include//cereal/types/functional.hpp
-- Up-to-date symlink: /root/super_ws/install/super_planner/include//cereal/types/list.hpp
-- Up-to-date symlink: /root/super_ws/install/super_planner/include//cereal/types/map.hpp
-- Up-to-date symlink: /root/super_ws/install/super_planner/include//cereal/types/memory.hpp
-- Up-to-date symlink: /root/super_ws/install/super_planner/include//cereal/types/optional.hpp
-- Up-to-date symlink: /root/super_ws/install/super_planner/include//cereal/types/polymorphic.hpp
-- Up-to-date symlink: /root/super_ws/install/super_planner/include//cereal/types/queue.hpp
-- Up-to-date symlink: /root/super_ws/install/super_planner/include//cereal/types/set.hpp
-- Up-to-date symlink: /root/super_ws/install/super_planner/include//cereal/types/stack.hpp
-- Up-to-date symlink: /root/super_ws/install/super_planner/include//cereal/types/string.hpp
-- Up-to-date symlink: /root/super_ws/install/super_planner/include//cereal/types/tuple.hpp
-- Up-to-date symlink: /root/super_ws/install/super_planner/include//cereal/types/unordered_map.hpp
-- Up-to-date symlink: /root/super_ws/install/super_planner/include//cereal/types/unordered_set.hpp
-- Up-to-date symlink: /root/super_ws/install/super_planner/include//cereal/types/utility.hpp
-- Up-to-date symlink: /root/super_ws/install/super_planner/include//cereal/types/valarray.hpp
-- Up-to-date symlink: /root/super_ws/install/super_planner/include//cereal/types/variant.hpp
-- Up-to-date symlink: /root/super_ws/install/super_planner/include//cereal/types/vector.hpp
-- Up-to-date symlink: /root/super_ws/install/super_planner/include//cereal/version.hpp
-- Up-to-date symlink: /root/super_ws/install/super_planner/include//data_structure/backup_traj.h
-- Up-to-date symlink: /root/super_ws/install/super_planner/include//data_structure/base/ellipsoid.h
-- Up-to-date symlink: /root/super_ws/install/super_planner/include//data_structure/base/piece.h
-- Up-to-date symlink: /root/super_ws/install/super_planner/include//data_structure/base/polytope.h
-- Up-to-date symlink: /root/super_ws/install/super_planner/include//data_structure/base/trajectory.h
-- Up-to-date symlink: /root/super_ws/install/super_planner/include//data_structure/cmd_traj.h
-- Up-to-date symlink: /root/super_ws/install/super_planner/include//data_structure/exp_traj.h
-- Up-to-date symlink: /root/super_ws/install/super_planner/include//fmt/args.h
-- Up-to-date symlink: /root/super_ws/install/super_planner/include//fmt/chrono.h
-- Up-to-date symlink: /root/super_ws/install/super_planner/include//fmt/color.h
-- Up-to-date symlink: /root/super_ws/install/super_planner/include//fmt/compile.h
-- Up-to-date symlink: /root/super_ws/install/super_planner/include//fmt/core.h
-- Up-to-date symlink: /root/super_ws/install/super_planner/include//fmt/format-inl.h
-- Up-to-date symlink: /root/super_ws/install/super_planner/include//fmt/format.h
-- Up-to-date symlink: /root/super_ws/install/super_planner/include//fmt/os.h
-- Up-to-date symlink: /root/super_ws/install/super_planner/include//fmt/ostream.h
-- Up-to-date symlink: /root/super_ws/install/super_planner/include//fmt/printf.h
-- Up-to-date symlink: /root/super_ws/install/super_planner/include//fmt/ranges.h
-- Up-to-date symlink: /root/super_ws/install/super_planner/include//fmt/std.h
-- Up-to-date symlink: /root/super_ws/install/super_planner/include//fmt/xchar.h
-- Up-to-date symlink: /root/super_ws/install/super_planner/include//fsm/brake_motion_estimate_policy.hpp
-- Up-to-date symlink: /root/super_ws/install/super_planner/include//fsm/command_publication_policy.hpp
-- Up-to-date symlink: /root/super_ws/install/super_planner/include//fsm/config.hpp
-- Up-to-date symlink: /root/super_ws/install/super_planner/include//fsm/fsm.h
-- Symlinking: /root/super_ws/install/super_planner/include//fsm/goal_retransmit_policy.hpp
-- Up-to-date symlink: /root/super_ws/install/super_planner/include//fsm/path_publication_policy.hpp
-- Up-to-date symlink: /root/super_ws/install/super_planner/include//fsm/startup_recovery_completion_policy.hpp
-- Up-to-date symlink: /root/super_ws/install/super_planner/include//path_search/astar.h
-- Up-to-date symlink: /root/super_ws/install/super_planner/include//path_search/config.hpp
-- Up-to-date symlink: /root/super_ws/install/super_planner/include//ros_interface/ros1/fsm_ros1.hpp
-- Up-to-date symlink: /root/super_ws/install/super_planner/include//ros_interface/ros1/ros1_adapter.hpp
-- Up-to-date symlink: /root/super_ws/install/super_planner/include//ros_interface/ros1/ros1_interface.hpp
-- Up-to-date symlink: /root/super_ws/install/super_planner/include//ros_interface/ros2/fsm_ros2.hpp
-- Up-to-date symlink: /root/super_ws/install/super_planner/include//ros_interface/ros2/ros2_adapter.hpp
-- Up-to-date symlink: /root/super_ws/install/super_planner/include//ros_interface/ros2/ros2_interface.hpp
-- Up-to-date symlink: /root/super_ws/install/super_planner/include//ros_interface/ros_interface.hpp
-- Up-to-date symlink: /root/super_ws/install/super_planner/include//super_core/ciri.h
-- Up-to-date symlink: /root/super_ws/install/super_planner/include//super_core/config.hpp
-- Up-to-date symlink: /root/super_ws/install/super_planner/include//super_core/corridor_generator.h
-- Up-to-date symlink: /root/super_ws/install/super_planner/include//super_core/demand_replan_policy.hpp
-- Up-to-date symlink: /root/super_ws/install/super_planner/include//super_core/fov_checker.h
-- Up-to-date symlink: /root/super_ws/install/super_planner/include//super_core/log_utils.hpp
-- Up-to-date symlink: /root/super_ws/install/super_planner/include//super_core/super_planner.h
-- Up-to-date symlink: /root/super_ws/install/super_planner/include//super_core/super_ret_code.hpp
-- Up-to-date symlink: /root/super_ws/install/super_planner/include//traj_opt/backup_traj_optimizer_s4.h
-- Up-to-date symlink: /root/super_ws/install/super_planner/include//traj_opt/config.hpp
-- Up-to-date symlink: /root/super_ws/install/super_planner/include//traj_opt/exp_traj_optimizer_s4.h
-- Up-to-date symlink: /root/super_ws/install/super_planner/include//traj_opt/minco.h
-- Up-to-date symlink: /root/super_ws/install/super_planner/include//traj_opt/passage_centering.hpp
-- Up-to-date symlink: /root/super_ws/install/super_planner/include//traj_opt/yaw_traj_opt.h
-- Up-to-date symlink: /root/super_ws/install/super_planner/include//utils/geometry/geometry_utils.h
-- Up-to-date symlink: /root/super_ws/install/super_planner/include//utils/geometry/quadrotor_flatness.hpp
-- Up-to-date symlink: /root/super_ws/install/super_planner/include//utils/geometry/quickhull.h
-- Up-to-date symlink: /root/super_ws/install/super_planner/include//utils/header/backward.hpp
-- Up-to-date symlink: /root/super_ws/install/super_planner/include//utils/header/color_msg_utils.hpp
-- Up-to-date symlink: /root/super_ws/install/super_planner/include//utils/header/color_text.hpp
-- Up-to-date symlink: /root/super_ws/install/super_planner/include//utils/header/eigen_alias.hpp
-- Up-to-date symlink: /root/super_ws/install/super_planner/include//utils/header/fmt_eigen.hpp
-- Up-to-date symlink: /root/super_ws/install/super_planner/include//utils/header/matplotlibcpp.hpp
-- Up-to-date symlink: /root/super_ws/install/super_planner/include//utils/header/optimizer_phase_memory.hpp
-- Up-to-date symlink: /root/super_ws/install/super_planner/include//utils/header/scope_timer.hpp
-- Up-to-date symlink: /root/super_ws/install/super_planner/include//utils/header/tinycolormap.hpp
-- Up-to-date symlink: /root/super_ws/install/super_planner/include//utils/header/type_utils.hpp
-- Up-to-date symlink: /root/super_ws/install/super_planner/include//utils/header/yaml_loader.hpp
-- Up-to-date symlink: /root/super_ws/install/super_planner/include//utils/optimization/banded_system.h
-- Up-to-date symlink: /root/super_ws/install/super_planner/include//utils/optimization/lbfgs.h
-- Up-to-date symlink: /root/super_ws/install/super_planner/include//utils/optimization/minco.h
-- Up-to-date symlink: /root/super_ws/install/super_planner/include//utils/optimization/mvie.h
-- Up-to-date symlink: /root/super_ws/install/super_planner/include//utils/optimization/optimization_utils.h
-- Up-to-date symlink: /root/super_ws/install/super_planner/include//utils/optimization/polynomial_interpolation.h
-- Up-to-date symlink: /root/super_ws/install/super_planner/include//utils/optimization/root_finder.h
-- Up-to-date symlink: /root/super_ws/install/super_planner/include//utils/optimization/sdlp.h
-- Up-to-date symlink: /root/super_ws/install/super_planner/include//utils/optimization/sdqp.hpp
-- Up-to-date symlink: /root/super_ws/install/super_planner/include//utils/optimization/waypoint_trajectory_optimizer.h
-- Up-to-date symlink: /root/super_ws/install/super_planner/share/super_planner//launch/rviz.launch
-- Up-to-date symlink: /root/super_ws/install/super_planner/share/super_planner//config/click_smooth_ros1.yaml
-- Up-to-date symlink: /root/super_ws/install/super_planner/share/super_planner//config/click_smooth_ros2.yaml
-- Up-to-date symlink: /root/super_ws/install/super_planner/share/super_planner//config/static_dense.yaml
-- Up-to-date symlink: /root/super_ws/install/super_planner/share/super_planner//config/static_gazebo.yaml
-- Up-to-date symlink: /root/super_ws/install/super_planner/share/super_planner//config/static_high_speed.yaml
-- Up-to-date symlink: /root/super_ws/install/super_planner/share/super_planner//config/static_recovery.yaml
-- Up-to-date symlink: /root/super_ws/install/super_planner/share/super_planner//config/static_recovery_viz.yaml
-- Up-to-date symlink: /root/super_ws/install/super_planner/share/super_planner//config/static_reference.yaml
-- Up-to-date symlink: /root/super_ws/install/super_planner/share/super_planner//config/static_reference_raw.yaml
-- Up-to-date symlink: /root/super_ws/install/super_planner/share/super_planner//config/static_reference_raw_guarded.yaml
-- Up-to-date symlink: /root/super_ws/install/super_planner/share/super_planner//config/static_reference_raw_guarded_margin.yaml
-- Up-to-date symlink: /root/super_ws/install/super_planner/share/super_planner//config/static_reference_raw_guarded_scheduled.yaml
-- Up-to-date symlink: /root/super_ws/install/super_planner/share/super_planner//config/static_reference_raw_guarded_slow.yaml
-- Up-to-date symlink: /root/super_ws/install/super_planner/share/super_planner//config/static_reference_raw_guarded_v2.yaml
-- Up-to-date symlink: /root/super_ws/install/super_planner/share/super_planner//config/static_reference_raw_guarded_v2_aligned.yaml
-- Up-to-date symlink: /root/super_ws/install/super_planner/share/super_planner//config/static_reference_raw_guarded_v2_corridor.yaml
-- Up-to-date symlink: /root/super_ws/install/super_planner/share/super_planner//config/static_reference_raw_guarded_v2_reso.yaml
-- Up-to-date symlink: /root/super_ws/install/super_planner/share/super_planner//config/static_reference_raw_guarded_v2_scheduled.yaml
-- Up-to-date symlink: /root/super_ws/install/super_planner/share/super_planner//config/static_reference_raw_quiet.yaml
-- Up-to-date symlink: /root/super_ws/install/super_planner/share/super_planner//config/static_reference_raw_ready.yaml
-- Up-to-date symlink: /root/super_ws/install/super_planner/share/super_planner//config/static_reference_raw_v1.yaml
-- Up-to-date symlink: /root/super_ws/install/super_planner/share/super_planner//config/static_reference_raw_v10.yaml
-- Up-to-date symlink: /root/super_ws/install/super_planner/share/super_planner//config/static_reference_raw_v14.yaml
-- Up-to-date symlink: /root/super_ws/install/super_planner/share/super_planner//config/static_reference_raw_v18.yaml
-- Up-to-date symlink: /root/super_ws/install/super_planner/share/super_planner//config/static_reference_raw_v4.yaml
-- Up-to-date symlink: /root/super_ws/install/super_planner/share/super_planner//config/static_reference_raw_v7.yaml
-- Up-to-date symlink: /root/super_ws/install/super_planner/share/super_planner//config/static_seedmaps.yaml
-- Up-to-date symlink: /root/super_ws/install/super_planner/share/super_planner//config/static_seedmaps_bound06_v10.yaml
-- Up-to-date symlink: /root/super_ws/install/super_planner/share/super_planner//config/static_seedmaps_boundhalf_v10.yaml
-- Up-to-date symlink: /root/super_ws/install/super_planner/share/super_planner//config/static_seedmaps_clrpenalty_prefmargin_v10.yaml
-- Up-to-date symlink: /root/super_ws/install/super_planner/share/super_planner//config/static_seedmaps_clrpenalty_skip1_v10.yaml
-- Up-to-date symlink: /root/super_ws/install/super_planner/share/super_planner//config/static_seedmaps_clrpenalty_v10.yaml
-- Up-to-date symlink: /root/super_ws/install/super_planner/share/super_planner//config/static_seedmaps_debugviz.yaml
-- Up-to-date symlink: /root/super_ws/install/super_planner/share/super_planner//config/static_seedmaps_guard_reroute_v7.yaml
-- Up-to-date symlink: /root/super_ws/install/super_planner/share/super_planner//config/static_seedmaps_guard_v10.yaml
-- Up-to-date symlink: /root/super_ws/install/super_planner/share/super_planner//config/static_seedmaps_guard_v4.yaml
-- Up-to-date symlink: /root/super_ws/install/super_planner/share/super_planner//config/static_seedmaps_guard_v7.yaml
-- Up-to-date symlink: /root/super_ws/install/super_planner/share/super_planner//config/static_seedmaps_guard_viability_tight_h08_v7.yaml
-- Up-to-date symlink: /root/super_ws/install/super_planner/share/super_planner//config/static_seedmaps_guard_viability_tight_v7.yaml
-- Up-to-date symlink: /root/super_ws/install/super_planner/share/super_planner//config/static_seedmaps_guard_viability_tight_v7_cirishadow.yaml
-- Up-to-date symlink: /root/super_ws/install/super_planner/share/super_planner//config/static_seedmaps_guard_viability_tight_v7_event_recovery_v1.yaml
-- Up-to-date symlink: /root/super_ws/install/super_planner/share/super_planner//config/static_seedmaps_guard_viability_tight_v7_filtered.yaml
-- Up-to-date symlink: /root/super_ws/install/super_planner/share/super_planner//config/static_seedmaps_guard_viability_tight_v7_filtered_reliable.yaml
-- Up-to-date symlink: /root/super_ws/install/super_planner/share/super_planner//config/static_seedmaps_guard_viability_tight_v7_filtered_reliable_nearfield_enforce.yaml
-- Up-to-date symlink: /root/super_ws/install/super_planner/share/super_planner//config/static_seedmaps_guard_viability_tight_v7_filtered_reliable_nearfield_witness_enforce.yaml
-- Up-to-date symlink: /root/super_ws/install/super_planner/share/super_planner//config/static_seedmaps_guard_viability_tight_v7_filtered_reliable_passage_center.yaml
-- Up-to-date symlink: /root/super_ws/install/super_planner/share/super_planner//config/static_seedmaps_guard_viability_tight_v7_filtered_reliable_replan_coalesce_bounded.yaml
-- Up-to-date symlink: /root/super_ws/install/super_planner/share/super_planner//config/static_seedmaps_guard_viability_tight_v7_frontend_risk_enforce.yaml
-- Up-to-date symlink: /root/super_ws/install/super_planner/share/super_planner//config/static_seedmaps_guard_viability_tight_v7_frontend_risk_shadow.yaml
-- Up-to-date symlink: /root/super_ws/install/super_planner/share/super_planner//config/static_seedmaps_guard_viability_tight_v7_nearfield_enforce.yaml
-- Up-to-date symlink: /root/super_ws/install/super_planner/share/super_planner//config/static_seedmaps_guard_viability_tight_v7_nearfield_enforce_egress.yaml
-- Up-to-date symlink: /root/super_ws/install/super_planner/share/super_planner//config/static_seedmaps_guard_viability_tight_v7_nearfield_enforce_entry.yaml
-- Up-to-date symlink: /root/super_ws/install/super_planner/share/super_planner//config/static_seedmaps_guard_viability_tight_v7_nearfieldshadow.yaml
-- Up-to-date symlink: /root/super_ws/install/super_planner/share/super_planner//config/static_seedmaps_guard_viability_tight_v7_nearfieldshadow_r040.yaml
-- Up-to-date symlink: /root/super_ws/install/super_planner/share/super_planner//config/static_seedmaps_guard_viability_tight_v7_nearfieldshadow_replay_entry.yaml
-- Up-to-date symlink: /root/super_ws/install/super_planner/share/super_planner//config/static_seedmaps_guard_viability_tight_v7_nounknown.yaml
-- Up-to-date symlink: /root/super_ws/install/super_planner/share/super_planner//config/static_seedmaps_guard_viability_tight_v7_passage_center.yaml
-- Up-to-date symlink: /root/super_ws/install/super_planner/share/super_planner//config/static_seedmaps_guard_viability_tight_v7_passage_log.yaml
-- Up-to-date symlink: /root/super_ws/install/super_planner/share/super_planner//config/static_seedmaps_guard_viability_tight_v7_rawclouddebug.yaml
-- Up-to-date symlink: /root/super_ws/install/super_planner/share/super_planner//config/static_seedmaps_guard_viability_tight_v7_replan_coalesce_bounded.yaml
-- Up-to-date symlink: /root/super_ws/install/super_planner/share/super_planner//config/static_seedmaps_guard_viability_v7.yaml
-- Up-to-date symlink: /root/super_ws/install/super_planner/share/super_planner//config/static_seedmaps_guard_viability_wide_v7.yaml
-- Up-to-date symlink: /root/super_ws/install/super_planner/share/super_planner//config/static_seedmaps_horizon14_v10.yaml
-- Up-to-date symlink: /root/super_ws/install/super_planner/share/super_planner//config/static_seedmaps_margin_v10.yaml
-- Up-to-date symlink: /root/super_ws/install/super_planner/share/super_planner//config/static_seedmaps_omgthr_v10.yaml
-- Up-to-date symlink: /root/super_ws/install/super_planner/share/super_planner//config/static_seedmaps_paper_base.yaml
-- Up-to-date symlink: /root/super_ws/install/super_planner/share/super_planner//config/static_seedmaps_paper_v1.yaml
-- Up-to-date symlink: /root/super_ws/install/super_planner/share/super_planner//config/static_seedmaps_paper_v10.yaml
-- Up-to-date symlink: /root/super_ws/install/super_planner/share/super_planner//config/static_seedmaps_paper_v14.yaml
-- Up-to-date symlink: /root/super_ws/install/super_planner/share/super_planner//config/static_seedmaps_paper_v18.yaml
-- Up-to-date symlink: /root/super_ws/install/super_planner/share/super_planner//config/static_seedmaps_paper_v4.yaml
-- Up-to-date symlink: /root/super_ws/install/super_planner/share/super_planner//config/static_seedmaps_paper_v7.yaml
-- Up-to-date symlink: /root/super_ws/install/super_planner/share/super_planner//config/static_seedmaps_prefmargin_v10.yaml
-- Up-to-date symlink: /root/super_ws/install/super_planner/share/super_planner//config/static_seedmaps_robotr_v10.yaml
-- Up-to-date symlink: /root/super_ws/install/super_planner/share/super_planner//config/static_seedmaps_shadow_v10.yaml
-- Up-to-date symlink: /root/super_ws/install/super_planner/share/super_planner//config/static_seedmaps_skip1_prefmargin_v10.yaml
-- Up-to-date symlink: /root/super_ws/install/super_planner/share/super_planner//config/static_seedmaps_skip1_v10.yaml
-- Up-to-date symlink: /root/super_ws/install/super_planner/share/super_planner//config/static_seedmaps_viz.yaml
-- Up-to-date symlink: /root/super_ws/install/super_planner/share/super_planner//config/static_upstream_raw.yaml
-- Up-to-date symlink: /root/super_ws/install/super_planner/share/ament_index/resource_index/package_run_dependencies/super_planner
-- Up-to-date symlink: /root/super_ws/install/super_planner/share/ament_index/resource_index/parent_prefix_path/super_planner
-- Up-to-date symlink: /root/super_ws/install/super_planner/share/super_planner/environment/ament_prefix_path.sh
-- Up-to-date symlink: /root/super_ws/install/super_planner/share/super_planner/environment/ament_prefix_path.dsv
-- Up-to-date symlink: /root/super_ws/install/super_planner/share/super_planner/environment/path.sh
-- Up-to-date symlink: /root/super_ws/install/super_planner/share/super_planner/environment/path.dsv
-- Up-to-date symlink: /root/super_ws/install/super_planner/share/super_planner/local_setup.bash
-- Up-to-date symlink: /root/super_ws/install/super_planner/share/super_planner/local_setup.sh
-- Up-to-date symlink: /root/super_ws/install/super_planner/share/super_planner/local_setup.zsh
-- Up-to-date symlink: /root/super_ws/install/super_planner/share/super_planner/local_setup.dsv
-- Symlinking: /root/super_ws/install/super_planner/share/super_planner/package.dsv
-- Up-to-date symlink: /root/super_ws/install/super_planner/share/ament_index/resource_index/packages/super_planner
-- Up-to-date symlink: /root/super_ws/install/super_planner/share/super_planner/cmake/ament_cmake_export_include_directories-extras.cmake
-- Up-to-date symlink: /root/super_ws/install/super_planner/share/super_planner/cmake/ament_cmake_export_targets-extras.cmake
-- Up-to-date symlink: /root/super_ws/install/super_planner/share/super_planner/cmake/ament_cmake_export_libraries-extras.cmake
-- Up-to-date symlink: /root/super_ws/install/super_planner/share/super_planner/cmake/ament_cmake_export_dependencies-extras.cmake
-- Up-to-date symlink: /root/super_ws/install/super_planner/share/super_planner/cmake/super_plannerConfig.cmake
-- Up-to-date symlink: /root/super_ws/install/super_planner/share/super_planner/cmake/super_plannerConfig-version.cmake
-- Up-to-date symlink: /root/super_ws/install/super_planner/share/super_planner/package.xml
-- Installing: /root/super_ws/install/super_planner/lib/libsuper.a
-- Installing: /root/super_ws/install/super_planner/lib/super_planner/fsm_node
-- Set runtime path of "/root/super_ws/install/super_planner/lib/super_planner/fsm_node" to ""
-- Installing: /root/super_ws/install/super_planner/lib/super_planner/fsm_node_with_sector
-- Set runtime path of "/root/super_ws/install/super_planner/lib/super_planner/fsm_node_with_sector" to ""
-- Up-to-date: /root/super_ws/install/super_planner/share/super_planner/cmake/super_targetsExport.cmake
-- Up-to-date: /root/super_ws/install/super_planner/share/super_planner/cmake/super_targetsExport-release.cmake
--- stderr: super_planner
** WARNING ** io features related to pcap will be disabled
---
Finished <<< super_planner [2min 18s]
Starting >>> perfect_drone_sim
-- Found ament_cmake: 1.3.11 (/opt/ros/humble/share/ament_cmake/cmake)
-- Override CMake install command with custom implementation using symlinks instead of copying resources
-- Found rclcpp: 16.0.11 (/opt/ros/humble/share/rclcpp/cmake)
-- Found rosidl_generator_c: 3.1.6 (/opt/ros/humble/share/rosidl_generator_c/cmake)
-- Found rosidl_adapter: 3.1.6 (/opt/ros/humble/share/rosidl_adapter/cmake)
-- Found rosidl_generator_cpp: 3.1.6 (/opt/ros/humble/share/rosidl_generator_cpp/cmake)
-- Using all available rosidl_typesupport_c: rosidl_typesupport_fastrtps_c;rosidl_typesupport_introspection_c
-- Using all available rosidl_typesupport_cpp: rosidl_typesupport_fastrtps_cpp;rosidl_typesupport_introspection_cpp
-- Found rmw_implementation_cmake: 6.1.2 (/opt/ros/humble/share/rmw_implementation_cmake/cmake)
-- Found rmw_fastrtps_cpp: 6.2.7 (/opt/ros/humble/share/rmw_fastrtps_cpp/cmake)
-- Using RMW implementation 'rmw_fastrtps_cpp' as default
-- Found geometry_msgs: 4.2.4 (/opt/ros/humble/share/geometry_msgs/cmake)
-- Found sensor_msgs: 4.9.0 (/opt/ros/humble/share/sensor_msgs/cmake)
-- Found nav_msgs: 4.2.4 (/opt/ros/humble/share/nav_msgs/cmake)
-- Found visualization_msgs: 4.2.4 (/opt/ros/humble/share/visualization_msgs/cmake)
-- Found marsim_render: 0.0.0 (/root/super_ws/install/marsim_render/share/marsim_render/cmake)
-- Found mars_quadrotor_msgs: 2.0.8 (/root/super_ws/install/mars_quadrotor_msgs/share/mars_quadrotor_msgs/cmake)
-- Found tf2_ros: 0.25.12 (/opt/ros/humble/share/tf2_ros/cmake)
-- Found pcl_conversions: 2.4.5 (/opt/ros/humble/share/pcl_conversions/cmake)
-- Eigen found (include: /usr/include/eigen3, version: 3.4.0)
-- FLANN found (include: /usr/include, lib: /usr/lib/x86_64-linux-gnu/libflann_cpp.so)
-- OpenNI found (version: 1.5.4.0, include: /usr/include/ni, lib: /usr/lib/libOpenNI.so;libusb::libusb)
-- OpenNI2 found (version: 2.2.0.33, include: /usr/include/openni2, lib: /usr/lib/x86_64-linux-gnu/libOpenNI2.so;libusb::libusb)
-- Eigen found (include: /usr/include/eigen3, version: 3.4.0)
-- OpenNI found (version: 1.5.4.0, include: /usr/include/ni, lib: /usr/lib/libOpenNI.so;libusb::libusb)
-- OpenNI2 found (version: 2.2.0.33, include: /usr/include/openni2, lib: /usr/lib/x86_64-linux-gnu/libOpenNI2.so;libusb::libusb)
-- Found Qhull version 8.0.2
-- OpenNI found (version: 1.5.4.0, include: /usr/include/ni, lib: /usr/lib/libOpenNI.so;libusb::libusb)
-- Found mission_planner: 0.0.0 (/root/super_ws/install/mission_planner/share/mission_planner/cmake)
-- Found super_planner: 0.0.0 (/root/super_ws/install/super_planner/share/super_planner/cmake)
CMake Warning (dev) at CMakeLists.txt:41 (find_package):
  Policy CMP0074 is not set: find_package uses <PackageName>_ROOT variables.
  Run "cmake --help-policy CMP0074" for policy details.  Use the cmake_policy
  command to set the policy and suppress this warning.

  CMake variable PCL_ROOT is set to:

    /usr

  For compatibility, CMake is ignoring the variable.
This warning is for project developers.  Use -Wno-dev to suppress it.

-- Configuring done
-- Generating done
-- Build files have been written to: /root/super_ws/build/perfect_drone_sim
Consolidate compiler generated dependencies of target perfect_drone_node
[ 20%] Built target perfect_drone_node
Consolidate compiler generated dependencies of target perfect_drone_frontend_node
[ 30%] Linking CXX executable perfect_drone_frontend_node
[ 40%] Built target perfect_drone_frontend_node
Consolidate compiler generated dependencies of target frontend_replay_witness
[ 50%] Linking CXX executable frontend_replay_witness
[ 60%] Built target frontend_replay_witness
Consolidate compiler generated dependencies of target perfect_drone_full_node
[ 70%] Building CXX object CMakeFiles/perfect_drone_full_node.dir/src/ros2_perfect_drone_full_node.cpp.o
[ 80%] Linking CXX executable perfect_drone_full_node
[ 80%] Built target perfect_drone_full_node
Consolidate compiler generated dependencies of target perfect_drone_adaptive_node
[ 90%] Building CXX object CMakeFiles/perfect_drone_adaptive_node.dir/src/ros2_perfect_drone_adaptive_node.cpp.o
[100%] Linking CXX executable perfect_drone_adaptive_node
[100%] Built target perfect_drone_adaptive_node
-- Install configuration: "Release"
-- Execute custom install script
-- Up-to-date symlink: /root/super_ws/install/perfect_drone_sim/include/perfect_drone_sim/common_execution_policy.hpp
-- Up-to-date symlink: /root/super_ws/install/perfect_drone_sim/include/perfect_drone_sim/config.hpp
-- Up-to-date symlink: /root/super_ws/install/perfect_drone_sim/include/perfect_drone_sim/ros1_perfect_drone_model.hpp
-- Up-to-date symlink: /root/super_ws/install/perfect_drone_sim/include/perfect_drone_sim/ros2_perfect_drone_model.hpp
-- Up-to-date symlink: /root/super_ws/install/perfect_drone_sim/include/perfect_drone_sim/static_pc_two_phase_policy.hpp
-- Up-to-date symlink: /root/super_ws/install/perfect_drone_sim/include/utils/eigen_alias.h
-- Up-to-date symlink: /root/super_ws/install/perfect_drone_sim/include/utils/eigen_fmt.h
-- Up-to-date symlink: /root/super_ws/install/perfect_drone_sim/include/utils/types.hpp
-- Up-to-date symlink: /root/super_ws/install/perfect_drone_sim/include/utils/yaml_loader.hpp
-- Up-to-date symlink: /root/super_ws/install/perfect_drone_sim/share/perfect_drone_sim//launch/benchmark.launch
-- Up-to-date symlink: /root/super_ws/install/perfect_drone_sim/share/perfect_drone_sim//launch/dense.launch
-- Up-to-date symlink: /root/super_ws/install/perfect_drone_sim/share/perfect_drone_sim//launch/high_speed.launch
-- Up-to-date symlink: /root/super_ws/install/perfect_drone_sim/share/perfect_drone_sim//launch/smooth.launch
-- Up-to-date symlink: /root/super_ws/install/perfect_drone_sim/share/perfect_drone_sim//rviz/benchmark.rviz
-- Up-to-date symlink: /root/super_ws/install/perfect_drone_sim/share/perfect_drone_sim//rviz/fpv.rviz
-- Up-to-date symlink: /root/super_ws/install/perfect_drone_sim/share/perfect_drone_sim//rviz/top_down.rviz
-- Up-to-date symlink: /root/super_ws/install/perfect_drone_sim/share/perfect_drone_sim//rviz2/benchmark.rviz
-- Up-to-date symlink: /root/super_ws/install/perfect_drone_sim/share/perfect_drone_sim//rviz2/fpv.rviz
-- Up-to-date symlink: /root/super_ws/install/perfect_drone_sim/share/perfect_drone_sim//rviz2/top_down.rviz
-- Up-to-date symlink: /root/super_ws/install/perfect_drone_sim/share/perfect_drone_sim//rviz2/watch_sector.rviz
-- Up-to-date symlink: /root/super_ws/install/perfect_drone_sim/share/perfect_drone_sim//meshes/MaRS LOGO (2).png
-- Up-to-date symlink: /root/super_ws/install/perfect_drone_sim/share/perfect_drone_sim//meshes/R.jpeg
-- Up-to-date symlink: /root/super_ws/install/perfect_drone_sim/share/perfect_drone_sim//meshes/yunque-M.dae
-- Up-to-date symlink: /root/super_ws/install/perfect_drone_sim/share/perfect_drone_sim//config/abt2_cal_t1.yaml
-- Up-to-date symlink: /root/super_ws/install/perfect_drone_sim/share/perfect_drone_sim//config/abt2_cal_t2.yaml
-- Up-to-date symlink: /root/super_ws/install/perfect_drone_sim/share/perfect_drone_sim//config/abt2_cal_t3.yaml
-- Up-to-date symlink: /root/super_ws/install/perfect_drone_sim/share/perfect_drone_sim//config/abt2_cal_t4.yaml
-- Up-to-date symlink: /root/super_ws/install/perfect_drone_sim/share/perfect_drone_sim//config/abt2_cal_t5.yaml
-- Up-to-date symlink: /root/super_ws/install/perfect_drone_sim/share/perfect_drone_sim//config/abt3_gate_open.yaml
-- Up-to-date symlink: /root/super_ws/install/perfect_drone_sim/share/perfect_drone_sim//config/abt4_observed_exit.yaml
-- Up-to-date symlink: /root/super_ws/install/perfect_drone_sim/share/perfect_drone_sim//config/abt_cal_s1.yaml
-- Up-to-date symlink: /root/super_ws/install/perfect_drone_sim/share/perfect_drone_sim//config/abt_cal_s2.yaml
-- Up-to-date symlink: /root/super_ws/install/perfect_drone_sim/share/perfect_drone_sim//config/abt_cal_s3.yaml
-- Up-to-date symlink: /root/super_ws/install/perfect_drone_sim/share/perfect_drone_sim//config/abt_cal_s4.yaml
-- Up-to-date symlink: /root/super_ws/install/perfect_drone_sim/share/perfect_drone_sim//config/abt_cal_s5.yaml
-- Up-to-date symlink: /root/super_ws/install/perfect_drone_sim/share/perfect_drone_sim//config/click.yaml
-- Up-to-date symlink: /root/super_ws/install/perfect_drone_sim/share/perfect_drone_sim//config/cyl2_a01.yaml
-- Up-to-date symlink: /root/super_ws/install/perfect_drone_sim/share/perfect_drone_sim//config/cyl2_a02.yaml
-- Up-to-date symlink: /root/super_ws/install/perfect_drone_sim/share/perfect_drone_sim//config/cyl2_a03.yaml
-- Up-to-date symlink: /root/super_ws/install/perfect_drone_sim/share/perfect_drone_sim//config/cyl2_a04.yaml
-- Up-to-date symlink: /root/super_ws/install/perfect_drone_sim/share/perfect_drone_sim//config/cyl2_a05.yaml
-- Up-to-date symlink: /root/super_ws/install/perfect_drone_sim/share/perfect_drone_sim//config/cyl2_b01.yaml
-- Up-to-date symlink: /root/super_ws/install/perfect_drone_sim/share/perfect_drone_sim//config/cyl2_b02.yaml
-- Up-to-date symlink: /root/super_ws/install/perfect_drone_sim/share/perfect_drone_sim//config/cyl2_c01.yaml
-- Up-to-date symlink: /root/super_ws/install/perfect_drone_sim/share/perfect_drone_sim//config/cyl2_d01.yaml
-- Up-to-date symlink: /root/super_ws/install/perfect_drone_sim/share/perfect_drone_sim//config/cyl2_d02.yaml
-- Up-to-date symlink: /root/super_ws/install/perfect_drone_sim/share/perfect_drone_sim//config/cyl2_d03.yaml
-- Up-to-date symlink: /root/super_ws/install/perfect_drone_sim/share/perfect_drone_sim//config/cyl2_d04.yaml
-- Up-to-date symlink: /root/super_ws/install/perfect_drone_sim/share/perfect_drone_sim//config/cyl2_d05.yaml
-- Up-to-date symlink: /root/super_ws/install/perfect_drone_sim/share/perfect_drone_sim//config/cyl2_d06.yaml
-- Up-to-date symlink: /root/super_ws/install/perfect_drone_sim/share/perfect_drone_sim//config/cyl2_d07.yaml
-- Up-to-date symlink: /root/super_ws/install/perfect_drone_sim/share/perfect_drone_sim//config/cyl2_d08.yaml
-- Up-to-date symlink: /root/super_ws/install/perfect_drone_sim/share/perfect_drone_sim//config/cyl2_d09.yaml
-- Up-to-date symlink: /root/super_ws/install/perfect_drone_sim/share/perfect_drone_sim//config/cyl2_e01.yaml
-- Up-to-date symlink: /root/super_ws/install/perfect_drone_sim/share/perfect_drone_sim//config/cyl2_f01.yaml
-- Up-to-date symlink: /root/super_ws/install/perfect_drone_sim/share/perfect_drone_sim//config/cyl2_f02.yaml
-- Up-to-date symlink: /root/super_ws/install/perfect_drone_sim/share/perfect_drone_sim//config/cyl2_f03.yaml
-- Up-to-date symlink: /root/super_ws/install/perfect_drone_sim/share/perfect_drone_sim//config/cyl2_f04.yaml
-- Up-to-date symlink: /root/super_ws/install/perfect_drone_sim/share/perfect_drone_sim//config/cyl2_f05.yaml
-- Up-to-date symlink: /root/super_ws/install/perfect_drone_sim/share/perfect_drone_sim//config/cyl2_g01.yaml
-- Up-to-date symlink: /root/super_ws/install/perfect_drone_sim/share/perfect_drone_sim//config/cyl2_g02.yaml
-- Up-to-date symlink: /root/super_ws/install/perfect_drone_sim/share/perfect_drone_sim//config/cyl2_g03.yaml
-- Up-to-date symlink: /root/super_ws/install/perfect_drone_sim/share/perfect_drone_sim//config/cyl2_h01.yaml
-- Up-to-date symlink: /root/super_ws/install/perfect_drone_sim/share/perfect_drone_sim//config/cyl2_h02.yaml
-- Up-to-date symlink: /root/super_ws/install/perfect_drone_sim/share/perfect_drone_sim//config/cyl2_h03.yaml
-- Up-to-date symlink: /root/super_ws/install/perfect_drone_sim/share/perfect_drone_sim//config/cyl2_h04.yaml
-- Up-to-date symlink: /root/super_ws/install/perfect_drone_sim/share/perfect_drone_sim//config/cyl2_h05.yaml
-- Up-to-date symlink: /root/super_ws/install/perfect_drone_sim/share/perfect_drone_sim//config/cyl2_h08.yaml
-- Up-to-date symlink: /root/super_ws/install/perfect_drone_sim/share/perfect_drone_sim//config/cyl2_h09.yaml
-- Up-to-date symlink: /root/super_ws/install/perfect_drone_sim/share/perfect_drone_sim//config/cyl2_h10.yaml
-- Up-to-date symlink: /root/super_ws/install/perfect_drone_sim/share/perfect_drone_sim//config/cyl2_h11.yaml
-- Up-to-date symlink: /root/super_ws/install/perfect_drone_sim/share/perfect_drone_sim//config/cyl2_j01.yaml
-- Up-to-date symlink: /root/super_ws/install/perfect_drone_sim/share/perfect_drone_sim//config/cyl2_j02.yaml
-- Up-to-date symlink: /root/super_ws/install/perfect_drone_sim/share/perfect_drone_sim//config/cyl2_j03.yaml
-- Up-to-date symlink: /root/super_ws/install/perfect_drone_sim/share/perfect_drone_sim//config/cyl2_j04.yaml
-- Up-to-date symlink: /root/super_ws/install/perfect_drone_sim/share/perfect_drone_sim//config/cyl2_j05.yaml
-- Up-to-date symlink: /root/super_ws/install/perfect_drone_sim/share/perfect_drone_sim//config/cyl2_j06.yaml
-- Up-to-date symlink: /root/super_ws/install/perfect_drone_sim/share/perfect_drone_sim//config/cyl2_j07.yaml
-- Up-to-date symlink: /root/super_ws/install/perfect_drone_sim/share/perfect_drone_sim//config/cyl2_j08.yaml
-- Up-to-date symlink: /root/super_ws/install/perfect_drone_sim/share/perfect_drone_sim//config/cyl2_k01.yaml
-- Up-to-date symlink: /root/super_ws/install/perfect_drone_sim/share/perfect_drone_sim//config/cyl2_k02.yaml
-- Up-to-date symlink: /root/super_ws/install/perfect_drone_sim/share/perfect_drone_sim//config/cyl2_k03.yaml
-- Up-to-date symlink: /root/super_ws/install/perfect_drone_sim/share/perfect_drone_sim//config/cyl2_k04.yaml
-- Up-to-date symlink: /root/super_ws/install/perfect_drone_sim/share/perfect_drone_sim//config/cyl2_k05.yaml
-- Up-to-date symlink: /root/super_ws/install/perfect_drone_sim/share/perfect_drone_sim//config/cyl2_k06.yaml
-- Up-to-date symlink: /root/super_ws/install/perfect_drone_sim/share/perfect_drone_sim//config/cyl2_l0001.yaml
-- Up-to-date symlink: /root/super_ws/install/perfect_drone_sim/share/perfect_drone_sim//config/cyl2_l0002.yaml
-- Up-to-date symlink: /root/super_ws/install/perfect_drone_sim/share/perfect_drone_sim//config/cyl2_l0003.yaml
-- Up-to-date symlink: /root/super_ws/install/perfect_drone_sim/share/perfect_drone_sim//config/cyl2_l0004.yaml
-- Up-to-date symlink: /root/super_ws/install/perfect_drone_sim/share/perfect_drone_sim//config/cyl2_l0005.yaml
-- Up-to-date symlink: /root/super_ws/install/perfect_drone_sim/share/perfect_drone_sim//config/cyl2_l0006.yaml
-- Up-to-date symlink: /root/super_ws/install/perfect_drone_sim/share/perfect_drone_sim//config/cyl2_l0007.yaml
-- Up-to-date symlink: /root/super_ws/install/perfect_drone_sim/share/perfect_drone_sim//config/cyl2_l0008.yaml
-- Up-to-date symlink: /root/super_ws/install/perfect_drone_sim/share/perfect_drone_sim//config/cyl2_l0009.yaml
-- Up-to-date symlink: /root/super_ws/install/perfect_drone_sim/share/perfect_drone_sim//config/cyl2_l0010.yaml
-- Up-to-date symlink: /root/super_ws/install/perfect_drone_sim/share/perfect_drone_sim//config/dense.yaml
-- Up-to-date symlink: /root/super_ws/install/perfect_drone_sim/share/perfect_drone_sim//config/high_speed.yaml
-- Up-to-date symlink: /root/super_ws/install/perfect_drone_sim/share/perfect_drone_sim//config/map0.yaml
-- Up-to-date symlink: /root/super_ws/install/perfect_drone_sim/share/perfect_drone_sim//config/occ_b_r1.yaml
-- Up-to-date symlink: /root/super_ws/install/perfect_drone_sim/share/perfect_drone_sim//config/occ_b_r2.yaml
-- Up-to-date symlink: /root/super_ws/install/perfect_drone_sim/share/perfect_drone_sim//config/occ_b_r3.yaml
-- Up-to-date symlink: /root/super_ws/install/perfect_drone_sim/share/perfect_drone_sim//config/occ_b_r4.yaml
-- Up-to-date symlink: /root/super_ws/install/perfect_drone_sim/share/perfect_drone_sim//config/occ_b_r5.yaml
-- Up-to-date symlink: /root/super_ws/install/perfect_drone_sim/share/perfect_drone_sim//config/occ_bc_r1.yaml
-- Up-to-date symlink: /root/super_ws/install/perfect_drone_sim/share/perfect_drone_sim//config/occ_bc_r2.yaml
-- Up-to-date symlink: /root/super_ws/install/perfect_drone_sim/share/perfect_drone_sim//config/occ_bc_r3.yaml
-- Up-to-date symlink: /root/super_ws/install/perfect_drone_sim/share/perfect_drone_sim//config/occ_bc_r4.yaml
-- Up-to-date symlink: /root/super_ws/install/perfect_drone_sim/share/perfect_drone_sim//config/occ_bc_r5.yaml
-- Up-to-date symlink: /root/super_ws/install/perfect_drone_sim/share/perfect_drone_sim//config/occ_bw_r1.yaml
-- Up-to-date symlink: /root/super_ws/install/perfect_drone_sim/share/perfect_drone_sim//config/occ_bw_r2.yaml
-- Up-to-date symlink: /root/super_ws/install/perfect_drone_sim/share/perfect_drone_sim//config/occ_bw_r3.yaml
-- Up-to-date symlink: /root/super_ws/install/perfect_drone_sim/share/perfect_drone_sim//config/occ_bw_r4.yaml
-- Up-to-date symlink: /root/super_ws/install/perfect_drone_sim/share/perfect_drone_sim//config/occ_bw_r5.yaml
-- Up-to-date symlink: /root/super_ws/install/perfect_drone_sim/share/perfect_drone_sim//config/occ_c_r1_nom.yaml
-- Up-to-date symlink: /root/super_ws/install/perfect_drone_sim/share/perfect_drone_sim//config/occ_c_r1_occ.yaml
-- Up-to-date symlink: /root/super_ws/install/perfect_drone_sim/share/perfect_drone_sim//config/occ_c_r2_nom.yaml
-- Up-to-date symlink: /root/super_ws/install/perfect_drone_sim/share/perfect_drone_sim//config/occ_c_r2_occ.yaml
-- Up-to-date symlink: /root/super_ws/install/perfect_drone_sim/share/perfect_drone_sim//config/occ_c_r3_nom.yaml
-- Up-to-date symlink: /root/super_ws/install/perfect_drone_sim/share/perfect_drone_sim//config/occ_c_r3_occ.yaml
-- Up-to-date symlink: /root/super_ws/install/perfect_drone_sim/share/perfect_drone_sim//config/occ_c_r4_nom.yaml
-- Up-to-date symlink: /root/super_ws/install/perfect_drone_sim/share/perfect_drone_sim//config/occ_c_r4_occ.yaml
-- Up-to-date symlink: /root/super_ws/install/perfect_drone_sim/share/perfect_drone_sim//config/occ_c_r5_nom.yaml
-- Up-to-date symlink: /root/super_ws/install/perfect_drone_sim/share/perfect_drone_sim//config/occ_c_r5_occ.yaml
-- Up-to-date symlink: /root/super_ws/install/perfect_drone_sim/share/perfect_drone_sim//config/occ_p_r1_nom.yaml
-- Up-to-date symlink: /root/super_ws/install/perfect_drone_sim/share/perfect_drone_sim//config/occ_p_r1_occ.yaml
-- Up-to-date symlink: /root/super_ws/install/perfect_drone_sim/share/perfect_drone_sim//config/occ_p_r2_nom.yaml
-- Up-to-date symlink: /root/super_ws/install/perfect_drone_sim/share/perfect_drone_sim//config/occ_p_r2_occ.yaml
-- Up-to-date symlink: /root/super_ws/install/perfect_drone_sim/share/perfect_drone_sim//config/occ_p_r3_nom.yaml
-- Up-to-date symlink: /root/super_ws/install/perfect_drone_sim/share/perfect_drone_sim//config/occ_p_r3_occ.yaml
-- Up-to-date symlink: /root/super_ws/install/perfect_drone_sim/share/perfect_drone_sim//config/occ_p_r4_nom.yaml
-- Up-to-date symlink: /root/super_ws/install/perfect_drone_sim/share/perfect_drone_sim//config/occ_p_r4_occ.yaml
-- Up-to-date symlink: /root/super_ws/install/perfect_drone_sim/share/perfect_drone_sim//config/occ_p_r5_nom.yaml
-- Up-to-date symlink: /root/super_ws/install/perfect_drone_sim/share/perfect_drone_sim//config/occ_p_r5_occ.yaml
-- Up-to-date symlink: /root/super_ws/install/perfect_drone_sim/share/perfect_drone_sim//config/sbd1_c1_clear.yaml
-- Up-to-date symlink: /root/super_ws/install/perfect_drone_sim/share/perfect_drone_sim//config/sbd1_c1_hazard.yaml
-- Up-to-date symlink: /root/super_ws/install/perfect_drone_sim/share/perfect_drone_sim//config/sbd1_c2_clear.yaml
-- Up-to-date symlink: /root/super_ws/install/perfect_drone_sim/share/perfect_drone_sim//config/sbd1_c2_hazard.yaml
-- Up-to-date symlink: /root/super_ws/install/perfect_drone_sim/share/perfect_drone_sim//config/sbd1_c3_clear.yaml
-- Up-to-date symlink: /root/super_ws/install/perfect_drone_sim/share/perfect_drone_sim//config/sbd1_c3_hazard.yaml
-- Up-to-date symlink: /root/super_ws/install/perfect_drone_sim/share/perfect_drone_sim//config/sbd2_t1_clear.yaml
-- Up-to-date symlink: /root/super_ws/install/perfect_drone_sim/share/perfect_drone_sim//config/sbd2_t1_hazard.yaml
-- Up-to-date symlink: /root/super_ws/install/perfect_drone_sim/share/perfect_drone_sim//config/sbd2_t2_clear.yaml
-- Up-to-date symlink: /root/super_ws/install/perfect_drone_sim/share/perfect_drone_sim//config/sbd2_t2_hazard.yaml
-- Up-to-date symlink: /root/super_ws/install/perfect_drone_sim/share/perfect_drone_sim//config/sbd2_t3_clear.yaml
-- Up-to-date symlink: /root/super_ws/install/perfect_drone_sim/share/perfect_drone_sim//config/sbd2_t3_hazard.yaml
-- Up-to-date symlink: /root/super_ws/install/perfect_drone_sim/share/perfect_drone_sim//config/seed1.yaml
-- Up-to-date symlink: /root/super_ws/install/perfect_drone_sim/share/perfect_drone_sim//config/seed10.yaml
-- Up-to-date symlink: /root/super_ws/install/perfect_drone_sim/share/perfect_drone_sim//config/seed10_side_entry_v1.yaml
-- Up-to-date symlink: /root/super_ws/install/perfect_drone_sim/share/perfect_drone_sim//config/seed10_side_entry_v2.yaml
-- Up-to-date symlink: /root/super_ws/install/perfect_drone_sim/share/perfect_drone_sim//config/seed10_side_entry_v3.yaml
-- Up-to-date symlink: /root/super_ws/install/perfect_drone_sim/share/perfect_drone_sim//config/seed10_side_entry_v4.yaml
-- Up-to-date symlink: /root/super_ws/install/perfect_drone_sim/share/perfect_drone_sim//config/seed10_side_entry_v5.yaml
-- Up-to-date symlink: /root/super_ws/install/perfect_drone_sim/share/perfect_drone_sim//config/seed10_side_entry_v6.yaml
-- Up-to-date symlink: /root/super_ws/install/perfect_drone_sim/share/perfect_drone_sim//config/seed12.yaml
-- Up-to-date symlink: /root/super_ws/install/perfect_drone_sim/share/perfect_drone_sim//config/seed13.yaml
-- Up-to-date symlink: /root/super_ws/install/perfect_drone_sim/share/perfect_drone_sim//config/seed14.yaml
-- Up-to-date symlink: /root/super_ws/install/perfect_drone_sim/share/perfect_drone_sim//config/seed15.yaml
-- Up-to-date symlink: /root/super_ws/install/perfect_drone_sim/share/perfect_drone_sim//config/seed2.yaml
-- Up-to-date symlink: /root/super_ws/install/perfect_drone_sim/share/perfect_drone_sim//config/seed3.yaml
-- Up-to-date symlink: /root/super_ws/install/perfect_drone_sim/share/perfect_drone_sim//config/seed4.yaml
-- Up-to-date symlink: /root/super_ws/install/perfect_drone_sim/share/perfect_drone_sim//config/seed5.yaml
-- Up-to-date symlink: /root/super_ws/install/perfect_drone_sim/share/perfect_drone_sim//config/seed6.yaml
-- Up-to-date symlink: /root/super_ws/install/perfect_drone_sim/share/perfect_drone_sim//config/seed7.yaml
-- Up-to-date symlink: /root/super_ws/install/perfect_drone_sim/share/perfect_drone_sim//config/seed7_side_entry_v1.yaml
-- Up-to-date symlink: /root/super_ws/install/perfect_drone_sim/share/perfect_drone_sim//config/seed7_side_entry_v2.yaml
-- Up-to-date symlink: /root/super_ws/install/perfect_drone_sim/share/perfect_drone_sim//config/seed7_side_entry_v3.yaml
-- Up-to-date symlink: /root/super_ws/install/perfect_drone_sim/share/perfect_drone_sim//config/seed7_side_entry_v4.yaml
-- Up-to-date symlink: /root/super_ws/install/perfect_drone_sim/share/perfect_drone_sim//config/seed7_side_entry_v5.yaml
-- Up-to-date symlink: /root/super_ws/install/perfect_drone_sim/share/perfect_drone_sim//config/seed7_side_entry_v6.yaml
-- Up-to-date symlink: /root/super_ws/install/perfect_drone_sim/share/perfect_drone_sim//config/seed8.yaml
-- Up-to-date symlink: /root/super_ws/install/perfect_drone_sim/share/perfect_drone_sim//config/seed8_slowsense.yaml
-- Up-to-date symlink: /root/super_ws/install/perfect_drone_sim/share/perfect_drone_sim//config/seed9.yaml
-- Up-to-date symlink: /root/super_ws/install/perfect_drone_sim/share/perfect_drone_sim//config/seed9_side_entry_v1.yaml
-- Up-to-date symlink: /root/super_ws/install/perfect_drone_sim/share/perfect_drone_sim//config/seed9_side_entry_v2.yaml
-- Up-to-date symlink: /root/super_ws/install/perfect_drone_sim/share/perfect_drone_sim//config/seed9_side_entry_v3.yaml
-- Up-to-date symlink: /root/super_ws/install/perfect_drone_sim/share/perfect_drone_sim//config/seed9_side_entry_v4.yaml
-- Up-to-date symlink: /root/super_ws/install/perfect_drone_sim/share/perfect_drone_sim//config/seed9_side_entry_v5.yaml
-- Up-to-date symlink: /root/super_ws/install/perfect_drone_sim/share/perfect_drone_sim//config/seed9_side_entry_v6.yaml
-- Up-to-date symlink: /root/super_ws/install/perfect_drone_sim/share/perfect_drone_sim//config/seed9_side_entry_v7.yaml
-- Up-to-date symlink: /root/super_ws/install/perfect_drone_sim/share/perfect_drone_sim//config/seedtrap1.yaml
-- Up-to-date symlink: /root/super_ws/install/perfect_drone_sim/share/perfect_drone_sim//config/seedtrap2.yaml
-- Up-to-date symlink: /root/super_ws/install/perfect_drone_sim/share/perfect_drone_sim//config/seedtrap3.yaml
-- Up-to-date symlink: /root/super_ws/install/perfect_drone_sim/share/perfect_drone_sim//config/shc1_mirror_clear.yaml
-- Up-to-date symlink: /root/super_ws/install/perfect_drone_sim/share/perfect_drone_sim//config/shc1_mirror_hazard.yaml
-- Up-to-date symlink: /root/super_ws/install/perfect_drone_sim/share/perfect_drone_sim//config/shc2_wide_offset_clear.yaml
-- Up-to-date symlink: /root/super_ws/install/perfect_drone_sim/share/perfect_drone_sim//config/shc2_wide_offset_hazard.yaml
-- Up-to-date symlink: /root/super_ws/install/perfect_drone_sim/share/perfect_drone_sim//config/shc3_near_short_clear.yaml
-- Up-to-date symlink: /root/super_ws/install/perfect_drone_sim/share/perfect_drone_sim//config/shc3_near_short_hazard.yaml
-- Up-to-date symlink: /root/super_ws/install/perfect_drone_sim/share/perfect_drone_sim//config/shc4_deep_mirror_clear.yaml
-- Up-to-date symlink: /root/super_ws/install/perfect_drone_sim/share/perfect_drone_sim//config/shc4_deep_mirror_hazard.yaml
-- Up-to-date symlink: /root/super_ws/install/perfect_drone_sim/share/perfect_drone_sim//config/shc5_asymmetric_offset_clear.yaml
-- Up-to-date symlink: /root/super_ws/install/perfect_drone_sim/share/perfect_drone_sim//config/shc5_asymmetric_offset_hazard.yaml
-- Up-to-date symlink: /root/super_ws/install/perfect_drone_sim/share/perfect_drone_sim//config/shm1_h1_clear.yaml
-- Up-to-date symlink: /root/super_ws/install/perfect_drone_sim/share/perfect_drone_sim//config/shm1_h1_hazard.yaml
-- Up-to-date symlink: /root/super_ws/install/perfect_drone_sim/share/perfect_drone_sim//config/shm1_h2_clear.yaml
-- Up-to-date symlink: /root/super_ws/install/perfect_drone_sim/share/perfect_drone_sim//config/shm1_h2_hazard.yaml
-- Up-to-date symlink: /root/super_ws/install/perfect_drone_sim/share/perfect_drone_sim//config/shm1_h3_clear.yaml
-- Up-to-date symlink: /root/super_ws/install/perfect_drone_sim/share/perfect_drone_sim//config/shm1_h3_hazard.yaml
-- Up-to-date symlink: /root/super_ws/install/perfect_drone_sim/share/perfect_drone_sim//config/shm1_h4_clear.yaml
-- Up-to-date symlink: /root/super_ws/install/perfect_drone_sim/share/perfect_drone_sim//config/shm1_h4_hazard.yaml
-- Up-to-date symlink: /root/super_ws/install/perfect_drone_sim/share/perfect_drone_sim//config/shm1_h5_clear.yaml
-- Up-to-date symlink: /root/super_ws/install/perfect_drone_sim/share/perfect_drone_sim//config/shm1_h5_hazard.yaml
-- Up-to-date symlink: /root/super_ws/install/perfect_drone_sim/share/perfect_drone_sim//config/shm1_h6_clear.yaml
-- Up-to-date symlink: /root/super_ws/install/perfect_drone_sim/share/perfect_drone_sim//config/shm1_h6_hazard.yaml
-- Up-to-date symlink: /root/super_ws/install/perfect_drone_sim/share/perfect_drone_sim//config/shm1_h7_clear.yaml
-- Up-to-date symlink: /root/super_ws/install/perfect_drone_sim/share/perfect_drone_sim//config/shm1_h7_hazard.yaml
-- Up-to-date symlink: /root/super_ws/install/perfect_drone_sim/share/perfect_drone_sim//config/shm1_h8_clear.yaml
-- Up-to-date symlink: /root/super_ws/install/perfect_drone_sim/share/perfect_drone_sim//config/shm1_h8_hazard.yaml
-- Up-to-date symlink: /root/super_ws/install/perfect_drone_sim/share/perfect_drone_sim//config/shm1_h9_clear.yaml
-- Up-to-date symlink: /root/super_ws/install/perfect_drone_sim/share/perfect_drone_sim//config/shm1_h9_hazard.yaml
-- Up-to-date symlink: /root/super_ws/install/perfect_drone_sim/share/perfect_drone_sim//config/stress_cyl_dev_r3.yaml
-- Up-to-date symlink: /root/super_ws/install/perfect_drone_sim/share/perfect_drone_sim//config/stress_cyl_r1.yaml
-- Up-to-date symlink: /root/super_ws/install/perfect_drone_sim/share/perfect_drone_sim//config/stress_cyl_r2.yaml
-- Up-to-date symlink: /root/super_ws/install/perfect_drone_sim/share/perfect_drone_sim//config/stress_cyl_r3.yaml
-- Up-to-date symlink: /root/super_ws/install/perfect_drone_sim/share/perfect_drone_sim//config/stress_cyl_r4.yaml
-- Up-to-date symlink: /root/super_ws/install/perfect_drone_sim/share/perfect_drone_sim//config/stress_cyl_r5.yaml
-- Up-to-date symlink: /root/super_ws/install/perfect_drone_sim/share/ament_index/resource_index/package_run_dependencies/perfect_drone_sim
-- Up-to-date symlink: /root/super_ws/install/perfect_drone_sim/share/ament_index/resource_index/parent_prefix_path/perfect_drone_sim
-- Up-to-date symlink: /root/super_ws/install/perfect_drone_sim/share/perfect_drone_sim/environment/ament_prefix_path.sh
-- Up-to-date symlink: /root/super_ws/install/perfect_drone_sim/share/perfect_drone_sim/environment/ament_prefix_path.dsv
-- Up-to-date symlink: /root/super_ws/install/perfect_drone_sim/share/perfect_drone_sim/environment/path.sh
-- Up-to-date symlink: /root/super_ws/install/perfect_drone_sim/share/perfect_drone_sim/environment/path.dsv
-- Up-to-date symlink: /root/super_ws/install/perfect_drone_sim/share/perfect_drone_sim/local_setup.bash
-- Up-to-date symlink: /root/super_ws/install/perfect_drone_sim/share/perfect_drone_sim/local_setup.sh
-- Up-to-date symlink: /root/super_ws/install/perfect_drone_sim/share/perfect_drone_sim/local_setup.zsh
-- Up-to-date symlink: /root/super_ws/install/perfect_drone_sim/share/perfect_drone_sim/local_setup.dsv
-- Symlinking: /root/super_ws/install/perfect_drone_sim/share/perfect_drone_sim/package.dsv
-- Up-to-date symlink: /root/super_ws/install/perfect_drone_sim/share/ament_index/resource_index/packages/perfect_drone_sim
-- Up-to-date symlink: /root/super_ws/install/perfect_drone_sim/share/perfect_drone_sim/cmake/perfect_drone_simConfig.cmake
-- Up-to-date symlink: /root/super_ws/install/perfect_drone_sim/share/perfect_drone_sim/cmake/perfect_drone_simConfig-version.cmake
-- Up-to-date symlink: /root/super_ws/install/perfect_drone_sim/share/perfect_drone_sim/package.xml
-- Up-to-date: /root/super_ws/install/perfect_drone_sim/lib/perfect_drone_sim/perfect_drone_node
-- Installing: /root/super_ws/install/perfect_drone_sim/lib/perfect_drone_sim/perfect_drone_frontend_node
-- Set runtime path of "/root/super_ws/install/perfect_drone_sim/lib/perfect_drone_sim/perfect_drone_frontend_node" to ""
-- Installing: /root/super_ws/install/perfect_drone_sim/lib/perfect_drone_sim/frontend_replay_witness
-- Set runtime path of "/root/super_ws/install/perfect_drone_sim/lib/perfect_drone_sim/frontend_replay_witness" to ""
-- Installing: /root/super_ws/install/perfect_drone_sim/lib/perfect_drone_sim/perfect_drone_full_node
-- Set runtime path of "/root/super_ws/install/perfect_drone_sim/lib/perfect_drone_sim/perfect_drone_full_node" to ""
-- Installing: /root/super_ws/install/perfect_drone_sim/lib/perfect_drone_sim/perfect_drone_adaptive_node
-- Set runtime path of "/root/super_ws/install/perfect_drone_sim/lib/perfect_drone_sim/perfect_drone_adaptive_node" to ""
--- stderr: perfect_drone_sim
CMake Warning (dev) at CMakeLists.txt:41 (find_package):
  Policy CMP0074 is not set: find_package uses <PackageName>_ROOT variables.
  Run "cmake --help-policy CMP0074" for policy details.  Use the cmake_policy
  command to set the policy and suppress this warning.

  CMake variable PCL_ROOT is set to:

    /usr

  For compatibility, CMake is ignoring the variable.
This warning is for project developers.  Use -Wno-dev to suppress it.

---
Finished <<< perfect_drone_sim [4min 7s]

Summary: 2 packages finished [6min 25s]
  2 packages had stderr output: perfect_drone_sim super_planner
