[INFO] [1789559151.736526076] [perfect_drone_adaptive_config]: [COMMON_EXECUTOR_SETTINGS] side_threads=2 default_threads=10
[INFO] [1789559151.736675834] [perfect_drone_adaptive_config]: [STATIC_PC_EXECUTOR_SETTINGS] dedicated=1 single_thread=1 timer_geometry_qos_unchanged=1
Load config file: /root/super_ws/install/super_planner/share/super_planner/config/static_seedmaps_guard_viability_tight_v7_event_recovery_v1.yaml
[0;32m Load param fsm/timer_en success: [0;0m1
[0;32m Load param super_planner/detailed_log_en success: [0;0m0
[0;32m Load param super_planner/detailed_log_max_entries success: [0;0m64
[0;32m Load param fsm/click_goal_en success: [0;0m1
[0;32m Load param fsm/click_yaw_en success: [0;0m1
[0;32m Load param fsm/replan_rate success: [0;0m15
[0;32m Load param fsm/click_height success: [0;0m1.5
[0;32m Load param fsm/cmd_topic success: [0;0m/planning/pos_cmd
[0;32m Load param fsm/mpc_cmd_topic success: [0;0m/planning_cmd/poly_traj
[0;32m Load param fsm/click_goal_topic success: [0;0m/planning/click_goal
[0;32m Load param fsm/map_readiness/enable success: [0;0m1
[0;32m Load param fsm/map_readiness/min_accepted_scans success: [0;0m5
[0;32m Load param fsm/map_readiness/min_committed_scans success: [0;0m5
[0;32m Load param fsm/map_readiness/max_commit_lag_scans success: [0;0m5
[0;32m Load param fsm/map_readiness/min_scan_span_s success: [0;0m1
[0;32m Load param fsm/map_readiness/max_cloud_age_s success: [0;0m0.75
[0;32m Load param fsm/map_readiness/max_map_age_s success: [0;0m0.55
[0;32m Load param fsm/trajectory_guard/enable success: [0;0m1
[0;32m Load param fsm/event_recovery/enable success: [0;0m1
[0;33m Load param fsm/trajectory_guard/same_map_replan_coalesce_enable failed, use default value: [0;0m0
[0;33m Load param fsm/trajectory_guard/same_map_replan_min_interval_s failed, use default value: [0;0m0
[0;32m Load param fsm/trajectory_guard/shadow success: [0;0m0
[0;32m Load param fsm/trajectory_guard/max_map_age_s success: [0;0m0.75
[0;32m Load param fsm/trajectory_guard/brake_trigger_map_age_s success: [0;0m0.55
[0;32m Load param fsm/trajectory_guard/brake_trigger_high_speed_map_age_s success: [0;0m0.5
[0;32m Load param fsm/trajectory_guard/brake_trigger_low_speed_mps success: [0;0m2.5
[0;32m Load param fsm/trajectory_guard/brake_trigger_high_speed_mps success: [0;0m3.5
[0;32m Load param fsm/trajectory_guard/full_refresh_ack_sla_s success: [0;0m0.75
[0;32m Load param fsm/trajectory_guard/raw_cloud/enable success: [0;0m0
[0;33m Load param fsm/trajectory_guard/raw_cloud/source_topic failed, use default value: [0;0m
[0;32m Load param fsm/trajectory_guard/raw_cloud/max_age_s success: [0;0m0.75
[0;32m Load param fsm/trajectory_guard/raw_cloud/clearance_m success: [0;0m0.3
[0;32m Load param fsm/trajectory_guard/validation_sample_dt_s success: [0;0m0.005
[0;32m Load param fsm/trajectory_guard/shadow_min_interval_s success: [0;0m0
[0;32m Load param fsm/trajectory_guard/additional_clearance_m success: [0;0m0
[0;33m Load param fsm/trajectory_guard/brake_min_duration_s failed, use default value: [0;0m0.4
[0;32m Load param fsm/trajectory_guard/brake_max_duration_s success: [0;0m3
[0;32m Load param fsm/trajectory_guard/brake_max_acc_mps2 success: [0;0m20
[0;32m Load param fsm/trajectory_guard/brake_max_jerk_mps3 success: [0;0m120
[0;32m Load param fsm/trajectory_guard/brake_command_max_age_s success: [0;0m0.1
[0;32m Load param fsm/trajectory_guard/brake_command_max_position_error_m success: [0;0m0.5
[0;32m Load param fsm/trajectory_guard/brake_command_max_velocity_error_mps success: [0;0m2
[0;32m Load param fsm/trajectory_guard/brake_retry_interval_s success: [0;0m0.1
[0;32m Load param fsm/trajectory_guard/unknown_as_occupied success: [0;0m1
[0;33m Load param fsm/trajectory_guard/raw_cloud/ciri_shadow_en failed, use default value: [0;0m0
[0;33m Load param fsm/trajectory_guard/raw_cloud/accum_window_s failed, use default value: [0;0m1.5
[0;33m Load param fsm/trajectory_guard/raw_cloud/ciri_min_points failed, use default value: [0;0m200
[0;33m Load param fsm/trajectory_guard/raw_cloud/ciri_voxel_m failed, use default value: [0;0m0.1
[0;33m Load param fsm/trajectory_guard/raw_cloud/near_field_shadow_en failed, use default value: [0;0m0
[0;33m Load param fsm/trajectory_guard/raw_cloud/near_field_clearance_m failed, use default value: [0;0m0.2
[0;33m Load param fsm/trajectory_guard/raw_cloud/near_field_horizon_s failed, use default value: [0;0m1
[0;33m Load param fsm/trajectory_guard/raw_cloud/near_field_sample_dt_s failed, use default value: [0;0m0.01
[0;33m Load param fsm/trajectory_guard/raw_cloud/near_field_min_interval_s failed, use default value: [0;0m0.1
[0;33m Load param fsm/trajectory_guard/raw_cloud/near_field_min_points failed, use default value: [0;0m200
[0;33m Load param fsm/trajectory_guard/raw_cloud/near_field_voxel_m failed, use default value: [0;0m0
[0;33m Load param fsm/trajectory_guard/raw_cloud/near_field_test_replay_mode failed, use default value: [0;0m0
[0;33m Load param fsm/trajectory_guard/raw_cloud/near_field_enforce_en failed, use default value: [0;0m0
[0;33m Load param fsm/trajectory_guard/raw_cloud/near_field_result_max_age_s failed, use default value: [0;0m0.2
[0;33m Load param fsm/trajectory_guard/raw_cloud/near_field_max_sequence_lag failed, use default value: [0;0m1
[0;33m Load param fsm/trajectory_guard/raw_cloud/near_field_egress_tolerance_m failed, use default value: [0;0m0.005
[0;33m Load param fsm/trajectory_guard/raw_cloud/near_field_egress_min_progress_m failed, use default value: [0;0m0.02
[0;33m Load param fsm/trajectory_guard/frontend_risk/shadow_en failed, use default value: [0;0m0
[0;33m Load param fsm/trajectory_guard/frontend_risk/enforce_en failed, use default value: [0;0m0
[0;33m Load param fsm/trajectory_guard/frontend_risk/topic failed, use default value: [0;0m/planning/trajectory_risk_verdict
[0;33m Load param fsm/trajectory_guard/frontend_risk/result_max_age_s failed, use default value: [0;0m0.2
[0;33m Load param fsm/trajectory_guard/frontend_risk/source_max_age_s failed, use default value: [0;0m0.75
[0;33m Load param fsm/trajectory_guard/frontend_risk/current_body_enforce_en failed, use default value: [0;0m0
[0;33m Load param fsm/trajectory_guard/frontend_risk/current_body_result_max_age_s failed, use default value: [0;0m0.15
[0;33m Load param fsm/trajectory_guard/frontend_risk/current_body_source_max_age_s failed, use default value: [0;0m0.2
[0;32m Load param super_planner/yaw_dot_max success: [0;0m3
[0;32m Load param super_planner/visualization_en success: [0;0m0
[0;32m Load param rog_map/resolution success: [0;0m0.05
Load config file: /root/super_ws/install/super_planner/share/super_planner/config/static_seedmaps_guard_viability_tight_v7_event_recovery_v1.yaml
[0;32m Load param rog_map/esdf/resolution success: [0;0m0.1
[0;32m Load param rog_map/esdf/enable success: [0;0m0
[0;32m Load param rog_map/esdf/local_update_box success: [0;0m[5 5 3 ]
[0;32m Load param rog_map/load_pcd_en success: [0;0m0
[0;32m Load param rog_map/map_sliding/enable success: [0;0m0
[0;32m Load param rog_map/map_sliding/threshold success: [0;0m3
[0;32m Load param rog_map/fix_map_origin success: [0;0m[0 0 1.5 ]
[0;32m Load param rog_map/frontier_extraction_en success: [0;0m0
[0;32m Load param rog_map/ros_callback/enable success: [0;0m1
[0;32m Load param rog_map/ros_callback/cloud_topic success: [0;0m/cloud_sector
[0;32m Load param rog_map/ros_callback/cloud_reliable success: [0;0m1
[0;32m Load param rog_map/ros_callback/odom_topic success: [0;0m/lidar_slam/odom
[0;32m Load param rog_map/ros_callback/odom_timeout success: [0;0m2
[0;32m Load param rog_map/visualization/enable success: [0;0m0
[0;32m Load param rog_map/visualization/use_dynamic_reconfigure success: [0;0m0
[0;32m Load param rog_map/visualization/pub_unknown_map_en success: [0;0m0
[0;32m Load param rog_map/visualization/frame_id success: [0;0mworld
[0;32m Load param rog_map/visualization/time_rate success: [0;0m2
[0;32m Load param rog_map/visualization/frame_rate success: [0;0m0
[0;32m Load param rog_map/visualization/range success: [0;0m[15 15 4 ]
[0;32m Load param rog_map/resolution success: [0;0m0.05
[0;32m Load param rog_map/inflation_resolution success: [0;0m0.1
[0;32m Load param rog_map/unk_inflation_en success: [0;0m0
[0;32m Load param rog_map/unk_inflation_step success: [0;0m1
[0;32m Load param rog_map/inflation_step success: [0;0m3
[0;32m Load param rog_map/intensity_thresh success: [0;0m-10
[0;32m Load param rog_map/map_size success: [0;0m[70 70 6 ]
[0;32m Load param rog_map/point_filt_num success: [0;0m1
[0;32m Load param rog_map/raycasting/enable success: [0;0m0
[0;32m Load param rog_map/raycasting/batch_update_size success: [0;0m1
[0;32m Load param rog_map/raycasting/unk_thresh success: [0;0m1
[0;32m Load param rog_map/raycasting/p_hit success: [0;0m0.9
[0;32m Load param rog_map/raycasting/p_miss success: [0;0m0.49
[0;32m Load param rog_map/raycasting/p_min success: [0;0m0.12
[0;32m Load param rog_map/raycasting/p_max success: [0;0m0.98
[0;32m Load param rog_map/raycasting/p_occ success: [0;0m0.85
[0;32m Load param rog_map/raycasting/p_free success: [0;0m0.499
[0;32m Load param rog_map/raycasting/p_free success: [0;0m0.499
[0;32m Load param rog_map/raycasting/ray_range success: [0;0m[0.5 100 ]
[0;33m Load param rog_map/raycasting/observed_mark_range_max failed, use default value: [0;0m10
[0;32m Load param rog_map/raycasting/local_update_box success: [0;0m[100 100 5 ]
[0;32m Load param rog_map/virtual_ground_height success: [0;0m-0.1
[0;32m Load param rog_map/virtual_ceil_height success: [0;0m3.5
[32m -- [RM-Config] inflation_resolution: 0.1[0m
 -- [ROG-Map] Init, resetMapSize: ORIGIN_AT_CORNER.
 -- [ROG-Map] Init, resetMapSize: virtual_ceil_height: 3.1500000000000004, virtual_ground_height: 0.25.
[34m	[ROG] n_free: 1[0m
[34m	[ROG] n_occ: 1[0m
[34m	[ROG] l_hit: 2.19722[0m
[34m	[ROG] l_miss: -0.0400053[0m
[34m	[ROG] l_min: -1.99243[0m
[34m	[ROG] l_max: 3.89182[0m
[34m	[ROG] l_occ: 1.7346[0m
[34m	[ROG] l_free: -0.00399995[0m
[33m -- [Inf-Map] Clear all local map.[0m
[32m -- [CounterMap] Init successfully -- .[0m
[32m	resolution: 0.1[0m
[32m	map_sliding_en: 0[0m
[32m	local_map_size_i: 709 709  69[0m
[32m	local_map_size_d: 70.9 70.9  6.9[0m
[33m -- [Inf-Map] Clear all local map.[0m
[32m -- [InfMap] Init successfully -- .[0m
[32m	resolution: 0.1[0m
[32m	map_sliding_en: 0[0m
[32m	local_map_size_i: 709 709  69[0m
[32m	local_map_size_d: 70.9 70.9  6.9[0m
[ProbMap] virtual_ceil_height: 3.15
[ProbMap] virtual_ground_height: 0.25
[33m -- [ProbMap] Map sliding disabled, set origin to [  0   0 1.5] -- [0m
[33m -- [Prob-Map] Clear all local map.[0m
[32m -- [ProbMap] Init successfully -- .[0m
[32m	resolution: 0.05[0m
[32m	map_sliding_en: 0[0m
[32m	local_map_size_i: 1401 1401  121[0m
[32m	local_map_size_d: 70.05 70.05  6.05[0m
[38;2;000;128;000m -- [ROGMap] Immutable planner snapshot enabled (fixed occupancy-only map).
[0m -- [ROG_MAP_OCCUPIED_BOX_SCAN] fast=false compare=false immutable=true comparison_overhead=false
 -- [ROG_MAP_SNAPSHOT_LINE_QUERY] enabled=false immutable=true active=false changed_publication=reject
 -- [ROG_MAP_SNAPSHOT_NEIGHBOR_CACHE] enabled=false immutable=true line_query=false active=false entries=4096 max_neighbors=512 bytes_per_thread=88136 publication_check=required
Load config file: /root/super_ws/install/super_planner/share/super_planner/config/static_seedmaps_guard_viability_tight_v7_event_recovery_v1.yaml
Load config file: /root/super_ws/install/super_planner/share/super_planner/config/static_seedmaps_guard_viability_tight_v7_event_recovery_v1.yaml
[0;32m Load param traj_opt/switch/print_optimizer_log success: [0;0m0
[0;32m Load param traj_opt/flatness/mass success: [0;0m1.64
[0;32m Load param traj_opt/flatness/dh success: [0;0m0.35
[0;32m Load param traj_opt/flatness/dv success: [0;0m0.35
[0;32m Load param traj_opt/flatness/grav success: [0;0m9.81
[0;32m Load param traj_opt/flatness/cp success: [0;0m0.001
[0;32m Load param traj_opt/flatness/v_eps success: [0;0m0.0001
[0;32m Load param traj_opt/switch/save_log_en success: [0;0m0
[0;32m Load param traj_opt/exp_traj/pos_constraint_type success: [0;0m1
[0;33m Load param traj_opt/exp_traj/piece_num failed, use default value: [0;0m1
[0;33m Load param traj_opt/exp_traj/uniform_time_en failed, use default value: [0;0m0
[0;32m Load param traj_opt/exp_traj/block_energy_cost success: [0;0m0
[0;32m Load param traj_opt/exp_traj/opt_accuracy success: [0;0m5e-06
[0;33m Load param traj_opt/exp_traj/max_iterations failed, use default value: [0;0m2048
[0;32m Load param traj_opt/exp_traj/integral_reso success: [0;0m15
[0;32m Load param traj_opt/exp_traj/smooth_eps success: [0;0m0.01
[0;32m Load param traj_opt/boundary/max_vel success: [0;0m7
[0;32m Load param traj_opt/boundary/max_acc success: [0;0m20
[0;32m Load param traj_opt/boundary/max_jerk success: [0;0m120
[0;32m Load param traj_opt/boundary/max_omg success: [0;0m2.5
[0;32m Load param traj_opt/boundary/max_acc_thr success: [0;0m17
[0;32m Load param traj_opt/boundary/min_acc_thr success: [0;0m6
[0;32m Load param traj_opt/boundary/penna_margin success: [0;0m0.05
[0;33m Load param traj_opt/exp_traj/penna_scale failed, use default value: [0;0m-1
[0;32m Load param traj_opt/exp_traj/penna_t success: [0;0m1e+07
[0;33m Load param traj_opt/exp_traj/penna_ts failed, use default value: [0;0m-1
[0;32m Load param traj_opt/exp_traj/penna_pos success: [0;0m5e+09
[0;32m Load param traj_opt/exp_traj/penna_clr success: [0;0m1e+06
[0;32m Load param traj_opt/exp_traj/clearance_margin success: [0;0m0.1
[0;32m Load param traj_opt/exp_traj/clearance_speed_gate success: [0;0m1.5
[0;32m Load param traj_opt/exp_traj/clearance_speed_transition success: [0;0m0.5
[0;33m Load param traj_opt/exp_traj/penna_passage_center failed, use default value: [0;0m-1
[0;33m Load param traj_opt/exp_traj/passage_center_max_width failed, use default value: [0;0m0
[0;33m Load param traj_opt/exp_traj/passage_center_min_opposition_cos failed, use default value: [0;0m0.9
[0;33m Load param traj_opt/exp_traj/passage_center_min_horizontal_normal failed, use default value: [0;0m0.8
[0;33m Load param traj_opt/exp_traj/passage_center_deadband failed, use default value: [0;0m0.15
[0;33m Load param traj_opt/exp_traj/passage_center_log_en failed, use default value: [0;0m0
[0;32m Load param traj_opt/exp_traj/penna_vel success: [0;0m5e+08
[0;32m Load param traj_opt/exp_traj/penna_acc success: [0;0m5e+08
[0;32m Load param traj_opt/exp_traj/penna_jerk success: [0;0m-5e+08
[0;32m Load param traj_opt/exp_traj/penna_attract success: [0;0m5e+08
[0;32m Load param traj_opt/exp_traj/penna_omg success: [0;0m-1
[0;32m Load param traj_opt/exp_traj/penna_thr success: [0;0m-1
Load config file: /root/super_ws/install/super_planner/share/super_planner/config/static_seedmaps_guard_viability_tight_v7_event_recovery_v1.yaml
[0;32m Load param traj_opt/switch/print_optimizer_log success: [0;0m0
[0;32m Load param traj_opt/flatness/mass success: [0;0m1.64
[0;32m Load param traj_opt/flatness/dh success: [0;0m0.35
[0;32m Load param traj_opt/flatness/dv success: [0;0m0.35
[0;32m Load param traj_opt/flatness/grav success: [0;0m9.81
[0;32m Load param traj_opt/flatness/cp success: [0;0m0.001
[0;32m Load param traj_opt/flatness/v_eps success: [0;0m0.0001
[0;32m Load param traj_opt/switch/save_log_en success: [0;0m0
[0;32m Load param traj_opt/backup_traj/pos_constraint_type success: [0;0m2
[0;32m Load param traj_opt/backup_traj/piece_num success: [0;0m2
[0;32m Load param traj_opt/backup_traj/uniform_time_en success: [0;0m1
[0;32m Load param traj_opt/backup_traj/block_energy_cost success: [0;0m1
[0;32m Load param traj_opt/backup_traj/opt_accuracy success: [0;0m1e-05
[0;33m Load param traj_opt/backup_traj/max_iterations failed, use default value: [0;0m2048
[0;32m Load param traj_opt/backup_traj/integral_reso success: [0;0m12
[0;32m Load param traj_opt/backup_traj/smooth_eps success: [0;0m0.01
[0;32m Load param traj_opt/boundary/max_vel success: [0;0m7
[0;32m Load param traj_opt/boundary/max_acc success: [0;0m20
[0;32m Load param traj_opt/boundary/max_jerk success: [0;0m120
[0;32m Load param traj_opt/boundary/max_omg success: [0;0m2.5
[0;32m Load param traj_opt/boundary/max_acc_thr success: [0;0m17
[0;32m Load param traj_opt/boundary/min_acc_thr success: [0;0m6
[0;32m Load param traj_opt/boundary/penna_margin success: [0;0m0.05
[0;33m Load param traj_opt/backup_traj/penna_scale failed, use default value: [0;0m-1
[0;32m Load param traj_opt/backup_traj/penna_t success: [0;0m100
[0;32m Load param traj_opt/backup_traj/penna_ts success: [0;0m1e+07
[0;32m Load param traj_opt/backup_traj/penna_pos success: [0;0m1e+10
[0;32m Load param traj_opt/backup_traj/penna_clr success: [0;0m1e+06
[0;32m Load param traj_opt/backup_traj/clearance_margin success: [0;0m0.1
[0;32m Load param traj_opt/backup_traj/clearance_speed_gate success: [0;0m1.5
[0;32m Load param traj_opt/backup_traj/clearance_speed_transition success: [0;0m0.5
[0;33m Load param traj_opt/backup_traj/penna_passage_center failed, use default value: [0;0m-1
[0;33m Load param traj_opt/backup_traj/passage_center_max_width failed, use default value: [0;0m0
[0;33m Load param traj_opt/backup_traj/passage_center_min_opposition_cos failed, use default value: [0;0m0.9
[0;33m Load param traj_opt/backup_traj/passage_center_min_horizontal_normal failed, use default value: [0;0m0.8
[0;33m Load param traj_opt/backup_traj/passage_center_deadband failed, use default value: [0;0m0.15
[0;33m Load param traj_opt/backup_traj/passage_center_log_en failed, use default value: [0;0m0
[0;32m Load param traj_opt/backup_traj/penna_vel success: [0;0m1e+08
[0;32m Load param traj_opt/backup_traj/penna_acc success: [0;0m1e+08
[0;32m Load param traj_opt/backup_traj/penna_jerk success: [0;0m-1e+06
[0;33m Load param traj_opt/backup_traj/penna_attract failed, use default value: [0;0m-1
[0;32m Load param traj_opt/backup_traj/penna_omg success: [0;0m-1
[0;32m Load param traj_opt/backup_traj/penna_thr success: [0;0m-1
[0;32m Load param super_planner/print_log success: [0;0m0
[0;32m Load param super_planner/detailed_log_en success: [0;0m0
[0;32m Load param super_planner/visualization_en success: [0;0m0
[0;32m Load param super_planner/backup_traj_en success: [0;0m1
[0;32m Load param super_planner/goal_vel_en success: [0;0m0
[0;32m Load param super_planner/goal_yaw_en success: [0;0m0
[0;32m Load param super_planner/visual_process success: [0;0m0
[0;32m Load param super_planner/use_fov_cut success: [0;0m0
[0;33m Load param super_planner/fov_horizontal_angle failed, use default value: [0;0m-1
[0;33m Load param super_planner/fov_center_heading failed, use default value: [0;0m0
[0;32m Load param super_planner/frontend_in_known_free success: [0;0m0
[0;32m Load param fsm/trajectory_guard/enable success: [0;0m1
[0;32m Load param fsm/trajectory_guard/shadow success: [0;0m0
[0;32m Load param fsm/trajectory_guard/validation_sample_dt_s success: [0;0m0.005
[0;32m Load param fsm/trajectory_guard/shadow_min_interval_s success: [0;0m0
[0;32m Load param fsm/trajectory_guard/additional_clearance_m success: [0;0m0
[0;32m Load param fsm/trajectory_guard/escape_max_duration_s success: [0;0m1
[0;32m Load param fsm/trajectory_guard/unknown_as_occupied success: [0;0m1
[0;32m Load param fsm/trajectory_guard/escape_entry_grace_s success: [0;0m0
[0;32m Load param fsm/trajectory_guard/initial_footprint_egress_enable success: [0;0m1
[0;32m Load param super_planner/safe_corridor_line_max_length success: [0;0m6
[0;32m Load param super_planner/sensing_horizon success: [0;0m-1
[0;32m Load param super_planner/obs_skip_num success: [0;0m2
[0;32m Load param super_planner/replan_forward_dt success: [0;0m0.1
[0;32m Load param super_planner/corridor_bound_dis success: [0;0m0.8
[0;32m Load param super_planner/corridor_line_max_length success: [0;0m1
[0;32m Load param super_planner/planning_horizon success: [0;0m7
[0;32m Load param super_planner/receding_dis success: [0;0m1
[0;32m Load param super_planner/robot_r success: [0;0m0.2
[0;32m Load param super_planner/corridor_use_inflated_obstacles success: [0;0m0
[0;32m Load param super_planner/corridor_use_inflated_seed_lines success: [0;0m0
[0;32m Load param super_planner/corridor_guard_retry_inflated success: [0;0m1
[0;32m Load param super_planner/guard_corridor_retry_alternate_every success: [0;0m4
[0;32m Load param super_planner/guard_topology_reroute/enable success: [0;0m1
[0;32m Load param super_planner/guard_topology_reroute/radius_m success: [0;0m0.8
[0;32m Load param super_planner/guard_topology_reroute/growth_m success: [0;0m0
[0;32m Load param super_planner/guard_topology_reroute/max_radius_m success: [0;0m0.8
[0;32m Load param super_planner/guard_topology_reroute/max_zones success: [0;0m6
[0;32m Load param super_planner/guard_topology_reroute/max_stop_speed_mps success: [0;0m0.2
[0;32m Load param super_planner/guard_topology_reroute/escalate_every_rejects success: [0;0m3
[0;32m Load param super_planner/guard_topology_reroute/collision_merge_m success: [0;0m0.5
[0;32m Load param super_planner/guard_topology_reroute/start_clearance_m success: [0;0m0.3
[0;32m Load param super_planner/guard_topology_reroute/block_spacing_m success: [0;0m1
[0;32m Load param super_planner/guard_topology_reroute/direction_merge_angle_deg success: [0;0m30
[0;32m Load param super_planner/guard_topology_reroute/no_path_reset_attempts success: [0;0m3
[0;32m Load param super_planner/guard_topology_reroute/vertical_recovery_enable success: [0;0m1
[0;32m Load param super_planner/guard_topology_reroute/vertical_recovery_lift_m success: [0;0m0.6
[0;32m Load param super_planner/guard_topology_reroute/vertical_recovery_trigger_distance_m success: [0;0m0.75
[0;32m Load param super_planner/guard_topology_reroute/local_escape_enable success: [0;0m1
[0;32m Load param super_planner/guard_topology_reroute/local_escape_distance_m success: [0;0m0.6
[0;32m Load param super_planner/guard_topology_reroute/local_escape_attempts success: [0;0m4
[0;32m Load param super_planner/guard_topology_reroute/episode_progress_reset_m success: [0;0m2
[0;32m Load param super_planner/guard_topology_reroute/saturation_vertical_attempts success: [0;0m1
[0;32m Load param super_planner/guard_topology_reroute/base_no_path_vertical_attempts success: [0;0m1
[0;32m Load param super_planner/guard_direct_goal_fallback/enable success: [0;0m1
[0;32m Load param super_planner/guard_direct_goal_fallback/max_distance_m success: [0;0m3
[0;32m Load param super_planner/guard_direct_goal_fallback/min_duration_s success: [0;0m1
[0;32m Load param super_planner/guard_viability/enable success: [0;0m1
[0;32m Load param super_planner/guard_viability/horizon_s success: [0;0m2
[0;32m Load param super_planner/guard_viability/sample_dt_s success: [0;0m0.3
[0;32m Load param super_planner/guard_viability/brake_max_acc_mps2 success: [0;0m20
[0;32m Load param super_planner/guard_viability/brake_max_jerk_mps3 success: [0;0m120
[0;32m Load param super_planner/guard_viability/brake_min_duration_s success: [0;0m0.4
[0;32m Load param super_planner/guard_viability/brake_max_duration_s success: [0;0m3
[0;32m Load param super_planner/guard_viability/brake_attempts success: [0;0m12
[0;32m Load param super_planner/guard_viability/speed_scale_step success: [0;0m1.25
[0;32m Load param super_planner/guard_viability/speed_scale_max success: [0;0m3
[0;32m Load param super_planner/guard_viability/max_retries success: [0;0m4
[0;32m Load param super_planner/corridor_min_margin success: [0;0m0.2
[0;32m Load param super_planner/corridor_pref_margin success: [0;0m0.3
[0;32m Load param super_planner/iris_iter_num success: [0;0m2
[0;32m Load param super_planner/yaw_mode success: [0;0m1
[0;32m Load param super_planner/mpc_horizon success: [0;0m15
[0;32m Load param super_planner/yaw_dot_max success: [0;0m3
[0;32m Load param rog_map/resolution success: [0;0m0.05
[INFO] [1789559153.096203677] [fsm_node]: [OPT_CLEARANCE_GATE_FIRST] optimizer=exp enabled=0 objective_unchanged=1
[INFO] [1789559153.096288123] [fsm_node]: [OPT_CLEARANCE_GATE_FIRST] optimizer=backup enabled=0 objective_unchanged=1
[INFO] [1789559153.096312551] [fsm_node]:  -- [TRAJ_GUARD] mode=enforce sample_dt=0.0050s shadow_min_interval=0.000s inflation_radius=0.300m robot_r=0.200m additional_clearance=0.000m hard_clearance=0.300m clearance_offsets=0
[38;2;050;205;050m -- [Viz] Set resolution_ to 0.05
[0m[38;2;050;205;050m -- [Viz] Set visualization_en_ to false
[0mLoad config file: /root/super_ws/install/super_planner/share/super_planner/config/static_seedmaps_guard_viability_tight_v7_event_recovery_v1.yaml
[0;32m Load param astar/map_voxel_num success: [0;0m[500 500 100 ]
[0;32m Load param astar/allow_diag success: [0;0m1
[0;32m Load param astar/debug_visualization_en success: [0;0m0
[0;32m Load param astar/heu_type success: [0;0m2
[0;32m Load param astar/visual_process success: [0;0m0
[32m -- [RM] Init Astar-map.[0m
[34m	map index size: 250 250  50[0m
[34m	map vox_num: 501 501 101[0m
[INFO] [1789559154.692376901] [fsm_node]:  -- [FULL_REFRESH_ACK_GATE] listening sla=0.750s
[33m -- [Fsm] CLICKGOAL ENABLE.[0m
[INFO] [1789559154.695626855] [native_sector_cpp]: adaptive mode, half-angle 45.0 deg, input /cloud_registered, publish cap 0.00 Hz, commit refresh 0.000 s, full-open extra budget 0, guard witness disabled radius 0.00 m, direct input enabled, risk verdict disabled, body tier 0.000 m/0.150 s
[INFO] [1789559154.696017017] [native_sector_cpp]: filtered DDS disabled: source metadata checked before direct latest-only map handoff; Full request precedes cloud enqueue
[WARN] [1789559154.696513727] [perfect_tracking]:  -- [MissionPlanner] Load config by file name: /root/super_ws/src/SUPER/mars_uav_sim/perfect_drone_sim/config/seed7.yaml
Load config file: /root/super_ws/src/SUPER/mars_uav_sim/perfect_drone_sim/config/seed7.yaml
[0;32m Load param mesh_resource success: [0;0mpackage://perfect_drone_sim/meshes/yunque-M.dae
[0;32m Load param init_position/x success: [0;0m0
[0;32m Load param init_position/y success: [0;0m0
[0;32m Load param init_position/z success: [0;0m1.5
[0;32m Load param init_yaw success: [0;0m0
[0;32m Load param sensing_rate success: [0;0m10
Load config file: /root/super_ws/src/SUPER/mars_uav_sim/perfect_drone_sim/config/seed7.yaml
[0;33m Load param side_entry_v1/enabled failed, use default value: [0;0m0
[0;33m Load param side_entry_v2/enabled failed, use default value: [0;0m0
[0;33m Load param side_entry_v3/enabled failed, use default value: [0;0m0
[0;33m Load param side_entry_v4/enabled failed, use default value: [0;0m0
[0;33m Load param side_entry_v5/enabled failed, use default value: [0;0m0
[0;33m Load param side_entry_v6/enabled failed, use default value: [0;0m0
[0;33m Load param side_entry_v7/enabled failed, use default value: [0;0m0
[0;33m Load param side_entry_v0/speed_min_mps failed, use default value: [0;0m2
[0;33m Load param side_entry_v0/yaw_velocity_mismatch_min_deg failed, use default value: [0;0m50
[0;33m Load param side_entry_v0/require_yaw_velocity_mismatch failed, use default value: [0;0m1
[0;33m Load param side_entry_v0/hold_s failed, use default value: [0;0m0.02
[0;33m Load param side_entry_v0/qualifying_samples failed, use default value: [0;0m0
[0;33m Load param side_entry_v0/prediction_s failed, use default value: [0;0m0.8
[0;33m Load param side_entry_v0/require_velocity_inside failed, use default value: [0;0m1
[0;33m Load param side_entry_v0/fixed_center_enabled failed, use default value: [0;0m0
[0;33m Load param side_entry_v0/fixed_center_x failed, use default value: [0;0m22.5
[0;33m Load param side_entry_v0/fixed_center_y failed, use default value: [0;0m23
[0;33m Load param side_entry_v0/trigger_distance_min_m failed, use default value: [0;0m0.8
[0;33m Load param side_entry_v0/trigger_distance_max_m failed, use default value: [0;0m3.5
[0;33m Load param side_entry_v0/trigger_waypoint_x failed, use default value: [0;0m24
[0;33m Load param side_entry_v0/trigger_waypoint_y failed, use default value: [0;0m24
[0;33m Load param side_entry_v0/trigger_waypoint_radius_m failed, use default value: [0;0m2
[0;33m Load param side_entry_v0/trap_waypoint_radius_m failed, use default value: [0;0m2
[0;33m Load param side_entry_v0/sector_half_angle_deg failed, use default value: [0;0m45
[0;33m Load param side_entry_v0/angular_margin_deg failed, use default value: [0;0m2
[0;33m Load param side_entry_v0/max_nudge_deg failed, use default value: [0;0m20
[0;33m Load param side_entry_v0/radius_m failed, use default value: [0;0m0.25
[0;33m Load param side_entry_v0/height_m failed, use default value: [0;0m3
[0;33m Load param side_entry_v0/point_spacing_m failed, use default value: [0;0m0.05
[0;33m Load param side_entry_v0/z_spacing_m failed, use default value: [0;0m0.1
[0;33m Load param side_entry_v0/sensing_horizon_m failed, use default value: [0;0m15
[0;33m Load param side_entry_v0/intensity failed, use default value: [0;0m14545
Load config file: /root/super_ws/src/SUPER/mars_uav_sim/perfect_drone_sim/config/seed7.yaml
[0;33m Load param sensor_burst_dropout/enabled failed, use default value: [0;0m0
[0;33m Load param sensor_burst_dropout/warmup_s failed, use default value: [0;0m1
[0;33m Load param sensor_burst_dropout/period_s failed, use default value: [0;0m2
[0;33m Load param sensor_burst_dropout/duration_s failed, use default value: [0;0m0.5
[0;33m Load param sensor_burst_dropout/phase_s failed, use default value: [0;0m0
Load config file: /root/super_ws/src/SUPER/mars_uav_sim/perfect_drone_sim/config/seed7.yaml
[0;32m Load param sensing_blind success: [0;0m0.1
[0;32m Load param sensing_horizon success: [0;0m15
[0;32m Load param sensing_rate success: [0;0m10
[0;32m Load param lidar_type success: [0;0m2
[0;32m Load param pcd_name success: [0;0mseed_maps/seed7.pcd
[0;32m Load param is_360lidar success: [0;0m1
[0;32m Load param polar_resolution success: [0;0m0.4
[0;33m Load param fx failed, use default value: [0;0m250
[0;33m Load param fy failed, use default value: [0;0m250
[0;33m Load param line_number failed, use default value: [0;0m64
[0;32m Load param downsample_res success: [0;0m0.1
[0;33m Load param yaw_fov failed, use default value: [0;0m360
[0;32m Load param vertical_fov success: [0;0m178
[0;32m Load param depth_image_en success: [0;0m0
[0;33m Load param inf_point_en failed, use default value: [0;0m0
[0;32m Load param print_time_consumption success: [0;0m0
GLAD init success
Load shader frome: /root/super_ws/src/SUPER/mars_uav_sim/marsim_render/config/pattern/360camera.vs
Now initing the point cloud data: 
Number of points = 83.886X 10000
Load data finish 
========== OpenGL Info ==========
Vendor: NVIDIA Corporation
Renderer: NVIDIA GeForce RTX 3050 Ti Laptop GPU/PCIe/SSE2
OpenGL Version: 3.3.0 NVIDIA 550.144.03
GLSL Version: 3.30 NVIDIA via Cg compiler
========== OpenGL Info ==========
[INFO] [1789559155.517360210] [perfect_tracking]: [STATIC_PC_DURABLE_SETTINGS] enabled=1 actual_qos=1 reliability=reliable durability=transient_local history=keep_last depth=1 intra_process=disabled publication_schedule=latched_once other_qos_unchanged=1
[INFO] [1789559155.517438164] [perfect_tracking]: [STATIC_PC_POLL_SETTINGS] poll_ms=0 bootstrap_once=1 complete_geometry=1 qos_unchanged=0
[INFO] [1789559155.542324695] [perfect_tracking]: [STATIC_PC_LATCHED_SERIALIZATION] point_step=32 tail_zeroed_bytes=12 declared_fields_and_homogeneous_bytes_unchanged=1
[INFO] [1789559155.554343173] [perfect_tracking]: [STATIC_PC_LATCHED_PUBLICATION] publications=1 points=838860 bytes=26843520 stamp_ns=1789559155539099277 timers_created=0 poll_callbacks=0 complete_geometry=1
[INFO] [1789559155.555408368] [perfect_drone_adaptive_config]: [HEADLESS_PARAMETER_SETTINGS] enabled=1 mode=adaptive nodes=4 parameter_services_nodes=0 parameter_event_publisher_nodes=0 local_parameters_preserved=1 default_off=1
[INFO] [1789559155.555461082] [perfect_drone_adaptive_config]: raw and filtered DDS disabled: acquired source -> frontend -> ROG-Map use SharedPtr handoff; exact Full ACK gate unchanged
[INFO] [1789559155.555555781] [perfect_drone_adaptive_config]: [STATIC_PC_EXECUTOR_KIND] cached_entities=0 executor=single callbacks_qos_cadence_unchanged=1 mode=adaptive
[INFO] [1789559155.555597299] [perfect_drone_adaptive_config]: [FRONTEND_EXECUTOR_SETTINGS] dedicated=0 executor=shared node=native_sector_cpp existing_default_group=1 callbacks_qos_cadence_unchanged=1
[INFO] [1789559155.623250718] [perfect_tracking]: [SENSOR_ACQUISITION_FRAME] frame=1 cycle=0 full=0 stamp_ns=1789559155617717499 width=225 height=445 readback_pixels=200250 conversion_rays=28800 generated_points=4640 bytes=148480 half_angle_deg=45.000
Publish local map size: 4640
[INFO] [1789559155.719489706] [perfect_tracking]: [SENSOR_ACQUISITION_FRAME] frame=2 cycle=0 full=0 stamp_ns=1789559155717711191 width=225 height=445 readback_pixels=200250 conversion_rays=28800 generated_points=4608 bytes=147456 half_angle_deg=45.000
Publish local map size: 4608
[INFO] [1789559155.819727052] [perfect_tracking]: [SENSOR_ACQUISITION_FRAME] frame=3 cycle=0 full=0 stamp_ns=1789559155817536811 width=225 height=445 readback_pixels=200250 conversion_rays=28800 generated_points=4607 bytes=147424 half_angle_deg=45.000
Publish local map size: 4607
[INFO] [1789559155.919158328] [perfect_tracking]: [SENSOR_ACQUISITION_FRAME] frame=4 cycle=0 full=0 stamp_ns=1789559155917544918 width=225 height=445 readback_pixels=200250 conversion_rays=28800 generated_points=4605 bytes=147360 half_angle_deg=45.000
Publish local map size: 4605
[INFO] [1789559156.018526686] [perfect_tracking]: [SENSOR_ACQUISITION_FRAME] frame=5 cycle=0 full=0 stamp_ns=1789559156017540071 width=225 height=445 readback_pixels=200250 conversion_rays=28800 generated_points=4615 bytes=147680 half_angle_deg=45.000
Publish local map size: 4615
[INFO] [1789559156.119009486] [perfect_tracking]: [SENSOR_ACQUISITION_FRAME] frame=6 cycle=0 full=0 stamp_ns=1789559156117664654 width=225 height=445 readback_pixels=200250 conversion_rays=28800 generated_points=4646 bytes=148672 half_angle_deg=45.000
Publish local map size: 4646
[INFO] [1789559156.220205274] [perfect_tracking]: [SENSOR_ACQUISITION_FRAME] frame=7 cycle=0 full=0 stamp_ns=1789559156217573914 width=225 height=445 readback_pixels=200250 conversion_rays=28800 generated_points=4639 bytes=148448 half_angle_deg=45.000
Publish local map size: 4639
[INFO] [1789559156.318936975] [perfect_tracking]: [SENSOR_ACQUISITION_FRAME] frame=8 cycle=0 full=0 stamp_ns=1789559156317548963 width=225 height=445 readback_pixels=200250 conversion_rays=28800 generated_points=4625 bytes=148000 half_angle_deg=45.000
Publish local map size: 4625
[INFO] [1789559156.419335173] [perfect_tracking]: [SENSOR_ACQUISITION_FRAME] frame=9 cycle=0 full=0 stamp_ns=1789559156417672674 width=225 height=445 readback_pixels=200250 conversion_rays=28800 generated_points=4598 bytes=147136 half_angle_deg=45.000
Publish local map size: 4598
[INFO] [1789559156.519685573] [perfect_tracking]: [SENSOR_ACQUISITION_FRAME] frame=10 cycle=0 full=0 stamp_ns=1789559156517674587 width=225 height=445 readback_pixels=200250 conversion_rays=28800 generated_points=4640 bytes=148480 half_angle_deg=45.000
Publish local map size: 4640
[33m -- [Fsm] Wait for goal.[0m
[32m -- [Fsm 1.008] Current state: INIT[0m
[INFO] [1789559156.619724340] [perfect_tracking]: [SENSOR_ACQUISITION_FRAME] frame=11 cycle=0 full=0 stamp_ns=1789559156617539593 width=225 height=445 readback_pixels=200250 conversion_rays=28800 generated_points=4646 bytes=148672 half_angle_deg=45.000
Publish local map size: 4646
[INFO] [1789559156.721921266] [perfect_tracking]: [SENSOR_ACQUISITION_FRAME] frame=12 cycle=0 full=0 stamp_ns=1789559156717579526 width=225 height=445 readback_pixels=200250 conversion_rays=28800 generated_points=4640 bytes=148480 half_angle_deg=45.000
Publish local map size: 4640
[INFO] [1789559156.819807228] [perfect_tracking]: [SENSOR_ACQUISITION_FRAME] frame=13 cycle=0 full=0 stamp_ns=1789559156817711425 width=225 height=445 readback_pixels=200250 conversion_rays=28800 generated_points=4605 bytes=147360 half_angle_deg=45.000
Publish local map size: 4605
[INFO] [1789559156.919719204] [perfect_tracking]: [SENSOR_ACQUISITION_FRAME] frame=14 cycle=0 full=0 stamp_ns=1789559156917664562 width=225 height=445 readback_pixels=200250 conversion_rays=28800 generated_points=4614 bytes=147648 half_angle_deg=45.000
Publish local map size: 4614
[INFO] [1789559157.019903274] [perfect_tracking]: [SENSOR_ACQUISITION_FRAME] frame=15 cycle=0 full=0 stamp_ns=1789559157017703442 width=225 height=445 readback_pixels=200250 conversion_rays=28800 generated_points=4605 bytes=147360 half_angle_deg=45.000
Publish local map size: 4605
[INFO] [1789559157.119585873] [perfect_tracking]: [SENSOR_ACQUISITION_FRAME] frame=16 cycle=0 full=0 stamp_ns=1789559157117652499 width=225 height=445 readback_pixels=200250 conversion_rays=28800 generated_points=4633 bytes=148256 half_angle_deg=45.000
Publish local map size: 4633
[INFO] [1789559157.219722163] [perfect_tracking]: [SENSOR_ACQUISITION_FRAME] frame=17 cycle=0 full=0 stamp_ns=1789559157217683495 width=225 height=445 readback_pixels=200250 conversion_rays=28800 generated_points=4604 bytes=147328 half_angle_deg=45.000
Publish local map size: 4604
[INFO] [1789559157.319013268] [perfect_tracking]: [SENSOR_ACQUISITION_FRAME] frame=18 cycle=0 full=0 stamp_ns=1789559157317698784 width=225 height=445 readback_pixels=200250 conversion_rays=28800 generated_points=4615 bytes=147680 half_angle_deg=45.000
Publish local map size: 4615
[INFO] [1789559157.419557979] [perfect_tracking]: [SENSOR_ACQUISITION_FRAME] frame=19 cycle=0 full=0 stamp_ns=1789559157417716984 width=225 height=445 readback_pixels=200250 conversion_rays=28800 generated_points=4640 bytes=148480 half_angle_deg=45.000
Publish local map size: 4640
[INFO] [1789559157.519221411] [perfect_tracking]: [SENSOR_ACQUISITION_FRAME] frame=20 cycle=0 full=0 stamp_ns=1789559157517692157 width=225 height=445 readback_pixels=200250 conversion_rays=28800 generated_points=4640 bytes=148480 half_angle_deg=45.000
Publish local map size: 4640
[33m -- [Fsm] Wait for goal.[0m
[32m -- [Fsm 2.008] Current state: INIT[0m
[INFO] [1789559157.619353388] [perfect_tracking]: [SENSOR_ACQUISITION_FRAME] frame=21 cycle=0 full=0 stamp_ns=1789559157617581756 width=225 height=445 readback_pixels=200250 conversion_rays=28800 generated_points=4633 bytes=148256 half_angle_deg=45.000
Publish local map size: 4633
[INFO] [1789559157.720399146] [perfect_tracking]: [SENSOR_ACQUISITION_FRAME] frame=22 cycle=0 full=0 stamp_ns=1789559157717698813 width=225 height=445 readback_pixels=200250 conversion_rays=28800 generated_points=4633 bytes=148256 half_angle_deg=45.000
Publish local map size: 4633
[INFO] [1789559157.819901907] [perfect_tracking]: [SENSOR_ACQUISITION_FRAME] frame=23 cycle=0 full=0 stamp_ns=1789559157817665673 width=225 height=445 readback_pixels=200250 conversion_rays=28800 generated_points=4633 bytes=148256 half_angle_deg=45.000
Publish local map size: 4633
[INFO] [1789559157.919542031] [perfect_tracking]: [SENSOR_ACQUISITION_FRAME] frame=24 cycle=0 full=0 stamp_ns=1789559157917700551 width=225 height=445 readback_pixels=200250 conversion_rays=28800 generated_points=4621 bytes=147872 half_angle_deg=45.000
Publish local map size: 4621
[INFO] [1789559158.018791951] [perfect_tracking]: [SENSOR_ACQUISITION_FRAME] frame=25 cycle=0 full=0 stamp_ns=1789559158017556197 width=225 height=445 readback_pixels=200250 conversion_rays=28800 generated_points=4604 bytes=147328 half_angle_deg=45.000
Publish local map size: 4604
[INFO] [1789559158.119218181] [perfect_tracking]: [SENSOR_ACQUISITION_FRAME] frame=26 cycle=0 full=0 stamp_ns=1789559158117607366 width=225 height=445 readback_pixels=200250 conversion_rays=28800 generated_points=4633 bytes=148256 half_angle_deg=45.000
Publish local map size: 4633
[INFO] [1789559158.219674074] [perfect_tracking]: [SENSOR_ACQUISITION_FRAME] frame=27 cycle=0 full=0 stamp_ns=1789559158217650802 width=225 height=445 readback_pixels=200250 conversion_rays=28800 generated_points=4599 bytes=147168 half_angle_deg=45.000
Publish local map size: 4599
[INFO] [1789559158.319666955] [perfect_tracking]: [SENSOR_ACQUISITION_FRAME] frame=28 cycle=0 full=0 stamp_ns=1789559158317624756 width=225 height=445 readback_pixels=200250 conversion_rays=28800 generated_points=4640 bytes=148480 half_angle_deg=45.000
Publish local map size: 4640
[INFO] [1789559158.420331633] [perfect_tracking]: [SENSOR_ACQUISITION_FRAME] frame=29 cycle=0 full=0 stamp_ns=1789559158417617712 width=225 height=445 readback_pixels=200250 conversion_rays=28800 generated_points=4605 bytes=147360 half_angle_deg=45.000
Publish local map size: 4605
[INFO] [1789559158.520204282] [perfect_tracking]: [SENSOR_ACQUISITION_FRAME] frame=30 cycle=0 full=0 stamp_ns=1789559158517722856 width=225 height=445 readback_pixels=200250 conversion_rays=28800 generated_points=4620 bytes=147840 half_angle_deg=45.000
Publish local map size: 4620
[33m -- [Fsm] Wait for goal.[0m
[32m -- [Fsm 3.008] Current state: INIT[0m
[INFO] [1789559158.619898632] [perfect_tracking]: [SENSOR_ACQUISITION_FRAME] frame=31 cycle=0 full=0 stamp_ns=1789559158617659158 width=225 height=445 readback_pixels=200250 conversion_rays=28800 generated_points=4601 bytes=147232 half_angle_deg=45.000
Publish local map size: 4601
[INFO] [1789559158.719732235] [perfect_tracking]: [SENSOR_ACQUISITION_FRAME] frame=32 cycle=0 full=0 stamp_ns=1789559158717669003 width=225 height=445 readback_pixels=200250 conversion_rays=28800 generated_points=4594 bytes=147008 half_angle_deg=45.000
Publish local map size: 4594
[INFO] [1789559158.820062520] [perfect_tracking]: [SENSOR_ACQUISITION_FRAME] frame=33 cycle=0 full=0 stamp_ns=1789559158817672568 width=225 height=445 readback_pixels=200250 conversion_rays=28800 generated_points=4647 bytes=148704 half_angle_deg=45.000
Publish local map size: 4647
[INFO] [1789559158.919205484] [perfect_tracking]: [SENSOR_ACQUISITION_FRAME] frame=34 cycle=0 full=0 stamp_ns=1789559158917576882 width=225 height=445 readback_pixels=200250 conversion_rays=28800 generated_points=4623 bytes=147936 half_angle_deg=45.000
Publish local map size: 4623
[INFO] [1789559159.019767187] [perfect_tracking]: [SENSOR_ACQUISITION_FRAME] frame=35 cycle=0 full=0 stamp_ns=1789559159017750050 width=225 height=445 readback_pixels=200250 conversion_rays=28800 generated_points=4601 bytes=147232 half_angle_deg=45.000
Publish local map size: 4601
[INFO] [1789559159.119897109] [perfect_tracking]: [SENSOR_ACQUISITION_FRAME] frame=36 cycle=0 full=0 stamp_ns=1789559159117690292 width=225 height=445 readback_pixels=200250 conversion_rays=28800 generated_points=4599 bytes=147168 half_angle_deg=45.000
Publish local map size: 4599
[INFO] [1789559159.220179562] [perfect_tracking]: [SENSOR_ACQUISITION_FRAME] frame=37 cycle=0 full=0 stamp_ns=1789559159217786626 width=225 height=445 readback_pixels=200250 conversion_rays=28800 generated_points=4641 bytes=148512 half_angle_deg=45.000
Publish local map size: 4641
[INFO] [1789559159.319762783] [perfect_tracking]: [SENSOR_ACQUISITION_FRAME] frame=38 cycle=0 full=0 stamp_ns=1789559159317622995 width=225 height=445 readback_pixels=200250 conversion_rays=28800 generated_points=4633 bytes=148256 half_angle_deg=45.000
Publish local map size: 4633
[INFO] [1789559159.420056431] [perfect_tracking]: [SENSOR_ACQUISITION_FRAME] frame=39 cycle=0 full=0 stamp_ns=1789559159417612995 width=225 height=445 readback_pixels=200250 conversion_rays=28800 generated_points=4615 bytes=147680 half_angle_deg=45.000
Publish local map size: 4615
[INFO] [1789559159.519408939] [perfect_tracking]: [SENSOR_ACQUISITION_FRAME] frame=40 cycle=0 full=0 stamp_ns=1789559159517591241 width=225 height=445 readback_pixels=200250 conversion_rays=28800 generated_points=4641 bytes=148512 half_angle_deg=45.000
Publish local map size: 4641
[33m -- [Fsm] Wait for goal.[0m
[32m -- [Fsm 4.018] Current state: INIT[0m
[INFO] [1789559159.619434350] [perfect_tracking]: [SENSOR_ACQUISITION_FRAME] frame=41 cycle=0 full=0 stamp_ns=1789559159617559172 width=225 height=445 readback_pixels=200250 conversion_rays=28800 generated_points=4599 bytes=147168 half_angle_deg=45.000
Publish local map size: 4599
[INFO] [1789559159.696880114] [native_sector_cpp]: frames=41 published=41 kept 100.0% (4621/4621 pts/input-frame)
[INFO] [1789559159.719699817] [perfect_tracking]: [SENSOR_ACQUISITION_FRAME] frame=42 cycle=0 full=0 stamp_ns=1789559159717584927 width=225 height=445 readback_pixels=200250 conversion_rays=28800 generated_points=4646 bytes=148672 half_angle_deg=45.000
Publish local map size: 4646
[INFO] [1789559159.819756518] [perfect_tracking]: [SENSOR_ACQUISITION_FRAME] frame=43 cycle=0 full=0 stamp_ns=1789559159817580698 width=225 height=445 readback_pixels=200250 conversion_rays=28800 generated_points=4619 bytes=147808 half_angle_deg=45.000
Publish local map size: 4619
[INFO] [1789559159.919734464] [perfect_tracking]: [SENSOR_ACQUISITION_FRAME] frame=44 cycle=0 full=0 stamp_ns=1789559159917590587 width=225 height=445 readback_pixels=200250 conversion_rays=28800 generated_points=4640 bytes=148480 half_angle_deg=45.000
Publish local map size: 4640
[INFO] [1789559160.018800830] [perfect_tracking]: [SENSOR_ACQUISITION_FRAME] frame=45 cycle=0 full=0 stamp_ns=1789559160017560402 width=225 height=445 readback_pixels=200250 conversion_rays=28800 generated_points=4640 bytes=148480 half_angle_deg=45.000
Publish local map size: 4640
 -- [MARSIM] Running FPS: 459.180
[INFO] [1789559160.120048333] [perfect_tracking]: [SENSOR_ACQUISITION_FRAME] frame=46 cycle=0 full=0 stamp_ns=1789559160117619083 width=225 height=445 readback_pixels=200250 conversion_rays=28800 generated_points=4626 bytes=148032 half_angle_deg=45.000
Publish local map size: 4626
[INFO] [1789559160.220242654] [perfect_tracking]: [SENSOR_ACQUISITION_FRAME] frame=47 cycle=0 full=0 stamp_ns=1789559160217744044 width=225 height=445 readback_pixels=200250 conversion_rays=28800 generated_points=4640 bytes=148480 half_angle_deg=45.000
Publish local map size: 4640
[INFO] [1789559160.320028211] [perfect_tracking]: [SENSOR_ACQUISITION_FRAME] frame=48 cycle=0 full=0 stamp_ns=1789559160317625912 width=225 height=445 readback_pixels=200250 conversion_rays=28800 generated_points=4646 bytes=148672 half_angle_deg=45.000
Publish local map size: 4646
[INFO] [1789559160.419954010] [perfect_tracking]: [SENSOR_ACQUISITION_FRAME] frame=49 cycle=0 full=0 stamp_ns=1789559160417634913 width=225 height=445 readback_pixels=200250 conversion_rays=28800 generated_points=4625 bytes=148000 half_angle_deg=45.000
Publish local map size: 4625
[INFO] [1789559160.519790457] [perfect_tracking]: [SENSOR_ACQUISITION_FRAME] frame=50 cycle=0 full=0 stamp_ns=1789559160517629145 width=225 height=445 readback_pixels=200250 conversion_rays=28800 generated_points=4621 bytes=147872 half_angle_deg=45.000
Publish local map size: 4621
[INFO] [1789559160.520000940] [perfect_tracking]: [STATIC_PC_LATCHED_SUMMARY] enabled=1 publications=1 points=838860 bytes=26843520 stamp_ns=1789559155539099277 timers_created=0 poll_callbacks=0
[INFO] [1789559160.520025089] [perfect_tracking]: [SENSOR_CADENCE_SUMMARY] frames=50 span_s=4.896540 hz=10.007066 raw_published=0 direct_handoffs=50 payload_bytes=7397856 side_entry_v1_enabled=0 side_entry_v1_spawned=0 side_entry_v1_injected_frames=0
[INFO] [1789559160.520052474] [perfect_tracking]: [SENSOR_BURST_DROPOUT_SUMMARY] enabled=0 warmup_s=1.000000 period_s=2.000000 duration_s=0.500000 phase_s=0.000000 phase_env_override=0 rendered=50 delivered=50 dropped=0 bursts=0 max_consecutive_dropped=0 max_delivered_gap_s=0.102197 dropped_payload_bytes=0
[33m -- [Fsm] Wait for goal.[0m
[32m -- [Fsm 5.028] Current state: INIT[0m
[INFO] [1789559160.619540263] [perfect_tracking]: [SENSOR_ACQUISITION_FRAME] frame=51 cycle=0 full=0 stamp_ns=1789559160617589336 width=225 height=445 readback_pixels=200250 conversion_rays=28800 generated_points=4605 bytes=147360 half_angle_deg=45.000
Publish local map size: 4605
[INFO] [1789559160.719809889] [perfect_tracking]: [SENSOR_ACQUISITION_FRAME] frame=52 cycle=0 full=0 stamp_ns=1789559160717641915 width=225 height=445 readback_pixels=200250 conversion_rays=28800 generated_points=4605 bytes=147360 half_angle_deg=45.000
Publish local map size: 4605
[INFO] [1789559160.819952806] [perfect_tracking]: [SENSOR_ACQUISITION_FRAME] frame=53 cycle=0 full=0 stamp_ns=1789559160817680879 width=225 height=445 readback_pixels=200250 conversion_rays=28800 generated_points=4598 bytes=147136 half_angle_deg=45.000
Publish local map size: 4598
[INFO] [1789559160.919573706] [perfect_tracking]: [SENSOR_ACQUISITION_FRAME] frame=54 cycle=0 full=0 stamp_ns=1789559160917596289 width=225 height=445 readback_pixels=200250 conversion_rays=28800 generated_points=4600 bytes=147200 half_angle_deg=45.000
Publish local map size: 4600
[INFO] [1789559161.019388894] [perfect_tracking]: [SENSOR_ACQUISITION_FRAME] frame=55 cycle=0 full=0 stamp_ns=1789559161017583912 width=225 height=445 readback_pixels=200250 conversion_rays=28800 generated_points=4599 bytes=147168 half_angle_deg=45.000
Publish local map size: 4599
[INFO] [1789559161.119517154] [perfect_tracking]: [SENSOR_ACQUISITION_FRAME] frame=56 cycle=0 full=0 stamp_ns=1789559161117590808 width=225 height=445 readback_pixels=200250 conversion_rays=28800 generated_points=4633 bytes=148256 half_angle_deg=45.000
Publish local map size: 4633
[INFO] [1789559161.219560916] [perfect_tracking]: [SENSOR_ACQUISITION_FRAME] frame=57 cycle=0 full=0 stamp_ns=1789559161217590724 width=225 height=445 readback_pixels=200250 conversion_rays=28800 generated_points=4621 bytes=147872 half_angle_deg=45.000
Publish local map size: 4621
[INFO] [1789559161.320014418] [perfect_tracking]: [SENSOR_ACQUISITION_FRAME] frame=58 cycle=0 full=0 stamp_ns=1789559161317637083 width=225 height=445 readback_pixels=200250 conversion_rays=28800 generated_points=4608 bytes=147456 half_angle_deg=45.000
Publish local map size: 4608
[INFO] [1789559161.419337617] [perfect_tracking]: [SENSOR_ACQUISITION_FRAME] frame=59 cycle=0 full=0 stamp_ns=1789559161417724700 width=225 height=445 readback_pixels=200250 conversion_rays=28800 generated_points=4633 bytes=148256 half_angle_deg=45.000
Publish local map size: 4633
[INFO] [1789559161.519478109] [perfect_tracking]: [SENSOR_ACQUISITION_FRAME] frame=60 cycle=0 full=0 stamp_ns=1789559161517630127 width=225 height=445 readback_pixels=200250 conversion_rays=28800 generated_points=4593 bytes=146976 half_angle_deg=45.000
Publish local map size: 4593
[33m -- [Fsm] Wait for goal.[0m
[32m -- [Fsm 6.028] Current state: INIT[0m
[INFO] [1789559161.619628866] [perfect_tracking]: [SENSOR_ACQUISITION_FRAME] frame=61 cycle=0 full=0 stamp_ns=1789559161617763655 width=225 height=445 readback_pixels=200250 conversion_rays=28800 generated_points=4638 bytes=148416 half_angle_deg=45.000
Publish local map size: 4638
[INFO] [1789559161.719600774] [perfect_tracking]: [SENSOR_ACQUISITION_FRAME] frame=62 cycle=0 full=0 stamp_ns=1789559161717680191 width=225 height=445 readback_pixels=200250 conversion_rays=28800 generated_points=4603 bytes=147296 half_angle_deg=45.000
Publish local map size: 4603
[INFO] [1789559161.819321383] [perfect_tracking]: [SENSOR_ACQUISITION_FRAME] frame=63 cycle=0 full=0 stamp_ns=1789559161817585192 width=225 height=445 readback_pixels=200250 conversion_rays=28800 generated_points=4603 bytes=147296 half_angle_deg=45.000
Publish local map size: 4603
[INFO] [1789559161.918349821] [perfect_tracking]: [SENSOR_ACQUISITION_FRAME] frame=64 cycle=0 full=0 stamp_ns=1789559161917571780 width=225 height=445 readback_pixels=200250 conversion_rays=28800 generated_points=4646 bytes=148672 half_angle_deg=45.000
Publish local map size: 4646
[INFO] [1789559162.018843288] [perfect_tracking]: [SENSOR_ACQUISITION_FRAME] frame=65 cycle=0 full=0 stamp_ns=1789559162017585988 width=225 height=445 readback_pixels=200250 conversion_rays=28800 generated_points=4605 bytes=147360 half_angle_deg=45.000
Publish local map size: 4605
[INFO] [1789559162.119386688] [perfect_tracking]: [SENSOR_ACQUISITION_FRAME] frame=66 cycle=0 full=0 stamp_ns=1789559162117603974 width=225 height=445 readback_pixels=200250 conversion_rays=28800 generated_points=4647 bytes=148704 half_angle_deg=45.000
Publish local map size: 4647
[INFO] [1789559162.219276942] [perfect_tracking]: [SENSOR_ACQUISITION_FRAME] frame=67 cycle=0 full=0 stamp_ns=1789559162217717571 width=225 height=445 readback_pixels=200250 conversion_rays=28800 generated_points=4599 bytes=147168 half_angle_deg=45.000
Publish local map size: 4599
[INFO] [1789559162.320336536] [perfect_tracking]: [SENSOR_ACQUISITION_FRAME] frame=68 cycle=0 full=0 stamp_ns=1789559162317758836 width=225 height=445 readback_pixels=200250 conversion_rays=28800 generated_points=4647 bytes=148704 half_angle_deg=45.000
Publish local map size: 4647
[INFO] [1789559162.418878414] [perfect_tracking]: [SENSOR_ACQUISITION_FRAME] frame=69 cycle=0 full=0 stamp_ns=1789559162417583934 width=225 height=445 readback_pixels=200250 conversion_rays=28800 generated_points=4608 bytes=147456 half_angle_deg=45.000
Publish local map size: 4608
[INFO] [1789559162.520137005] [perfect_tracking]: [SENSOR_ACQUISITION_FRAME] frame=70 cycle=0 full=0 stamp_ns=1789559162517744769 width=225 height=445 readback_pixels=200250 conversion_rays=28800 generated_points=4620 bytes=147840 half_angle_deg=45.000
Publish local map size: 4620
[33m -- [Fsm] Wait for goal.[0m
[32m -- [Fsm 7.038] Current state: INIT[0m
[INFO] [1789559162.618932318] [perfect_tracking]: [SENSOR_ACQUISITION_FRAME] frame=71 cycle=0 full=0 stamp_ns=1789559162617593027 width=225 height=445 readback_pixels=200250 conversion_rays=28800 generated_points=4620 bytes=147840 half_angle_deg=45.000
Publish local map size: 4620
[INFO] [1789559162.718921699] [perfect_tracking]: [SENSOR_ACQUISITION_FRAME] frame=72 cycle=0 full=0 stamp_ns=1789559162717583144 width=225 height=445 readback_pixels=200250 conversion_rays=28800 generated_points=4633 bytes=148256 half_angle_deg=45.000
Publish local map size: 4633
[INFO] [1789559162.819695095] [perfect_tracking]: [SENSOR_ACQUISITION_FRAME] frame=73 cycle=0 full=0 stamp_ns=1789559162817755212 width=225 height=445 readback_pixels=200250 conversion_rays=28800 generated_points=4608 bytes=147456 half_angle_deg=45.000
Publish local map size: 4608
[INFO] [1789559162.918526645] [perfect_tracking]: [SENSOR_ACQUISITION_FRAME] frame=74 cycle=0 full=0 stamp_ns=1789559162917610599 width=225 height=445 readback_pixels=200250 conversion_rays=28800 generated_points=4623 bytes=147936 half_angle_deg=45.000
Publish local map size: 4623
[INFO] [1789559163.019371330] [perfect_tracking]: [SENSOR_ACQUISITION_FRAME] frame=75 cycle=0 full=0 stamp_ns=1789559163017606328 width=225 height=445 readback_pixels=200250 conversion_rays=28800 generated_points=4647 bytes=148704 half_angle_deg=45.000
Publish local map size: 4647
[INFO] [1789559163.119800665] [perfect_tracking]: [SENSOR_ACQUISITION_FRAME] frame=76 cycle=0 full=0 stamp_ns=1789559163117804450 width=225 height=445 readback_pixels=200250 conversion_rays=28800 generated_points=4607 bytes=147424 half_angle_deg=45.000
Publish local map size: 4607
[INFO] [1789559163.219658097] [perfect_tracking]: [SENSOR_ACQUISITION_FRAME] frame=77 cycle=0 full=0 stamp_ns=1789559163217652915 width=225 height=445 readback_pixels=200250 conversion_rays=28800 generated_points=4625 bytes=148000 half_angle_deg=45.000
Publish local map size: 4625
[INFO] [1789559163.318803082] [perfect_tracking]: [SENSOR_ACQUISITION_FRAME] frame=78 cycle=0 full=0 stamp_ns=1789559163317703232 width=225 height=445 readback_pixels=200250 conversion_rays=28800 generated_points=4640 bytes=148480 half_angle_deg=45.000
Publish local map size: 4640
[INFO] [1789559163.420198477] [perfect_tracking]: [SENSOR_ACQUISITION_FRAME] frame=79 cycle=0 full=0 stamp_ns=1789559163417750183 width=225 height=445 readback_pixels=200250 conversion_rays=28800 generated_points=4641 bytes=148512 half_angle_deg=45.000
Publish local map size: 4641
[INFO] [1789559163.520311120] [perfect_tracking]: [SENSOR_ACQUISITION_FRAME] frame=80 cycle=0 full=0 stamp_ns=1789559163517836675 width=225 height=445 readback_pixels=200250 conversion_rays=28800 generated_points=4639 bytes=148448 half_angle_deg=45.000
Publish local map size: 4639
[33m -- [Fsm] Wait for goal.[0m
[32m -- [Fsm 8.048] Current state: INIT[0m
[INFO] [1789559163.619381442] [perfect_tracking]: [SENSOR_ACQUISITION_FRAME] frame=81 cycle=0 full=0 stamp_ns=1789559163617712733 width=225 height=445 readback_pixels=200250 conversion_rays=28800 generated_points=4621 bytes=147872 half_angle_deg=45.000
Publish local map size: 4621
[INFO] [1789559163.719947369] [perfect_tracking]: [SENSOR_ACQUISITION_FRAME] frame=82 cycle=0 full=0 stamp_ns=1789559163717808524 width=225 height=445 readback_pixels=200250 conversion_rays=28800 generated_points=4599 bytes=147168 half_angle_deg=45.000
Publish local map size: 4599
[INFO] [1789559163.820485435] [perfect_tracking]: [SENSOR_ACQUISITION_FRAME] frame=83 cycle=0 full=0 stamp_ns=1789559163817754234 width=225 height=445 readback_pixels=200250 conversion_rays=28800 generated_points=4640 bytes=148480 half_angle_deg=45.000
Publish local map size: 4640
[INFO] [1789559163.919380423] [perfect_tracking]: [SENSOR_ACQUISITION_FRAME] frame=84 cycle=0 full=0 stamp_ns=1789559163917649770 width=225 height=445 readback_pixels=200250 conversion_rays=28800 generated_points=4626 bytes=148032 half_angle_deg=45.000
Publish local map size: 4626
[INFO] [1789559164.018757853] [perfect_tracking]: [SENSOR_ACQUISITION_FRAME] frame=85 cycle=0 full=0 stamp_ns=1789559164017597179 width=225 height=445 readback_pixels=200250 conversion_rays=28800 generated_points=4620 bytes=147840 half_angle_deg=45.000
Publish local map size: 4620
[INFO] [1789559164.118655454] [perfect_tracking]: [SENSOR_ACQUISITION_FRAME] frame=86 cycle=0 full=0 stamp_ns=1789559164117597860 width=225 height=445 readback_pixels=200250 conversion_rays=28800 generated_points=4633 bytes=148256 half_angle_deg=45.000
Publish local map size: 4633
[INFO] [1789559164.219717129] [perfect_tracking]: [SENSOR_ACQUISITION_FRAME] frame=87 cycle=0 full=0 stamp_ns=1789559164217623572 width=225 height=445 readback_pixels=200250 conversion_rays=28800 generated_points=4614 bytes=147648 half_angle_deg=45.000
Publish local map size: 4614
[INFO] [1789559164.318490450] [perfect_tracking]: [SENSOR_ACQUISITION_FRAME] frame=88 cycle=0 full=0 stamp_ns=1789559164317599548 width=225 height=445 readback_pixels=200250 conversion_rays=28800 generated_points=4633 bytes=148256 half_angle_deg=45.000
Publish local map size: 4633
[INFO] [1789559164.418625704] [perfect_tracking]: [SENSOR_ACQUISITION_FRAME] frame=89 cycle=0 full=0 stamp_ns=1789559164417602538 width=225 height=445 readback_pixels=200250 conversion_rays=28800 generated_points=4633 bytes=148256 half_angle_deg=45.000
Publish local map size: 4633
[INFO] [1789559164.519089301] [perfect_tracking]: [SENSOR_ACQUISITION_FRAME] frame=90 cycle=0 full=0 stamp_ns=1789559164517668573 width=225 height=445 readback_pixels=200250 conversion_rays=28800 generated_points=4605 bytes=147360 half_angle_deg=45.000
Publish local map size: 4605
[33m -- [Fsm] Wait for goal.[0m
[32m -- [Fsm 9.048] Current state: INIT[0m
[INFO] [1789559164.619553193] [perfect_tracking]: [SENSOR_ACQUISITION_FRAME] frame=91 cycle=0 full=0 stamp_ns=1789559164617664068 width=225 height=445 readback_pixels=200250 conversion_rays=28800 generated_points=4639 bytes=148448 half_angle_deg=45.000
Publish local map size: 4639
[INFO] [1789559164.696859100] [native_sector_cpp]: frames=91 published=91 kept 100.0% (4622/4622 pts/input-frame)
[INFO] [1789559164.719397634] [perfect_tracking]: [SENSOR_ACQUISITION_FRAME] frame=92 cycle=0 full=0 stamp_ns=1789559164717639594 width=225 height=445 readback_pixels=200250 conversion_rays=28800 generated_points=4594 bytes=147008 half_angle_deg=45.000
Publish local map size: 4594
[INFO] [1789559164.819680805] [perfect_tracking]: [SENSOR_ACQUISITION_FRAME] frame=93 cycle=0 full=0 stamp_ns=1789559164817637124 width=225 height=445 readback_pixels=200250 conversion_rays=28800 generated_points=4641 bytes=148512 half_angle_deg=45.000
Publish local map size: 4641
[INFO] [1789559164.918947068] [perfect_tracking]: [SENSOR_ACQUISITION_FRAME] frame=94 cycle=0 full=0 stamp_ns=1789559164917655899 width=225 height=445 readback_pixels=200250 conversion_rays=28800 generated_points=4641 bytes=148512 half_angle_deg=45.000
Publish local map size: 4641
[INFO] [1789559165.019149006] [perfect_tracking]: [SENSOR_ACQUISITION_FRAME] frame=95 cycle=0 full=0 stamp_ns=1789559165017716367 width=225 height=445 readback_pixels=200250 conversion_rays=28800 generated_points=4646 bytes=148672 half_angle_deg=45.000
Publish local map size: 4646
[INFO] [1789559165.119573022] [perfect_tracking]: [SENSOR_ACQUISITION_FRAME] frame=96 cycle=0 full=0 stamp_ns=1789559165117640391 width=225 height=445 readback_pixels=200250 conversion_rays=28800 generated_points=4614 bytes=147648 half_angle_deg=45.000
Publish local map size: 4614
[INFO] [1789559165.219477206] [perfect_tracking]: [SENSOR_ACQUISITION_FRAME] frame=97 cycle=0 full=0 stamp_ns=1789559165217664606 width=225 height=445 readback_pixels=200250 conversion_rays=28800 generated_points=4637 bytes=148384 half_angle_deg=45.000
Publish local map size: 4637
[INFO] [1789559165.319259337] [perfect_tracking]: [SENSOR_ACQUISITION_FRAME] frame=98 cycle=0 full=0 stamp_ns=1789559165317670366 width=225 height=445 readback_pixels=200250 conversion_rays=28800 generated_points=4607 bytes=147424 half_angle_deg=45.000
Publish local map size: 4607
[INFO] [1789559165.418970312] [perfect_tracking]: [SENSOR_ACQUISITION_FRAME] frame=99 cycle=0 full=0 stamp_ns=1789559165417725512 width=225 height=445 readback_pixels=200250 conversion_rays=28800 generated_points=4621 bytes=147872 half_angle_deg=45.000
Publish local map size: 4621
[INFO] [1789559165.521085813] [perfect_tracking]: [SENSOR_ACQUISITION_FRAME] frame=100 cycle=0 full=0 stamp_ns=1789559165517726280 width=225 height=445 readback_pixels=200250 conversion_rays=28800 generated_points=4638 bytes=148416 half_angle_deg=45.000
Publish local map size: 4638
[INFO] [1789559165.521214689] [perfect_tracking]: [STATIC_PC_LATCHED_SUMMARY] enabled=1 publications=1 points=838860 bytes=26843520 stamp_ns=1789559155539099277 timers_created=0 poll_callbacks=0
[INFO] [1789559165.521226299] [perfect_tracking]: [SENSOR_CADENCE_SUMMARY] frames=100 span_s=9.897837 hz=10.002185 raw_published=0 direct_handoffs=100 payload_bytes=14792928 side_entry_v1_enabled=0 side_entry_v1_spawned=0 side_entry_v1_injected_frames=0
[INFO] [1789559165.521239285] [perfect_tracking]: [SENSOR_BURST_DROPOUT_SUMMARY] enabled=0 warmup_s=1.000000 period_s=2.000000 duration_s=0.500000 phase_s=0.000000 phase_env_override=0 rendered=100 delivered=100 dropped=0 bursts=0 max_consecutive_dropped=0 max_delivered_gap_s=0.102197 dropped_payload_bytes=0
[33m -- [Fsm] Wait for goal.[0m
[32m -- [Fsm 10.058] Current state: INIT[0m
[INFO] [1789559165.619636225] [perfect_tracking]: [SENSOR_ACQUISITION_FRAME] frame=101 cycle=0 full=0 stamp_ns=1789559165617746866 width=225 height=445 readback_pixels=200250 conversion_rays=28800 generated_points=4605 bytes=147360 half_angle_deg=45.000
Publish local map size: 4605
[INFO] [1789559165.718645600] [perfect_tracking]: [SENSOR_ACQUISITION_FRAME] frame=102 cycle=0 full=0 stamp_ns=1789559165717713039 width=225 height=445 readback_pixels=200250 conversion_rays=28800 generated_points=4641 bytes=148512 half_angle_deg=45.000
Publish local map size: 4641
 -- [MARSIM] Running FPS: 568.897
[INFO] [1789559165.818880490] [perfect_tracking]: [SENSOR_ACQUISITION_FRAME] frame=103 cycle=0 full=0 stamp_ns=1789559165817618254 width=225 height=445 readback_pixels=200250 conversion_rays=28800 generated_points=4593 bytes=146976 half_angle_deg=45.000
Publish local map size: 4593
[INFO] [1789559165.919572150] [perfect_tracking]: [SENSOR_ACQUISITION_FRAME] frame=104 cycle=0 full=0 stamp_ns=1789559165917701692 width=225 height=445 readback_pixels=200250 conversion_rays=28800 generated_points=4639 bytes=148448 half_angle_deg=45.000
Publish local map size: 4639
[INFO] [1789559166.019667501] [perfect_tracking]: [SENSOR_ACQUISITION_FRAME] frame=105 cycle=0 full=0 stamp_ns=1789559166017805577 width=225 height=445 readback_pixels=200250 conversion_rays=28800 generated_points=4605 bytes=147360 half_angle_deg=45.000
Publish local map size: 4605
[INFO] [1789559166.119554237] [perfect_tracking]: [SENSOR_ACQUISITION_FRAME] frame=106 cycle=0 full=0 stamp_ns=1789559166117676061 width=225 height=445 readback_pixels=200250 conversion_rays=28800 generated_points=4599 bytes=147168 half_angle_deg=45.000
Publish local map size: 4599
[INFO] [1789559166.219733136] [perfect_tracking]: [SENSOR_ACQUISITION_FRAME] frame=107 cycle=0 full=0 stamp_ns=1789559166217688804 width=225 height=445 readback_pixels=200250 conversion_rays=28800 generated_points=4604 bytes=147328 half_angle_deg=45.000
Publish local map size: 4604
[INFO] [1789559166.319208465] [perfect_tracking]: [SENSOR_ACQUISITION_FRAME] frame=108 cycle=0 full=0 stamp_ns=1789559166317697367 width=225 height=445 readback_pixels=200250 conversion_rays=28800 generated_points=4621 bytes=147872 half_angle_deg=45.000
Publish local map size: 4621
[INFO] [1789559166.419261685] [perfect_tracking]: [SENSOR_ACQUISITION_FRAME] frame=109 cycle=0 full=0 stamp_ns=1789559166417637364 width=225 height=445 readback_pixels=200250 conversion_rays=28800 generated_points=4633 bytes=148256 half_angle_deg=45.000
Publish local map size: 4633
[INFO] [1789559166.519954929] [perfect_tracking]: [SENSOR_ACQUISITION_FRAME] frame=110 cycle=0 full=0 stamp_ns=1789559166517681951 width=225 height=445 readback_pixels=200250 conversion_rays=28800 generated_points=4621 bytes=147872 half_angle_deg=45.000
Publish local map size: 4621
[INFO] [1789559166.559712075] [rclcpp]: signal_handler(signum=2)
[INFO] [1789559166.560552661] [perfect_tracking]: [STATIC_PC_LATCHED_SUMMARY] enabled=1 publications=1 points=838860 bytes=26843520 stamp_ns=1789559155539099277 timers_created=0 poll_callbacks=0
[INFO] [1789559166.560591172] [perfect_tracking]: [SENSOR_CADENCE_SUMMARY] frames=110 span_s=10.896705 hz=10.003024 raw_published=0 direct_handoffs=110 payload_bytes=16270080 side_entry_v1_enabled=0 side_entry_v1_spawned=0 side_entry_v1_injected_frames=0
[INFO] [1789559166.560610726] [perfect_tracking]: [SENSOR_BURST_DROPOUT_SUMMARY] enabled=0 warmup_s=1.000000 period_s=2.000000 duration_s=0.500000 phase_s=0.000000 phase_env_override=0 rendered=110 delivered=110 dropped=0 bursts=0 max_consecutive_dropped=0 max_delivered_gap_s=0.102197 dropped_payload_bytes=0
Retained replan num: 0, total recorded: 0, dropped: 0, retained length: 0, average retained computation time: 0 ms
[31mError: Could not open file for writing.
[0m