[INFO] [1789557320.045370033] [perfect_drone_full_config]: [COMMON_EXECUTOR_SETTINGS] side_threads=2 default_threads=10
[INFO] [1789557320.045540597] [perfect_drone_full_config]: [STATIC_PC_EXECUTOR_SETTINGS] dedicated=1 single_thread=1 timer_geometry_qos_unchanged=1
Load config file: /root/super_ws/install/super_planner/share/super_planner/config/static_seedmaps_guard_viability_tight_v7.yaml
[0;32m Load param fsm/timer_en success: [0;0m1
[0;32m Load param super_planner/detailed_log_en success: [0;0m0
[0;32m Load param super_planner/detailed_log_max_entries success: [0;0m64
[0;32m Load param fsm/click_goal_en success: [0;0m1
[0;32m Load param fsm/click_yaw_en success: [0;0m1
[0;32m Load param fsm/replan_rate success: [0;0m15
[0;32m Load param fsm/click_height success: [0;0m1.5
[0;32m Load param fsm/cmd_topic success: [0;0m/planning/pos_cmd
[0;32m Load param fsm/mpc_cmd_topic success: [0;0m/planning_cmd/poly_traj
[0;32m Load param fsm/click_goal_topic success: [0;0m/planning/click_goal
[0;32m Load param fsm/map_readiness/enable success: [0;0m1
[0;32m Load param fsm/map_readiness/min_accepted_scans success: [0;0m5
[0;32m Load param fsm/map_readiness/min_committed_scans success: [0;0m5
[0;32m Load param fsm/map_readiness/max_commit_lag_scans success: [0;0m5
[0;32m Load param fsm/map_readiness/min_scan_span_s success: [0;0m1
[0;32m Load param fsm/map_readiness/max_cloud_age_s success: [0;0m0.75
[0;32m Load param fsm/map_readiness/max_map_age_s success: [0;0m0.55
[0;32m Load param fsm/trajectory_guard/enable success: [0;0m1
[0;33m Load param fsm/event_recovery/enable failed, use default value: [0;0m0
[0;33m Load param fsm/trajectory_guard/same_map_replan_coalesce_enable failed, use default value: [0;0m0
[0;33m Load param fsm/trajectory_guard/same_map_replan_min_interval_s failed, use default value: [0;0m0
[0;32m Load param fsm/trajectory_guard/shadow success: [0;0m0
[0;32m Load param fsm/trajectory_guard/max_map_age_s success: [0;0m0.75
[0;32m Load param fsm/trajectory_guard/brake_trigger_map_age_s success: [0;0m0.55
[0;32m Load param fsm/trajectory_guard/brake_trigger_high_speed_map_age_s success: [0;0m0.5
[0;32m Load param fsm/trajectory_guard/brake_trigger_low_speed_mps success: [0;0m2.5
[0;32m Load param fsm/trajectory_guard/brake_trigger_high_speed_mps success: [0;0m3.5
[0;33m Load param fsm/trajectory_guard/full_refresh_ack_sla_s failed, use default value: [0;0m0
[0;32m Load param fsm/trajectory_guard/raw_cloud/enable success: [0;0m0
[0;33m Load param fsm/trajectory_guard/raw_cloud/source_topic failed, use default value: [0;0m
[0;32m Load param fsm/trajectory_guard/raw_cloud/max_age_s success: [0;0m0.75
[0;32m Load param fsm/trajectory_guard/raw_cloud/clearance_m success: [0;0m0.3
[0;32m Load param fsm/trajectory_guard/validation_sample_dt_s success: [0;0m0.005
[0;32m Load param fsm/trajectory_guard/shadow_min_interval_s success: [0;0m0
[0;32m Load param fsm/trajectory_guard/additional_clearance_m success: [0;0m0
[0;33m Load param fsm/trajectory_guard/brake_min_duration_s failed, use default value: [0;0m0.4
[0;32m Load param fsm/trajectory_guard/brake_max_duration_s success: [0;0m3
[0;32m Load param fsm/trajectory_guard/brake_max_acc_mps2 success: [0;0m20
[0;32m Load param fsm/trajectory_guard/brake_max_jerk_mps3 success: [0;0m120
[0;32m Load param fsm/trajectory_guard/brake_command_max_age_s success: [0;0m0.1
[0;32m Load param fsm/trajectory_guard/brake_command_max_position_error_m success: [0;0m0.5
[0;32m Load param fsm/trajectory_guard/brake_command_max_velocity_error_mps success: [0;0m2
[0;32m Load param fsm/trajectory_guard/brake_retry_interval_s success: [0;0m0.1
[0;32m Load param fsm/trajectory_guard/unknown_as_occupied success: [0;0m1
[0;33m Load param fsm/trajectory_guard/raw_cloud/ciri_shadow_en failed, use default value: [0;0m0
[0;33m Load param fsm/trajectory_guard/raw_cloud/accum_window_s failed, use default value: [0;0m1.5
[0;33m Load param fsm/trajectory_guard/raw_cloud/ciri_min_points failed, use default value: [0;0m200
[0;33m Load param fsm/trajectory_guard/raw_cloud/ciri_voxel_m failed, use default value: [0;0m0.1
[0;33m Load param fsm/trajectory_guard/raw_cloud/near_field_shadow_en failed, use default value: [0;0m0
[0;33m Load param fsm/trajectory_guard/raw_cloud/near_field_clearance_m failed, use default value: [0;0m0.2
[0;33m Load param fsm/trajectory_guard/raw_cloud/near_field_horizon_s failed, use default value: [0;0m1
[0;33m Load param fsm/trajectory_guard/raw_cloud/near_field_sample_dt_s failed, use default value: [0;0m0.01
[0;33m Load param fsm/trajectory_guard/raw_cloud/near_field_min_interval_s failed, use default value: [0;0m0.1
[0;33m Load param fsm/trajectory_guard/raw_cloud/near_field_min_points failed, use default value: [0;0m200
[0;33m Load param fsm/trajectory_guard/raw_cloud/near_field_voxel_m failed, use default value: [0;0m0
[0;33m Load param fsm/trajectory_guard/raw_cloud/near_field_test_replay_mode failed, use default value: [0;0m0
[0;33m Load param fsm/trajectory_guard/raw_cloud/near_field_enforce_en failed, use default value: [0;0m0
[0;33m Load param fsm/trajectory_guard/raw_cloud/near_field_result_max_age_s failed, use default value: [0;0m0.2
[0;33m Load param fsm/trajectory_guard/raw_cloud/near_field_max_sequence_lag failed, use default value: [0;0m1
[0;33m Load param fsm/trajectory_guard/raw_cloud/near_field_egress_tolerance_m failed, use default value: [0;0m0.005
[0;33m Load param fsm/trajectory_guard/raw_cloud/near_field_egress_min_progress_m failed, use default value: [0;0m0.02
[0;33m Load param fsm/trajectory_guard/frontend_risk/shadow_en failed, use default value: [0;0m0
[0;33m Load param fsm/trajectory_guard/frontend_risk/enforce_en failed, use default value: [0;0m0
[0;33m Load param fsm/trajectory_guard/frontend_risk/topic failed, use default value: [0;0m/planning/trajectory_risk_verdict
[0;33m Load param fsm/trajectory_guard/frontend_risk/result_max_age_s failed, use default value: [0;0m0.2
[0;33m Load param fsm/trajectory_guard/frontend_risk/source_max_age_s failed, use default value: [0;0m0.75
[0;33m Load param fsm/trajectory_guard/frontend_risk/current_body_enforce_en failed, use default value: [0;0m0
[0;33m Load param fsm/trajectory_guard/frontend_risk/current_body_result_max_age_s failed, use default value: [0;0m0.15
[0;33m Load param fsm/trajectory_guard/frontend_risk/current_body_source_max_age_s failed, use default value: [0;0m0.2
[0;32m Load param super_planner/yaw_dot_max success: [0;0m3
[0;32m Load param super_planner/visualization_en success: [0;0m0
[0;32m Load param rog_map/resolution success: [0;0m0.05
Load config file: /root/super_ws/install/super_planner/share/super_planner/config/static_seedmaps_guard_viability_tight_v7.yaml
[0;32m Load param rog_map/esdf/resolution success: [0;0m0.1
[0;32m Load param rog_map/esdf/enable success: [0;0m0
[0;32m Load param rog_map/esdf/local_update_box success: [0;0m[5 5 3 ]
[0;32m Load param rog_map/load_pcd_en success: [0;0m0
[0;32m Load param rog_map/map_sliding/enable success: [0;0m0
[0;32m Load param rog_map/map_sliding/threshold success: [0;0m3
[0;32m Load param rog_map/fix_map_origin success: [0;0m[0 0 1.5 ]
[0;32m Load param rog_map/frontier_extraction_en success: [0;0m0
[0;32m Load param rog_map/ros_callback/enable success: [0;0m1
[0;32m Load param rog_map/ros_callback/cloud_topic success: [0;0m/cloud_registered
[0;33m Load param rog_map/ros_callback/cloud_reliable failed, use default value: [0;0m0
[0;32m Load param rog_map/ros_callback/odom_topic success: [0;0m/lidar_slam/odom
[0;32m Load param rog_map/ros_callback/odom_timeout success: [0;0m2
[0;32m Load param rog_map/visualization/enable success: [0;0m0
[0;32m Load param rog_map/visualization/use_dynamic_reconfigure success: [0;0m0
[0;32m Load param rog_map/visualization/pub_unknown_map_en success: [0;0m0
[0;32m Load param rog_map/visualization/frame_id success: [0;0mworld
[0;32m Load param rog_map/visualization/time_rate success: [0;0m2
[0;32m Load param rog_map/visualization/frame_rate success: [0;0m0
[0;32m Load param rog_map/visualization/range success: [0;0m[15 15 4 ]
[0;32m Load param rog_map/resolution success: [0;0m0.05
[0;32m Load param rog_map/inflation_resolution success: [0;0m0.1
[0;32m Load param rog_map/unk_inflation_en success: [0;0m0
[0;32m Load param rog_map/unk_inflation_step success: [0;0m1
[0;32m Load param rog_map/inflation_step success: [0;0m3
[0;32m Load param rog_map/intensity_thresh success: [0;0m-10
[0;32m Load param rog_map/map_size success: [0;0m[70 70 6 ]
[0;32m Load param rog_map/point_filt_num success: [0;0m1
[0;32m Load param rog_map/raycasting/enable success: [0;0m0
[0;32m Load param rog_map/raycasting/batch_update_size success: [0;0m1
[0;32m Load param rog_map/raycasting/unk_thresh success: [0;0m1
[0;32m Load param rog_map/raycasting/p_hit success: [0;0m0.9
[0;32m Load param rog_map/raycasting/p_miss success: [0;0m0.49
[0;32m Load param rog_map/raycasting/p_min success: [0;0m0.12
[0;32m Load param rog_map/raycasting/p_max success: [0;0m0.98
[0;32m Load param rog_map/raycasting/p_occ success: [0;0m0.85
[0;32m Load param rog_map/raycasting/p_free success: [0;0m0.499
[0;32m Load param rog_map/raycasting/p_free success: [0;0m0.499
[0;32m Load param rog_map/raycasting/ray_range success: [0;0m[0.5 100 ]
[0;33m Load param rog_map/raycasting/observed_mark_range_max failed, use default value: [0;0m10
[0;32m Load param rog_map/raycasting/local_update_box success: [0;0m[100 100 5 ]
[0;32m Load param rog_map/virtual_ground_height success: [0;0m-0.1
[0;32m Load param rog_map/virtual_ceil_height success: [0;0m3.5
[32m -- [RM-Config] inflation_resolution: 0.1[0m
 -- [ROG-Map] Init, resetMapSize: ORIGIN_AT_CORNER.
 -- [ROG-Map] Init, resetMapSize: virtual_ceil_height: 3.1500000000000004, virtual_ground_height: 0.25.
[34m	[ROG] n_free: 1[0m
[34m	[ROG] n_occ: 1[0m
[34m	[ROG] l_hit: 2.19722[0m
[34m	[ROG] l_miss: -0.0400053[0m
[34m	[ROG] l_min: -1.99243[0m
[34m	[ROG] l_max: 3.89182[0m
[34m	[ROG] l_occ: 1.7346[0m
[34m	[ROG] l_free: -0.00399995[0m
[33m -- [Inf-Map] Clear all local map.[0m
[32m -- [CounterMap] Init successfully -- .[0m
[32m	resolution: 0.1[0m
[32m	map_sliding_en: 0[0m
[32m	local_map_size_i: 709 709  69[0m
[32m	local_map_size_d: 70.9 70.9  6.9[0m
[33m -- [Inf-Map] Clear all local map.[0m
[32m -- [InfMap] Init successfully -- .[0m
[32m	resolution: 0.1[0m
[32m	map_sliding_en: 0[0m
[32m	local_map_size_i: 709 709  69[0m
[32m	local_map_size_d: 70.9 70.9  6.9[0m
[ProbMap] virtual_ceil_height: 3.15
[ProbMap] virtual_ground_height: 0.25
[33m -- [ProbMap] Map sliding disabled, set origin to [  0   0 1.5] -- [0m
[33m -- [Prob-Map] Clear all local map.[0m
[32m -- [ProbMap] Init successfully -- .[0m
[32m	resolution: 0.05[0m
[32m	map_sliding_en: 0[0m
[32m	local_map_size_i: 1401 1401  121[0m
[32m	local_map_size_d: 70.05 70.05  6.05[0m
[38;2;000;128;000m -- [ROGMap] Immutable planner snapshot enabled (fixed occupancy-only map).
[0m -- [ROG_MAP_OCCUPIED_BOX_SCAN] fast=false compare=false immutable=true comparison_overhead=false
 -- [ROG_MAP_SNAPSHOT_LINE_QUERY] enabled=false immutable=true active=false changed_publication=reject
 -- [ROG_MAP_SNAPSHOT_NEIGHBOR_CACHE] enabled=false immutable=true line_query=false active=false entries=4096 max_neighbors=512 bytes_per_thread=88136 publication_check=required
Load config file: /root/super_ws/install/super_planner/share/super_planner/config/static_seedmaps_guard_viability_tight_v7.yaml
Load config file: /root/super_ws/install/super_planner/share/super_planner/config/static_seedmaps_guard_viability_tight_v7.yaml
[0;32m Load param traj_opt/switch/print_optimizer_log success: [0;0m0
[0;32m Load param traj_opt/flatness/mass success: [0;0m1.64
[0;32m Load param traj_opt/flatness/dh success: [0;0m0.35
[0;32m Load param traj_opt/flatness/dv success: [0;0m0.35
[0;32m Load param traj_opt/flatness/grav success: [0;0m9.81
[0;32m Load param traj_opt/flatness/cp success: [0;0m0.001
[0;32m Load param traj_opt/flatness/v_eps success: [0;0m0.0001
[0;32m Load param traj_opt/switch/save_log_en success: [0;0m0
[0;32m Load param traj_opt/exp_traj/pos_constraint_type success: [0;0m1
[0;33m Load param traj_opt/exp_traj/piece_num failed, use default value: [0;0m1
[0;33m Load param traj_opt/exp_traj/uniform_time_en failed, use default value: [0;0m0
[0;32m Load param traj_opt/exp_traj/block_energy_cost success: [0;0m0
[0;32m Load param traj_opt/exp_traj/opt_accuracy success: [0;0m5e-06
[0;33m Load param traj_opt/exp_traj/max_iterations failed, use default value: [0;0m2048
[0;32m Load param traj_opt/exp_traj/integral_reso success: [0;0m15
[0;32m Load param traj_opt/exp_traj/smooth_eps success: [0;0m0.01
[0;32m Load param traj_opt/boundary/max_vel success: [0;0m7
[0;32m Load param traj_opt/boundary/max_acc success: [0;0m20
[0;32m Load param traj_opt/boundary/max_jerk success: [0;0m120
[0;32m Load param traj_opt/boundary/max_omg success: [0;0m2.5
[0;32m Load param traj_opt/boundary/max_acc_thr success: [0;0m17
[0;32m Load param traj_opt/boundary/min_acc_thr success: [0;0m6
[0;32m Load param traj_opt/boundary/penna_margin success: [0;0m0.05
[0;33m Load param traj_opt/exp_traj/penna_scale failed, use default value: [0;0m-1
[0;32m Load param traj_opt/exp_traj/penna_t success: [0;0m1e+07
[0;33m Load param traj_opt/exp_traj/penna_ts failed, use default value: [0;0m-1
[0;32m Load param traj_opt/exp_traj/penna_pos success: [0;0m5e+09
[0;32m Load param traj_opt/exp_traj/penna_clr success: [0;0m1e+06
[0;32m Load param traj_opt/exp_traj/clearance_margin success: [0;0m0.1
[0;32m Load param traj_opt/exp_traj/clearance_speed_gate success: [0;0m1.5
[0;32m Load param traj_opt/exp_traj/clearance_speed_transition success: [0;0m0.5
[0;33m Load param traj_opt/exp_traj/penna_passage_center failed, use default value: [0;0m-1
[0;33m Load param traj_opt/exp_traj/passage_center_max_width failed, use default value: [0;0m0
[0;33m Load param traj_opt/exp_traj/passage_center_min_opposition_cos failed, use default value: [0;0m0.9
[0;33m Load param traj_opt/exp_traj/passage_center_min_horizontal_normal failed, use default value: [0;0m0.8
[0;33m Load param traj_opt/exp_traj/passage_center_deadband failed, use default value: [0;0m0.15
[0;33m Load param traj_opt/exp_traj/passage_center_log_en failed, use default value: [0;0m0
[0;32m Load param traj_opt/exp_traj/penna_vel success: [0;0m5e+08
[0;32m Load param traj_opt/exp_traj/penna_acc success: [0;0m5e+08
[0;32m Load param traj_opt/exp_traj/penna_jerk success: [0;0m-5e+08
[0;32m Load param traj_opt/exp_traj/penna_attract success: [0;0m5e+08
[0;32m Load param traj_opt/exp_traj/penna_omg success: [0;0m-1
[0;32m Load param traj_opt/exp_traj/penna_thr success: [0;0m-1
Load config file: /root/super_ws/install/super_planner/share/super_planner/config/static_seedmaps_guard_viability_tight_v7.yaml
[0;32m Load param traj_opt/switch/print_optimizer_log success: [0;0m0
[0;32m Load param traj_opt/flatness/mass success: [0;0m1.64
[0;32m Load param traj_opt/flatness/dh success: [0;0m0.35
[0;32m Load param traj_opt/flatness/dv success: [0;0m0.35
[0;32m Load param traj_opt/flatness/grav success: [0;0m9.81
[0;32m Load param traj_opt/flatness/cp success: [0;0m0.001
[0;32m Load param traj_opt/flatness/v_eps success: [0;0m0.0001
[0;32m Load param traj_opt/switch/save_log_en success: [0;0m0
[0;32m Load param traj_opt/backup_traj/pos_constraint_type success: [0;0m2
[0;32m Load param traj_opt/backup_traj/piece_num success: [0;0m2
[0;32m Load param traj_opt/backup_traj/uniform_time_en success: [0;0m1
[0;32m Load param traj_opt/backup_traj/block_energy_cost success: [0;0m1
[0;32m Load param traj_opt/backup_traj/opt_accuracy success: [0;0m1e-05
[0;33m Load param traj_opt/backup_traj/max_iterations failed, use default value: [0;0m2048
[0;32m Load param traj_opt/backup_traj/integral_reso success: [0;0m12
[0;32m Load param traj_opt/backup_traj/smooth_eps success: [0;0m0.01
[0;32m Load param traj_opt/boundary/max_vel success: [0;0m7
[0;32m Load param traj_opt/boundary/max_acc success: [0;0m20
[0;32m Load param traj_opt/boundary/max_jerk success: [0;0m120
[0;32m Load param traj_opt/boundary/max_omg success: [0;0m2.5
[0;32m Load param traj_opt/boundary/max_acc_thr success: [0;0m17
[0;32m Load param traj_opt/boundary/min_acc_thr success: [0;0m6
[0;32m Load param traj_opt/boundary/penna_margin success: [0;0m0.05
[0;33m Load param traj_opt/backup_traj/penna_scale failed, use default value: [0;0m-1
[0;32m Load param traj_opt/backup_traj/penna_t success: [0;0m100
[0;32m Load param traj_opt/backup_traj/penna_ts success: [0;0m1e+07
[0;32m Load param traj_opt/backup_traj/penna_pos success: [0;0m1e+10
[0;32m Load param traj_opt/backup_traj/penna_clr success: [0;0m1e+06
[0;32m Load param traj_opt/backup_traj/clearance_margin success: [0;0m0.1
[0;32m Load param traj_opt/backup_traj/clearance_speed_gate success: [0;0m1.5
[0;32m Load param traj_opt/backup_traj/clearance_speed_transition success: [0;0m0.5
[0;33m Load param traj_opt/backup_traj/penna_passage_center failed, use default value: [0;0m-1
[0;33m Load param traj_opt/backup_traj/passage_center_max_width failed, use default value: [0;0m0
[0;33m Load param traj_opt/backup_traj/passage_center_min_opposition_cos failed, use default value: [0;0m0.9
[0;33m Load param traj_opt/backup_traj/passage_center_min_horizontal_normal failed, use default value: [0;0m0.8
[0;33m Load param traj_opt/backup_traj/passage_center_deadband failed, use default value: [0;0m0.15
[0;33m Load param traj_opt/backup_traj/passage_center_log_en failed, use default value: [0;0m0
[0;32m Load param traj_opt/backup_traj/penna_vel success: [0;0m1e+08
[0;32m Load param traj_opt/backup_traj/penna_acc success: [0;0m1e+08
[0;32m Load param traj_opt/backup_traj/penna_jerk success: [0;0m-1e+06
[0;33m Load param traj_opt/backup_traj/penna_attract failed, use default value: [0;0m-1
[0;32m Load param traj_opt/backup_traj/penna_omg success: [0;0m-1
[0;32m Load param traj_opt/backup_traj/penna_thr success: [0;0m-1
[0;32m Load param super_planner/print_log success: [0;0m0
[0;32m Load param super_planner/detailed_log_en success: [0;0m0
[0;32m Load param super_planner/visualization_en success: [0;0m0
[0;32m Load param super_planner/backup_traj_en success: [0;0m1
[0;32m Load param super_planner/goal_vel_en success: [0;0m0
[0;32m Load param super_planner/goal_yaw_en success: [0;0m0
[0;32m Load param super_planner/visual_process success: [0;0m0
[0;32m Load param super_planner/use_fov_cut success: [0;0m0
[0;33m Load param super_planner/fov_horizontal_angle failed, use default value: [0;0m-1
[0;33m Load param super_planner/fov_center_heading failed, use default value: [0;0m0
[0;32m Load param super_planner/frontend_in_known_free success: [0;0m0
[0;32m Load param fsm/trajectory_guard/enable success: [0;0m1
[0;32m Load param fsm/trajectory_guard/shadow success: [0;0m0
[0;32m Load param fsm/trajectory_guard/validation_sample_dt_s success: [0;0m0.005
[0;32m Load param fsm/trajectory_guard/shadow_min_interval_s success: [0;0m0
[0;32m Load param fsm/trajectory_guard/additional_clearance_m success: [0;0m0
[0;32m Load param fsm/trajectory_guard/escape_max_duration_s success: [0;0m1
[0;32m Load param fsm/trajectory_guard/unknown_as_occupied success: [0;0m1
[0;32m Load param fsm/trajectory_guard/escape_entry_grace_s success: [0;0m0
[0;32m Load param fsm/trajectory_guard/initial_footprint_egress_enable success: [0;0m1
[0;32m Load param super_planner/safe_corridor_line_max_length success: [0;0m6
[0;32m Load param super_planner/sensing_horizon success: [0;0m-1
[0;32m Load param super_planner/obs_skip_num success: [0;0m2
[0;32m Load param super_planner/replan_forward_dt success: [0;0m0.1
[0;32m Load param super_planner/corridor_bound_dis success: [0;0m0.8
[0;32m Load param super_planner/corridor_line_max_length success: [0;0m1
[0;32m Load param super_planner/planning_horizon success: [0;0m7
[0;32m Load param super_planner/receding_dis success: [0;0m1
[0;32m Load param super_planner/robot_r success: [0;0m0.2
[0;32m Load param super_planner/corridor_use_inflated_obstacles success: [0;0m0
[0;32m Load param super_planner/corridor_use_inflated_seed_lines success: [0;0m0
[0;32m Load param super_planner/corridor_guard_retry_inflated success: [0;0m1
[0;32m Load param super_planner/guard_corridor_retry_alternate_every success: [0;0m4
[0;32m Load param super_planner/guard_topology_reroute/enable success: [0;0m1
[0;32m Load param super_planner/guard_topology_reroute/radius_m success: [0;0m0.8
[0;32m Load param super_planner/guard_topology_reroute/growth_m success: [0;0m0
[0;32m Load param super_planner/guard_topology_reroute/max_radius_m success: [0;0m0.8
[0;32m Load param super_planner/guard_topology_reroute/max_zones success: [0;0m6
[0;32m Load param super_planner/guard_topology_reroute/max_stop_speed_mps success: [0;0m0.2
[0;32m Load param super_planner/guard_topology_reroute/escalate_every_rejects success: [0;0m3
[0;32m Load param super_planner/guard_topology_reroute/collision_merge_m success: [0;0m0.5
[0;32m Load param super_planner/guard_topology_reroute/start_clearance_m success: [0;0m0.3
[0;32m Load param super_planner/guard_topology_reroute/block_spacing_m success: [0;0m1
[0;32m Load param super_planner/guard_topology_reroute/direction_merge_angle_deg success: [0;0m30
[0;32m Load param super_planner/guard_topology_reroute/no_path_reset_attempts success: [0;0m3
[0;32m Load param super_planner/guard_topology_reroute/vertical_recovery_enable success: [0;0m1
[0;32m Load param super_planner/guard_topology_reroute/vertical_recovery_lift_m success: [0;0m0.6
[0;32m Load param super_planner/guard_topology_reroute/vertical_recovery_trigger_distance_m success: [0;0m0.75
[0;32m Load param super_planner/guard_topology_reroute/local_escape_enable success: [0;0m1
[0;32m Load param super_planner/guard_topology_reroute/local_escape_distance_m success: [0;0m0.6
[0;32m Load param super_planner/guard_topology_reroute/local_escape_attempts success: [0;0m4
[0;32m Load param super_planner/guard_topology_reroute/episode_progress_reset_m success: [0;0m2
[0;32m Load param super_planner/guard_topology_reroute/saturation_vertical_attempts success: [0;0m1
[0;32m Load param super_planner/guard_topology_reroute/base_no_path_vertical_attempts success: [0;0m1
[0;32m Load param super_planner/guard_direct_goal_fallback/enable success: [0;0m1
[0;32m Load param super_planner/guard_direct_goal_fallback/max_distance_m success: [0;0m3
[0;32m Load param super_planner/guard_direct_goal_fallback/min_duration_s success: [0;0m1
[0;32m Load param super_planner/guard_viability/enable success: [0;0m1
[0;32m Load param super_planner/guard_viability/horizon_s success: [0;0m2
[0;32m Load param super_planner/guard_viability/sample_dt_s success: [0;0m0.3
[0;32m Load param super_planner/guard_viability/brake_max_acc_mps2 success: [0;0m20
[0;32m Load param super_planner/guard_viability/brake_max_jerk_mps3 success: [0;0m120
[0;32m Load param super_planner/guard_viability/brake_min_duration_s success: [0;0m0.4
[0;32m Load param super_planner/guard_viability/brake_max_duration_s success: [0;0m3
[0;32m Load param super_planner/guard_viability/brake_attempts success: [0;0m12
[0;32m Load param super_planner/guard_viability/speed_scale_step success: [0;0m1.25
[0;32m Load param super_planner/guard_viability/speed_scale_max success: [0;0m3
[0;32m Load param super_planner/guard_viability/max_retries success: [0;0m4
[0;32m Load param super_planner/corridor_min_margin success: [0;0m0.2
[0;32m Load param super_planner/corridor_pref_margin success: [0;0m0.3
[0;32m Load param super_planner/iris_iter_num success: [0;0m2
[0;32m Load param super_planner/yaw_mode success: [0;0m1
[0;32m Load param super_planner/mpc_horizon success: [0;0m15
[0;32m Load param super_planner/yaw_dot_max success: [0;0m3
[0;32m Load param rog_map/resolution success: [0;0m0.05
[INFO] [1789557321.405965254] [fsm_node]: [OPT_CLEARANCE_GATE_FIRST] optimizer=exp enabled=0 objective_unchanged=1
[INFO] [1789557321.406060264] [fsm_node]: [OPT_CLEARANCE_GATE_FIRST] optimizer=backup enabled=0 objective_unchanged=1
[INFO] [1789557321.406105413] [fsm_node]:  -- [TRAJ_GUARD] mode=enforce sample_dt=0.0050s shadow_min_interval=0.000s inflation_radius=0.300m robot_r=0.200m additional_clearance=0.000m hard_clearance=0.300m clearance_offsets=0
[38;2;050;205;050m -- [Viz] Set resolution_ to 0.05
[0m[38;2;050;205;050m -- [Viz] Set visualization_en_ to false
[0mLoad config file: /root/super_ws/install/super_planner/share/super_planner/config/static_seedmaps_guard_viability_tight_v7.yaml
[0;32m Load param astar/map_voxel_num success: [0;0m[500 500 100 ]
[0;32m Load param astar/allow_diag success: [0;0m1
[0;32m Load param astar/debug_visualization_en success: [0;0m0
[0;32m Load param astar/heu_type success: [0;0m2
[0;32m Load param astar/visual_process success: [0;0m0
[32m -- [RM] Init Astar-map.[0m
[34m	map index size: 250 250  50[0m
[34m	map vox_num: 501 501 101[0m
[33m -- [Fsm] CLICKGOAL ENABLE.[0m
[WARN] [1789557323.008266129] [perfect_tracking]:  -- [MissionPlanner] Load config by file name: /root/super_ws/src/SUPER/mars_uav_sim/perfect_drone_sim/config/seed5.yaml
Load config file: /root/super_ws/src/SUPER/mars_uav_sim/perfect_drone_sim/config/seed5.yaml
[0;32m Load param mesh_resource success: [0;0mpackage://perfect_drone_sim/meshes/yunque-M.dae
[0;32m Load param init_position/x success: [0;0m0
[0;32m Load param init_position/y success: [0;0m0
[0;32m Load param init_position/z success: [0;0m1.5
[0;32m Load param init_yaw success: [0;0m0
[0;32m Load param sensing_rate success: [0;0m10
Load config file: /root/super_ws/src/SUPER/mars_uav_sim/perfect_drone_sim/config/seed5.yaml
[0;33m Load param side_entry_v1/enabled failed, use default value: [0;0m0
[0;33m Load param side_entry_v2/enabled failed, use default value: [0;0m0
[0;33m Load param side_entry_v3/enabled failed, use default value: [0;0m0
[0;33m Load param side_entry_v4/enabled failed, use default value: [0;0m0
[0;33m Load param side_entry_v5/enabled failed, use default value: [0;0m0
[0;33m Load param side_entry_v6/enabled failed, use default value: [0;0m0
[0;33m Load param side_entry_v7/enabled failed, use default value: [0;0m0
[0;33m Load param side_entry_v0/speed_min_mps failed, use default value: [0;0m2
[0;33m Load param side_entry_v0/yaw_velocity_mismatch_min_deg failed, use default value: [0;0m50
[0;33m Load param side_entry_v0/require_yaw_velocity_mismatch failed, use default value: [0;0m1
[0;33m Load param side_entry_v0/hold_s failed, use default value: [0;0m0.02
[0;33m Load param side_entry_v0/qualifying_samples failed, use default value: [0;0m0
[0;33m Load param side_entry_v0/prediction_s failed, use default value: [0;0m0.8
[0;33m Load param side_entry_v0/require_velocity_inside failed, use default value: [0;0m1
[0;33m Load param side_entry_v0/fixed_center_enabled failed, use default value: [0;0m0
[0;33m Load param side_entry_v0/fixed_center_x failed, use default value: [0;0m22.5
[0;33m Load param side_entry_v0/fixed_center_y failed, use default value: [0;0m23
[0;33m Load param side_entry_v0/trigger_distance_min_m failed, use default value: [0;0m0.8
[0;33m Load param side_entry_v0/trigger_distance_max_m failed, use default value: [0;0m3.5
[0;33m Load param side_entry_v0/trigger_waypoint_x failed, use default value: [0;0m24
[0;33m Load param side_entry_v0/trigger_waypoint_y failed, use default value: [0;0m24
[0;33m Load param side_entry_v0/trigger_waypoint_radius_m failed, use default value: [0;0m2
[0;33m Load param side_entry_v0/trap_waypoint_radius_m failed, use default value: [0;0m2
[0;33m Load param side_entry_v0/sector_half_angle_deg failed, use default value: [0;0m45
[0;33m Load param side_entry_v0/angular_margin_deg failed, use default value: [0;0m2
[0;33m Load param side_entry_v0/max_nudge_deg failed, use default value: [0;0m20
[0;33m Load param side_entry_v0/radius_m failed, use default value: [0;0m0.25
[0;33m Load param side_entry_v0/height_m failed, use default value: [0;0m3
[0;33m Load param side_entry_v0/point_spacing_m failed, use default value: [0;0m0.05
[0;33m Load param side_entry_v0/z_spacing_m failed, use default value: [0;0m0.1
[0;33m Load param side_entry_v0/sensing_horizon_m failed, use default value: [0;0m15
[0;33m Load param side_entry_v0/intensity failed, use default value: [0;0m14545
Load config file: /root/super_ws/src/SUPER/mars_uav_sim/perfect_drone_sim/config/seed5.yaml
[0;33m Load param sensor_burst_dropout/enabled failed, use default value: [0;0m0
[0;33m Load param sensor_burst_dropout/warmup_s failed, use default value: [0;0m1
[0;33m Load param sensor_burst_dropout/period_s failed, use default value: [0;0m2
[0;33m Load param sensor_burst_dropout/duration_s failed, use default value: [0;0m0.5
[0;33m Load param sensor_burst_dropout/phase_s failed, use default value: [0;0m0
Load config file: /root/super_ws/src/SUPER/mars_uav_sim/perfect_drone_sim/config/seed5.yaml
[0;32m Load param sensing_blind success: [0;0m0.1
[0;32m Load param sensing_horizon success: [0;0m15
[0;32m Load param sensing_rate success: [0;0m10
[0;32m Load param lidar_type success: [0;0m2
[0;32m Load param pcd_name success: [0;0mseed_maps/seed5.pcd
[0;32m Load param is_360lidar success: [0;0m1
[0;32m Load param polar_resolution success: [0;0m0.4
[0;33m Load param fx failed, use default value: [0;0m250
[0;33m Load param fy failed, use default value: [0;0m250
[0;33m Load param line_number failed, use default value: [0;0m64
[0;32m Load param downsample_res success: [0;0m0.1
[0;33m Load param yaw_fov failed, use default value: [0;0m360
[0;32m Load param vertical_fov success: [0;0m178
[0;32m Load param depth_image_en success: [0;0m0
[0;33m Load param inf_point_en failed, use default value: [0;0m0
[0;32m Load param print_time_consumption success: [0;0m0
GLAD init success
Load shader frome: /root/super_ws/src/SUPER/mars_uav_sim/marsim_render/config/pattern/360camera.vs
Now initing the point cloud data: 
Number of points = 63.55X 10000
Load data finish 
========== OpenGL Info ==========
Vendor: NVIDIA Corporation
Renderer: NVIDIA GeForce RTX 3050 Ti Laptop GPU/PCIe/SSE2
OpenGL Version: 3.3.0 NVIDIA 550.144.03
GLSL Version: 3.30 NVIDIA via Cg compiler
========== OpenGL Info ==========
[INFO] [1789557323.720569817] [perfect_tracking]: [STATIC_PC_DURABLE_SETTINGS] enabled=1 actual_qos=1 reliability=reliable durability=transient_local history=keep_last depth=1 intra_process=disabled publication_schedule=latched_once other_qos_unchanged=1
[INFO] [1789557323.720635050] [perfect_tracking]: [STATIC_PC_POLL_SETTINGS] poll_ms=0 bootstrap_once=1 complete_geometry=1 qos_unchanged=0
[INFO] [1789557323.741187800] [perfect_tracking]: [STATIC_PC_LATCHED_SERIALIZATION] point_step=32 tail_zeroed_bytes=12 declared_fields_and_homogeneous_bytes_unchanged=1
[INFO] [1789557323.751452295] [perfect_tracking]: [STATIC_PC_LATCHED_PUBLICATION] publications=1 points=635500 bytes=20336000 stamp_ns=1789557323738778567 timers_created=0 poll_callbacks=0 complete_geometry=1
[INFO] [1789557323.751495783] [perfect_drone_full_config]: [HEADLESS_PARAMETER_SETTINGS] enabled=1 mode=full nodes=3 parameter_services_nodes=0 parameter_event_publisher_nodes=0 local_parameters_preserved=1 default_off=1
[INFO] [1789557323.751506276] [perfect_drone_full_config]: Full raw DDS disabled: renderer -> ROG-Map uses direct latest-only SharedPtr handoff
[INFO] [1789557323.751587408] [perfect_drone_full_config]: [STATIC_PC_EXECUTOR_KIND] cached_entities=0 executor=single callbacks_qos_cadence_unchanged=1 mode=full
[INFO] [1789557323.828185350] [perfect_tracking]: [SENSOR_ACQUISITION_FRAME] frame=1 cycle=0 full=1 stamp_ns=1789557323820793365 width=900 height=445 readback_pixels=801000 conversion_rays=115200 generated_points=14758 bytes=472256 half_angle_deg=45.000
Publish local map size: 14758
[INFO] [1789557323.924797114] [perfect_tracking]: [SENSOR_ACQUISITION_FRAME] frame=2 cycle=0 full=1 stamp_ns=1789557323920728977 width=900 height=445 readback_pixels=801000 conversion_rays=115200 generated_points=14726 bytes=471232 half_angle_deg=45.000
Publish local map size: 14726
[INFO] [1789557324.025691436] [perfect_tracking]: [SENSOR_ACQUISITION_FRAME] frame=3 cycle=0 full=1 stamp_ns=1789557324020779297 width=900 height=445 readback_pixels=801000 conversion_rays=115200 generated_points=14722 bytes=471104 half_angle_deg=45.000
Publish local map size: 14722
[INFO] [1789557324.126874971] [perfect_tracking]: [SENSOR_ACQUISITION_FRAME] frame=4 cycle=0 full=1 stamp_ns=1789557324120722130 width=900 height=445 readback_pixels=801000 conversion_rays=115200 generated_points=14711 bytes=470752 half_angle_deg=45.000
Publish local map size: 14711
[INFO] [1789557324.224571776] [perfect_tracking]: [SENSOR_ACQUISITION_FRAME] frame=5 cycle=0 full=1 stamp_ns=1789557324220841461 width=900 height=445 readback_pixels=801000 conversion_rays=115200 generated_points=14683 bytes=469856 half_angle_deg=45.000
Publish local map size: 14683
[INFO] [1789557324.324699443] [perfect_tracking]: [SENSOR_ACQUISITION_FRAME] frame=6 cycle=0 full=1 stamp_ns=1789557324320724221 width=900 height=445 readback_pixels=801000 conversion_rays=115200 generated_points=14775 bytes=472800 half_angle_deg=45.000
Publish local map size: 14775
[INFO] [1789557324.425771958] [perfect_tracking]: [SENSOR_ACQUISITION_FRAME] frame=7 cycle=0 full=1 stamp_ns=1789557324420720720 width=900 height=445 readback_pixels=801000 conversion_rays=115200 generated_points=14754 bytes=472128 half_angle_deg=45.000
Publish local map size: 14754
[INFO] [1789557324.525196162] [perfect_tracking]: [SENSOR_ACQUISITION_FRAME] frame=8 cycle=0 full=1 stamp_ns=1789557324520768195 width=900 height=445 readback_pixels=801000 conversion_rays=115200 generated_points=14714 bytes=470848 half_angle_deg=45.000
Publish local map size: 14714
[INFO] [1789557324.625311553] [perfect_tracking]: [SENSOR_ACQUISITION_FRAME] frame=9 cycle=0 full=1 stamp_ns=1789557324620787411 width=900 height=445 readback_pixels=801000 conversion_rays=115200 generated_points=14688 bytes=470016 half_angle_deg=45.000
Publish local map size: 14688
[INFO] [1789557324.725875186] [perfect_tracking]: [SENSOR_ACQUISITION_FRAME] frame=10 cycle=0 full=1 stamp_ns=1789557324720768940 width=900 height=445 readback_pixels=801000 conversion_rays=115200 generated_points=14727 bytes=471264 half_angle_deg=45.000
Publish local map size: 14727
[33m -- [Fsm] Wait for goal.[0m
[32m -- [Fsm 1.006] Current state: INIT[0m
[INFO] [1789557324.825284506] [perfect_tracking]: [SENSOR_ACQUISITION_FRAME] frame=11 cycle=0 full=1 stamp_ns=1789557324820851065 width=900 height=445 readback_pixels=801000 conversion_rays=115200 generated_points=14756 bytes=472192 half_angle_deg=45.000
Publish local map size: 14756
[INFO] [1789557324.928118055] [perfect_tracking]: [SENSOR_ACQUISITION_FRAME] frame=12 cycle=0 full=1 stamp_ns=1789557324920746545 width=900 height=445 readback_pixels=801000 conversion_rays=115200 generated_points=14727 bytes=471264 half_angle_deg=45.000
Publish local map size: 14727
[INFO] [1789557325.026384704] [perfect_tracking]: [SENSOR_ACQUISITION_FRAME] frame=13 cycle=0 full=1 stamp_ns=1789557325020742147 width=900 height=445 readback_pixels=801000 conversion_rays=115200 generated_points=14711 bytes=470752 half_angle_deg=45.000
Publish local map size: 14711
[INFO] [1789557325.125544949] [perfect_tracking]: [SENSOR_ACQUISITION_FRAME] frame=14 cycle=0 full=1 stamp_ns=1789557325120719746 width=900 height=445 readback_pixels=801000 conversion_rays=115200 generated_points=14678 bytes=469696 half_angle_deg=45.000
Publish local map size: 14678
[INFO] [1789557325.226730099] [perfect_tracking]: [SENSOR_ACQUISITION_FRAME] frame=15 cycle=0 full=1 stamp_ns=1789557325220724163 width=900 height=445 readback_pixels=801000 conversion_rays=115200 generated_points=14711 bytes=470752 half_angle_deg=45.000
Publish local map size: 14711
[INFO] [1789557325.326578437] [perfect_tracking]: [SENSOR_ACQUISITION_FRAME] frame=16 cycle=0 full=1 stamp_ns=1789557325320715567 width=900 height=445 readback_pixels=801000 conversion_rays=115200 generated_points=14706 bytes=470592 half_angle_deg=45.000
Publish local map size: 14706
[INFO] [1789557325.425889098] [perfect_tracking]: [SENSOR_ACQUISITION_FRAME] frame=17 cycle=0 full=1 stamp_ns=1789557325420726856 width=900 height=445 readback_pixels=801000 conversion_rays=115200 generated_points=14668 bytes=469376 half_angle_deg=45.000
Publish local map size: 14668
[INFO] [1789557325.524377109] [perfect_tracking]: [SENSOR_ACQUISITION_FRAME] frame=18 cycle=0 full=1 stamp_ns=1789557325520699710 width=900 height=445 readback_pixels=801000 conversion_rays=115200 generated_points=14683 bytes=469856 half_angle_deg=45.000
Publish local map size: 14683
 -- [MARSIM] Running FPS: 189.925
[INFO] [1789557325.623235186] [perfect_tracking]: [SENSOR_ACQUISITION_FRAME] frame=19 cycle=0 full=1 stamp_ns=1789557325620688684 width=900 height=445 readback_pixels=801000 conversion_rays=115200 generated_points=14727 bytes=471264 half_angle_deg=45.000
Publish local map size: 14727
[INFO] [1789557325.725753358] [perfect_tracking]: [SENSOR_ACQUISITION_FRAME] frame=20 cycle=0 full=1 stamp_ns=1789557325720813245 width=900 height=445 readback_pixels=801000 conversion_rays=115200 generated_points=14758 bytes=472256 half_angle_deg=45.000
Publish local map size: 14758
[33m -- [Fsm] Wait for goal.[0m
[32m -- [Fsm 2.006] Current state: INIT[0m
[INFO] [1789557325.825816628] [perfect_tracking]: [SENSOR_ACQUISITION_FRAME] frame=21 cycle=0 full=1 stamp_ns=1789557325820698863 width=900 height=445 readback_pixels=801000 conversion_rays=115200 generated_points=14715 bytes=470880 half_angle_deg=45.000
Publish local map size: 14715
[INFO] [1789557325.925568815] [perfect_tracking]: [SENSOR_ACQUISITION_FRAME] frame=22 cycle=0 full=1 stamp_ns=1789557325920718777 width=900 height=445 readback_pixels=801000 conversion_rays=115200 generated_points=14721 bytes=471072 half_angle_deg=45.000
Publish local map size: 14721
[INFO] [1789557326.025146867] [perfect_tracking]: [SENSOR_ACQUISITION_FRAME] frame=23 cycle=0 full=1 stamp_ns=1789557326020703747 width=900 height=445 readback_pixels=801000 conversion_rays=115200 generated_points=14715 bytes=470880 half_angle_deg=45.000
Publish local map size: 14715
[INFO] [1789557326.126302233] [perfect_tracking]: [SENSOR_ACQUISITION_FRAME] frame=24 cycle=0 full=1 stamp_ns=1789557326120710226 width=900 height=445 readback_pixels=801000 conversion_rays=115200 generated_points=14737 bytes=471584 half_angle_deg=45.000
Publish local map size: 14737
[INFO] [1789557326.225865704] [perfect_tracking]: [SENSOR_ACQUISITION_FRAME] frame=25 cycle=0 full=1 stamp_ns=1789557326220713792 width=900 height=445 readback_pixels=801000 conversion_rays=115200 generated_points=14707 bytes=470624 half_angle_deg=45.000
Publish local map size: 14707
[INFO] [1789557326.325546730] [perfect_tracking]: [SENSOR_ACQUISITION_FRAME] frame=26 cycle=0 full=1 stamp_ns=1789557326320691040 width=900 height=445 readback_pixels=801000 conversion_rays=115200 generated_points=14715 bytes=470880 half_angle_deg=45.000
Publish local map size: 14715
[INFO] [1789557326.425398701] [perfect_tracking]: [SENSOR_ACQUISITION_FRAME] frame=27 cycle=0 full=1 stamp_ns=1789557326420695835 width=900 height=445 readback_pixels=801000 conversion_rays=115200 generated_points=14671 bytes=469472 half_angle_deg=45.000
Publish local map size: 14671
[INFO] [1789557326.525144102] [perfect_tracking]: [SENSOR_ACQUISITION_FRAME] frame=28 cycle=0 full=1 stamp_ns=1789557326520699858 width=900 height=445 readback_pixels=801000 conversion_rays=115200 generated_points=14758 bytes=472256 half_angle_deg=45.000
Publish local map size: 14758
[INFO] [1789557326.625762036] [perfect_tracking]: [SENSOR_ACQUISITION_FRAME] frame=29 cycle=0 full=1 stamp_ns=1789557326620738846 width=900 height=445 readback_pixels=801000 conversion_rays=115200 generated_points=14711 bytes=470752 half_angle_deg=45.000
Publish local map size: 14711
[INFO] [1789557326.725926284] [perfect_tracking]: [SENSOR_ACQUISITION_FRAME] frame=30 cycle=0 full=1 stamp_ns=1789557326720748204 width=900 height=445 readback_pixels=801000 conversion_rays=115200 generated_points=14712 bytes=470784 half_angle_deg=45.000
Publish local map size: 14712
[33m -- [Fsm] Wait for goal.[0m
[32m -- [Fsm 3.016] Current state: INIT[0m
[INFO] [1789557326.825761575] [perfect_tracking]: [SENSOR_ACQUISITION_FRAME] frame=31 cycle=0 full=1 stamp_ns=1789557326820807486 width=900 height=445 readback_pixels=801000 conversion_rays=115200 generated_points=14710 bytes=470720 half_angle_deg=45.000
Publish local map size: 14710
[INFO] [1789557326.924464345] [perfect_tracking]: [SENSOR_ACQUISITION_FRAME] frame=32 cycle=0 full=1 stamp_ns=1789557326920737711 width=900 height=445 readback_pixels=801000 conversion_rays=115200 generated_points=14717 bytes=470944 half_angle_deg=45.000
Publish local map size: 14717
[INFO] [1789557327.026505292] [perfect_tracking]: [SENSOR_ACQUISITION_FRAME] frame=33 cycle=0 full=1 stamp_ns=1789557327020699523 width=900 height=445 readback_pixels=801000 conversion_rays=115200 generated_points=14779 bytes=472928 half_angle_deg=45.000
Publish local map size: 14779
[INFO] [1789557327.126132002] [perfect_tracking]: [SENSOR_ACQUISITION_FRAME] frame=34 cycle=0 full=1 stamp_ns=1789557327120712312 width=900 height=445 readback_pixels=801000 conversion_rays=115200 generated_points=14738 bytes=471616 half_angle_deg=45.000
Publish local map size: 14738
[INFO] [1789557327.225581116] [perfect_tracking]: [SENSOR_ACQUISITION_FRAME] frame=35 cycle=0 full=1 stamp_ns=1789557327220693941 width=900 height=445 readback_pixels=801000 conversion_rays=115200 generated_points=14710 bytes=470720 half_angle_deg=45.000
Publish local map size: 14710
[INFO] [1789557327.324236072] [perfect_tracking]: [SENSOR_ACQUISITION_FRAME] frame=36 cycle=0 full=1 stamp_ns=1789557327320718485 width=900 height=445 readback_pixels=801000 conversion_rays=115200 generated_points=14671 bytes=469472 half_angle_deg=45.000
Publish local map size: 14671
[INFO] [1789557327.425263520] [perfect_tracking]: [SENSOR_ACQUISITION_FRAME] frame=37 cycle=0 full=1 stamp_ns=1789557327420719718 width=900 height=445 readback_pixels=801000 conversion_rays=115200 generated_points=14731 bytes=471392 half_angle_deg=45.000
Publish local map size: 14731
[INFO] [1789557327.525052783] [perfect_tracking]: [SENSOR_ACQUISITION_FRAME] frame=38 cycle=0 full=1 stamp_ns=1789557327520686188 width=900 height=445 readback_pixels=801000 conversion_rays=115200 generated_points=14717 bytes=470944 half_angle_deg=45.000
Publish local map size: 14717
[INFO] [1789557327.626443871] [perfect_tracking]: [SENSOR_ACQUISITION_FRAME] frame=39 cycle=0 full=1 stamp_ns=1789557327620821804 width=900 height=445 readback_pixels=801000 conversion_rays=115200 generated_points=14694 bytes=470208 half_angle_deg=45.000
Publish local map size: 14694
 -- [MARSIM] Running FPS: 208.367
[INFO] [1789557327.726783845] [perfect_tracking]: [SENSOR_ACQUISITION_FRAME] frame=40 cycle=0 full=1 stamp_ns=1789557327720691268 width=900 height=445 readback_pixels=801000 conversion_rays=115200 generated_points=14731 bytes=471392 half_angle_deg=45.000
Publish local map size: 14731
[33m -- [Fsm] Wait for goal.[0m
[32m -- [Fsm 4.016] Current state: INIT[0m
[INFO] [1789557327.825011374] [perfect_tracking]: [SENSOR_ACQUISITION_FRAME] frame=41 cycle=0 full=1 stamp_ns=1789557327820789490 width=900 height=445 readback_pixels=801000 conversion_rays=115200 generated_points=14689 bytes=470048 half_angle_deg=45.000
Publish local map size: 14689
[INFO] [1789557327.925607484] [perfect_tracking]: [SENSOR_ACQUISITION_FRAME] frame=42 cycle=0 full=1 stamp_ns=1789557327920687516 width=900 height=445 readback_pixels=801000 conversion_rays=115200 generated_points=14756 bytes=472192 half_angle_deg=45.000
Publish local map size: 14756
[INFO] [1789557328.025156879] [perfect_tracking]: [SENSOR_ACQUISITION_FRAME] frame=43 cycle=0 full=1 stamp_ns=1789557328020776602 width=900 height=445 readback_pixels=801000 conversion_rays=115200 generated_points=14692 bytes=470144 half_angle_deg=45.000
Publish local map size: 14692
[INFO] [1789557328.125767189] [perfect_tracking]: [SENSOR_ACQUISITION_FRAME] frame=44 cycle=0 full=1 stamp_ns=1789557328120687523 width=900 height=445 readback_pixels=801000 conversion_rays=115200 generated_points=14727 bytes=471264 half_angle_deg=45.000
Publish local map size: 14727
[INFO] [1789557328.224846226] [perfect_tracking]: [SENSOR_ACQUISITION_FRAME] frame=45 cycle=0 full=1 stamp_ns=1789557328220774075 width=900 height=445 readback_pixels=801000 conversion_rays=115200 generated_points=14758 bytes=472256 half_angle_deg=45.000
Publish local map size: 14758
[INFO] [1789557328.324429480] [perfect_tracking]: [SENSOR_ACQUISITION_FRAME] frame=46 cycle=0 full=1 stamp_ns=1789557328320671592 width=900 height=445 readback_pixels=801000 conversion_rays=115200 generated_points=14714 bytes=470848 half_angle_deg=45.000
Publish local map size: 14714
[INFO] [1789557328.425490216] [perfect_tracking]: [SENSOR_ACQUISITION_FRAME] frame=47 cycle=0 full=1 stamp_ns=1789557328420697063 width=900 height=445 readback_pixels=801000 conversion_rays=115200 generated_points=14727 bytes=471264 half_angle_deg=45.000
Publish local map size: 14727
[INFO] [1789557328.526899201] [perfect_tracking]: [SENSOR_ACQUISITION_FRAME] frame=48 cycle=0 full=1 stamp_ns=1789557328520786826 width=900 height=445 readback_pixels=801000 conversion_rays=115200 generated_points=14756 bytes=472192 half_angle_deg=45.000
Publish local map size: 14756
[INFO] [1789557328.626624855] [perfect_tracking]: [SENSOR_ACQUISITION_FRAME] frame=49 cycle=0 full=1 stamp_ns=1789557328620791062 width=900 height=445 readback_pixels=801000 conversion_rays=115200 generated_points=14714 bytes=470848 half_angle_deg=45.000
Publish local map size: 14714
[INFO] [1789557328.726218071] [perfect_tracking]: [SENSOR_ACQUISITION_FRAME] frame=50 cycle=0 full=1 stamp_ns=1789557328720686036 width=900 height=445 readback_pixels=801000 conversion_rays=115200 generated_points=14737 bytes=471584 half_angle_deg=45.000
Publish local map size: 14737
[INFO] [1789557328.726364154] [perfect_tracking]: [STATIC_PC_LATCHED_SUMMARY] enabled=1 publications=1 points=635500 bytes=20336000 stamp_ns=1789557323738778567 timers_created=0 poll_callbacks=0
[INFO] [1789557328.726371609] [perfect_tracking]: [SENSOR_CADENCE_SUMMARY] frames=50 span_s=4.898033 hz=10.004016 raw_published=0 direct_handoffs=50 payload_bytes=23552416 side_entry_v1_enabled=0 side_entry_v1_spawned=0 side_entry_v1_injected_frames=0
[INFO] [1789557328.726378798] [perfect_tracking]: [SENSOR_BURST_DROPOUT_SUMMARY] enabled=0 warmup_s=1.000000 period_s=2.000000 duration_s=0.500000 phase_s=0.000000 phase_env_override=0 rendered=50 delivered=50 dropped=0 bursts=0 max_consecutive_dropped=0 max_delivered_gap_s=0.102833 dropped_payload_bytes=0
[33m -- [Fsm] Wait for goal.[0m
[32m -- [Fsm 5.016] Current state: INIT[0m
[INFO] [1789557328.824854832] [perfect_tracking]: [SENSOR_ACQUISITION_FRAME] frame=51 cycle=0 full=1 stamp_ns=1789557328820666084 width=900 height=445 readback_pixels=801000 conversion_rays=115200 generated_points=14711 bytes=470752 half_angle_deg=45.000
Publish local map size: 14711
[INFO] [1789557328.924184114] [perfect_tracking]: [SENSOR_ACQUISITION_FRAME] frame=52 cycle=0 full=1 stamp_ns=1789557328920771265 width=900 height=445 readback_pixels=801000 conversion_rays=115200 generated_points=14711 bytes=470752 half_angle_deg=45.000
Publish local map size: 14711
[INFO] [1789557329.024588774] [perfect_tracking]: [SENSOR_ACQUISITION_FRAME] frame=53 cycle=0 full=1 stamp_ns=1789557329020671308 width=900 height=445 readback_pixels=801000 conversion_rays=115200 generated_points=14688 bytes=470016 half_angle_deg=45.000
Publish local map size: 14688
[INFO] [1789557329.126607406] [perfect_tracking]: [SENSOR_ACQUISITION_FRAME] frame=54 cycle=0 full=1 stamp_ns=1789557329120744941 width=900 height=445 readback_pixels=801000 conversion_rays=115200 generated_points=14675 bytes=469600 half_angle_deg=45.000
Publish local map size: 14675
[INFO] [1789557329.226478089] [perfect_tracking]: [SENSOR_ACQUISITION_FRAME] frame=55 cycle=0 full=1 stamp_ns=1789557329220696869 width=900 height=445 readback_pixels=801000 conversion_rays=115200 generated_points=14671 bytes=469472 half_angle_deg=45.000
Publish local map size: 14671
[INFO] [1789557329.325937505] [perfect_tracking]: [SENSOR_ACQUISITION_FRAME] frame=56 cycle=0 full=1 stamp_ns=1789557329320677617 width=900 height=445 readback_pixels=801000 conversion_rays=115200 generated_points=14706 bytes=470592 half_angle_deg=45.000
Publish local map size: 14706
[INFO] [1789557329.425383235] [perfect_tracking]: [SENSOR_ACQUISITION_FRAME] frame=57 cycle=0 full=1 stamp_ns=1789557329420683259 width=900 height=445 readback_pixels=801000 conversion_rays=115200 generated_points=14737 bytes=471584 half_angle_deg=45.000
Publish local map size: 14737
[INFO] [1789557329.526537304] [perfect_tracking]: [SENSOR_ACQUISITION_FRAME] frame=58 cycle=0 full=1 stamp_ns=1789557329520710830 width=900 height=445 readback_pixels=801000 conversion_rays=115200 generated_points=14726 bytes=471232 half_angle_deg=45.000
Publish local map size: 14726
[INFO] [1789557329.625513762] [perfect_tracking]: [SENSOR_ACQUISITION_FRAME] frame=59 cycle=0 full=1 stamp_ns=1789557329620882882 width=900 height=445 readback_pixels=801000 conversion_rays=115200 generated_points=14725 bytes=471200 half_angle_deg=45.000
Publish local map size: 14725
[INFO] [1789557329.723122518] [perfect_tracking]: [SENSOR_ACQUISITION_FRAME] frame=60 cycle=0 full=1 stamp_ns=1789557329720771177 width=900 height=445 readback_pixels=801000 conversion_rays=115200 generated_points=14708 bytes=470656 half_angle_deg=45.000
Publish local map size: 14708
[33m -- [Fsm] Wait for goal.[0m
[32m -- [Fsm 6.026] Current state: INIT[0m
[INFO] [1789557329.825691701] [perfect_tracking]: [SENSOR_ACQUISITION_FRAME] frame=61 cycle=0 full=1 stamp_ns=1789557329820669633 width=900 height=445 readback_pixels=801000 conversion_rays=115200 generated_points=14761 bytes=472352 half_angle_deg=45.000
Publish local map size: 14761
 -- [MARSIM] Running FPS: 214.608
[INFO] [1789557329.925920992] [perfect_tracking]: [SENSOR_ACQUISITION_FRAME] frame=62 cycle=0 full=1 stamp_ns=1789557329920665598 width=900 height=445 readback_pixels=801000 conversion_rays=115200 generated_points=14699 bytes=470368 half_angle_deg=45.000
Publish local map size: 14699
[INFO] [1789557330.026316650] [perfect_tracking]: [SENSOR_ACQUISITION_FRAME] frame=63 cycle=0 full=1 stamp_ns=1789557330020667481 width=900 height=445 readback_pixels=801000 conversion_rays=115200 generated_points=14699 bytes=470368 half_angle_deg=45.000
Publish local map size: 14699
[INFO] [1789557330.126688899] [perfect_tracking]: [SENSOR_ACQUISITION_FRAME] frame=64 cycle=0 full=1 stamp_ns=1789557330120770972 width=900 height=445 readback_pixels=801000 conversion_rays=115200 generated_points=14765 bytes=472480 half_angle_deg=45.000
Publish local map size: 14765
[INFO] [1789557330.226188196] [perfect_tracking]: [SENSOR_ACQUISITION_FRAME] frame=65 cycle=0 full=1 stamp_ns=1789557330220700766 width=900 height=445 readback_pixels=801000 conversion_rays=115200 generated_points=14711 bytes=470752 half_angle_deg=45.000
Publish local map size: 14711
[INFO] [1789557330.325609273] [perfect_tracking]: [SENSOR_ACQUISITION_FRAME] frame=66 cycle=0 full=1 stamp_ns=1789557330320672042 width=900 height=445 readback_pixels=801000 conversion_rays=115200 generated_points=14762 bytes=472384 half_angle_deg=45.000
Publish local map size: 14762
[INFO] [1789557330.424800511] [perfect_tracking]: [SENSOR_ACQUISITION_FRAME] frame=67 cycle=0 full=1 stamp_ns=1789557330420656967 width=900 height=445 readback_pixels=801000 conversion_rays=115200 generated_points=14689 bytes=470048 half_angle_deg=45.000
Publish local map size: 14689
[INFO] [1789557330.525353295] [perfect_tracking]: [SENSOR_ACQUISITION_FRAME] frame=68 cycle=0 full=1 stamp_ns=1789557330520654561 width=900 height=445 readback_pixels=801000 conversion_rays=115200 generated_points=14760 bytes=472320 half_angle_deg=45.000
Publish local map size: 14760
[INFO] [1789557330.625120795] [perfect_tracking]: [SENSOR_ACQUISITION_FRAME] frame=69 cycle=0 full=1 stamp_ns=1789557330620763492 width=900 height=445 readback_pixels=801000 conversion_rays=115200 generated_points=14726 bytes=471232 half_angle_deg=45.000
Publish local map size: 14726
[INFO] [1789557330.724959517] [perfect_tracking]: [SENSOR_ACQUISITION_FRAME] frame=70 cycle=0 full=1 stamp_ns=1789557330720653228 width=900 height=445 readback_pixels=801000 conversion_rays=115200 generated_points=14741 bytes=471712 half_angle_deg=45.000
Publish local map size: 14741
[33m -- [Fsm] Wait for goal.[0m
[32m -- [Fsm 7.036] Current state: INIT[0m
[INFO] [1789557330.825743925] [perfect_tracking]: [SENSOR_ACQUISITION_FRAME] frame=71 cycle=0 full=1 stamp_ns=1789557330820679552 width=900 height=445 readback_pixels=801000 conversion_rays=115200 generated_points=14712 bytes=470784 half_angle_deg=45.000
Publish local map size: 14712
[INFO] [1789557330.926005043] [perfect_tracking]: [SENSOR_ACQUISITION_FRAME] frame=72 cycle=0 full=1 stamp_ns=1789557330920701519 width=900 height=445 readback_pixels=801000 conversion_rays=115200 generated_points=14725 bytes=471200 half_angle_deg=45.000
Publish local map size: 14725
[INFO] [1789557331.024724388] [perfect_tracking]: [SENSOR_ACQUISITION_FRAME] frame=73 cycle=0 full=1 stamp_ns=1789557331020695996 width=900 height=445 readback_pixels=801000 conversion_rays=115200 generated_points=14708 bytes=470656 half_angle_deg=45.000
Publish local map size: 14708
[INFO] [1789557331.126194921] [perfect_tracking]: [SENSOR_ACQUISITION_FRAME] frame=74 cycle=0 full=1 stamp_ns=1789557331120712607 width=900 height=445 readback_pixels=801000 conversion_rays=115200 generated_points=14738 bytes=471616 half_angle_deg=45.000
Publish local map size: 14738
[INFO] [1789557331.224147765] [perfect_tracking]: [SENSOR_ACQUISITION_FRAME] frame=75 cycle=0 full=1 stamp_ns=1789557331220675094 width=900 height=445 readback_pixels=801000 conversion_rays=115200 generated_points=14779 bytes=472928 half_angle_deg=45.000
Publish local map size: 14779
[INFO] [1789557331.325570796] [perfect_tracking]: [SENSOR_ACQUISITION_FRAME] frame=76 cycle=0 full=1 stamp_ns=1789557331320672918 width=900 height=445 readback_pixels=801000 conversion_rays=115200 generated_points=14702 bytes=470464 half_angle_deg=45.000
Publish local map size: 14702
[INFO] [1789557331.426221986] [perfect_tracking]: [SENSOR_ACQUISITION_FRAME] frame=77 cycle=0 full=1 stamp_ns=1789557331420695117 width=900 height=445 readback_pixels=801000 conversion_rays=115200 generated_points=14714 bytes=470848 half_angle_deg=45.000
Publish local map size: 14714
[INFO] [1789557331.524315673] [perfect_tracking]: [SENSOR_ACQUISITION_FRAME] frame=78 cycle=0 full=1 stamp_ns=1789557331520758438 width=900 height=445 readback_pixels=801000 conversion_rays=115200 generated_points=14758 bytes=472256 half_angle_deg=45.000
Publish local map size: 14758
[INFO] [1789557331.625572206] [perfect_tracking]: [SENSOR_ACQUISITION_FRAME] frame=79 cycle=0 full=1 stamp_ns=1789557331620652294 width=900 height=445 readback_pixels=801000 conversion_rays=115200 generated_points=14731 bytes=471392 half_angle_deg=45.000
Publish local map size: 14731
[INFO] [1789557331.725870674] [perfect_tracking]: [SENSOR_ACQUISITION_FRAME] frame=80 cycle=0 full=1 stamp_ns=1789557331720661326 width=900 height=445 readback_pixels=801000 conversion_rays=115200 generated_points=14754 bytes=472128 half_angle_deg=45.000
Publish local map size: 14754
[33m -- [Fsm] Wait for goal.[0m
[32m -- [Fsm 8.046] Current state: INIT[0m
[INFO] [1789557331.825091828] [perfect_tracking]: [SENSOR_ACQUISITION_FRAME] frame=81 cycle=0 full=1 stamp_ns=1789557331820646101 width=900 height=445 readback_pixels=801000 conversion_rays=115200 generated_points=14737 bytes=471584 half_angle_deg=45.000
Publish local map size: 14737
[INFO] [1789557331.924537784] [perfect_tracking]: [SENSOR_ACQUISITION_FRAME] frame=82 cycle=0 full=1 stamp_ns=1789557331920644683 width=900 height=445 readback_pixels=801000 conversion_rays=115200 generated_points=14671 bytes=469472 half_angle_deg=45.000
Publish local map size: 14671
[INFO] [1789557332.026093592] [perfect_tracking]: [SENSOR_ACQUISITION_FRAME] frame=83 cycle=0 full=1 stamp_ns=1789557332020771685 width=900 height=445 readback_pixels=801000 conversion_rays=115200 generated_points=14727 bytes=471264 half_angle_deg=45.000
Publish local map size: 14727
 -- [MARSIM] Running FPS: 213.196
[INFO] [1789557332.125796669] [perfect_tracking]: [SENSOR_ACQUISITION_FRAME] frame=84 cycle=0 full=1 stamp_ns=1789557332120756199 width=900 height=445 readback_pixels=801000 conversion_rays=115200 generated_points=14714 bytes=470848 half_angle_deg=45.000
Publish local map size: 14714
[INFO] [1789557332.225430827] [perfect_tracking]: [SENSOR_ACQUISITION_FRAME] frame=85 cycle=0 full=1 stamp_ns=1789557332220649900 width=900 height=445 readback_pixels=801000 conversion_rays=115200 generated_points=14712 bytes=470784 half_angle_deg=45.000
Publish local map size: 14712
[INFO] [1789557332.326096491] [perfect_tracking]: [SENSOR_ACQUISITION_FRAME] frame=86 cycle=0 full=1 stamp_ns=1789557332320657823 width=900 height=445 readback_pixels=801000 conversion_rays=115200 generated_points=14717 bytes=470944 half_angle_deg=45.000
Publish local map size: 14717
[INFO] [1789557332.426208403] [perfect_tracking]: [SENSOR_ACQUISITION_FRAME] frame=87 cycle=0 full=1 stamp_ns=1789557332420664943 width=900 height=445 readback_pixels=801000 conversion_rays=115200 generated_points=14694 bytes=470208 half_angle_deg=45.000
Publish local map size: 14694
[INFO] [1789557332.526612860] [perfect_tracking]: [SENSOR_ACQUISITION_FRAME] frame=88 cycle=0 full=1 stamp_ns=1789557332520649035 width=900 height=445 readback_pixels=801000 conversion_rays=115200 generated_points=14725 bytes=471200 half_angle_deg=45.000
Publish local map size: 14725
[INFO] [1789557332.626557156] [perfect_tracking]: [SENSOR_ACQUISITION_FRAME] frame=89 cycle=0 full=1 stamp_ns=1789557332620679292 width=900 height=445 readback_pixels=801000 conversion_rays=115200 generated_points=14717 bytes=470944 half_angle_deg=45.000
Publish local map size: 14717
[INFO] [1789557332.726167928] [perfect_tracking]: [SENSOR_ACQUISITION_FRAME] frame=90 cycle=0 full=1 stamp_ns=1789557332720663819 width=900 height=445 readback_pixels=801000 conversion_rays=115200 generated_points=14711 bytes=470752 half_angle_deg=45.000
Publish local map size: 14711
[33m -- [Fsm] Wait for goal.[0m
[32m -- [Fsm 9.046] Current state: INIT[0m
[INFO] [1789557332.825207693] [perfect_tracking]: [SENSOR_ACQUISITION_FRAME] frame=91 cycle=0 full=1 stamp_ns=1789557332820687681 width=900 height=445 readback_pixels=801000 conversion_rays=115200 generated_points=14754 bytes=472128 half_angle_deg=45.000
Publish local map size: 14754
[INFO] [1789557332.926145283] [perfect_tracking]: [SENSOR_ACQUISITION_FRAME] frame=92 cycle=0 full=1 stamp_ns=1789557332920642935 width=900 height=445 readback_pixels=801000 conversion_rays=115200 generated_points=14717 bytes=470944 half_angle_deg=45.000
Publish local map size: 14717
[INFO] [1789557333.024865857] [perfect_tracking]: [SENSOR_ACQUISITION_FRAME] frame=93 cycle=0 full=1 stamp_ns=1789557333020640179 width=900 height=445 readback_pixels=801000 conversion_rays=115200 generated_points=14731 bytes=471392 half_angle_deg=45.000
Publish local map size: 14731
[INFO] [1789557333.125989062] [perfect_tracking]: [SENSOR_ACQUISITION_FRAME] frame=94 cycle=0 full=1 stamp_ns=1789557333120634485 width=900 height=445 readback_pixels=801000 conversion_rays=115200 generated_points=14731 bytes=471392 half_angle_deg=45.000
Publish local map size: 14731
[INFO] [1789557333.225780903] [perfect_tracking]: [SENSOR_ACQUISITION_FRAME] frame=95 cycle=0 full=1 stamp_ns=1789557333220643764 width=900 height=445 readback_pixels=801000 conversion_rays=115200 generated_points=14765 bytes=472480 half_angle_deg=45.000
Publish local map size: 14765
[INFO] [1789557333.324916559] [perfect_tracking]: [SENSOR_ACQUISITION_FRAME] frame=96 cycle=0 full=1 stamp_ns=1789557333320683249 width=900 height=445 readback_pixels=801000 conversion_rays=115200 generated_points=14694 bytes=470208 half_angle_deg=45.000
Publish local map size: 14694
[INFO] [1789557333.426123573] [perfect_tracking]: [SENSOR_ACQUISITION_FRAME] frame=97 cycle=0 full=1 stamp_ns=1789557333420669798 width=900 height=445 readback_pixels=801000 conversion_rays=115200 generated_points=14757 bytes=472224 half_angle_deg=45.000
Publish local map size: 14757
[INFO] [1789557333.525332294] [perfect_tracking]: [SENSOR_ACQUISITION_FRAME] frame=98 cycle=0 full=1 stamp_ns=1789557333520716516 width=900 height=445 readback_pixels=801000 conversion_rays=115200 generated_points=14722 bytes=471104 half_angle_deg=45.000
Publish local map size: 14722
[INFO] [1789557333.625449792] [perfect_tracking]: [SENSOR_ACQUISITION_FRAME] frame=99 cycle=0 full=1 stamp_ns=1789557333620704649 width=900 height=445 readback_pixels=801000 conversion_rays=115200 generated_points=14738 bytes=471616 half_angle_deg=45.000
Publish local map size: 14738
[INFO] [1789557333.725506426] [perfect_tracking]: [SENSOR_ACQUISITION_FRAME] frame=100 cycle=0 full=1 stamp_ns=1789557333720659839 width=900 height=445 readback_pixels=801000 conversion_rays=115200 generated_points=14761 bytes=472352 half_angle_deg=45.000
Publish local map size: 14761
[INFO] [1789557333.725663793] [perfect_tracking]: [STATIC_PC_LATCHED_SUMMARY] enabled=1 publications=1 points=635500 bytes=20336000 stamp_ns=1789557323738778567 timers_created=0 poll_callbacks=0
[INFO] [1789557333.725674663] [perfect_tracking]: [SENSOR_CADENCE_SUMMARY] frames=100 span_s=9.897319 hz=10.002709 raw_published=0 direct_handoffs=100 payload_bytes=47110400 side_entry_v1_enabled=0 side_entry_v1_spawned=0 side_entry_v1_injected_frames=0
[INFO] [1789557333.725713120] [perfect_tracking]: [SENSOR_BURST_DROPOUT_SUMMARY] enabled=0 warmup_s=1.000000 period_s=2.000000 duration_s=0.500000 phase_s=0.000000 phase_env_override=0 rendered=100 delivered=100 dropped=0 bursts=0 max_consecutive_dropped=0 max_delivered_gap_s=0.102833 dropped_payload_bytes=0
[33m -- [Fsm] Wait for goal.[0m
[32m -- [Fsm 10.056] Current state: INIT[0m
[INFO] [1789557333.825919153] [perfect_tracking]: [SENSOR_ACQUISITION_FRAME] frame=101 cycle=0 full=1 stamp_ns=1789557333820666875 width=900 height=445 readback_pixels=801000 conversion_rays=115200 generated_points=14726 bytes=471232 half_angle_deg=45.000
Publish local map size: 14726
[INFO] [1789557333.925056005] [perfect_tracking]: [SENSOR_ACQUISITION_FRAME] frame=102 cycle=0 full=1 stamp_ns=1789557333920669280 width=900 height=445 readback_pixels=801000 conversion_rays=115200 generated_points=14731 bytes=471392 half_angle_deg=45.000
Publish local map size: 14731
[INFO] [1789557334.025184201] [perfect_tracking]: [SENSOR_ACQUISITION_FRAME] frame=103 cycle=0 full=1 stamp_ns=1789557334020631114 width=900 height=445 readback_pixels=801000 conversion_rays=115200 generated_points=14682 bytes=469824 half_angle_deg=45.000
Publish local map size: 14682
[INFO] [1789557334.125412583] [perfect_tracking]: [SENSOR_ACQUISITION_FRAME] frame=104 cycle=0 full=1 stamp_ns=1789557334120669275 width=900 height=445 readback_pixels=801000 conversion_rays=115200 generated_points=14754 bytes=472128 half_angle_deg=45.000
Publish local map size: 14754
 -- [MARSIM] Running FPS: 202.325
[INFO] [1789557334.226194672] [perfect_tracking]: [SENSOR_ACQUISITION_FRAME] frame=105 cycle=0 full=1 stamp_ns=1789557334220667177 width=900 height=445 readback_pixels=801000 conversion_rays=115200 generated_points=14711 bytes=470752 half_angle_deg=45.000
Publish local map size: 14711
[INFO] [1789557334.325892360] [perfect_tracking]: [SENSOR_ACQUISITION_FRAME] frame=106 cycle=0 full=1 stamp_ns=1789557334320635029 width=900 height=445 readback_pixels=801000 conversion_rays=115200 generated_points=14671 bytes=469472 half_angle_deg=45.000
Publish local map size: 14671
[INFO] [1789557334.426075326] [perfect_tracking]: [SENSOR_ACQUISITION_FRAME] frame=107 cycle=0 full=1 stamp_ns=1789557334420630865 width=900 height=445 readback_pixels=801000 conversion_rays=115200 generated_points=14668 bytes=469376 half_angle_deg=45.000
Publish local map size: 14668
[INFO] [1789557334.525660672] [perfect_tracking]: [SENSOR_ACQUISITION_FRAME] frame=108 cycle=0 full=1 stamp_ns=1789557334520630676 width=900 height=445 readback_pixels=801000 conversion_rays=115200 generated_points=14737 bytes=471584 half_angle_deg=45.000
Publish local map size: 14737
[INFO] [1789557334.625119408] [perfect_tracking]: [SENSOR_ACQUISITION_FRAME] frame=109 cycle=0 full=1 stamp_ns=1789557334620650584 width=900 height=445 readback_pixels=801000 conversion_rays=115200 generated_points=14717 bytes=470944 half_angle_deg=45.000
Publish local map size: 14717
[INFO] [1789557334.726411195] [perfect_tracking]: [SENSOR_ACQUISITION_FRAME] frame=110 cycle=0 full=1 stamp_ns=1789557334720660345 width=900 height=445 readback_pixels=801000 conversion_rays=115200 generated_points=14737 bytes=471584 half_angle_deg=45.000
Publish local map size: 14737
[INFO] [1789557334.762374563] [rclcpp]: signal_handler(signum=2)
[INFO] [1789557334.763021510] [perfect_tracking]: [STATIC_PC_LATCHED_SUMMARY] enabled=1 publications=1 points=635500 bytes=20336000 stamp_ns=1789557323738778567 timers_created=0 poll_callbacks=0
[INFO] [1789557334.763036005] [perfect_tracking]: [SENSOR_CADENCE_SUMMARY] frames=110 span_s=10.898226 hz=10.001628 raw_published=0 direct_handoffs=110 payload_bytes=51818688 side_entry_v1_enabled=0 side_entry_v1_spawned=0 side_entry_v1_injected_frames=0
[INFO] [1789557334.763041905] [perfect_tracking]: [SENSOR_BURST_DROPOUT_SUMMARY] enabled=0 warmup_s=1.000000 period_s=2.000000 duration_s=0.500000 phase_s=0.000000 phase_env_override=0 rendered=110 delivered=110 dropped=0 bursts=0 max_consecutive_dropped=0 max_delivered_gap_s=0.102833 dropped_payload_bytes=0
Retained replan num: 0, total recorded: 0, dropped: 0, retained length: 0, average retained computation time: 0 ms
[31mError: Could not open file for writing.
[0m